[0.420s] Invoking command in '/home/ilex/Dev/VIST/src/robot/sdk/linkerhand-ros-teleop-main/linkertelopsdk/ros2/build/linkerhand_retarget': CONDA_PROMPT_MODIFIER=(base) PYTHONPATH=/home/ilex/Dev/VIST/src/robot/sdk/linkerhand-ros-teleop-main/linkertelopsdk/ros2/build/linkerhand_retarget/prefix_override:/usr/lib/python3/dist-packages/colcon_core/task/python/colcon_distutils_commands:/home/ilex/Dev/VIST/src/robot/sdk/linkerhand-ros-teleop-main/linkertelopsdk/ros2/install/linkerhand_retarget/lib/python3.10/site-packages:${PYTHONPATH} /usr/bin/python3 -W ignore:setup.py install is deprecated -W ignore:easy_install command is deprecated setup.py develop --editable --build-directory /home/ilex/Dev/VIST/src/robot/sdk/linkerhand-ros-teleop-main/linkertelopsdk/ros2/build/linkerhand_retarget/build --no-deps symlink_data
[0.567s] running develop
[0.649s] running egg_info
[0.649s] creating linkerhand_retarget.egg-info
[0.649s] writing linkerhand_retarget.egg-info/PKG-INFO
[0.649s] writing dependency_links to linkerhand_retarget.egg-info/dependency_links.txt
[0.649s] writing entry points to linkerhand_retarget.egg-info/entry_points.txt
[0.649s] writing requirements to linkerhand_retarget.egg-info/requires.txt
[0.649s] writing top-level names to linkerhand_retarget.egg-info/top_level.txt
[0.649s] writing manifest file 'linkerhand_retarget.egg-info/SOURCES.txt'
[0.651s] reading manifest file 'linkerhand_retarget.egg-info/SOURCES.txt'
[0.652s] writing manifest file 'linkerhand_retarget.egg-info/SOURCES.txt'
[0.653s] running build_ext
[0.653s] Creating /home/ilex/Dev/VIST/src/robot/sdk/linkerhand-ros-teleop-main/linkertelopsdk/ros2/install/linkerhand_retarget/lib/python3.10/site-packages/linkerhand-retarget.egg-link (link to .)
[0.653s] Installing handretarget script to /home/ilex/Dev/VIST/src/robot/sdk/linkerhand-ros-teleop-main/linkertelopsdk/ros2/install/linkerhand_retarget/lib/linkerhand_retarget
[0.653s] Installing handsimulator script to /home/ilex/Dev/VIST/src/robot/sdk/linkerhand-ros-teleop-main/linkertelopsdk/ros2/install/linkerhand_retarget/lib/linkerhand_retarget
[0.653s] 
[0.654s] Installed /home/ilex/Dev/VIST/src/robot/sdk/linkerhand-ros-teleop-main/linkertelopsdk/ros2/build/linkerhand_retarget
[0.654s] running symlink_data
[0.654s] symbolically linking /home/ilex/Dev/VIST/src/robot/sdk/linkerhand-ros-teleop-main/linkertelopsdk/ros2/build/linkerhand_retarget/package.xml -> /home/ilex/Dev/VIST/src/robot/sdk/linkerhand-ros-teleop-main/linkertelopsdk/ros2/install/linkerhand_retarget/share/linkerhand_retarget
[0.654s] creating /home/ilex/Dev/VIST/src/robot/sdk/linkerhand-ros-teleop-main/linkertelopsdk/ros2/install/linkerhand_retarget/share/linkerhand_retarget/launch
[0.654s] symbolically linking /home/ilex/Dev/VIST/src/robot/sdk/linkerhand-ros-teleop-main/linkertelopsdk/ros2/build/linkerhand_retarget/resource/linkerhand_retarget -> /home/ilex/Dev/VIST/src/robot/sdk/linkerhand-ros-teleop-main/linkertelopsdk/ros2/install/linkerhand_retarget/share/linkerhand_retarget/.
[0.682s] Invoked command in '/home/ilex/Dev/VIST/src/robot/sdk/linkerhand-ros-teleop-main/linkertelopsdk/ros2/build/linkerhand_retarget' returned '0': CONDA_PROMPT_MODIFIER=(base) PYTHONPATH=/home/ilex/Dev/VIST/src/robot/sdk/linkerhand-ros-teleop-main/linkertelopsdk/ros2/build/linkerhand_retarget/prefix_override:/usr/lib/python3/dist-packages/colcon_core/task/python/colcon_distutils_commands:/home/ilex/Dev/VIST/src/robot/sdk/linkerhand-ros-teleop-main/linkertelopsdk/ros2/install/linkerhand_retarget/lib/python3.10/site-packages:${PYTHONPATH} /usr/bin/python3 -W ignore:setup.py install is deprecated -W ignore:easy_install command is deprecated setup.py develop --editable --build-directory /home/ilex/Dev/VIST/src/robot/sdk/linkerhand-ros-teleop-main/linkertelopsdk/ros2/build/linkerhand_retarget/build --no-deps symlink_data
