[0.014s] Invoking command in '/home/ilex/Dev/VIST/src/robot/sdk/arm_teleop/build/linkerta': CMAKE_PREFIX_PATH=/opt/ros/humble CONDA_PROMPT_MODIFIER=(robot_env) /usr/bin/cmake --build /home/ilex/Dev/VIST/src/robot/sdk/arm_teleop/build/linkerta -- -j16 -l16
[0.071s] [35m[1mConsolidate compiler generated dependencies of target linkerta_node[0m
[0.099s] [100%] Built target linkerta_node
[0.123s] Invoked command in '/home/ilex/Dev/VIST/src/robot/sdk/arm_teleop/build/linkerta' returned '0': CMAKE_PREFIX_PATH=/opt/ros/humble CONDA_PROMPT_MODIFIER=(robot_env) /usr/bin/cmake --build /home/ilex/Dev/VIST/src/robot/sdk/arm_teleop/build/linkerta -- -j16 -l16
[0.149s] Invoking command in '/home/ilex/Dev/VIST/src/robot/sdk/arm_teleop/build/linkerta': CMAKE_PREFIX_PATH=/opt/ros/humble CONDA_PROMPT_MODIFIER=(robot_env) /usr/bin/cmake --install /home/ilex/Dev/VIST/src/robot/sdk/arm_teleop/build/linkerta
[0.160s] -- Install configuration: ""
[0.160s] -- Execute custom install script
[0.161s] -- Up-to-date symlink: /home/ilex/Dev/VIST/src/robot/sdk/arm_teleop/install/linkerta/lib/linkerta/linkerta_node
[0.161s] -- Up-to-date symlink: /home/ilex/Dev/VIST/src/robot/sdk/arm_teleop/install/linkerta/share/linkerta/launch/run.launch.py
[0.162s] -- Up-to-date symlink: /home/ilex/Dev/VIST/src/robot/sdk/arm_teleop/install/linkerta/share/linkerta/config/lta.yaml
[0.162s] -- Up-to-date symlink: /home/ilex/Dev/VIST/src/robot/sdk/arm_teleop/install/linkerta/share/ament_index/resource_index/package_run_dependencies/linkerta
[0.162s] -- Up-to-date symlink: /home/ilex/Dev/VIST/src/robot/sdk/arm_teleop/install/linkerta/share/ament_index/resource_index/parent_prefix_path/linkerta
[0.162s] -- Up-to-date symlink: /home/ilex/Dev/VIST/src/robot/sdk/arm_teleop/install/linkerta/share/linkerta/environment/ament_prefix_path.sh
[0.163s] -- Up-to-date symlink: /home/ilex/Dev/VIST/src/robot/sdk/arm_teleop/install/linkerta/share/linkerta/environment/ament_prefix_path.dsv
[0.163s] -- Up-to-date symlink: /home/ilex/Dev/VIST/src/robot/sdk/arm_teleop/install/linkerta/share/linkerta/environment/path.sh
[0.163s] -- Up-to-date symlink: /home/ilex/Dev/VIST/src/robot/sdk/arm_teleop/install/linkerta/share/linkerta/environment/path.dsv
[0.163s] -- Up-to-date symlink: /home/ilex/Dev/VIST/src/robot/sdk/arm_teleop/install/linkerta/share/linkerta/local_setup.bash
[0.163s] -- Up-to-date symlink: /home/ilex/Dev/VIST/src/robot/sdk/arm_teleop/install/linkerta/share/linkerta/local_setup.sh
[0.163s] -- Up-to-date symlink: /home/ilex/Dev/VIST/src/robot/sdk/arm_teleop/install/linkerta/share/linkerta/local_setup.zsh
[0.163s] -- Up-to-date symlink: /home/ilex/Dev/VIST/src/robot/sdk/arm_teleop/install/linkerta/share/linkerta/local_setup.dsv
[0.163s] -- Symlinking: /home/ilex/Dev/VIST/src/robot/sdk/arm_teleop/install/linkerta/share/linkerta/package.dsv
[0.179s] -- Up-to-date symlink: /home/ilex/Dev/VIST/src/robot/sdk/arm_teleop/install/linkerta/share/ament_index/resource_index/packages/linkerta
[0.180s] -- Up-to-date symlink: /home/ilex/Dev/VIST/src/robot/sdk/arm_teleop/install/linkerta/share/linkerta/cmake/linkertaConfig.cmake
[0.180s] -- Up-to-date symlink: /home/ilex/Dev/VIST/src/robot/sdk/arm_teleop/install/linkerta/share/linkerta/cmake/linkertaConfig-version.cmake
[0.180s] -- Up-to-date symlink: /home/ilex/Dev/VIST/src/robot/sdk/arm_teleop/install/linkerta/share/linkerta/package.xml
[0.184s] Invoked command in '/home/ilex/Dev/VIST/src/robot/sdk/arm_teleop/build/linkerta' returned '0': CMAKE_PREFIX_PATH=/opt/ros/humble CONDA_PROMPT_MODIFIER=(robot_env) /usr/bin/cmake --install /home/ilex/Dev/VIST/src/robot/sdk/arm_teleop/build/linkerta
