CMake Error at /opt/ros/humble/share/rosidl_adapter/cmake/rosidl_adapt_interfaces.cmake:59 (message):
  execute_process(/home/ilex/miniforge3/envs/robot_env/bin/python3 -m
  rosidl_adapter --package-name lbot_arm_interfaces --arguments-file
  /home/ilex/Dev/VIST/src/robot/sdk/arm_teleop/build/lbot_arm_interfaces/rosidl_adapter__arguments__lbot_arm_interfaces.json
  --output-dir
  /home/ilex/Dev/VIST/src/robot/sdk/arm_teleop/build/lbot_arm_interfaces/rosidl_adapter/lbot_arm_interfaces
  --output-file
  /home/ilex/Dev/VIST/src/robot/sdk/arm_teleop/build/lbot_arm_interfaces/rosidl_adapter/lbot_arm_interfaces.idls)
  returned error code 1:

  Traceback (most recent call last):

    File "/home/ilex/miniforge3/envs/robot_env/lib/python3.10/runpy.py", line 196, in _run_module_as_main
      return _run_code(code, main_globals, None,
    File "/home/ilex/miniforge3/envs/robot_env/lib/python3.10/runpy.py", line 86, in _run_code
      exec(code, run_globals)
    File "/opt/ros/humble/local/lib/python3.10/dist-packages/rosidl_adapter/__main__.py", line 19, in <module>
      sys.exit(main())
    File "/opt/ros/humble/local/lib/python3.10/dist-packages/rosidl_adapter/main.py", line 53, in main
      abs_idl_file = convert_to_idl(
    File "/opt/ros/humble/local/lib/python3.10/dist-packages/rosidl_adapter/__init__.py", line 23, in convert_to_idl
      from rosidl_adapter.srv import convert_srv_to_idl
    File "/opt/ros/humble/local/lib/python3.10/dist-packages/rosidl_adapter/srv/__init__.py", line 16, in <module>
      from rosidl_adapter.resource import expand_template
    File "/opt/ros/humble/local/lib/python3.10/dist-packages/rosidl_adapter/resource/__init__.py", line 19, in <module>
      import em

  ModuleNotFoundError: No module named 'em'

Call Stack (most recent call first):
  /opt/ros/humble/share/rosidl_cmake/cmake/rosidl_generate_interfaces.cmake:130 (rosidl_adapt_interfaces)
  CMakeLists.txt:26 (rosidl_generate_interfaces)


