[0.011s] Invoking command in '/home/ilex/Dev/VIST/src/robot/sdk/arm_teleop/build/lbot_arm_interfaces': CMAKE_PREFIX_PATH=/opt/ros/humble CONDA_PROMPT_MODIFIER=(base) /usr/bin/cmake /home/ilex/Dev/VIST/src/robot/sdk/arm_teleop/src/lbot_arm_interfaces -DAMENT_CMAKE_SYMLINK_INSTALL=1 -DCMAKE_INSTALL_PREFIX=/home/ilex/Dev/VIST/src/robot/sdk/arm_teleop/install/lbot_arm_interfaces
[0.158s] -- The C compiler identification is GNU 11.4.0
[0.231s] -- The CXX compiler identification is GNU 11.4.0
[0.238s] -- Detecting C compiler ABI info
[0.295s] -- Detecting C compiler ABI info - done
[0.300s] -- Check for working C compiler: /usr/bin/cc - skipped
[0.300s] -- Detecting C compile features
[0.300s] -- Detecting C compile features - done
[0.302s] -- Detecting CXX compiler ABI info
[0.376s] -- Detecting CXX compiler ABI info - done
[0.383s] -- Check for working CXX compiler: /usr/bin/c++ - skipped
[0.383s] -- Detecting CXX compile features
[0.384s] -- Detecting CXX compile features - done
[0.389s] -- Found ament_cmake: 1.3.12 (/opt/ros/humble/share/ament_cmake/cmake)
[0.733s] -- Found Python3: /home/ilex/miniforge3/envs/robot_env/bin/python3 (found version "3.10.19") found components: Interpreter 
[0.787s] -- Override CMake install command with custom implementation using symlinks instead of copying resources
[0.805s] -- Found geometry_msgs: 4.9.0 (/opt/ros/humble/share/geometry_msgs/cmake)
[0.841s] -- Found rosidl_generator_c: 3.1.8 (/opt/ros/humble/share/rosidl_generator_c/cmake)
[0.845s] -- Found rosidl_adapter: 3.1.8 (/opt/ros/humble/share/rosidl_adapter/cmake)
[0.855s] -- Found rosidl_generator_cpp: 3.1.8 (/opt/ros/humble/share/rosidl_generator_cpp/cmake)
[0.867s] -- Using all available rosidl_typesupport_c: rosidl_typesupport_fastrtps_c;rosidl_typesupport_introspection_c
[0.882s] -- Using all available rosidl_typesupport_cpp: rosidl_typesupport_fastrtps_cpp;rosidl_typesupport_introspection_cpp
[0.922s] -- Found sensor_msgs: 4.9.0 (/opt/ros/humble/share/sensor_msgs/cmake)
[0.940s] -- Found rosidl_default_generators: 1.2.0 (/opt/ros/humble/share/rosidl_default_generators/cmake)
[1.062s] CMake Error at /opt/ros/humble/share/rosidl_adapter/cmake/rosidl_adapt_interfaces.cmake:59 (message):
[1.062s]   execute_process(/home/ilex/miniforge3/envs/robot_env/bin/python3 -m
[1.062s]   rosidl_adapter --package-name lbot_arm_interfaces --arguments-file
[1.062s]   /home/ilex/Dev/VIST/src/robot/sdk/arm_teleop/build/lbot_arm_interfaces/rosidl_adapter__arguments__lbot_arm_interfaces.json
[1.062s]   --output-dir
[1.062s]   /home/ilex/Dev/VIST/src/robot/sdk/arm_teleop/build/lbot_arm_interfaces/rosidl_adapter/lbot_arm_interfaces
[1.062s]   --output-file
[1.062s]   /home/ilex/Dev/VIST/src/robot/sdk/arm_teleop/build/lbot_arm_interfaces/rosidl_adapter/lbot_arm_interfaces.idls)
[1.062s]   returned error code 1:
[1.062s] 
[1.062s]   Traceback (most recent call last):
[1.062s] 
[1.062s]     File "/home/ilex/miniforge3/envs/robot_env/lib/python3.10/runpy.py", line 196, in _run_module_as_main
[1.062s]       return _run_code(code, main_globals, None,
[1.062s]     File "/home/ilex/miniforge3/envs/robot_env/lib/python3.10/runpy.py", line 86, in _run_code
[1.062s]       exec(code, run_globals)
[1.062s]     File "/opt/ros/humble/local/lib/python3.10/dist-packages/rosidl_adapter/__main__.py", line 19, in <module>
[1.062s]       sys.exit(main())
[1.063s]     File "/opt/ros/humble/local/lib/python3.10/dist-packages/rosidl_adapter/main.py", line 53, in main
[1.063s]       abs_idl_file = convert_to_idl(
[1.063s]     File "/opt/ros/humble/local/lib/python3.10/dist-packages/rosidl_adapter/__init__.py", line 23, in convert_to_idl
[1.063s]       from rosidl_adapter.srv import convert_srv_to_idl
[1.063s]     File "/opt/ros/humble/local/lib/python3.10/dist-packages/rosidl_adapter/srv/__init__.py", line 16, in <module>
[1.063s]       from rosidl_adapter.resource import expand_template
[1.063s]     File "/opt/ros/humble/local/lib/python3.10/dist-packages/rosidl_adapter/resource/__init__.py", line 19, in <module>
[1.063s]       import em
[1.063s] 
[1.063s]   ModuleNotFoundError: No module named 'em'
[1.063s] 
[1.063s] Call Stack (most recent call first):
[1.063s]   /opt/ros/humble/share/rosidl_cmake/cmake/rosidl_generate_interfaces.cmake:130 (rosidl_adapt_interfaces)
[1.063s]   CMakeLists.txt:26 (rosidl_generate_interfaces)
[1.063s] 
[1.063s] 
[1.063s] -- Configuring incomplete, errors occurred!
[1.063s] See also "/home/ilex/Dev/VIST/src/robot/sdk/arm_teleop/build/lbot_arm_interfaces/CMakeFiles/CMakeOutput.log".
[1.075s] Invoked command in '/home/ilex/Dev/VIST/src/robot/sdk/arm_teleop/build/lbot_arm_interfaces' returned '1': CMAKE_PREFIX_PATH=/opt/ros/humble CONDA_PROMPT_MODIFIER=(base) /usr/bin/cmake /home/ilex/Dev/VIST/src/robot/sdk/arm_teleop/src/lbot_arm_interfaces -DAMENT_CMAKE_SYMLINK_INSTALL=1 -DCMAKE_INSTALL_PREFIX=/home/ilex/Dev/VIST/src/robot/sdk/arm_teleop/install/lbot_arm_interfaces
