[0.623s] Invoking command in '/home/ilex/Dev/VIST/src/robot/sdk/linkerhand-ros-teleop-main/build/linkerhand_retarget': CONDA_PROMPT_MODIFIER=(base) PYTHONPATH=/home/ilex/Dev/VIST/src/robot/sdk/linkerhand-ros-teleop-main/build/linkerhand_retarget/prefix_override:/usr/lib/python3/dist-packages/colcon_core/task/python/colcon_distutils_commands:/home/ilex/Dev/VIST/src/robot/sdk/linkerhand-ros-teleop-main/install/linkerhand_retarget/lib/python3.10/site-packages:${PYTHONPATH} /usr/bin/python3 -W ignore:setup.py install is deprecated -W ignore:easy_install command is deprecated setup.py develop --editable --build-directory /home/ilex/Dev/VIST/src/robot/sdk/linkerhand-ros-teleop-main/build/linkerhand_retarget/build --no-deps symlink_data
[0.796s] running develop
[0.882s] running egg_info
[0.882s] creating linkerhand_retarget.egg-info
[0.882s] writing linkerhand_retarget.egg-info/PKG-INFO
[0.882s] writing dependency_links to linkerhand_retarget.egg-info/dependency_links.txt
[0.882s] writing entry points to linkerhand_retarget.egg-info/entry_points.txt
[0.882s] writing requirements to linkerhand_retarget.egg-info/requires.txt
[0.882s] writing top-level names to linkerhand_retarget.egg-info/top_level.txt
[0.882s] writing manifest file 'linkerhand_retarget.egg-info/SOURCES.txt'
[0.886s] reading manifest file 'linkerhand_retarget.egg-info/SOURCES.txt'
[0.887s] writing manifest file 'linkerhand_retarget.egg-info/SOURCES.txt'
[0.889s] running build_ext
[0.889s] Creating /home/ilex/Dev/VIST/src/robot/sdk/linkerhand-ros-teleop-main/install/linkerhand_retarget/lib/python3.10/site-packages/linkerhand-retarget.egg-link (link to .)
[0.890s] Installing handretarget script to /home/ilex/Dev/VIST/src/robot/sdk/linkerhand-ros-teleop-main/install/linkerhand_retarget/lib/linkerhand_retarget
[0.890s] Installing handsimulator script to /home/ilex/Dev/VIST/src/robot/sdk/linkerhand-ros-teleop-main/install/linkerhand_retarget/lib/linkerhand_retarget
[0.890s] 
[0.890s] Installed /home/ilex/Dev/VIST/src/robot/sdk/linkerhand-ros-teleop-main/build/linkerhand_retarget
[0.890s] running symlink_data
[0.890s] symbolically linking /home/ilex/Dev/VIST/src/robot/sdk/linkerhand-ros-teleop-main/build/linkerhand_retarget/package.xml -> /home/ilex/Dev/VIST/src/robot/sdk/linkerhand-ros-teleop-main/install/linkerhand_retarget/share/linkerhand_retarget
[0.891s] creating /home/ilex/Dev/VIST/src/robot/sdk/linkerhand-ros-teleop-main/install/linkerhand_retarget/share/linkerhand_retarget/launch
[0.891s] symbolically linking /home/ilex/Dev/VIST/src/robot/sdk/linkerhand-ros-teleop-main/build/linkerhand_retarget/resource/linkerhand_retarget -> /home/ilex/Dev/VIST/src/robot/sdk/linkerhand-ros-teleop-main/install/linkerhand_retarget/share/linkerhand_retarget/.
[0.951s] Invoked command in '/home/ilex/Dev/VIST/src/robot/sdk/linkerhand-ros-teleop-main/build/linkerhand_retarget' returned '0': CONDA_PROMPT_MODIFIER=(base) PYTHONPATH=/home/ilex/Dev/VIST/src/robot/sdk/linkerhand-ros-teleop-main/build/linkerhand_retarget/prefix_override:/usr/lib/python3/dist-packages/colcon_core/task/python/colcon_distutils_commands:/home/ilex/Dev/VIST/src/robot/sdk/linkerhand-ros-teleop-main/install/linkerhand_retarget/lib/python3.10/site-packages:${PYTHONPATH} /usr/bin/python3 -W ignore:setup.py install is deprecated -W ignore:easy_install command is deprecated setup.py develop --editable --build-directory /home/ilex/Dev/VIST/src/robot/sdk/linkerhand-ros-teleop-main/build/linkerhand_retarget/build --no-deps symlink_data
