
======================================================================
手眼标定系统配置
======================================================================
标定模式: EYE_IN_HAND

机器人位姿格式:
  类型: euler
  单位: rad
  序列: xyz
  位置在前: True

ChArUco 标定板:
  尺寸: 5 x 7
  方格: 25.0 mm
  标记: 18.0 mm

数据目录: calibration_data
======================================================================


======================================================================
标定解算模式
======================================================================
✓ 加载了 11 组机器人位姿
✓ 加载了相机内参
✓ 找到 11 张图像

检测 ChArUco 角点...
  图像 1: ✗ 检测失败
  图像 2: ✗ 检测失败
  图像 3: ✗ 检测失败
  图像 4: ✗ 检测失败
  图像 5: ✗ 检测失败
  图像 6: ✗ 检测失败
  图像 7: ✗ 检测失败
  图像 8: ✗ 检测失败
  图像 9: ✗ 检测失败
  图像 10: ✗ 检测失败
  图像 11: ✗ 检测失败

有效数据组数: 0
✗ 有效数据不足，需要至少 10 组
