[01m[K/home/ilex/Dev/VIST/src/robot/sdk/arm_teleop/src/lbot_driver/src/lbot_driver.cpp:[m[K In member function ‘[01m[Kvoid lbot_driver::LeftArmServiceNode::create_services()[m[K’:
[01m[K/home/ilex/Dev/VIST/src/robot/sdk/arm_teleop/src/lbot_driver/src/lbot_driver.cpp:410:80:[m[K [01;31m[Kerror: [m[Kno matching function for call to ‘[01m[Klbot_driver::LeftArmServiceNode::create_service<lbot_arm_interfaces::srv::MoveJ>(const char [20], std::_Bind_helper<false, void (lbot_driver::LeftArmServiceNode::*)(std::shared_ptr<lbot_arm_interfaces::srv::MoveJ_Request_<std::allocator<void> > >, std::shared_ptr<lbot_arm_interfaces::srv::MoveJ_Response_<std::allocator<void> > >), lbot_driver::LeftArmServiceNode*, const std::_Placeholder<1>&, const std::_Placeholder<2>&>::type, rclcpp::QoS&, rclcpp::CallbackGroup::SharedPtr&)[m[K’
  410 |  [01;31m[Kthis->create_service<lbot_arm_interfaces::srv::MoveJ>([m[K
      |  [01;31m[K~~~~~~~~~~~~~~~~~~~~~~~~~~~~~~~~~~~~~~~~~~~~~~~~~~~~~^[m[K

  411 | [01;31m[Kint",[m[K
      | [01;31m[K~~~~~[m[K                                                  

  412 | [01;31m[KmServiceNode::move_joint_callback, this, std::placeholders::_1, std::placeholders::_2),[m[K
      | [01;31m[K~~~~~~~~~~~~~~~~~~~~~~~~~~~~~~~~~~~~~~~~~~~~~~~~~~~~~~~~~~~~~~~~~~~~~~~~~~~~~~~~~~~~~~~[m[K

  413 | [01;31m[Kback_group_)[m[K;
      | [01;31m[K~~~~~~~~~~~~[m[K                                           

In file included from [01m[K/opt/ros/humble/include/rclcpp/rclcpp/executors/single_threaded_executor.hpp:28[m[K,
                 from [01m[K/opt/ros/humble/include/rclcpp/rclcpp/executors.hpp:22[m[K,
                 from [01m[K/opt/ros/humble/include/rclcpp/rclcpp/rclcpp.hpp:155[m[K,
                 from [01m[K/home/ilex/Dev/VIST/src/robot/sdk/arm_teleop/src/lbot_driver/include/lbot_driver/lbot_driver.h:19[m[K,
                 from [01m[K/home/ilex/Dev/VIST/src/robot/sdk/arm_teleop/src/lbot_driver/src/lbot_driver.cpp:15[m[K:
[01m[K/opt/ros/humble/include/rclcpp/rclcpp/node.hpp:267:3:[m[K [01;36m[Knote: [m[Kcandidate: ‘[01m[Ktemplate<class ServiceT, class CallbackT> typename rclcpp::Service<ServiceT>::SharedPtr rclcpp::Node::create_service(const string&, CallbackT&&, const rmw_qos_profile_t&, rclcpp::CallbackGroup::SharedPtr)[m[K’
  267 |   [01;36m[Kcreate_service[m[K(
      |   [01;36m[K^~~~~~~~~~~~~~[m[K
[01m[K/opt/ros/humble/include/rclcpp/rclcpp/node.hpp:267:3:[m[K [01;36m[Knote: [m[K  template argument deduction/substitution failed:
[01m[K/home/ilex/Dev/VIST/src/robot/sdk/arm_teleop/src/lbot_driver/src/lbot_driver.cpp:413:9:[m[K [01;36m[Knote: [m[K  cannot convert ‘[01m[Kservice_qos[m[K’ (type ‘[01m[Krclcpp::QoS[m[K’) to type ‘[01m[Kconst rmw_qos_profile_t&[m[K’ {aka ‘[01m[Kconst rmw_qos_profile_s&[m[K’}
  413 |         [01;36m[Kservice_qos[m[K, callback_group_);
      |         [01;36m[K^~~~~~~~~~~[m[K
[01m[K/home/ilex/Dev/VIST/src/robot/sdk/arm_teleop/src/lbot_driver/src/lbot_driver.cpp:415:80:[m[K [01;31m[Kerror: [m[Kno matching function for call to ‘[01m[Klbot_driver::LeftArmServiceNode::create_service<lbot_arm_interfaces::srv::MoveJP>(const char [19], std::_Bind_helper<false, void (lbot_driver::LeftArmServiceNode::*)(std::shared_ptr<lbot_arm_interfaces::srv::MoveJP_Request_<std::allocator<void> > >, std::shared_ptr<lbot_arm_interfaces::srv::MoveJP_Response_<std::allocator<void> > >), lbot_driver::LeftArmServiceNode*, const std::_Placeholder<1>&, const std::_Placeholder<2>&>::type, rclcpp::QoS&, rclcpp::CallbackGroup::SharedPtr&)[m[K’
  415 | [01;31m[Kthis->create_service<lbot_arm_interfaces::srv::MoveJP>([m[K
      | [01;31m[K~~~~~~~~~~~~~~~~~~~~~~~~~~~~~~~~~~~~~~~~~~~~~~~~~~~~~~^[m[K

  416 | [01;31m[Kse",[m[K
      | [01;31m[K~~~~[m[K                                                   

  417 | [01;31m[KmServiceNode::move_pose_callback, this, std::placeholders::_1, std::placeholders::_2),[m[K
      | [01;31m[K~~~~~~~~~~~~~~~~~~~~~~~~~~~~~~~~~~~~~~~~~~~~~~~~~~~~~~~~~~~~~~~~~~~~~~~~~~~~~~~~~~~~~~[m[K

  418 | [01;31m[Kback_group_)[m[K;
      | [01;31m[K~~~~~~~~~~~~[m[K                                           

In file included from [01m[K/opt/ros/humble/include/rclcpp/rclcpp/executors/single_threaded_executor.hpp:28[m[K,
                 from [01m[K/opt/ros/humble/include/rclcpp/rclcpp/executors.hpp:22[m[K,
                 from [01m[K/opt/ros/humble/include/rclcpp/rclcpp/rclcpp.hpp:155[m[K,
                 from [01m[K/home/ilex/Dev/VIST/src/robot/sdk/arm_teleop/src/lbot_driver/include/lbot_driver/lbot_driver.h:19[m[K,
                 from [01m[K/home/ilex/Dev/VIST/src/robot/sdk/arm_teleop/src/lbot_driver/src/lbot_driver.cpp:15[m[K:
[01m[K/opt/ros/humble/include/rclcpp/rclcpp/node.hpp:267:3:[m[K [01;36m[Knote: [m[Kcandidate: ‘[01m[Ktemplate<class ServiceT, class CallbackT> typename rclcpp::Service<ServiceT>::SharedPtr rclcpp::Node::create_service(const string&, CallbackT&&, const rmw_qos_profile_t&, rclcpp::CallbackGroup::SharedPtr)[m[K’
  267 |   [01;36m[Kcreate_service[m[K(
      |   [01;36m[K^~~~~~~~~~~~~~[m[K
[01m[K/opt/ros/humble/include/rclcpp/rclcpp/node.hpp:267:3:[m[K [01;36m[Knote: [m[K  template argument deduction/substitution failed:
[01m[K/home/ilex/Dev/VIST/src/robot/sdk/arm_teleop/src/lbot_driver/src/lbot_driver.cpp:418:9:[m[K [01;36m[Knote: [m[K  cannot convert ‘[01m[Kservice_qos[m[K’ (type ‘[01m[Krclcpp::QoS[m[K’) to type ‘[01m[Kconst rmw_qos_profile_t&[m[K’ {aka ‘[01m[Kconst rmw_qos_profile_s&[m[K’}
  418 |         [01;36m[Kservice_qos[m[K, callback_group_);
      |         [01;36m[K^~~~~~~~~~~[m[K
[01m[K/home/ilex/Dev/VIST/src/robot/sdk/arm_teleop/src/lbot_driver/src/lbot_driver.cpp:420:81:[m[K [01;31m[Kerror: [m[Kno matching function for call to ‘[01m[Klbot_driver::LeftArmServiceNode::create_service<lbot_arm_interfaces::srv::MoveL>(const char [21], std::_Bind_helper<false, void (lbot_driver::LeftArmServiceNode::*)(std::shared_ptr<lbot_arm_interfaces::srv::MoveL_Request_<std::allocator<void> > >, std::shared_ptr<lbot_arm_interfaces::srv::MoveL_Response_<std::allocator<void> > >), lbot_driver::LeftArmServiceNode*, const std::_Placeholder<1>&, const std::_Placeholder<2>&>::type, rclcpp::QoS&, rclcpp::CallbackGroup::SharedPtr&)[m[K’
  420 |  [01;31m[Kthis->create_service<lbot_arm_interfaces::srv::MoveL>([m[K
      |  [01;31m[K~~~~~~~~~~~~~~~~~~~~~~~~~~~~~~~~~~~~~~~~~~~~~~~~~~~~~^[m[K

  421 | [01;31m[Kear",[m[K
      | [01;31m[K~~~~~[m[K                                                  

  422 | [01;31m[KServiceNode::move_linear_callback, this, std::placeholders::_1, std::placeholders::_2),[m[K
      | [01;31m[K~~~~~~~~~~~~~~~~~~~~~~~~~~~~~~~~~~~~~~~~~~~~~~~~~~~~~~~~~~~~~~~~~~~~~~~~~~~~~~~~~~~~~~~[m[K

  423 | [01;31m[Kack_group_)[m[K;
      | [01;31m[K~~~~~~~~~~~[m[K                                            

In file included from [01m[K/opt/ros/humble/include/rclcpp/rclcpp/executors/single_threaded_executor.hpp:28[m[K,
                 from [01m[K/opt/ros/humble/include/rclcpp/rclcpp/executors.hpp:22[m[K,
                 from [01m[K/opt/ros/humble/include/rclcpp/rclcpp/rclcpp.hpp:155[m[K,
                 from [01m[K/home/ilex/Dev/VIST/src/robot/sdk/arm_teleop/src/lbot_driver/include/lbot_driver/lbot_driver.h:19[m[K,
                 from [01m[K/home/ilex/Dev/VIST/src/robot/sdk/arm_teleop/src/lbot_driver/src/lbot_driver.cpp:15[m[K:
[01m[K/opt/ros/humble/include/rclcpp/rclcpp/node.hpp:267:3:[m[K [01;36m[Knote: [m[Kcandidate: ‘[01m[Ktemplate<class ServiceT, class CallbackT> typename rclcpp::Service<ServiceT>::SharedPtr rclcpp::Node::create_service(const string&, CallbackT&&, const rmw_qos_profile_t&, rclcpp::CallbackGroup::SharedPtr)[m[K’
  267 |   [01;36m[Kcreate_service[m[K(
      |   [01;36m[K^~~~~~~~~~~~~~[m[K
[01m[K/opt/ros/humble/include/rclcpp/rclcpp/node.hpp:267:3:[m[K [01;36m[Knote: [m[K  template argument deduction/substitution failed:
[01m[K/home/ilex/Dev/VIST/src/robot/sdk/arm_teleop/src/lbot_driver/src/lbot_driver.cpp:423:9:[m[K [01;36m[Knote: [m[K  cannot convert ‘[01m[Kservice_qos[m[K’ (type ‘[01m[Krclcpp::QoS[m[K’) to type ‘[01m[Kconst rmw_qos_profile_t&[m[K’ {aka ‘[01m[Kconst rmw_qos_profile_s&[m[K’}
  423 |         [01;36m[Kservice_qos[m[K, callback_group_);
      |         [01;36m[K^~~~~~~~~~~[m[K
[01m[K/home/ilex/Dev/VIST/src/robot/sdk/arm_teleop/src/lbot_driver/src/lbot_driver.cpp:426:100:[m[K [01;31m[Kerror: [m[Kno matching function for call to ‘[01m[Klbot_driver::LeftArmServiceNode::create_service<lbot_arm_interfaces::srv::ForwardKinematics>(const char [28], std::_Bind_helper<false, void (lbot_driver::LeftArmServiceNode::*)(std::shared_ptr<lbot_arm_interfaces::srv::ForwardKinematics_Request_<std::allocator<void> > >, std::shared_ptr<lbot_arm_interfaces::srv::ForwardKinematics_Response_<std::allocator<void> > >), lbot_driver::LeftArmServiceNode*, const std::_Placeholder<1>&, const std::_Placeholder<2>&>::type, rclcpp::QoS&, rclcpp::CallbackGroup::SharedPtr&)[m[K’
  426 | [01;31m[Ke_service<lbot_arm_interfaces::srv::ForwardKinematics>([m[K
      | [01;31m[K~~~~~~~~~~~~~~~~~~~~~~~~~~~~~~~~~~~~~~~~~~~~~~~~~~~~~~^[m[K

  427 | 
      |                                                        

  428 | [01;31m[Kd_kinematics_callback, this, std::placeholders::_1, std::placeholders::_2),[m[K
      | [01;31m[K~~~~~~~~~~~~~~~~~~~~~~~~~~~~~~~~~~~~~~~~~~~~~~~~~~~~~~~~~~~~~~~~~~~~~~~~~~~[m[K

  429 | 
      |                                                        

In file included from [01m[K/opt/ros/humble/include/rclcpp/rclcpp/executors/single_threaded_executor.hpp:28[m[K,
                 from [01m[K/opt/ros/humble/include/rclcpp/rclcpp/executors.hpp:22[m[K,
                 from [01m[K/opt/ros/humble/include/rclcpp/rclcpp/rclcpp.hpp:155[m[K,
                 from [01m[K/home/ilex/Dev/VIST/src/robot/sdk/arm_teleop/src/lbot_driver/include/lbot_driver/lbot_driver.h:19[m[K,
                 from [01m[K/home/ilex/Dev/VIST/src/robot/sdk/arm_teleop/src/lbot_driver/src/lbot_driver.cpp:15[m[K:
[01m[K/opt/ros/humble/include/rclcpp/rclcpp/node.hpp:267:3:[m[K [01;36m[Knote: [m[Kcandidate: ‘[01m[Ktemplate<class ServiceT, class CallbackT> typename rclcpp::Service<ServiceT>::SharedPtr rclcpp::Node::create_service(const string&, CallbackT&&, const rmw_qos_profile_t&, rclcpp::CallbackGroup::SharedPtr)[m[K’
  267 |   [01;36m[Kcreate_service[m[K(
      |   [01;36m[K^~~~~~~~~~~~~~[m[K
[01m[K/opt/ros/humble/include/rclcpp/rclcpp/node.hpp:267:3:[m[K [01;36m[Knote: [m[K  template argument deduction/substitution failed:
[01m[K/home/ilex/Dev/VIST/src/robot/sdk/arm_teleop/src/lbot_driver/src/lbot_driver.cpp:429:9:[m[K [01;36m[Knote: [m[K  cannot convert ‘[01m[Kservice_qos[m[K’ (type ‘[01m[Krclcpp::QoS[m[K’) to type ‘[01m[Kconst rmw_qos_profile_t&[m[K’ {aka ‘[01m[Kconst rmw_qos_profile_s&[m[K’}
  429 |         [01;36m[Kservice_qos[m[K, callback_group_);
      |         [01;36m[K^~~~~~~~~~~[m[K
[01m[K/home/ilex/Dev/VIST/src/robot/sdk/arm_teleop/src/lbot_driver/src/lbot_driver.cpp:431:100:[m[K [01;31m[Kerror: [m[Kno matching function for call to ‘[01m[Klbot_driver::LeftArmServiceNode::create_service<lbot_arm_interfaces::srv::InverseKinematics>(const char [28], std::_Bind_helper<false, void (lbot_driver::LeftArmServiceNode::*)(std::shared_ptr<lbot_arm_interfaces::srv::InverseKinematics_Request_<std::allocator<void> > >, std::shared_ptr<lbot_arm_interfaces::srv::InverseKinematics_Response_<std::allocator<void> > >), lbot_driver::LeftArmServiceNode*, const std::_Placeholder<1>&, const std::_Placeholder<2>&>::type, rclcpp::QoS&, rclcpp::CallbackGroup::SharedPtr&)[m[K’
  431 | [01;31m[Ke_service<lbot_arm_interfaces::srv::InverseKinematics>([m[K
      | [01;31m[K~~~~~~~~~~~~~~~~~~~~~~~~~~~~~~~~~~~~~~~~~~~~~~~~~~~~~~^[m[K

  432 | 
      |                                                        

  433 | [01;31m[Ke_kinematics_callback, this, std::placeholders::_1, std::placeholders::_2),[m[K
      | [01;31m[K~~~~~~~~~~~~~~~~~~~~~~~~~~~~~~~~~~~~~~~~~~~~~~~~~~~~~~~~~~~~~~~~~~~~~~~~~~~[m[K

  434 | 
      |                                                        

In file included from [01m[K/opt/ros/humble/include/rclcpp/rclcpp/executors/single_threaded_executor.hpp:28[m[K,
                 from [01m[K/opt/ros/humble/include/rclcpp/rclcpp/executors.hpp:22[m[K,
                 from [01m[K/opt/ros/humble/include/rclcpp/rclcpp/rclcpp.hpp:155[m[K,
                 from [01m[K/home/ilex/Dev/VIST/src/robot/sdk/arm_teleop/src/lbot_driver/include/lbot_driver/lbot_driver.h:19[m[K,
                 from [01m[K/home/ilex/Dev/VIST/src/robot/sdk/arm_teleop/src/lbot_driver/src/lbot_driver.cpp:15[m[K:
[01m[K/opt/ros/humble/include/rclcpp/rclcpp/node.hpp:267:3:[m[K [01;36m[Knote: [m[Kcandidate: ‘[01m[Ktemplate<class ServiceT, class CallbackT> typename rclcpp::Service<ServiceT>::SharedPtr rclcpp::Node::create_service(const string&, CallbackT&&, const rmw_qos_profile_t&, rclcpp::CallbackGroup::SharedPtr)[m[K’
  267 |   [01;36m[Kcreate_service[m[K(
      |   [01;36m[K^~~~~~~~~~~~~~[m[K
[01m[K/opt/ros/humble/include/rclcpp/rclcpp/node.hpp:267:3:[m[K [01;36m[Knote: [m[K  template argument deduction/substitution failed:
[01m[K/home/ilex/Dev/VIST/src/robot/sdk/arm_teleop/src/lbot_driver/src/lbot_driver.cpp:434:9:[m[K [01;36m[Knote: [m[K  cannot convert ‘[01m[Kservice_qos[m[K’ (type ‘[01m[Krclcpp::QoS[m[K’) to type ‘[01m[Kconst rmw_qos_profile_t&[m[K’ {aka ‘[01m[Kconst rmw_qos_profile_s&[m[K’}
  434 |         [01;36m[Kservice_qos[m[K, callback_group_);
      |         [01;36m[K^~~~~~~~~~~[m[K
[01m[K/home/ilex/Dev/VIST/src/robot/sdk/arm_teleop/src/lbot_driver/src/lbot_driver.cpp:437:87:[m[K [01;31m[Kerror: [m[Kno matching function for call to ‘[01m[Klbot_driver::LeftArmServiceNode::create_service<lbot_arm_interfaces::srv::SetFrame>(const char [24], std::_Bind_helper<false, void (lbot_driver::LeftArmServiceNode::*)(std::shared_ptr<lbot_arm_interfaces::srv::SetFrame_Request_<std::allocator<void> > >, std::shared_ptr<lbot_arm_interfaces::srv::SetFrame_Response_<std::allocator<void> > >), lbot_driver::LeftArmServiceNode*, const std::_Placeholder<1>&, const std::_Placeholder<2>&>::type, rclcpp::QoS&, rclcpp::CallbackGroup::SharedPtr&)[m[K’
  437 | [01;31m[Kis->create_service<lbot_arm_interfaces::srv::SetFrame>([m[K
      | [01;31m[K~~~~~~~~~~~~~~~~~~~~~~~~~~~~~~~~~~~~~~~~~~~~~~~~~~~~~~^[m[K

  438 | [01;31m[K",[m[K
      | [01;31m[K~~[m[K                                                     

  439 | [01;31m[KeNode::set_tool_frame_callback, this, std::placeholders::_1, std::placeholders::_2),[m[K
      | [01;31m[K~~~~~~~~~~~~~~~~~~~~~~~~~~~~~~~~~~~~~~~~~~~~~~~~~~~~~~~~~~~~~~~~~~~~~~~~~~~~~~~~~~~~[m[K

  440 | [01;31m[Koup_)[m[K;
      | [01;31m[K~~~~~[m[K                                                  

In file included from [01m[K/opt/ros/humble/include/rclcpp/rclcpp/executors/single_threaded_executor.hpp:28[m[K,
                 from [01m[K/opt/ros/humble/include/rclcpp/rclcpp/executors.hpp:22[m[K,
                 from [01m[K/opt/ros/humble/include/rclcpp/rclcpp/rclcpp.hpp:155[m[K,
                 from [01m[K/home/ilex/Dev/VIST/src/robot/sdk/arm_teleop/src/lbot_driver/include/lbot_driver/lbot_driver.h:19[m[K,
                 from [01m[K/home/ilex/Dev/VIST/src/robot/sdk/arm_teleop/src/lbot_driver/src/lbot_driver.cpp:15[m[K:
[01m[K/opt/ros/humble/include/rclcpp/rclcpp/node.hpp:267:3:[m[K [01;36m[Knote: [m[Kcandidate: ‘[01m[Ktemplate<class ServiceT, class CallbackT> typename rclcpp::Service<ServiceT>::SharedPtr rclcpp::Node::create_service(const string&, CallbackT&&, const rmw_qos_profile_t&, rclcpp::CallbackGroup::SharedPtr)[m[K’
  267 |   [01;36m[Kcreate_service[m[K(
      |   [01;36m[K^~~~~~~~~~~~~~[m[K
[01m[K/opt/ros/humble/include/rclcpp/rclcpp/node.hpp:267:3:[m[K [01;36m[Knote: [m[K  template argument deduction/substitution failed:
[01m[K/home/ilex/Dev/VIST/src/robot/sdk/arm_teleop/src/lbot_driver/src/lbot_driver.cpp:440:9:[m[K [01;36m[Knote: [m[K  cannot convert ‘[01m[Kservice_qos[m[K’ (type ‘[01m[Krclcpp::QoS[m[K’) to type ‘[01m[Kconst rmw_qos_profile_t&[m[K’ {aka ‘[01m[Kconst rmw_qos_profile_s&[m[K’}
  440 |         [01;36m[Kservice_qos[m[K, callback_group_);
      |         [01;36m[K^~~~~~~~~~~[m[K
[01m[K/home/ilex/Dev/VIST/src/robot/sdk/arm_teleop/src/lbot_driver/src/lbot_driver.cpp:442:87:[m[K [01;31m[Kerror: [m[Kno matching function for call to ‘[01m[Klbot_driver::LeftArmServiceNode::create_service<lbot_arm_interfaces::srv::GetFrame>(const char [24], std::_Bind_helper<false, void (lbot_driver::LeftArmServiceNode::*)(std::shared_ptr<lbot_arm_interfaces::srv::GetFrame_Request_<std::allocator<void> > >, std::shared_ptr<lbot_arm_interfaces::srv::GetFrame_Response_<std::allocator<void> > >), lbot_driver::LeftArmServiceNode*, const std::_Placeholder<1>&, const std::_Placeholder<2>&>::type, rclcpp::QoS&, rclcpp::CallbackGroup::SharedPtr&)[m[K’
  442 | [01;31m[Kis->create_service<lbot_arm_interfaces::srv::GetFrame>([m[K
      | [01;31m[K~~~~~~~~~~~~~~~~~~~~~~~~~~~~~~~~~~~~~~~~~~~~~~~~~~~~~~^[m[K

  443 | [01;31m[K",[m[K
      | [01;31m[K~~[m[K                                                     

  444 | [01;31m[KeNode::get_tool_frame_callback, this, std::placeholders::_1, std::placeholders::_2),[m[K
      | [01;31m[K~~~~~~~~~~~~~~~~~~~~~~~~~~~~~~~~~~~~~~~~~~~~~~~~~~~~~~~~~~~~~~~~~~~~~~~~~~~~~~~~~~~~[m[K

  445 | [01;31m[Koup_)[m[K;
      | [01;31m[K~~~~~[m[K                                                  

In file included from [01m[K/opt/ros/humble/include/rclcpp/rclcpp/executors/single_threaded_executor.hpp:28[m[K,
                 from [01m[K/opt/ros/humble/include/rclcpp/rclcpp/executors.hpp:22[m[K,
                 from [01m[K/opt/ros/humble/include/rclcpp/rclcpp/rclcpp.hpp:155[m[K,
                 from [01m[K/home/ilex/Dev/VIST/src/robot/sdk/arm_teleop/src/lbot_driver/include/lbot_driver/lbot_driver.h:19[m[K,
                 from [01m[K/home/ilex/Dev/VIST/src/robot/sdk/arm_teleop/src/lbot_driver/src/lbot_driver.cpp:15[m[K:
[01m[K/opt/ros/humble/include/rclcpp/rclcpp/node.hpp:267:3:[m[K [01;36m[Knote: [m[Kcandidate: ‘[01m[Ktemplate<class ServiceT, class CallbackT> typename rclcpp::Service<ServiceT>::SharedPtr rclcpp::Node::create_service(const string&, CallbackT&&, const rmw_qos_profile_t&, rclcpp::CallbackGroup::SharedPtr)[m[K’
  267 |   [01;36m[Kcreate_service[m[K(
      |   [01;36m[K^~~~~~~~~~~~~~[m[K
[01m[K/opt/ros/humble/include/rclcpp/rclcpp/node.hpp:267:3:[m[K [01;36m[Knote: [m[K  template argument deduction/substitution failed:
[01m[K/home/ilex/Dev/VIST/src/robot/sdk/arm_teleop/src/lbot_driver/src/lbot_driver.cpp:445:9:[m[K [01;36m[Knote: [m[K  cannot convert ‘[01m[Kservice_qos[m[K’ (type ‘[01m[Krclcpp::QoS[m[K’) to type ‘[01m[Kconst rmw_qos_profile_t&[m[K’ {aka ‘[01m[Kconst rmw_qos_profile_s&[m[K’}
  445 |         [01;36m[Kservice_qos[m[K, callback_group_);
      |         [01;36m[K^~~~~~~~~~~[m[K
[01m[K/home/ilex/Dev/VIST/src/robot/sdk/arm_teleop/src/lbot_driver/src/lbot_driver.cpp:447:102:[m[K [01;31m[Kerror: [m[Kno matching function for call to ‘[01m[Klbot_driver::LeftArmServiceNode::create_service<lbot_arm_interfaces::srv::GetCurrentFrame>(const char [32], std::_Bind_helper<false, void (lbot_driver::LeftArmServiceNode::*)(std::shared_ptr<lbot_arm_interfaces::srv::GetCurrentFrame_Request_<std::allocator<void> > >, std::shared_ptr<lbot_arm_interfaces::srv::GetCurrentFrame_Response_<std::allocator<void> > >), lbot_driver::LeftArmServiceNode*, const std::_Placeholder<1>&, const std::_Placeholder<2>&>::type, rclcpp::QoS&, rclcpp::CallbackGroup::SharedPtr&)[m[K’
  447 | [01;31m[Kate_service<lbot_arm_interfaces::srv::GetCurrentFrame>([m[K
      | [01;31m[K~~~~~~~~~~~~~~~~~~~~~~~~~~~~~~~~~~~~~~~~~~~~~~~~~~~~~~^[m[K

  448 | 
      |                                                        

  449 | [01;31m[Kent_tool_frame_callback, this, std::placeholders::_1, std::placeholders::_2),[m[K
      | [01;31m[K~~~~~~~~~~~~~~~~~~~~~~~~~~~~~~~~~~~~~~~~~~~~~~~~~~~~~~~~~~~~~~~~~~~~~~~~~~~~~[m[K

  450 | 
      |                                                        

In file included from [01m[K/opt/ros/humble/include/rclcpp/rclcpp/executors/single_threaded_executor.hpp:28[m[K,
                 from [01m[K/opt/ros/humble/include/rclcpp/rclcpp/executors.hpp:22[m[K,
                 from [01m[K/opt/ros/humble/include/rclcpp/rclcpp/rclcpp.hpp:155[m[K,
                 from [01m[K/home/ilex/Dev/VIST/src/robot/sdk/arm_teleop/src/lbot_driver/include/lbot_driver/lbot_driver.h:19[m[K,
                 from [01m[K/home/ilex/Dev/VIST/src/robot/sdk/arm_teleop/src/lbot_driver/src/lbot_driver.cpp:15[m[K:
[01m[K/opt/ros/humble/include/rclcpp/rclcpp/node.hpp:267:3:[m[K [01;36m[Knote: [m[Kcandidate: ‘[01m[Ktemplate<class ServiceT, class CallbackT> typename rclcpp::Service<ServiceT>::SharedPtr rclcpp::Node::create_service(const string&, CallbackT&&, const rmw_qos_profile_t&, rclcpp::CallbackGroup::SharedPtr)[m[K’
  267 |   [01;36m[Kcreate_service[m[K(
      |   [01;36m[K^~~~~~~~~~~~~~[m[K
[01m[K/opt/ros/humble/include/rclcpp/rclcpp/node.hpp:267:3:[m[K [01;36m[Knote: [m[K  template argument deduction/substitution failed:
[01m[K/home/ilex/Dev/VIST/src/robot/sdk/arm_teleop/src/lbot_driver/src/lbot_driver.cpp:450:9:[m[K [01;36m[Knote: [m[K  cannot convert ‘[01m[Kservice_qos[m[K’ (type ‘[01m[Krclcpp::QoS[m[K’) to type ‘[01m[Kconst rmw_qos_profile_t&[m[K’ {aka ‘[01m[Kconst rmw_qos_profile_s&[m[K’}
  450 |         [01;36m[Kservice_qos[m[K, callback_group_);
      |         [01;36m[K^~~~~~~~~~~[m[K
[01m[K/home/ilex/Dev/VIST/src/robot/sdk/arm_teleop/src/lbot_driver/src/lbot_driver.cpp:452:93:[m[K [01;31m[Kerror: [m[Kno matching function for call to ‘[01m[Klbot_driver::LeftArmServiceNode::create_service<lbot_arm_interfaces::srv::ChangeFrame>(const char [27], std::_Bind_helper<false, void (lbot_driver::LeftArmServiceNode::*)(std::shared_ptr<lbot_arm_interfaces::srv::ChangeFrame_Request_<std::allocator<void> > >, std::shared_ptr<lbot_arm_interfaces::srv::ChangeFrame_Response_<std::allocator<void> > >), lbot_driver::LeftArmServiceNode*, const std::_Placeholder<1>&, const std::_Placeholder<2>&>::type, rclcpp::QoS&, rclcpp::CallbackGroup::SharedPtr&)[m[K’
  452 | [01;31m[K>create_service<lbot_arm_interfaces::srv::ChangeFrame>([m[K
      | [01;31m[K~~~~~~~~~~~~~~~~~~~~~~~~~~~~~~~~~~~~~~~~~~~~~~~~~~~~~~^[m[K

  453 | 
      |                                                        

  454 | [01;31m[K:change_tool_frame_callback, this, std::placeholders::_1, std::placeholders::_2),[m[K
      | [01;31m[K~~~~~~~~~~~~~~~~~~~~~~~~~~~~~~~~~~~~~~~~~~~~~~~~~~~~~~~~~~~~~~~~~~~~~~~~~~~~~~~~~[m[K

  455 | 
      |                                                        

In file included from [01m[K/opt/ros/humble/include/rclcpp/rclcpp/executors/single_threaded_executor.hpp:28[m[K,
                 from [01m[K/opt/ros/humble/include/rclcpp/rclcpp/executors.hpp:22[m[K,
                 from [01m[K/opt/ros/humble/include/rclcpp/rclcpp/rclcpp.hpp:155[m[K,
                 from [01m[K/home/ilex/Dev/VIST/src/robot/sdk/arm_teleop/src/lbot_driver/include/lbot_driver/lbot_driver.h:19[m[K,
                 from [01m[K/home/ilex/Dev/VIST/src/robot/sdk/arm_teleop/src/lbot_driver/src/lbot_driver.cpp:15[m[K:
[01m[K/opt/ros/humble/include/rclcpp/rclcpp/node.hpp:267:3:[m[K [01;36m[Knote: [m[Kcandidate: ‘[01m[Ktemplate<class ServiceT, class CallbackT> typename rclcpp::Service<ServiceT>::SharedPtr rclcpp::Node::create_service(const string&, CallbackT&&, const rmw_qos_profile_t&, rclcpp::CallbackGroup::SharedPtr)[m[K’
  267 |   [01;36m[Kcreate_service[m[K(
      |   [01;36m[K^~~~~~~~~~~~~~[m[K
[01m[K/opt/ros/humble/include/rclcpp/rclcpp/node.hpp:267:3:[m[K [01;36m[Knote: [m[K  template argument deduction/substitution failed:
[01m[K/home/ilex/Dev/VIST/src/robot/sdk/arm_teleop/src/lbot_driver/src/lbot_driver.cpp:455:9:[m[K [01;36m[Knote: [m[K  cannot convert ‘[01m[Kservice_qos[m[K’ (type ‘[01m[Krclcpp::QoS[m[K’) to type ‘[01m[Kconst rmw_qos_profile_t&[m[K’ {aka ‘[01m[Kconst rmw_qos_profile_s&[m[K’}
  455 |         [01;36m[Kservice_qos[m[K, callback_group_);
      |         [01;36m[K^~~~~~~~~~~[m[K
[01m[K/home/ilex/Dev/VIST/src/robot/sdk/arm_teleop/src/lbot_driver/src/lbot_driver.cpp:457:93:[m[K [01;31m[Kerror: [m[Kno matching function for call to ‘[01m[Klbot_driver::LeftArmServiceNode::create_service<lbot_arm_interfaces::srv::DeleteFrame>(const char [27], std::_Bind_helper<false, void (lbot_driver::LeftArmServiceNode::*)(std::shared_ptr<lbot_arm_interfaces::srv::DeleteFrame_Request_<std::allocator<void> > >, std::shared_ptr<lbot_arm_interfaces::srv::DeleteFrame_Response_<std::allocator<void> > >), lbot_driver::LeftArmServiceNode*, const std::_Placeholder<1>&, const std::_Placeholder<2>&>::type, rclcpp::QoS&, rclcpp::CallbackGroup::SharedPtr&)[m[K’
  457 | [01;31m[K>create_service<lbot_arm_interfaces::srv::DeleteFrame>([m[K
      | [01;31m[K~~~~~~~~~~~~~~~~~~~~~~~~~~~~~~~~~~~~~~~~~~~~~~~~~~~~~~^[m[K

  458 | 
      |                                                        

  459 | [01;31m[K:delete_tool_frame_callback, this, std::placeholders::_1, std::placeholders::_2),[m[K
      | [01;31m[K~~~~~~~~~~~~~~~~~~~~~~~~~~~~~~~~~~~~~~~~~~~~~~~~~~~~~~~~~~~~~~~~~~~~~~~~~~~~~~~~~[m[K

  460 | 
      |                                                        

In file included from [01m[K/opt/ros/humble/include/rclcpp/rclcpp/executors/single_threaded_executor.hpp:28[m[K,
                 from [01m[K/opt/ros/humble/include/rclcpp/rclcpp/executors.hpp:22[m[K,
                 from [01m[K/opt/ros/humble/include/rclcpp/rclcpp/rclcpp.hpp:155[m[K,
                 from [01m[K/home/ilex/Dev/VIST/src/robot/sdk/arm_teleop/src/lbot_driver/include/lbot_driver/lbot_driver.h:19[m[K,
                 from [01m[K/home/ilex/Dev/VIST/src/robot/sdk/arm_teleop/src/lbot_driver/src/lbot_driver.cpp:15[m[K:
[01m[K/opt/ros/humble/include/rclcpp/rclcpp/node.hpp:267:3:[m[K [01;36m[Knote: [m[Kcandidate: ‘[01m[Ktemplate<class ServiceT, class CallbackT> typename rclcpp::Service<ServiceT>::SharedPtr rclcpp::Node::create_service(const string&, CallbackT&&, const rmw_qos_profile_t&, rclcpp::CallbackGroup::SharedPtr)[m[K’
  267 |   [01;36m[Kcreate_service[m[K(
      |   [01;36m[K^~~~~~~~~~~~~~[m[K
[01m[K/opt/ros/humble/include/rclcpp/rclcpp/node.hpp:267:3:[m[K [01;36m[Knote: [m[K  template argument deduction/substitution failed:
[01m[K/home/ilex/Dev/VIST/src/robot/sdk/arm_teleop/src/lbot_driver/src/lbot_driver.cpp:460:9:[m[K [01;36m[Knote: [m[K  cannot convert ‘[01m[Kservice_qos[m[K’ (type ‘[01m[Krclcpp::QoS[m[K’) to type ‘[01m[Kconst rmw_qos_profile_t&[m[K’ {aka ‘[01m[Kconst rmw_qos_profile_s&[m[K’}
  460 |         [01;36m[Kservice_qos[m[K, callback_group_);
      |         [01;36m[K^~~~~~~~~~~[m[K
[01m[K/home/ilex/Dev/VIST/src/robot/sdk/arm_teleop/src/lbot_driver/src/lbot_driver.cpp:462:96:[m[K [01;31m[Kerror: [m[Kno matching function for call to ‘[01m[Klbot_driver::LeftArmServiceNode::create_service<lbot_arm_interfaces::srv::GetAllFrames>(const char [29], std::_Bind_helper<false, void (lbot_driver::LeftArmServiceNode::*)(std::shared_ptr<lbot_arm_interfaces::srv::GetAllFrames_Request_<std::allocator<void> > >, std::shared_ptr<lbot_arm_interfaces::srv::GetAllFrames_Response_<std::allocator<void> > >), lbot_driver::LeftArmServiceNode*, const std::_Placeholder<1>&, const std::_Placeholder<2>&>::type, rclcpp::QoS&, rclcpp::CallbackGroup::SharedPtr&)[m[K’
  462 | [01;31m[Kcreate_service<lbot_arm_interfaces::srv::GetAllFrames>([m[K
      | [01;31m[K~~~~~~~~~~~~~~~~~~~~~~~~~~~~~~~~~~~~~~~~~~~~~~~~~~~~~~^[m[K

  463 | 
      |                                                        

  464 | [01;31m[Kt_all_tool_frames_callback, this, std::placeholders::_1, std::placeholders::_2),[m[K
      | [01;31m[K~~~~~~~~~~~~~~~~~~~~~~~~~~~~~~~~~~~~~~~~~~~~~~~~~~~~~~~~~~~~~~~~~~~~~~~~~~~~~~~~[m[K

  465 | 
      |                                                        

In file included from [01m[K/opt/ros/humble/include/rclcpp/rclcpp/executors/single_threaded_executor.hpp:28[m[K,
                 from [01m[K/opt/ros/humble/include/rclcpp/rclcpp/executors.hpp:22[m[K,
                 from [01m[K/opt/ros/humble/include/rclcpp/rclcpp/rclcpp.hpp:155[m[K,
                 from [01m[K/home/ilex/Dev/VIST/src/robot/sdk/arm_teleop/src/lbot_driver/include/lbot_driver/lbot_driver.h:19[m[K,
                 from [01m[K/home/ilex/Dev/VIST/src/robot/sdk/arm_teleop/src/lbot_driver/src/lbot_driver.cpp:15[m[K:
[01m[K/opt/ros/humble/include/rclcpp/rclcpp/node.hpp:267:3:[m[K [01;36m[Knote: [m[Kcandidate: ‘[01m[Ktemplate<class ServiceT, class CallbackT> typename rclcpp::Service<ServiceT>::SharedPtr rclcpp::Node::create_service(const string&, CallbackT&&, const rmw_qos_profile_t&, rclcpp::CallbackGroup::SharedPtr)[m[K’
  267 |   [01;36m[Kcreate_service[m[K(
      |   [01;36m[K^~~~~~~~~~~~~~[m[K
[01m[K/opt/ros/humble/include/rclcpp/rclcpp/node.hpp:267:3:[m[K [01;36m[Knote: [m[K  template argument deduction/substitution failed:
[01m[K/home/ilex/Dev/VIST/src/robot/sdk/arm_teleop/src/lbot_driver/src/lbot_driver.cpp:465:9:[m[K [01;36m[Knote: [m[K  cannot convert ‘[01m[Kservice_qos[m[K’ (type ‘[01m[Krclcpp::QoS[m[K’) to type ‘[01m[Kconst rmw_qos_profile_t&[m[K’ {aka ‘[01m[Kconst rmw_qos_profile_s&[m[K’}
  465 |         [01;36m[Kservice_qos[m[K, callback_group_);
      |         [01;36m[K^~~~~~~~~~~[m[K
[01m[K/home/ilex/Dev/VIST/src/robot/sdk/arm_teleop/src/lbot_driver/src/lbot_driver.cpp:468:80:[m[K [01;31m[Kerror: [m[Kno matching function for call to ‘[01m[Klbot_driver::LeftArmServiceNode::create_service<lbot_arm_interfaces::srv::SetZero>(const char [18], std::_Bind_helper<false, void (lbot_driver::LeftArmServiceNode::*)(std::shared_ptr<lbot_arm_interfaces::srv::SetZero_Request_<std::allocator<void> > >, std::shared_ptr<lbot_arm_interfaces::srv::SetZero_Response_<std::allocator<void> > >), lbot_driver::LeftArmServiceNode*, const std::_Placeholder<1>&, const std::_Placeholder<2>&>::type, rclcpp::QoS&, rclcpp::CallbackGroup::SharedPtr&)[m[K’
  468 | [01;31m[Khis->create_service<lbot_arm_interfaces::srv::SetZero>([m[K
      | [01;31m[K~~~~~~~~~~~~~~~~~~~~~~~~~~~~~~~~~~~~~~~~~~~~~~~~~~~~~~^[m[K

  469 | [01;31m[Ko",[m[K
      | [01;31m[K~~~[m[K                                                    

  470 | [01;31m[KmServiceNode::set_zero_callback, this, std::placeholders::_1, std::placeholders::_2),[m[K
      | [01;31m[K~~~~~~~~~~~~~~~~~~~~~~~~~~~~~~~~~~~~~~~~~~~~~~~~~~~~~~~~~~~~~~~~~~~~~~~~~~~~~~~~~~~~~[m[K

  471 | [01;31m[Kback_group_)[m[K;
      | [01;31m[K~~~~~~~~~~~~[m[K                                           

In file included from [01m[K/opt/ros/humble/include/rclcpp/rclcpp/executors/single_threaded_executor.hpp:28[m[K,
                 from [01m[K/opt/ros/humble/include/rclcpp/rclcpp/executors.hpp:22[m[K,
                 from [01m[K/opt/ros/humble/include/rclcpp/rclcpp/rclcpp.hpp:155[m[K,
                 from [01m[K/home/ilex/Dev/VIST/src/robot/sdk/arm_teleop/src/lbot_driver/include/lbot_driver/lbot_driver.h:19[m[K,
                 from [01m[K/home/ilex/Dev/VIST/src/robot/sdk/arm_teleop/src/lbot_driver/src/lbot_driver.cpp:15[m[K:
[01m[K/opt/ros/humble/include/rclcpp/rclcpp/node.hpp:267:3:[m[K [01;36m[Knote: [m[Kcandidate: ‘[01m[Ktemplate<class ServiceT, class CallbackT> typename rclcpp::Service<ServiceT>::SharedPtr rclcpp::Node::create_service(const string&, CallbackT&&, const rmw_qos_profile_t&, rclcpp::CallbackGroup::SharedPtr)[m[K’
  267 |   [01;36m[Kcreate_service[m[K(
      |   [01;36m[K^~~~~~~~~~~~~~[m[K
[01m[K/opt/ros/humble/include/rclcpp/rclcpp/node.hpp:267:3:[m[K [01;36m[Knote: [m[K  template argument deduction/substitution failed:
[01m[K/home/ilex/Dev/VIST/src/robot/sdk/arm_teleop/src/lbot_driver/src/lbot_driver.cpp:471:9:[m[K [01;36m[Knote: [m[K  cannot convert ‘[01m[Kservice_qos[m[K’ (type ‘[01m[Krclcpp::QoS[m[K’) to type ‘[01m[Kconst rmw_qos_profile_t&[m[K’ {aka ‘[01m[Kconst rmw_qos_profile_s&[m[K’}
  471 |         [01;36m[Kservice_qos[m[K, callback_group_);
      |         [01;36m[K^~~~~~~~~~~[m[K
[01m[K/home/ilex/Dev/VIST/src/robot/sdk/arm_teleop/src/lbot_driver/src/lbot_driver.cpp:472:84:[m[K [01;31m[Kerror: [m[Kno matching function for call to ‘[01m[Klbot_driver::LeftArmServiceNode::create_service<lbot_arm_interfaces::srv::SetEnable>(const char [20], std::_Bind_helper<false, void (lbot_driver::LeftArmServiceNode::*)(std::shared_ptr<lbot_arm_interfaces::srv::SetEnable_Request_<std::allocator<void> > >, std::shared_ptr<lbot_arm_interfaces::srv::SetEnable_Response_<std::allocator<void> > >), lbot_driver::LeftArmServiceNode*, const std::_Placeholder<1>&, const std::_Placeholder<2>&>::type, rclcpp::QoS&, rclcpp::CallbackGroup::SharedPtr&)[m[K’
  472 | [01;31m[Ks->create_service<lbot_arm_interfaces::srv::SetEnable>([m[K
      | [01;31m[K~~~~~~~~~~~~~~~~~~~~~~~~~~~~~~~~~~~~~~~~~~~~~~~~~~~~~~^[m[K

  473 | [01;31m[K,[m[K
      | [01;31m[K~[m[K                                                      

  474 | [01;31m[KviceNode::set_enable_callback, this, std::placeholders::_1, std::placeholders::_2),[m[K
      | [01;31m[K~~~~~~~~~~~~~~~~~~~~~~~~~~~~~~~~~~~~~~~~~~~~~~~~~~~~~~~~~~~~~~~~~~~~~~~~~~~~~~~~~~~[m[K

  475 | [01;31m[K_group_)[m[K;
      | [01;31m[K~~~~~~~~[m[K                                               

In file included from [01m[K/opt/ros/humble/include/rclcpp/rclcpp/executors/single_threaded_executor.hpp:28[m[K,
                 from [01m[K/opt/ros/humble/include/rclcpp/rclcpp/executors.hpp:22[m[K,
                 from [01m[K/opt/ros/humble/include/rclcpp/rclcpp/rclcpp.hpp:155[m[K,
                 from [01m[K/home/ilex/Dev/VIST/src/robot/sdk/arm_teleop/src/lbot_driver/include/lbot_driver/lbot_driver.h:19[m[K,
                 from [01m[K/home/ilex/Dev/VIST/src/robot/sdk/arm_teleop/src/lbot_driver/src/lbot_driver.cpp:15[m[K:
[01m[K/opt/ros/humble/include/rclcpp/rclcpp/node.hpp:267:3:[m[K [01;36m[Knote: [m[Kcandidate: ‘[01m[Ktemplate<class ServiceT, class CallbackT> typename rclcpp::Service<ServiceT>::SharedPtr rclcpp::Node::create_service(const string&, CallbackT&&, const rmw_qos_profile_t&, rclcpp::CallbackGroup::SharedPtr)[m[K’
  267 |   [01;36m[Kcreate_service[m[K(
      |   [01;36m[K^~~~~~~~~~~~~~[m[K
[01m[K/opt/ros/humble/include/rclcpp/rclcpp/node.hpp:267:3:[m[K [01;36m[Knote: [m[K  template argument deduction/substitution failed:
[01m[K/home/ilex/Dev/VIST/src/robot/sdk/arm_teleop/src/lbot_driver/src/lbot_driver.cpp:475:9:[m[K [01;36m[Knote: [m[K  cannot convert ‘[01m[Kservice_qos[m[K’ (type ‘[01m[Krclcpp::QoS[m[K’) to type ‘[01m[Kconst rmw_qos_profile_t&[m[K’ {aka ‘[01m[Kconst rmw_qos_profile_s&[m[K’}
  475 |         [01;36m[Kservice_qos[m[K, callback_group_);
      |         [01;36m[K^~~~~~~~~~~[m[K
[01m[K/home/ilex/Dev/VIST/src/robot/sdk/arm_teleop/src/lbot_driver/src/lbot_driver.cpp:476:90:[m[K [01;31m[Kerror: [m[Kno matching function for call to ‘[01m[Klbot_driver::LeftArmServiceNode::create_service<lbot_arm_interfaces::srv::SetEmergency>(const char [28], std::_Bind_helper<false, void (lbot_driver::LeftArmServiceNode::*)(std::shared_ptr<lbot_arm_interfaces::srv::SetEmergency_Request_<std::allocator<void> > >, std::shared_ptr<lbot_arm_interfaces::srv::SetEmergency_Response_<std::allocator<void> > >), lbot_driver::LeftArmServiceNode*, const std::_Placeholder<1>&, const std::_Placeholder<2>&>::type, rclcpp::QoS&, rclcpp::CallbackGroup::SharedPtr&)[m[K’
  476 | [01;31m[Kcreate_service<lbot_arm_interfaces::srv::SetEmergency>([m[K
      | [01;31m[K~~~~~~~~~~~~~~~~~~~~~~~~~~~~~~~~~~~~~~~~~~~~~~~~~~~~~~^[m[K

  477 | [01;31m[Kp",[m[K
      | [01;31m[K~~~[m[K                                                    

  478 | [01;31m[Kde::set_emergency_callback, this, std::placeholders::_1, std::placeholders::_2),[m[K
      | [01;31m[K~~~~~~~~~~~~~~~~~~~~~~~~~~~~~~~~~~~~~~~~~~~~~~~~~~~~~~~~~~~~~~~~~~~~~~~~~~~~~~~~[m[K

  479 | [01;31m[K_)[m[K;
      | [01;31m[K~~[m[K                                                     

In file included from [01m[K/opt/ros/humble/include/rclcpp/rclcpp/executors/single_threaded_executor.hpp:28[m[K,
                 from [01m[K/opt/ros/humble/include/rclcpp/rclcpp/executors.hpp:22[m[K,
                 from [01m[K/opt/ros/humble/include/rclcpp/rclcpp/rclcpp.hpp:155[m[K,
                 from [01m[K/home/ilex/Dev/VIST/src/robot/sdk/arm_teleop/src/lbot_driver/include/lbot_driver/lbot_driver.h:19[m[K,
                 from [01m[K/home/ilex/Dev/VIST/src/robot/sdk/arm_teleop/src/lbot_driver/src/lbot_driver.cpp:15[m[K:
[01m[K/opt/ros/humble/include/rclcpp/rclcpp/node.hpp:267:3:[m[K [01;36m[Knote: [m[Kcandidate: ‘[01m[Ktemplate<class ServiceT, class CallbackT> typename rclcpp::Service<ServiceT>::SharedPtr rclcpp::Node::create_service(const string&, CallbackT&&, const rmw_qos_profile_t&, rclcpp::CallbackGroup::SharedPtr)[m[K’
  267 |   [01;36m[Kcreate_service[m[K(
      |   [01;36m[K^~~~~~~~~~~~~~[m[K
[01m[K/opt/ros/humble/include/rclcpp/rclcpp/node.hpp:267:3:[m[K [01;36m[Knote: [m[K  template argument deduction/substitution failed:
[01m[K/home/ilex/Dev/VIST/src/robot/sdk/arm_teleop/src/lbot_driver/src/lbot_driver.cpp:479:9:[m[K [01;36m[Knote: [m[K  cannot convert ‘[01m[Kservice_qos[m[K’ (type ‘[01m[Krclcpp::QoS[m[K’) to type ‘[01m[Kconst rmw_qos_profile_t&[m[K’ {aka ‘[01m[Kconst rmw_qos_profile_s&[m[K’}
  479 |         [01;36m[Kservice_qos[m[K, callback_group_);
      |         [01;36m[K^~~~~~~~~~~[m[K
[01m[K/home/ilex/Dev/VIST/src/robot/sdk/arm_teleop/src/lbot_driver/src/lbot_driver.cpp:[m[K In member function ‘[01m[Kvoid lbot_driver::RightArmServiceNode::create_services()[m[K’:
[01m[K/home/ilex/Dev/VIST/src/robot/sdk/arm_teleop/src/lbot_driver/src/lbot_driver.cpp:1038:80:[m[K [01;31m[Kerror: [m[Kno matching function for call to ‘[01m[Klbot_driver::RightArmServiceNode::create_service<lbot_arm_interfaces::srv::MoveJ>(const char [21], std::_Bind_helper<false, void (lbot_driver::RightArmServiceNode::*)(std::shared_ptr<lbot_arm_interfaces::srv::MoveJ_Request_<std::allocator<void> > >, std::shared_ptr<lbot_arm_interfaces::srv::MoveJ_Response_<std::allocator<void> > >), lbot_driver::RightArmServiceNode*, const std::_Placeholder<1>&, const std::_Placeholder<2>&>::type, rclcpp::QoS&, rclcpp::CallbackGroup::SharedPtr&)[m[K’
 1038 |  [01;31m[Kthis->create_service<lbot_arm_interfaces::srv::MoveJ>([m[K
      |  [01;31m[K~~~~~~~~~~~~~~~~~~~~~~~~~~~~~~~~~~~~~~~~~~~~~~~~~~~~~^[m[K

 1039 | [01;31m[Koint",[m[K
      | [01;31m[K~~~~~~[m[K                                                 

 1040 | [01;31m[KrmServiceNode::move_joint_callback, this, std::placeholders::_1, std::placeholders::_2),[m[K
      | [01;31m[K~~~~~~~~~~~~~~~~~~~~~~~~~~~~~~~~~~~~~~~~~~~~~~~~~~~~~~~~~~~~~~~~~~~~~~~~~~~~~~~~~~~~~~~~[m[K

 1041 | [01;31m[Kback_group_)[m[K;
      | [01;31m[K~~~~~~~~~~~~[m[K                                           

In file included from [01m[K/opt/ros/humble/include/rclcpp/rclcpp/executors/single_threaded_executor.hpp:28[m[K,
                 from [01m[K/opt/ros/humble/include/rclcpp/rclcpp/executors.hpp:22[m[K,
                 from [01m[K/opt/ros/humble/include/rclcpp/rclcpp/rclcpp.hpp:155[m[K,
                 from [01m[K/home/ilex/Dev/VIST/src/robot/sdk/arm_teleop/src/lbot_driver/include/lbot_driver/lbot_driver.h:19[m[K,
                 from [01m[K/home/ilex/Dev/VIST/src/robot/sdk/arm_teleop/src/lbot_driver/src/lbot_driver.cpp:15[m[K:
[01m[K/opt/ros/humble/include/rclcpp/rclcpp/node.hpp:267:3:[m[K [01;36m[Knote: [m[Kcandidate: ‘[01m[Ktemplate<class ServiceT, class CallbackT> typename rclcpp::Service<ServiceT>::SharedPtr rclcpp::Node::create_service(const string&, CallbackT&&, const rmw_qos_profile_t&, rclcpp::CallbackGroup::SharedPtr)[m[K’
  267 |   [01;36m[Kcreate_service[m[K(
      |   [01;36m[K^~~~~~~~~~~~~~[m[K
[01m[K/opt/ros/humble/include/rclcpp/rclcpp/node.hpp:267:3:[m[K [01;36m[Knote: [m[K  template argument deduction/substitution failed:
[01m[K/home/ilex/Dev/VIST/src/robot/sdk/arm_teleop/src/lbot_driver/src/lbot_driver.cpp:1041:9:[m[K [01;36m[Knote: [m[K  cannot convert ‘[01m[Kservice_qos[m[K’ (type ‘[01m[Krclcpp::QoS[m[K’) to type ‘[01m[Kconst rmw_qos_profile_t&[m[K’ {aka ‘[01m[Kconst rmw_qos_profile_s&[m[K’}
 1041 |         [01;36m[Kservice_qos[m[K, callback_group_);
      |         [01;36m[K^~~~~~~~~~~[m[K
[01m[K/home/ilex/Dev/VIST/src/robot/sdk/arm_teleop/src/lbot_driver/src/lbot_driver.cpp:1043:80:[m[K [01;31m[Kerror: [m[Kno matching function for call to ‘[01m[Klbot_driver::RightArmServiceNode::create_service<lbot_arm_interfaces::srv::MoveJP>(const char [20], std::_Bind_helper<false, void (lbot_driver::RightArmServiceNode::*)(std::shared_ptr<lbot_arm_interfaces::srv::MoveJP_Request_<std::allocator<void> > >, std::shared_ptr<lbot_arm_interfaces::srv::MoveJP_Response_<std::allocator<void> > >), lbot_driver::RightArmServiceNode*, const std::_Placeholder<1>&, const std::_Placeholder<2>&>::type, rclcpp::QoS&, rclcpp::CallbackGroup::SharedPtr&)[m[K’
 1043 | [01;31m[Kthis->create_service<lbot_arm_interfaces::srv::MoveJP>([m[K
      | [01;31m[K~~~~~~~~~~~~~~~~~~~~~~~~~~~~~~~~~~~~~~~~~~~~~~~~~~~~~~^[m[K

 1044 | [01;31m[Kose",[m[K
      | [01;31m[K~~~~~[m[K                                                  

 1045 | [01;31m[KrmServiceNode::move_pose_callback, this, std::placeholders::_1, std::placeholders::_2),[m[K
      | [01;31m[K~~~~~~~~~~~~~~~~~~~~~~~~~~~~~~~~~~~~~~~~~~~~~~~~~~~~~~~~~~~~~~~~~~~~~~~~~~~~~~~~~~~~~~~[m[K

 1046 | [01;31m[Kback_group_)[m[K;
      | [01;31m[K~~~~~~~~~~~~[m[K                                           

In file included from [01m[K/opt/ros/humble/include/rclcpp/rclcpp/executors/single_threaded_executor.hpp:28[m[K,
                 from [01m[K/opt/ros/humble/include/rclcpp/rclcpp/executors.hpp:22[m[K,
                 from [01m[K/opt/ros/humble/include/rclcpp/rclcpp/rclcpp.hpp:155[m[K,
                 from [01m[K/home/ilex/Dev/VIST/src/robot/sdk/arm_teleop/src/lbot_driver/include/lbot_driver/lbot_driver.h:19[m[K,
                 from [01m[K/home/ilex/Dev/VIST/src/robot/sdk/arm_teleop/src/lbot_driver/src/lbot_driver.cpp:15[m[K:
[01m[K/opt/ros/humble/include/rclcpp/rclcpp/node.hpp:267:3:[m[K [01;36m[Knote: [m[Kcandidate: ‘[01m[Ktemplate<class ServiceT, class CallbackT> typename rclcpp::Service<ServiceT>::SharedPtr rclcpp::Node::create_service(const string&, CallbackT&&, const rmw_qos_profile_t&, rclcpp::CallbackGroup::SharedPtr)[m[K’
  267 |   [01;36m[Kcreate_service[m[K(
      |   [01;36m[K^~~~~~~~~~~~~~[m[K
[01m[K/opt/ros/humble/include/rclcpp/rclcpp/node.hpp:267:3:[m[K [01;36m[Knote: [m[K  template argument deduction/substitution failed:
[01m[K/home/ilex/Dev/VIST/src/robot/sdk/arm_teleop/src/lbot_driver/src/lbot_driver.cpp:1046:9:[m[K [01;36m[Knote: [m[K  cannot convert ‘[01m[Kservice_qos[m[K’ (type ‘[01m[Krclcpp::QoS[m[K’) to type ‘[01m[Kconst rmw_qos_profile_t&[m[K’ {aka ‘[01m[Kconst rmw_qos_profile_s&[m[K’}
 1046 |         [01;36m[Kservice_qos[m[K, callback_group_);
      |         [01;36m[K^~~~~~~~~~~[m[K
[01m[K/home/ilex/Dev/VIST/src/robot/sdk/arm_teleop/src/lbot_driver/src/lbot_driver.cpp:1048:81:[m[K [01;31m[Kerror: [m[Kno matching function for call to ‘[01m[Klbot_driver::RightArmServiceNode::create_service<lbot_arm_interfaces::srv::MoveL>(const char [22], std::_Bind_helper<false, void (lbot_driver::RightArmServiceNode::*)(std::shared_ptr<lbot_arm_interfaces::srv::MoveL_Request_<std::allocator<void> > >, std::shared_ptr<lbot_arm_interfaces::srv::MoveL_Response_<std::allocator<void> > >), lbot_driver::RightArmServiceNode*, const std::_Placeholder<1>&, const std::_Placeholder<2>&>::type, rclcpp::QoS&, rclcpp::CallbackGroup::SharedPtr&)[m[K’
 1048 |  [01;31m[Kthis->create_service<lbot_arm_interfaces::srv::MoveL>([m[K
      |  [01;31m[K~~~~~~~~~~~~~~~~~~~~~~~~~~~~~~~~~~~~~~~~~~~~~~~~~~~~~^[m[K

 1049 | [01;31m[Knear",[m[K
      | [01;31m[K~~~~~~[m[K                                                 

 1050 | [01;31m[KmServiceNode::move_linear_callback, this, std::placeholders::_1, std::placeholders::_2),[m[K
      | [01;31m[K~~~~~~~~~~~~~~~~~~~~~~~~~~~~~~~~~~~~~~~~~~~~~~~~~~~~~~~~~~~~~~~~~~~~~~~~~~~~~~~~~~~~~~~~[m[K

 1051 | [01;31m[Kack_group_)[m[K;
      | [01;31m[K~~~~~~~~~~~[m[K                                            

In file included from [01m[K/opt/ros/humble/include/rclcpp/rclcpp/executors/single_threaded_executor.hpp:28[m[K,
                 from [01m[K/opt/ros/humble/include/rclcpp/rclcpp/executors.hpp:22[m[K,
                 from [01m[K/opt/ros/humble/include/rclcpp/rclcpp/rclcpp.hpp:155[m[K,
                 from [01m[K/home/ilex/Dev/VIST/src/robot/sdk/arm_teleop/src/lbot_driver/include/lbot_driver/lbot_driver.h:19[m[K,
                 from [01m[K/home/ilex/Dev/VIST/src/robot/sdk/arm_teleop/src/lbot_driver/src/lbot_driver.cpp:15[m[K:
[01m[K/opt/ros/humble/include/rclcpp/rclcpp/node.hpp:267:3:[m[K [01;36m[Knote: [m[Kcandidate: ‘[01m[Ktemplate<class ServiceT, class CallbackT> typename rclcpp::Service<ServiceT>::SharedPtr rclcpp::Node::create_service(const string&, CallbackT&&, const rmw_qos_profile_t&, rclcpp::CallbackGroup::SharedPtr)[m[K’
  267 |   [01;36m[Kcreate_service[m[K(
      |   [01;36m[K^~~~~~~~~~~~~~[m[K
[01m[K/opt/ros/humble/include/rclcpp/rclcpp/node.hpp:267:3:[m[K [01;36m[Knote: [m[K  template argument deduction/substitution failed:
[01m[K/home/ilex/Dev/VIST/src/robot/sdk/arm_teleop/src/lbot_driver/src/lbot_driver.cpp:1051:9:[m[K [01;36m[Knote: [m[K  cannot convert ‘[01m[Kservice_qos[m[K’ (type ‘[01m[Krclcpp::QoS[m[K’) to type ‘[01m[Kconst rmw_qos_profile_t&[m[K’ {aka ‘[01m[Kconst rmw_qos_profile_s&[m[K’}
 1051 |         [01;36m[Kservice_qos[m[K, callback_group_);
      |         [01;36m[K^~~~~~~~~~~[m[K
[01m[K/home/ilex/Dev/VIST/src/robot/sdk/arm_teleop/src/lbot_driver/src/lbot_driver.cpp:1054:100:[m[K [01;31m[Kerror: [m[Kno matching function for call to ‘[01m[Klbot_driver::RightArmServiceNode::create_service<lbot_arm_interfaces::srv::ForwardKinematics>(const char [29], std::_Bind_helper<false, void (lbot_driver::RightArmServiceNode::*)(std::shared_ptr<lbot_arm_interfaces::srv::ForwardKinematics_Request_<std::allocator<void> > >, std::shared_ptr<lbot_arm_interfaces::srv::ForwardKinematics_Response_<std::allocator<void> > >), lbot_driver::RightArmServiceNode*, const std::_Placeholder<1>&, const std::_Placeholder<2>&>::type, rclcpp::QoS&, rclcpp::CallbackGroup::SharedPtr&)[m[K’
 1054 | [01;31m[Ke_service<lbot_arm_interfaces::srv::ForwardKinematics>([m[K
      | [01;31m[K~~~~~~~~~~~~~~~~~~~~~~~~~~~~~~~~~~~~~~~~~~~~~~~~~~~~~~^[m[K

 1055 | 
      |                                                        

 1056 | [01;31m[Krd_kinematics_callback, this, std::placeholders::_1, std::placeholders::_2),[m[K
      | [01;31m[K~~~~~~~~~~~~~~~~~~~~~~~~~~~~~~~~~~~~~~~~~~~~~~~~~~~~~~~~~~~~~~~~~~~~~~~~~~~~[m[K

 1057 | 
      |                                                        

In file included from [01m[K/opt/ros/humble/include/rclcpp/rclcpp/executors/single_threaded_executor.hpp:28[m[K,
                 from [01m[K/opt/ros/humble/include/rclcpp/rclcpp/executors.hpp:22[m[K,
                 from [01m[K/opt/ros/humble/include/rclcpp/rclcpp/rclcpp.hpp:155[m[K,
                 from [01m[K/home/ilex/Dev/VIST/src/robot/sdk/arm_teleop/src/lbot_driver/include/lbot_driver/lbot_driver.h:19[m[K,
                 from [01m[K/home/ilex/Dev/VIST/src/robot/sdk/arm_teleop/src/lbot_driver/src/lbot_driver.cpp:15[m[K:
[01m[K/opt/ros/humble/include/rclcpp/rclcpp/node.hpp:267:3:[m[K [01;36m[Knote: [m[Kcandidate: ‘[01m[Ktemplate<class ServiceT, class CallbackT> typename rclcpp::Service<ServiceT>::SharedPtr rclcpp::Node::create_service(const string&, CallbackT&&, const rmw_qos_profile_t&, rclcpp::CallbackGroup::SharedPtr)[m[K’
  267 |   [01;36m[Kcreate_service[m[K(
      |   [01;36m[K^~~~~~~~~~~~~~[m[K
[01m[K/opt/ros/humble/include/rclcpp/rclcpp/node.hpp:267:3:[m[K [01;36m[Knote: [m[K  template argument deduction/substitution failed:
[01m[K/home/ilex/Dev/VIST/src/robot/sdk/arm_teleop/src/lbot_driver/src/lbot_driver.cpp:1057:9:[m[K [01;36m[Knote: [m[K  cannot convert ‘[01m[Kservice_qos[m[K’ (type ‘[01m[Krclcpp::QoS[m[K’) to type ‘[01m[Kconst rmw_qos_profile_t&[m[K’ {aka ‘[01m[Kconst rmw_qos_profile_s&[m[K’}
 1057 |         [01;36m[Kservice_qos[m[K, callback_group_);
      |         [01;36m[K^~~~~~~~~~~[m[K
[01m[K/home/ilex/Dev/VIST/src/robot/sdk/arm_teleop/src/lbot_driver/src/lbot_driver.cpp:1059:100:[m[K [01;31m[Kerror: [m[Kno matching function for call to ‘[01m[Klbot_driver::RightArmServiceNode::create_service<lbot_arm_interfaces::srv::InverseKinematics>(const char [29], std::_Bind_helper<false, void (lbot_driver::RightArmServiceNode::*)(std::shared_ptr<lbot_arm_interfaces::srv::InverseKinematics_Request_<std::allocator<void> > >, std::shared_ptr<lbot_arm_interfaces::srv::InverseKinematics_Response_<std::allocator<void> > >), lbot_driver::RightArmServiceNode*, const std::_Placeholder<1>&, const std::_Placeholder<2>&>::type, rclcpp::QoS&, rclcpp::CallbackGroup::SharedPtr&)[m[K’
 1059 | [01;31m[Ke_service<lbot_arm_interfaces::srv::InverseKinematics>([m[K
      | [01;31m[K~~~~~~~~~~~~~~~~~~~~~~~~~~~~~~~~~~~~~~~~~~~~~~~~~~~~~~^[m[K

 1060 | 
      |                                                        

 1061 | [01;31m[Kse_kinematics_callback, this, std::placeholders::_1, std::placeholders::_2),[m[K
      | [01;31m[K~~~~~~~~~~~~~~~~~~~~~~~~~~~~~~~~~~~~~~~~~~~~~~~~~~~~~~~~~~~~~~~~~~~~~~~~~~~~[m[K

 1062 | 
      |                                                        

In file included from [01m[K/opt/ros/humble/include/rclcpp/rclcpp/executors/single_threaded_executor.hpp:28[m[K,
                 from [01m[K/opt/ros/humble/include/rclcpp/rclcpp/executors.hpp:22[m[K,
                 from [01m[K/opt/ros/humble/include/rclcpp/rclcpp/rclcpp.hpp:155[m[K,
                 from [01m[K/home/ilex/Dev/VIST/src/robot/sdk/arm_teleop/src/lbot_driver/include/lbot_driver/lbot_driver.h:19[m[K,
                 from [01m[K/home/ilex/Dev/VIST/src/robot/sdk/arm_teleop/src/lbot_driver/src/lbot_driver.cpp:15[m[K:
[01m[K/opt/ros/humble/include/rclcpp/rclcpp/node.hpp:267:3:[m[K [01;36m[Knote: [m[Kcandidate: ‘[01m[Ktemplate<class ServiceT, class CallbackT> typename rclcpp::Service<ServiceT>::SharedPtr rclcpp::Node::create_service(const string&, CallbackT&&, const rmw_qos_profile_t&, rclcpp::CallbackGroup::SharedPtr)[m[K’
  267 |   [01;36m[Kcreate_service[m[K(
      |   [01;36m[K^~~~~~~~~~~~~~[m[K
[01m[K/opt/ros/humble/include/rclcpp/rclcpp/node.hpp:267:3:[m[K [01;36m[Knote: [m[K  template argument deduction/substitution failed:
[01m[K/home/ilex/Dev/VIST/src/robot/sdk/arm_teleop/src/lbot_driver/src/lbot_driver.cpp:1062:9:[m[K [01;36m[Knote: [m[K  cannot convert ‘[01m[Kservice_qos[m[K’ (type ‘[01m[Krclcpp::QoS[m[K’) to type ‘[01m[Kconst rmw_qos_profile_t&[m[K’ {aka ‘[01m[Kconst rmw_qos_profile_s&[m[K’}
 1062 |         [01;36m[Kservice_qos[m[K, callback_group_);
      |         [01;36m[K^~~~~~~~~~~[m[K
[01m[K/home/ilex/Dev/VIST/src/robot/sdk/arm_teleop/src/lbot_driver/src/lbot_driver.cpp:1065:87:[m[K [01;31m[Kerror: [m[Kno matching function for call to ‘[01m[Klbot_driver::RightArmServiceNode::create_service<lbot_arm_interfaces::srv::SetFrame>(const char [25], std::_Bind_helper<false, void (lbot_driver::RightArmServiceNode::*)(std::shared_ptr<lbot_arm_interfaces::srv::SetFrame_Request_<std::allocator<void> > >, std::shared_ptr<lbot_arm_interfaces::srv::SetFrame_Response_<std::allocator<void> > >), lbot_driver::RightArmServiceNode*, const std::_Placeholder<1>&, const std::_Placeholder<2>&>::type, rclcpp::QoS&, rclcpp::CallbackGroup::SharedPtr&)[m[K’
 1065 | [01;31m[Kis->create_service<lbot_arm_interfaces::srv::SetFrame>([m[K
      | [01;31m[K~~~~~~~~~~~~~~~~~~~~~~~~~~~~~~~~~~~~~~~~~~~~~~~~~~~~~~^[m[K

 1066 | [01;31m[Ke",[m[K
      | [01;31m[K~~~[m[K                                                    

 1067 | [01;31m[KceNode::set_tool_frame_callback, this, std::placeholders::_1, std::placeholders::_2),[m[K
      | [01;31m[K~~~~~~~~~~~~~~~~~~~~~~~~~~~~~~~~~~~~~~~~~~~~~~~~~~~~~~~~~~~~~~~~~~~~~~~~~~~~~~~~~~~~~[m[K

 1068 | [01;31m[Koup_)[m[K;
      | [01;31m[K~~~~~[m[K                                                  

In file included from [01m[K/opt/ros/humble/include/rclcpp/rclcpp/executors/single_threaded_executor.hpp:28[m[K,
                 from [01m[K/opt/ros/humble/include/rclcpp/rclcpp/executors.hpp:22[m[K,
                 from [01m[K/opt/ros/humble/include/rclcpp/rclcpp/rclcpp.hpp:155[m[K,
                 from [01m[K/home/ilex/Dev/VIST/src/robot/sdk/arm_teleop/src/lbot_driver/include/lbot_driver/lbot_driver.h:19[m[K,
                 from [01m[K/home/ilex/Dev/VIST/src/robot/sdk/arm_teleop/src/lbot_driver/src/lbot_driver.cpp:15[m[K:
[01m[K/opt/ros/humble/include/rclcpp/rclcpp/node.hpp:267:3:[m[K [01;36m[Knote: [m[Kcandidate: ‘[01m[Ktemplate<class ServiceT, class CallbackT> typename rclcpp::Service<ServiceT>::SharedPtr rclcpp::Node::create_service(const string&, CallbackT&&, const rmw_qos_profile_t&, rclcpp::CallbackGroup::SharedPtr)[m[K’
  267 |   [01;36m[Kcreate_service[m[K(
      |   [01;36m[K^~~~~~~~~~~~~~[m[K
[01m[K/opt/ros/humble/include/rclcpp/rclcpp/node.hpp:267:3:[m[K [01;36m[Knote: [m[K  template argument deduction/substitution failed:
[01m[K/home/ilex/Dev/VIST/src/robot/sdk/arm_teleop/src/lbot_driver/src/lbot_driver.cpp:1068:9:[m[K [01;36m[Knote: [m[K  cannot convert ‘[01m[Kservice_qos[m[K’ (type ‘[01m[Krclcpp::QoS[m[K’) to type ‘[01m[Kconst rmw_qos_profile_t&[m[K’ {aka ‘[01m[Kconst rmw_qos_profile_s&[m[K’}
 1068 |         [01;36m[Kservice_qos[m[K, callback_group_);
      |         [01;36m[K^~~~~~~~~~~[m[K
[01m[K/home/ilex/Dev/VIST/src/robot/sdk/arm_teleop/src/lbot_driver/src/lbot_driver.cpp:1070:87:[m[K [01;31m[Kerror: [m[Kno matching function for call to ‘[01m[Klbot_driver::RightArmServiceNode::create_service<lbot_arm_interfaces::srv::GetFrame>(const char [25], std::_Bind_helper<false, void (lbot_driver::RightArmServiceNode::*)(std::shared_ptr<lbot_arm_interfaces::srv::GetFrame_Request_<std::allocator<void> > >, std::shared_ptr<lbot_arm_interfaces::srv::GetFrame_Response_<std::allocator<void> > >), lbot_driver::RightArmServiceNode*, const std::_Placeholder<1>&, const std::_Placeholder<2>&>::type, rclcpp::QoS&, rclcpp::CallbackGroup::SharedPtr&)[m[K’
 1070 | [01;31m[Kis->create_service<lbot_arm_interfaces::srv::GetFrame>([m[K
      | [01;31m[K~~~~~~~~~~~~~~~~~~~~~~~~~~~~~~~~~~~~~~~~~~~~~~~~~~~~~~^[m[K

 1071 | [01;31m[Ke",[m[K
      | [01;31m[K~~~[m[K                                                    

 1072 | [01;31m[KceNode::get_tool_frame_callback, this, std::placeholders::_1, std::placeholders::_2),[m[K
      | [01;31m[K~~~~~~~~~~~~~~~~~~~~~~~~~~~~~~~~~~~~~~~~~~~~~~~~~~~~~~~~~~~~~~~~~~~~~~~~~~~~~~~~~~~~~[m[K

 1073 | [01;31m[Koup_)[m[K;
      | [01;31m[K~~~~~[m[K                                                  

In file included from [01m[K/opt/ros/humble/include/rclcpp/rclcpp/executors/single_threaded_executor.hpp:28[m[K,
                 from [01m[K/opt/ros/humble/include/rclcpp/rclcpp/executors.hpp:22[m[K,
                 from [01m[K/opt/ros/humble/include/rclcpp/rclcpp/rclcpp.hpp:155[m[K,
                 from [01m[K/home/ilex/Dev/VIST/src/robot/sdk/arm_teleop/src/lbot_driver/include/lbot_driver/lbot_driver.h:19[m[K,
                 from [01m[K/home/ilex/Dev/VIST/src/robot/sdk/arm_teleop/src/lbot_driver/src/lbot_driver.cpp:15[m[K:
[01m[K/opt/ros/humble/include/rclcpp/rclcpp/node.hpp:267:3:[m[K [01;36m[Knote: [m[Kcandidate: ‘[01m[Ktemplate<class ServiceT, class CallbackT> typename rclcpp::Service<ServiceT>::SharedPtr rclcpp::Node::create_service(const string&, CallbackT&&, const rmw_qos_profile_t&, rclcpp::CallbackGroup::SharedPtr)[m[K’
  267 |   [01;36m[Kcreate_service[m[K(
      |   [01;36m[K^~~~~~~~~~~~~~[m[K
[01m[K/opt/ros/humble/include/rclcpp/rclcpp/node.hpp:267:3:[m[K [01;36m[Knote: [m[K  template argument deduction/substitution failed:
[01m[K/home/ilex/Dev/VIST/src/robot/sdk/arm_teleop/src/lbot_driver/src/lbot_driver.cpp:1073:9:[m[K [01;36m[Knote: [m[K  cannot convert ‘[01m[Kservice_qos[m[K’ (type ‘[01m[Krclcpp::QoS[m[K’) to type ‘[01m[Kconst rmw_qos_profile_t&[m[K’ {aka ‘[01m[Kconst rmw_qos_profile_s&[m[K’}
 1073 |         [01;36m[Kservice_qos[m[K, callback_group_);
      |         [01;36m[K^~~~~~~~~~~[m[K
[01m[K/home/ilex/Dev/VIST/src/robot/sdk/arm_teleop/src/lbot_driver/src/lbot_driver.cpp:1075:102:[m[K [01;31m[Kerror: [m[Kno matching function for call to ‘[01m[Klbot_driver::RightArmServiceNode::create_service<lbot_arm_interfaces::srv::GetCurrentFrame>(const char [33], std::_Bind_helper<false, void (lbot_driver::RightArmServiceNode::*)(std::shared_ptr<lbot_arm_interfaces::srv::GetCurrentFrame_Request_<std::allocator<void> > >, std::shared_ptr<lbot_arm_interfaces::srv::GetCurrentFrame_Response_<std::allocator<void> > >), lbot_driver::RightArmServiceNode*, const std::_Placeholder<1>&, const std::_Placeholder<2>&>::type, rclcpp::QoS&, rclcpp::CallbackGroup::SharedPtr&)[m[K’
 1075 | [01;31m[Kate_service<lbot_arm_interfaces::srv::GetCurrentFrame>([m[K
      | [01;31m[K~~~~~~~~~~~~~~~~~~~~~~~~~~~~~~~~~~~~~~~~~~~~~~~~~~~~~~^[m[K

 1076 | 
      |                                                        

 1077 | [01;31m[Krent_tool_frame_callback, this, std::placeholders::_1, std::placeholders::_2),[m[K
      | [01;31m[K~~~~~~~~~~~~~~~~~~~~~~~~~~~~~~~~~~~~~~~~~~~~~~~~~~~~~~~~~~~~~~~~~~~~~~~~~~~~~~[m[K

 1078 | 
      |                                                        

In file included from [01m[K/opt/ros/humble/include/rclcpp/rclcpp/executors/single_threaded_executor.hpp:28[m[K,
                 from [01m[K/opt/ros/humble/include/rclcpp/rclcpp/executors.hpp:22[m[K,
                 from [01m[K/opt/ros/humble/include/rclcpp/rclcpp/rclcpp.hpp:155[m[K,
                 from [01m[K/home/ilex/Dev/VIST/src/robot/sdk/arm_teleop/src/lbot_driver/include/lbot_driver/lbot_driver.h:19[m[K,
                 from [01m[K/home/ilex/Dev/VIST/src/robot/sdk/arm_teleop/src/lbot_driver/src/lbot_driver.cpp:15[m[K:
[01m[K/opt/ros/humble/include/rclcpp/rclcpp/node.hpp:267:3:[m[K [01;36m[Knote: [m[Kcandidate: ‘[01m[Ktemplate<class ServiceT, class CallbackT> typename rclcpp::Service<ServiceT>::SharedPtr rclcpp::Node::create_service(const string&, CallbackT&&, const rmw_qos_profile_t&, rclcpp::CallbackGroup::SharedPtr)[m[K’
  267 |   [01;36m[Kcreate_service[m[K(
      |   [01;36m[K^~~~~~~~~~~~~~[m[K
[01m[K/opt/ros/humble/include/rclcpp/rclcpp/node.hpp:267:3:[m[K [01;36m[Knote: [m[K  template argument deduction/substitution failed:
[01m[K/home/ilex/Dev/VIST/src/robot/sdk/arm_teleop/src/lbot_driver/src/lbot_driver.cpp:1078:9:[m[K [01;36m[Knote: [m[K  cannot convert ‘[01m[Kservice_qos[m[K’ (type ‘[01m[Krclcpp::QoS[m[K’) to type ‘[01m[Kconst rmw_qos_profile_t&[m[K’ {aka ‘[01m[Kconst rmw_qos_profile_s&[m[K’}
 1078 |         [01;36m[Kservice_qos[m[K, callback_group_);
      |         [01;36m[K^~~~~~~~~~~[m[K
[01m[K/home/ilex/Dev/VIST/src/robot/sdk/arm_teleop/src/lbot_driver/src/lbot_driver.cpp:1080:93:[m[K [01;31m[Kerror: [m[Kno matching function for call to ‘[01m[Klbot_driver::RightArmServiceNode::create_service<lbot_arm_interfaces::srv::ChangeFrame>(const char [28], std::_Bind_helper<false, void (lbot_driver::RightArmServiceNode::*)(std::shared_ptr<lbot_arm_interfaces::srv::ChangeFrame_Request_<std::allocator<void> > >, std::shared_ptr<lbot_arm_interfaces::srv::ChangeFrame_Response_<std::allocator<void> > >), lbot_driver::RightArmServiceNode*, const std::_Placeholder<1>&, const std::_Placeholder<2>&>::type, rclcpp::QoS&, rclcpp::CallbackGroup::SharedPtr&)[m[K’
 1080 | [01;31m[K>create_service<lbot_arm_interfaces::srv::ChangeFrame>([m[K
      | [01;31m[K~~~~~~~~~~~~~~~~~~~~~~~~~~~~~~~~~~~~~~~~~~~~~~~~~~~~~~^[m[K

 1081 | 
      |                                                        

 1082 | [01;31m[K::change_tool_frame_callback, this, std::placeholders::_1, std::placeholders::_2),[m[K
      | [01;31m[K~~~~~~~~~~~~~~~~~~~~~~~~~~~~~~~~~~~~~~~~~~~~~~~~~~~~~~~~~~~~~~~~~~~~~~~~~~~~~~~~~~[m[K

 1083 | 
      |                                                        

In file included from [01m[K/opt/ros/humble/include/rclcpp/rclcpp/executors/single_threaded_executor.hpp:28[m[K,
                 from [01m[K/opt/ros/humble/include/rclcpp/rclcpp/executors.hpp:22[m[K,
                 from [01m[K/opt/ros/humble/include/rclcpp/rclcpp/rclcpp.hpp:155[m[K,
                 from [01m[K/home/ilex/Dev/VIST/src/robot/sdk/arm_teleop/src/lbot_driver/include/lbot_driver/lbot_driver.h:19[m[K,
                 from [01m[K/home/ilex/Dev/VIST/src/robot/sdk/arm_teleop/src/lbot_driver/src/lbot_driver.cpp:15[m[K:
[01m[K/opt/ros/humble/include/rclcpp/rclcpp/node.hpp:267:3:[m[K [01;36m[Knote: [m[Kcandidate: ‘[01m[Ktemplate<class ServiceT, class CallbackT> typename rclcpp::Service<ServiceT>::SharedPtr rclcpp::Node::create_service(const string&, CallbackT&&, const rmw_qos_profile_t&, rclcpp::CallbackGroup::SharedPtr)[m[K’
  267 |   [01;36m[Kcreate_service[m[K(
      |   [01;36m[K^~~~~~~~~~~~~~[m[K
[01m[K/opt/ros/humble/include/rclcpp/rclcpp/node.hpp:267:3:[m[K [01;36m[Knote: [m[K  template argument deduction/substitution failed:
[01m[K/home/ilex/Dev/VIST/src/robot/sdk/arm_teleop/src/lbot_driver/src/lbot_driver.cpp:1083:9:[m[K [01;36m[Knote: [m[K  cannot convert ‘[01m[Kservice_qos[m[K’ (type ‘[01m[Krclcpp::QoS[m[K’) to type ‘[01m[Kconst rmw_qos_profile_t&[m[K’ {aka ‘[01m[Kconst rmw_qos_profile_s&[m[K’}
 1083 |         [01;36m[Kservice_qos[m[K, callback_group_);
      |         [01;36m[K^~~~~~~~~~~[m[K
[01m[K/home/ilex/Dev/VIST/src/robot/sdk/arm_teleop/src/lbot_driver/src/lbot_driver.cpp:1085:93:[m[K [01;31m[Kerror: [m[Kno matching function for call to ‘[01m[Klbot_driver::RightArmServiceNode::create_service<lbot_arm_interfaces::srv::DeleteFrame>(const char [28], std::_Bind_helper<false, void (lbot_driver::RightArmServiceNode::*)(std::shared_ptr<lbot_arm_interfaces::srv::DeleteFrame_Request_<std::allocator<void> > >, std::shared_ptr<lbot_arm_interfaces::srv::DeleteFrame_Response_<std::allocator<void> > >), lbot_driver::RightArmServiceNode*, const std::_Placeholder<1>&, const std::_Placeholder<2>&>::type, rclcpp::QoS&, rclcpp::CallbackGroup::SharedPtr&)[m[K’
 1085 | [01;31m[K>create_service<lbot_arm_interfaces::srv::DeleteFrame>([m[K
      | [01;31m[K~~~~~~~~~~~~~~~~~~~~~~~~~~~~~~~~~~~~~~~~~~~~~~~~~~~~~~^[m[K

 1086 | 
      |                                                        

 1087 | [01;31m[K::delete_tool_frame_callback, this, std::placeholders::_1, std::placeholders::_2),[m[K
      | [01;31m[K~~~~~~~~~~~~~~~~~~~~~~~~~~~~~~~~~~~~~~~~~~~~~~~~~~~~~~~~~~~~~~~~~~~~~~~~~~~~~~~~~~[m[K

 1088 | 
      |                                                        

In file included from [01m[K/opt/ros/humble/include/rclcpp/rclcpp/executors/single_threaded_executor.hpp:28[m[K,
                 from [01m[K/opt/ros/humble/include/rclcpp/rclcpp/executors.hpp:22[m[K,
                 from [01m[K/opt/ros/humble/include/rclcpp/rclcpp/rclcpp.hpp:155[m[K,
                 from [01m[K/home/ilex/Dev/VIST/src/robot/sdk/arm_teleop/src/lbot_driver/include/lbot_driver/lbot_driver.h:19[m[K,
                 from [01m[K/home/ilex/Dev/VIST/src/robot/sdk/arm_teleop/src/lbot_driver/src/lbot_driver.cpp:15[m[K:
[01m[K/opt/ros/humble/include/rclcpp/rclcpp/node.hpp:267:3:[m[K [01;36m[Knote: [m[Kcandidate: ‘[01m[Ktemplate<class ServiceT, class CallbackT> typename rclcpp::Service<ServiceT>::SharedPtr rclcpp::Node::create_service(const string&, CallbackT&&, const rmw_qos_profile_t&, rclcpp::CallbackGroup::SharedPtr)[m[K’
  267 |   [01;36m[Kcreate_service[m[K(
      |   [01;36m[K^~~~~~~~~~~~~~[m[K
[01m[K/opt/ros/humble/include/rclcpp/rclcpp/node.hpp:267:3:[m[K [01;36m[Knote: [m[K  template argument deduction/substitution failed:
[01m[K/home/ilex/Dev/VIST/src/robot/sdk/arm_teleop/src/lbot_driver/src/lbot_driver.cpp:1088:9:[m[K [01;36m[Knote: [m[K  cannot convert ‘[01m[Kservice_qos[m[K’ (type ‘[01m[Krclcpp::QoS[m[K’) to type ‘[01m[Kconst rmw_qos_profile_t&[m[K’ {aka ‘[01m[Kconst rmw_qos_profile_s&[m[K’}
 1088 |         [01;36m[Kservice_qos[m[K, callback_group_);
      |         [01;36m[K^~~~~~~~~~~[m[K
[01m[K/home/ilex/Dev/VIST/src/robot/sdk/arm_teleop/src/lbot_driver/src/lbot_driver.cpp:1090:96:[m[K [01;31m[Kerror: [m[Kno matching function for call to ‘[01m[Klbot_driver::RightArmServiceNode::create_service<lbot_arm_interfaces::srv::GetAllFrames>(const char [30], std::_Bind_helper<false, void (lbot_driver::RightArmServiceNode::*)(std::shared_ptr<lbot_arm_interfaces::srv::GetAllFrames_Request_<std::allocator<void> > >, std::shared_ptr<lbot_arm_interfaces::srv::GetAllFrames_Response_<std::allocator<void> > >), lbot_driver::RightArmServiceNode*, const std::_Placeholder<1>&, const std::_Placeholder<2>&>::type, rclcpp::QoS&, rclcpp::CallbackGroup::SharedPtr&)[m[K’
 1090 | [01;31m[Kcreate_service<lbot_arm_interfaces::srv::GetAllFrames>([m[K
      | [01;31m[K~~~~~~~~~~~~~~~~~~~~~~~~~~~~~~~~~~~~~~~~~~~~~~~~~~~~~~^[m[K

 1091 | 
      |                                                        

 1092 | [01;31m[Ket_all_tool_frames_callback, this, std::placeholders::_1, std::placeholders::_2),[m[K
      | [01;31m[K~~~~~~~~~~~~~~~~~~~~~~~~~~~~~~~~~~~~~~~~~~~~~~~~~~~~~~~~~~~~~~~~~~~~~~~~~~~~~~~~~[m[K

 1093 | 
      |                                                        

In file included from [01m[K/opt/ros/humble/include/rclcpp/rclcpp/executors/single_threaded_executor.hpp:28[m[K,
                 from [01m[K/opt/ros/humble/include/rclcpp/rclcpp/executors.hpp:22[m[K,
                 from [01m[K/opt/ros/humble/include/rclcpp/rclcpp/rclcpp.hpp:155[m[K,
                 from [01m[K/home/ilex/Dev/VIST/src/robot/sdk/arm_teleop/src/lbot_driver/include/lbot_driver/lbot_driver.h:19[m[K,
                 from [01m[K/home/ilex/Dev/VIST/src/robot/sdk/arm_teleop/src/lbot_driver/src/lbot_driver.cpp:15[m[K:
[01m[K/opt/ros/humble/include/rclcpp/rclcpp/node.hpp:267:3:[m[K [01;36m[Knote: [m[Kcandidate: ‘[01m[Ktemplate<class ServiceT, class CallbackT> typename rclcpp::Service<ServiceT>::SharedPtr rclcpp::Node::create_service(const string&, CallbackT&&, const rmw_qos_profile_t&, rclcpp::CallbackGroup::SharedPtr)[m[K’
  267 |   [01;36m[Kcreate_service[m[K(
      |   [01;36m[K^~~~~~~~~~~~~~[m[K
[01m[K/opt/ros/humble/include/rclcpp/rclcpp/node.hpp:267:3:[m[K [01;36m[Knote: [m[K  template argument deduction/substitution failed:
[01m[K/home/ilex/Dev/VIST/src/robot/sdk/arm_teleop/src/lbot_driver/src/lbot_driver.cpp:1093:9:[m[K [01;36m[Knote: [m[K  cannot convert ‘[01m[Kservice_qos[m[K’ (type ‘[01m[Krclcpp::QoS[m[K’) to type ‘[01m[Kconst rmw_qos_profile_t&[m[K’ {aka ‘[01m[Kconst rmw_qos_profile_s&[m[K’}
 1093 |         [01;36m[Kservice_qos[m[K, callback_group_);
      |         [01;36m[K^~~~~~~~~~~[m[K
[01m[K/home/ilex/Dev/VIST/src/robot/sdk/arm_teleop/src/lbot_driver/src/lbot_driver.cpp:1096:80:[m[K [01;31m[Kerror: [m[Kno matching function for call to ‘[01m[Klbot_driver::RightArmServiceNode::create_service<lbot_arm_interfaces::srv::SetZero>(const char [19], std::_Bind_helper<false, void (lbot_driver::RightArmServiceNode::*)(std::shared_ptr<lbot_arm_interfaces::srv::SetZero_Request_<std::allocator<void> > >, std::shared_ptr<lbot_arm_interfaces::srv::SetZero_Response_<std::allocator<void> > >), lbot_driver::RightArmServiceNode*, const std::_Placeholder<1>&, const std::_Placeholder<2>&>::type, rclcpp::QoS&, rclcpp::CallbackGroup::SharedPtr&)[m[K’
 1096 | [01;31m[Khis->create_service<lbot_arm_interfaces::srv::SetZero>([m[K
      | [01;31m[K~~~~~~~~~~~~~~~~~~~~~~~~~~~~~~~~~~~~~~~~~~~~~~~~~~~~~~^[m[K

 1097 | [01;31m[Kro",[m[K
      | [01;31m[K~~~~[m[K                                                   

 1098 | [01;31m[KrmServiceNode::set_zero_callback, this, std::placeholders::_1, std::placeholders::_2),[m[K
      | [01;31m[K~~~~~~~~~~~~~~~~~~~~~~~~~~~~~~~~~~~~~~~~~~~~~~~~~~~~~~~~~~~~~~~~~~~~~~~~~~~~~~~~~~~~~~[m[K

 1099 | [01;31m[Kback_group_)[m[K;
      | [01;31m[K~~~~~~~~~~~~[m[K                                           

In file included from [01m[K/opt/ros/humble/include/rclcpp/rclcpp/executors/single_threaded_executor.hpp:28[m[K,
                 from [01m[K/opt/ros/humble/include/rclcpp/rclcpp/executors.hpp:22[m[K,
                 from [01m[K/opt/ros/humble/include/rclcpp/rclcpp/rclcpp.hpp:155[m[K,
                 from [01m[K/home/ilex/Dev/VIST/src/robot/sdk/arm_teleop/src/lbot_driver/include/lbot_driver/lbot_driver.h:19[m[K,
                 from [01m[K/home/ilex/Dev/VIST/src/robot/sdk/arm_teleop/src/lbot_driver/src/lbot_driver.cpp:15[m[K:
[01m[K/opt/ros/humble/include/rclcpp/rclcpp/node.hpp:267:3:[m[K [01;36m[Knote: [m[Kcandidate: ‘[01m[Ktemplate<class ServiceT, class CallbackT> typename rclcpp::Service<ServiceT>::SharedPtr rclcpp::Node::create_service(const string&, CallbackT&&, const rmw_qos_profile_t&, rclcpp::CallbackGroup::SharedPtr)[m[K’
  267 |   [01;36m[Kcreate_service[m[K(
      |   [01;36m[K^~~~~~~~~~~~~~[m[K
[01m[K/opt/ros/humble/include/rclcpp/rclcpp/node.hpp:267:3:[m[K [01;36m[Knote: [m[K  template argument deduction/substitution failed:
[01m[K/home/ilex/Dev/VIST/src/robot/sdk/arm_teleop/src/lbot_driver/src/lbot_driver.cpp:1099:9:[m[K [01;36m[Knote: [m[K  cannot convert ‘[01m[Kservice_qos[m[K’ (type ‘[01m[Krclcpp::QoS[m[K’) to type ‘[01m[Kconst rmw_qos_profile_t&[m[K’ {aka ‘[01m[Kconst rmw_qos_profile_s&[m[K’}
 1099 |         [01;36m[Kservice_qos[m[K, callback_group_);
      |         [01;36m[K^~~~~~~~~~~[m[K
[01m[K/home/ilex/Dev/VIST/src/robot/sdk/arm_teleop/src/lbot_driver/src/lbot_driver.cpp:1100:84:[m[K [01;31m[Kerror: [m[Kno matching function for call to ‘[01m[Klbot_driver::RightArmServiceNode::create_service<lbot_arm_interfaces::srv::SetEnable>(const char [21], std::_Bind_helper<false, void (lbot_driver::RightArmServiceNode::*)(std::shared_ptr<lbot_arm_interfaces::srv::SetEnable_Request_<std::allocator<void> > >, std::shared_ptr<lbot_arm_interfaces::srv::SetEnable_Response_<std::allocator<void> > >), lbot_driver::RightArmServiceNode*, const std::_Placeholder<1>&, const std::_Placeholder<2>&>::type, rclcpp::QoS&, rclcpp::CallbackGroup::SharedPtr&)[m[K’
 1100 | [01;31m[Ks->create_service<lbot_arm_interfaces::srv::SetEnable>([m[K
      | [01;31m[K~~~~~~~~~~~~~~~~~~~~~~~~~~~~~~~~~~~~~~~~~~~~~~~~~~~~~~^[m[K

 1101 | [01;31m[K",[m[K
      | [01;31m[K~~[m[K                                                     

 1102 | [01;31m[KrviceNode::set_enable_callback, this, std::placeholders::_1, std::placeholders::_2),[m[K
      | [01;31m[K~~~~~~~~~~~~~~~~~~~~~~~~~~~~~~~~~~~~~~~~~~~~~~~~~~~~~~~~~~~~~~~~~~~~~~~~~~~~~~~~~~~~[m[K

 1103 | [01;31m[K_group_)[m[K;
      | [01;31m[K~~~~~~~~[m[K                                               

In file included from [01m[K/opt/ros/humble/include/rclcpp/rclcpp/executors/single_threaded_executor.hpp:28[m[K,
                 from [01m[K/opt/ros/humble/include/rclcpp/rclcpp/executors.hpp:22[m[K,
                 from [01m[K/opt/ros/humble/include/rclcpp/rclcpp/rclcpp.hpp:155[m[K,
                 from [01m[K/home/ilex/Dev/VIST/src/robot/sdk/arm_teleop/src/lbot_driver/include/lbot_driver/lbot_driver.h:19[m[K,
                 from [01m[K/home/ilex/Dev/VIST/src/robot/sdk/arm_teleop/src/lbot_driver/src/lbot_driver.cpp:15[m[K:
[01m[K/opt/ros/humble/include/rclcpp/rclcpp/node.hpp:267:3:[m[K [01;36m[Knote: [m[Kcandidate: ‘[01m[Ktemplate<class ServiceT, class CallbackT> typename rclcpp::Service<ServiceT>::SharedPtr rclcpp::Node::create_service(const string&, CallbackT&&, const rmw_qos_profile_t&, rclcpp::CallbackGroup::SharedPtr)[m[K’
  267 |   [01;36m[Kcreate_service[m[K(
      |   [01;36m[K^~~~~~~~~~~~~~[m[K
[01m[K/opt/ros/humble/include/rclcpp/rclcpp/node.hpp:267:3:[m[K [01;36m[Knote: [m[K  template argument deduction/substitution failed:
[01m[K/home/ilex/Dev/VIST/src/robot/sdk/arm_teleop/src/lbot_driver/src/lbot_driver.cpp:1103:9:[m[K [01;36m[Knote: [m[K  cannot convert ‘[01m[Kservice_qos[m[K’ (type ‘[01m[Krclcpp::QoS[m[K’) to type ‘[01m[Kconst rmw_qos_profile_t&[m[K’ {aka ‘[01m[Kconst rmw_qos_profile_s&[m[K’}
 1103 |         [01;36m[Kservice_qos[m[K, callback_group_);
      |         [01;36m[K^~~~~~~~~~~[m[K
[01m[K/home/ilex/Dev/VIST/src/robot/sdk/arm_teleop/src/lbot_driver/src/lbot_driver.cpp:1104:90:[m[K [01;31m[Kerror: [m[Kno matching function for call to ‘[01m[Klbot_driver::RightArmServiceNode::create_service<lbot_arm_interfaces::srv::SetEmergency>(const char [29], std::_Bind_helper<false, void (lbot_driver::RightArmServiceNode::*)(std::shared_ptr<lbot_arm_interfaces::srv::SetEmergency_Request_<std::allocator<void> > >, std::shared_ptr<lbot_arm_interfaces::srv::SetEmergency_Response_<std::allocator<void> > >), lbot_driver::RightArmServiceNode*, const std::_Placeholder<1>&, const std::_Placeholder<2>&>::type, rclcpp::QoS&, rclcpp::CallbackGroup::SharedPtr&)[m[K’
 1104 | [01;31m[Kcreate_service<lbot_arm_interfaces::srv::SetEmergency>([m[K
      | [01;31m[K~~~~~~~~~~~~~~~~~~~~~~~~~~~~~~~~~~~~~~~~~~~~~~~~~~~~~~^[m[K

 1105 | [01;31m[Kop",[m[K
      | [01;31m[K~~~~[m[K                                                   

 1106 | [01;31m[Kode::set_emergency_callback, this, std::placeholders::_1, std::placeholders::_2),[m[K
      | [01;31m[K~~~~~~~~~~~~~~~~~~~~~~~~~~~~~~~~~~~~~~~~~~~~~~~~~~~~~~~~~~~~~~~~~~~~~~~~~~~~~~~~~[m[K

 1107 | [01;31m[K_)[m[K;
      | [01;31m[K~~[m[K                                                     

In file included from [01m[K/opt/ros/humble/include/rclcpp/rclcpp/executors/single_threaded_executor.hpp:28[m[K,
                 from [01m[K/opt/ros/humble/include/rclcpp/rclcpp/executors.hpp:22[m[K,
                 from [01m[K/opt/ros/humble/include/rclcpp/rclcpp/rclcpp.hpp:155[m[K,
                 from [01m[K/home/ilex/Dev/VIST/src/robot/sdk/arm_teleop/src/lbot_driver/include/lbot_driver/lbot_driver.h:19[m[K,
                 from [01m[K/home/ilex/Dev/VIST/src/robot/sdk/arm_teleop/src/lbot_driver/src/lbot_driver.cpp:15[m[K:
[01m[K/opt/ros/humble/include/rclcpp/rclcpp/node.hpp:267:3:[m[K [01;36m[Knote: [m[Kcandidate: ‘[01m[Ktemplate<class ServiceT, class CallbackT> typename rclcpp::Service<ServiceT>::SharedPtr rclcpp::Node::create_service(const string&, CallbackT&&, const rmw_qos_profile_t&, rclcpp::CallbackGroup::SharedPtr)[m[K’
  267 |   [01;36m[Kcreate_service[m[K(
      |   [01;36m[K^~~~~~~~~~~~~~[m[K
[01m[K/opt/ros/humble/include/rclcpp/rclcpp/node.hpp:267:3:[m[K [01;36m[Knote: [m[K  template argument deduction/substitution failed:
[01m[K/home/ilex/Dev/VIST/src/robot/sdk/arm_teleop/src/lbot_driver/src/lbot_driver.cpp:1107:9:[m[K [01;36m[Knote: [m[K  cannot convert ‘[01m[Kservice_qos[m[K’ (type ‘[01m[Krclcpp::QoS[m[K’) to type ‘[01m[Kconst rmw_qos_profile_t&[m[K’ {aka ‘[01m[Kconst rmw_qos_profile_s&[m[K’}
 1107 |         [01;36m[Kservice_qos[m[K, callback_group_);
      |         [01;36m[K^~~~~~~~~~~[m[K
gmake[2]: *** [CMakeFiles/lbot_driver.dir/build.make:76：CMakeFiles/lbot_driver.dir/src/lbot_driver.cpp.o] 错误 1
gmake[1]: *** [CMakeFiles/Makefile2:137：CMakeFiles/lbot_driver.dir/all] 错误 2
gmake: *** [Makefile:146：all] 错误 2
