[0.020s] Invoking command in '/home/ilex/Dev/VIST/src/robot/sdk/arm_teleop/build/lbot_driver': AMENT_PREFIX_PATH=/home/ilex/Dev/VIST/src/robot/sdk/arm_teleop/install/lbot_arm_interfaces:${AMENT_PREFIX_PATH} CMAKE_PREFIX_PATH=/home/ilex/Dev/VIST/src/robot/sdk/arm_teleop/install/lbot_arm_interfaces:/opt/ros/humble CONDA_PROMPT_MODIFIER=(robot_env) LD_LIBRARY_PATH=/home/ilex/Dev/VIST/src/robot/sdk/arm_teleop/install/lbot_arm_interfaces/lib:${LD_LIBRARY_PATH} PYTHONPATH=/home/ilex/Dev/VIST/src/robot/sdk/arm_teleop/install/lbot_arm_interfaces/lib/python3.10/site-packages:${PYTHONPATH} /usr/bin/cmake --build /home/ilex/Dev/VIST/src/robot/sdk/arm_teleop/build/lbot_driver -- -j16 -l16
[0.086s] [35m[1mConsolidate compiler generated dependencies of target lbot_driver[0m
[0.113s] [ 50%] [32mBuilding CXX object CMakeFiles/lbot_driver.dir/src/lbot_driver.cpp.o[0m
[2.328s] [01m[K/home/ilex/Dev/VIST/src/robot/sdk/arm_teleop/src/lbot_driver/src/lbot_driver.cpp:[m[K In member function ‘[01m[Kvoid lbot_driver::LeftArmServiceNode::create_services()[m[K’:
[2.328s] [01m[K/home/ilex/Dev/VIST/src/robot/sdk/arm_teleop/src/lbot_driver/src/lbot_driver.cpp:410:80:[m[K [01;31m[Kerror: [m[Kno matching function for call to ‘[01m[Klbot_driver::LeftArmServiceNode::create_service<lbot_arm_interfaces::srv::MoveJ>(const char [20], std::_Bind_helper<false, void (lbot_driver::LeftArmServiceNode::*)(std::shared_ptr<lbot_arm_interfaces::srv::MoveJ_Request_<std::allocator<void> > >, std::shared_ptr<lbot_arm_interfaces::srv::MoveJ_Response_<std::allocator<void> > >), lbot_driver::LeftArmServiceNode*, const std::_Placeholder<1>&, const std::_Placeholder<2>&>::type, rclcpp::QoS&, rclcpp::CallbackGroup::SharedPtr&)[m[K’
[2.328s]   410 |  [01;31m[Kthis->create_service<lbot_arm_interfaces::srv::MoveJ>([m[K
[2.328s]       |  [01;31m[K~~~~~~~~~~~~~~~~~~~~~~~~~~~~~~~~~~~~~~~~~~~~~~~~~~~~~^[m[K
[2.328s] 
[2.328s]   411 | [01;31m[Kint",[m[K
[2.328s]       | [01;31m[K~~~~~[m[K                                                  
[2.328s] 
[2.328s]   412 | [01;31m[KmServiceNode::move_joint_callback, this, std::placeholders::_1, std::placeholders::_2),[m[K
[2.329s]       | [01;31m[K~~~~~~~~~~~~~~~~~~~~~~~~~~~~~~~~~~~~~~~~~~~~~~~~~~~~~~~~~~~~~~~~~~~~~~~~~~~~~~~~~~~~~~~[m[K
[2.329s] 
[2.329s]   413 | [01;31m[Kback_group_)[m[K;
[2.329s]       | [01;31m[K~~~~~~~~~~~~[m[K                                           
[2.329s] 
[2.329s] In file included from [01m[K/opt/ros/humble/include/rclcpp/rclcpp/executors/single_threaded_executor.hpp:28[m[K,
[2.329s]                  from [01m[K/opt/ros/humble/include/rclcpp/rclcpp/executors.hpp:22[m[K,
[2.329s]                  from [01m[K/opt/ros/humble/include/rclcpp/rclcpp/rclcpp.hpp:155[m[K,
[2.329s]                  from [01m[K/home/ilex/Dev/VIST/src/robot/sdk/arm_teleop/src/lbot_driver/include/lbot_driver/lbot_driver.h:19[m[K,
[2.329s]                  from [01m[K/home/ilex/Dev/VIST/src/robot/sdk/arm_teleop/src/lbot_driver/src/lbot_driver.cpp:15[m[K:
[2.329s] [01m[K/opt/ros/humble/include/rclcpp/rclcpp/node.hpp:267:3:[m[K [01;36m[Knote: [m[Kcandidate: ‘[01m[Ktemplate<class ServiceT, class CallbackT> typename rclcpp::Service<ServiceT>::SharedPtr rclcpp::Node::create_service(const string&, CallbackT&&, const rmw_qos_profile_t&, rclcpp::CallbackGroup::SharedPtr)[m[K’
[2.329s]   267 |   [01;36m[Kcreate_service[m[K(
[2.329s]       |   [01;36m[K^~~~~~~~~~~~~~[m[K
[2.329s] [01m[K/opt/ros/humble/include/rclcpp/rclcpp/node.hpp:267:3:[m[K [01;36m[Knote: [m[K  template argument deduction/substitution failed:
[2.329s] [01m[K/home/ilex/Dev/VIST/src/robot/sdk/arm_teleop/src/lbot_driver/src/lbot_driver.cpp:413:9:[m[K [01;36m[Knote: [m[K  cannot convert ‘[01m[Kservice_qos[m[K’ (type ‘[01m[Krclcpp::QoS[m[K’) to type ‘[01m[Kconst rmw_qos_profile_t&[m[K’ {aka ‘[01m[Kconst rmw_qos_profile_s&[m[K’}
[2.330s]   413 |         [01;36m[Kservice_qos[m[K, callback_group_);
[2.330s]       |         [01;36m[K^~~~~~~~~~~[m[K
[2.330s] [01m[K/home/ilex/Dev/VIST/src/robot/sdk/arm_teleop/src/lbot_driver/src/lbot_driver.cpp:415:80:[m[K [01;31m[Kerror: [m[Kno matching function for call to ‘[01m[Klbot_driver::LeftArmServiceNode::create_service<lbot_arm_interfaces::srv::MoveJP>(const char [19], std::_Bind_helper<false, void (lbot_driver::LeftArmServiceNode::*)(std::shared_ptr<lbot_arm_interfaces::srv::MoveJP_Request_<std::allocator<void> > >, std::shared_ptr<lbot_arm_interfaces::srv::MoveJP_Response_<std::allocator<void> > >), lbot_driver::LeftArmServiceNode*, const std::_Placeholder<1>&, const std::_Placeholder<2>&>::type, rclcpp::QoS&, rclcpp::CallbackGroup::SharedPtr&)[m[K’
[2.330s]   415 | [01;31m[Kthis->create_service<lbot_arm_interfaces::srv::MoveJP>([m[K
[2.330s]       | [01;31m[K~~~~~~~~~~~~~~~~~~~~~~~~~~~~~~~~~~~~~~~~~~~~~~~~~~~~~~^[m[K
[2.330s] 
[2.330s]   416 | [01;31m[Kse",[m[K
[2.330s]       | [01;31m[K~~~~[m[K                                                   
[2.330s] 
[2.330s]   417 | [01;31m[KmServiceNode::move_pose_callback, this, std::placeholders::_1, std::placeholders::_2),[m[K
[2.331s]       | [01;31m[K~~~~~~~~~~~~~~~~~~~~~~~~~~~~~~~~~~~~~~~~~~~~~~~~~~~~~~~~~~~~~~~~~~~~~~~~~~~~~~~~~~~~~~[m[K
[2.331s] 
[2.331s]   418 | [01;31m[Kback_group_)[m[K;
[2.331s]       | [01;31m[K~~~~~~~~~~~~[m[K                                           
[2.331s] 
[2.331s] In file included from [01m[K/opt/ros/humble/include/rclcpp/rclcpp/executors/single_threaded_executor.hpp:28[m[K,
[2.331s]                  from [01m[K/opt/ros/humble/include/rclcpp/rclcpp/executors.hpp:22[m[K,
[2.331s]                  from [01m[K/opt/ros/humble/include/rclcpp/rclcpp/rclcpp.hpp:155[m[K,
[2.331s]                  from [01m[K/home/ilex/Dev/VIST/src/robot/sdk/arm_teleop/src/lbot_driver/include/lbot_driver/lbot_driver.h:19[m[K,
[2.331s]                  from [01m[K/home/ilex/Dev/VIST/src/robot/sdk/arm_teleop/src/lbot_driver/src/lbot_driver.cpp:15[m[K:
[2.331s] [01m[K/opt/ros/humble/include/rclcpp/rclcpp/node.hpp:267:3:[m[K [01;36m[Knote: [m[Kcandidate: ‘[01m[Ktemplate<class ServiceT, class CallbackT> typename rclcpp::Service<ServiceT>::SharedPtr rclcpp::Node::create_service(const string&, CallbackT&&, const rmw_qos_profile_t&, rclcpp::CallbackGroup::SharedPtr)[m[K’
[2.331s]   267 |   [01;36m[Kcreate_service[m[K(
[2.331s]       |   [01;36m[K^~~~~~~~~~~~~~[m[K
[2.331s] [01m[K/opt/ros/humble/include/rclcpp/rclcpp/node.hpp:267:3:[m[K [01;36m[Knote: [m[K  template argument deduction/substitution failed:
[2.331s] [01m[K/home/ilex/Dev/VIST/src/robot/sdk/arm_teleop/src/lbot_driver/src/lbot_driver.cpp:418:9:[m[K [01;36m[Knote: [m[K  cannot convert ‘[01m[Kservice_qos[m[K’ (type ‘[01m[Krclcpp::QoS[m[K’) to type ‘[01m[Kconst rmw_qos_profile_t&[m[K’ {aka ‘[01m[Kconst rmw_qos_profile_s&[m[K’}
[2.332s]   418 |         [01;36m[Kservice_qos[m[K, callback_group_);
[2.332s]       |         [01;36m[K^~~~~~~~~~~[m[K
[2.332s] [01m[K/home/ilex/Dev/VIST/src/robot/sdk/arm_teleop/src/lbot_driver/src/lbot_driver.cpp:420:81:[m[K [01;31m[Kerror: [m[Kno matching function for call to ‘[01m[Klbot_driver::LeftArmServiceNode::create_service<lbot_arm_interfaces::srv::MoveL>(const char [21], std::_Bind_helper<false, void (lbot_driver::LeftArmServiceNode::*)(std::shared_ptr<lbot_arm_interfaces::srv::MoveL_Request_<std::allocator<void> > >, std::shared_ptr<lbot_arm_interfaces::srv::MoveL_Response_<std::allocator<void> > >), lbot_driver::LeftArmServiceNode*, const std::_Placeholder<1>&, const std::_Placeholder<2>&>::type, rclcpp::QoS&, rclcpp::CallbackGroup::SharedPtr&)[m[K’
[2.332s]   420 |  [01;31m[Kthis->create_service<lbot_arm_interfaces::srv::MoveL>([m[K
[2.332s]       |  [01;31m[K~~~~~~~~~~~~~~~~~~~~~~~~~~~~~~~~~~~~~~~~~~~~~~~~~~~~~^[m[K
[2.332s] 
[2.332s]   421 | [01;31m[Kear",[m[K
[2.332s]       | [01;31m[K~~~~~[m[K                                                  
[2.332s] 
[2.332s]   422 | [01;31m[KServiceNode::move_linear_callback, this, std::placeholders::_1, std::placeholders::_2),[m[K
[2.332s]       | [01;31m[K~~~~~~~~~~~~~~~~~~~~~~~~~~~~~~~~~~~~~~~~~~~~~~~~~~~~~~~~~~~~~~~~~~~~~~~~~~~~~~~~~~~~~~~[m[K
[2.332s] 
[2.332s]   423 | [01;31m[Kack_group_)[m[K;
[2.332s]       | [01;31m[K~~~~~~~~~~~[m[K                                            
[2.333s] 
[2.333s] In file included from [01m[K/opt/ros/humble/include/rclcpp/rclcpp/executors/single_threaded_executor.hpp:28[m[K,
[2.333s]                  from [01m[K/opt/ros/humble/include/rclcpp/rclcpp/executors.hpp:22[m[K,
[2.333s]                  from [01m[K/opt/ros/humble/include/rclcpp/rclcpp/rclcpp.hpp:155[m[K,
[2.333s]                  from [01m[K/home/ilex/Dev/VIST/src/robot/sdk/arm_teleop/src/lbot_driver/include/lbot_driver/lbot_driver.h:19[m[K,
[2.333s]                  from [01m[K/home/ilex/Dev/VIST/src/robot/sdk/arm_teleop/src/lbot_driver/src/lbot_driver.cpp:15[m[K:
[2.333s] [01m[K/opt/ros/humble/include/rclcpp/rclcpp/node.hpp:267:3:[m[K [01;36m[Knote: [m[Kcandidate: ‘[01m[Ktemplate<class ServiceT, class CallbackT> typename rclcpp::Service<ServiceT>::SharedPtr rclcpp::Node::create_service(const string&, CallbackT&&, const rmw_qos_profile_t&, rclcpp::CallbackGroup::SharedPtr)[m[K’
[2.333s]   267 |   [01;36m[Kcreate_service[m[K(
[2.333s]       |   [01;36m[K^~~~~~~~~~~~~~[m[K
[2.333s] [01m[K/opt/ros/humble/include/rclcpp/rclcpp/node.hpp:267:3:[m[K [01;36m[Knote: [m[K  template argument deduction/substitution failed:
[2.333s] [01m[K/home/ilex/Dev/VIST/src/robot/sdk/arm_teleop/src/lbot_driver/src/lbot_driver.cpp:423:9:[m[K [01;36m[Knote: [m[K  cannot convert ‘[01m[Kservice_qos[m[K’ (type ‘[01m[Krclcpp::QoS[m[K’) to type ‘[01m[Kconst rmw_qos_profile_t&[m[K’ {aka ‘[01m[Kconst rmw_qos_profile_s&[m[K’}
[2.333s]   423 |         [01;36m[Kservice_qos[m[K, callback_group_);
[2.333s]       |         [01;36m[K^~~~~~~~~~~[m[K
[2.333s] [01m[K/home/ilex/Dev/VIST/src/robot/sdk/arm_teleop/src/lbot_driver/src/lbot_driver.cpp:426:100:[m[K [01;31m[Kerror: [m[Kno matching function for call to ‘[01m[Klbot_driver::LeftArmServiceNode::create_service<lbot_arm_interfaces::srv::ForwardKinematics>(const char [28], std::_Bind_helper<false, void (lbot_driver::LeftArmServiceNode::*)(std::shared_ptr<lbot_arm_interfaces::srv::ForwardKinematics_Request_<std::allocator<void> > >, std::shared_ptr<lbot_arm_interfaces::srv::ForwardKinematics_Response_<std::allocator<void> > >), lbot_driver::LeftArmServiceNode*, const std::_Placeholder<1>&, const std::_Placeholder<2>&>::type, rclcpp::QoS&, rclcpp::CallbackGroup::SharedPtr&)[m[K’
[2.334s]   426 | [01;31m[Ke_service<lbot_arm_interfaces::srv::ForwardKinematics>([m[K
[2.334s]       | [01;31m[K~~~~~~~~~~~~~~~~~~~~~~~~~~~~~~~~~~~~~~~~~~~~~~~~~~~~~~^[m[K
[2.334s] 
[2.334s]   427 | 
[2.334s]       |                                                        
[2.334s] 
[2.334s]   428 | [01;31m[Kd_kinematics_callback, this, std::placeholders::_1, std::placeholders::_2),[m[K
[2.334s]       | [01;31m[K~~~~~~~~~~~~~~~~~~~~~~~~~~~~~~~~~~~~~~~~~~~~~~~~~~~~~~~~~~~~~~~~~~~~~~~~~~~[m[K
[2.334s] 
[2.334s]   429 | 
[2.334s]       |                                                        
[2.334s] 
[2.334s] In file included from [01m[K/opt/ros/humble/include/rclcpp/rclcpp/executors/single_threaded_executor.hpp:28[m[K,
[2.334s]                  from [01m[K/opt/ros/humble/include/rclcpp/rclcpp/executors.hpp:22[m[K,
[2.335s]                  from [01m[K/opt/ros/humble/include/rclcpp/rclcpp/rclcpp.hpp:155[m[K,
[2.335s]                  from [01m[K/home/ilex/Dev/VIST/src/robot/sdk/arm_teleop/src/lbot_driver/include/lbot_driver/lbot_driver.h:19[m[K,
[2.335s]                  from [01m[K/home/ilex/Dev/VIST/src/robot/sdk/arm_teleop/src/lbot_driver/src/lbot_driver.cpp:15[m[K:
[2.335s] [01m[K/opt/ros/humble/include/rclcpp/rclcpp/node.hpp:267:3:[m[K [01;36m[Knote: [m[Kcandidate: ‘[01m[Ktemplate<class ServiceT, class CallbackT> typename rclcpp::Service<ServiceT>::SharedPtr rclcpp::Node::create_service(const string&, CallbackT&&, const rmw_qos_profile_t&, rclcpp::CallbackGroup::SharedPtr)[m[K’
[2.335s]   267 |   [01;36m[Kcreate_service[m[K(
[2.335s]       |   [01;36m[K^~~~~~~~~~~~~~[m[K
[2.335s] [01m[K/opt/ros/humble/include/rclcpp/rclcpp/node.hpp:267:3:[m[K [01;36m[Knote: [m[K  template argument deduction/substitution failed:
[2.335s] [01m[K/home/ilex/Dev/VIST/src/robot/sdk/arm_teleop/src/lbot_driver/src/lbot_driver.cpp:429:9:[m[K [01;36m[Knote: [m[K  cannot convert ‘[01m[Kservice_qos[m[K’ (type ‘[01m[Krclcpp::QoS[m[K’) to type ‘[01m[Kconst rmw_qos_profile_t&[m[K’ {aka ‘[01m[Kconst rmw_qos_profile_s&[m[K’}
[2.335s]   429 |         [01;36m[Kservice_qos[m[K, callback_group_);
[2.335s]       |         [01;36m[K^~~~~~~~~~~[m[K
[2.335s] [01m[K/home/ilex/Dev/VIST/src/robot/sdk/arm_teleop/src/lbot_driver/src/lbot_driver.cpp:431:100:[m[K [01;31m[Kerror: [m[Kno matching function for call to ‘[01m[Klbot_driver::LeftArmServiceNode::create_service<lbot_arm_interfaces::srv::InverseKinematics>(const char [28], std::_Bind_helper<false, void (lbot_driver::LeftArmServiceNode::*)(std::shared_ptr<lbot_arm_interfaces::srv::InverseKinematics_Request_<std::allocator<void> > >, std::shared_ptr<lbot_arm_interfaces::srv::InverseKinematics_Response_<std::allocator<void> > >), lbot_driver::LeftArmServiceNode*, const std::_Placeholder<1>&, const std::_Placeholder<2>&>::type, rclcpp::QoS&, rclcpp::CallbackGroup::SharedPtr&)[m[K’
[2.335s]   431 | [01;31m[Ke_service<lbot_arm_interfaces::srv::InverseKinematics>([m[K
[2.335s]       | [01;31m[K~~~~~~~~~~~~~~~~~~~~~~~~~~~~~~~~~~~~~~~~~~~~~~~~~~~~~~^[m[K
[2.335s] 
[2.336s]   432 | 
[2.336s]       |                                                        
[2.336s] 
[2.336s]   433 | [01;31m[Ke_kinematics_callback, this, std::placeholders::_1, std::placeholders::_2),[m[K
[2.336s]       | [01;31m[K~~~~~~~~~~~~~~~~~~~~~~~~~~~~~~~~~~~~~~~~~~~~~~~~~~~~~~~~~~~~~~~~~~~~~~~~~~~[m[K
[2.336s] 
[2.336s]   434 | 
[2.336s]       |                                                        
[2.336s] 
[2.336s] In file included from [01m[K/opt/ros/humble/include/rclcpp/rclcpp/executors/single_threaded_executor.hpp:28[m[K,
[2.336s]                  from [01m[K/opt/ros/humble/include/rclcpp/rclcpp/executors.hpp:22[m[K,
[2.336s]                  from [01m[K/opt/ros/humble/include/rclcpp/rclcpp/rclcpp.hpp:155[m[K,
[2.336s]                  from [01m[K/home/ilex/Dev/VIST/src/robot/sdk/arm_teleop/src/lbot_driver/include/lbot_driver/lbot_driver.h:19[m[K,
[2.336s]                  from [01m[K/home/ilex/Dev/VIST/src/robot/sdk/arm_teleop/src/lbot_driver/src/lbot_driver.cpp:15[m[K:
[2.336s] [01m[K/opt/ros/humble/include/rclcpp/rclcpp/node.hpp:267:3:[m[K [01;36m[Knote: [m[Kcandidate: ‘[01m[Ktemplate<class ServiceT, class CallbackT> typename rclcpp::Service<ServiceT>::SharedPtr rclcpp::Node::create_service(const string&, CallbackT&&, const rmw_qos_profile_t&, rclcpp::CallbackGroup::SharedPtr)[m[K’
[2.336s]   267 |   [01;36m[Kcreate_service[m[K(
[2.337s]       |   [01;36m[K^~~~~~~~~~~~~~[m[K
[2.337s] [01m[K/opt/ros/humble/include/rclcpp/rclcpp/node.hpp:267:3:[m[K [01;36m[Knote: [m[K  template argument deduction/substitution failed:
[2.337s] [01m[K/home/ilex/Dev/VIST/src/robot/sdk/arm_teleop/src/lbot_driver/src/lbot_driver.cpp:434:9:[m[K [01;36m[Knote: [m[K  cannot convert ‘[01m[Kservice_qos[m[K’ (type ‘[01m[Krclcpp::QoS[m[K’) to type ‘[01m[Kconst rmw_qos_profile_t&[m[K’ {aka ‘[01m[Kconst rmw_qos_profile_s&[m[K’}
[2.337s]   434 |         [01;36m[Kservice_qos[m[K, callback_group_);
[2.337s]       |         [01;36m[K^~~~~~~~~~~[m[K
[2.337s] [01m[K/home/ilex/Dev/VIST/src/robot/sdk/arm_teleop/src/lbot_driver/src/lbot_driver.cpp:437:87:[m[K [01;31m[Kerror: [m[Kno matching function for call to ‘[01m[Klbot_driver::LeftArmServiceNode::create_service<lbot_arm_interfaces::srv::SetFrame>(const char [24], std::_Bind_helper<false, void (lbot_driver::LeftArmServiceNode::*)(std::shared_ptr<lbot_arm_interfaces::srv::SetFrame_Request_<std::allocator<void> > >, std::shared_ptr<lbot_arm_interfaces::srv::SetFrame_Response_<std::allocator<void> > >), lbot_driver::LeftArmServiceNode*, const std::_Placeholder<1>&, const std::_Placeholder<2>&>::type, rclcpp::QoS&, rclcpp::CallbackGroup::SharedPtr&)[m[K’
[2.337s]   437 | [01;31m[Kis->create_service<lbot_arm_interfaces::srv::SetFrame>([m[K
[2.337s]       | [01;31m[K~~~~~~~~~~~~~~~~~~~~~~~~~~~~~~~~~~~~~~~~~~~~~~~~~~~~~~^[m[K
[2.337s] 
[2.337s]   438 | [01;31m[K",[m[K
[2.337s]       | [01;31m[K~~[m[K                                                     
[2.337s] 
[2.337s]   439 | [01;31m[KeNode::set_tool_frame_callback, this, std::placeholders::_1, std::placeholders::_2),[m[K
[2.337s]       | [01;31m[K~~~~~~~~~~~~~~~~~~~~~~~~~~~~~~~~~~~~~~~~~~~~~~~~~~~~~~~~~~~~~~~~~~~~~~~~~~~~~~~~~~~~[m[K
[2.338s] 
[2.338s]   440 | [01;31m[Koup_)[m[K;
[2.338s]       | [01;31m[K~~~~~[m[K                                                  
[2.338s] 
[2.338s] In file included from [01m[K/opt/ros/humble/include/rclcpp/rclcpp/executors/single_threaded_executor.hpp:28[m[K,
[2.338s]                  from [01m[K/opt/ros/humble/include/rclcpp/rclcpp/executors.hpp:22[m[K,
[2.338s]                  from [01m[K/opt/ros/humble/include/rclcpp/rclcpp/rclcpp.hpp:155[m[K,
[2.338s]                  from [01m[K/home/ilex/Dev/VIST/src/robot/sdk/arm_teleop/src/lbot_driver/include/lbot_driver/lbot_driver.h:19[m[K,
[2.338s]                  from [01m[K/home/ilex/Dev/VIST/src/robot/sdk/arm_teleop/src/lbot_driver/src/lbot_driver.cpp:15[m[K:
[2.338s] [01m[K/opt/ros/humble/include/rclcpp/rclcpp/node.hpp:267:3:[m[K [01;36m[Knote: [m[Kcandidate: ‘[01m[Ktemplate<class ServiceT, class CallbackT> typename rclcpp::Service<ServiceT>::SharedPtr rclcpp::Node::create_service(const string&, CallbackT&&, const rmw_qos_profile_t&, rclcpp::CallbackGroup::SharedPtr)[m[K’
[2.338s]   267 |   [01;36m[Kcreate_service[m[K(
[2.338s]       |   [01;36m[K^~~~~~~~~~~~~~[m[K
[2.338s] [01m[K/opt/ros/humble/include/rclcpp/rclcpp/node.hpp:267:3:[m[K [01;36m[Knote: [m[K  template argument deduction/substitution failed:
[2.338s] [01m[K/home/ilex/Dev/VIST/src/robot/sdk/arm_teleop/src/lbot_driver/src/lbot_driver.cpp:440:9:[m[K [01;36m[Knote: [m[K  cannot convert ‘[01m[Kservice_qos[m[K’ (type ‘[01m[Krclcpp::QoS[m[K’) to type ‘[01m[Kconst rmw_qos_profile_t&[m[K’ {aka ‘[01m[Kconst rmw_qos_profile_s&[m[K’}
[2.339s]   440 |         [01;36m[Kservice_qos[m[K, callback_group_);
[2.339s]       |         [01;36m[K^~~~~~~~~~~[m[K
[2.339s] [01m[K/home/ilex/Dev/VIST/src/robot/sdk/arm_teleop/src/lbot_driver/src/lbot_driver.cpp:442:87:[m[K [01;31m[Kerror: [m[Kno matching function for call to ‘[01m[Klbot_driver::LeftArmServiceNode::create_service<lbot_arm_interfaces::srv::GetFrame>(const char [24], std::_Bind_helper<false, void (lbot_driver::LeftArmServiceNode::*)(std::shared_ptr<lbot_arm_interfaces::srv::GetFrame_Request_<std::allocator<void> > >, std::shared_ptr<lbot_arm_interfaces::srv::GetFrame_Response_<std::allocator<void> > >), lbot_driver::LeftArmServiceNode*, const std::_Placeholder<1>&, const std::_Placeholder<2>&>::type, rclcpp::QoS&, rclcpp::CallbackGroup::SharedPtr&)[m[K’
[2.339s]   442 | [01;31m[Kis->create_service<lbot_arm_interfaces::srv::GetFrame>([m[K
[2.339s]       | [01;31m[K~~~~~~~~~~~~~~~~~~~~~~~~~~~~~~~~~~~~~~~~~~~~~~~~~~~~~~^[m[K
[2.339s] 
[2.339s]   443 | [01;31m[K",[m[K
[2.339s]       | [01;31m[K~~[m[K                                                     
[2.339s] 
[2.339s]   444 | [01;31m[KeNode::get_tool_frame_callback, this, std::placeholders::_1, std::placeholders::_2),[m[K
[2.339s]       | [01;31m[K~~~~~~~~~~~~~~~~~~~~~~~~~~~~~~~~~~~~~~~~~~~~~~~~~~~~~~~~~~~~~~~~~~~~~~~~~~~~~~~~~~~~[m[K
[2.339s] 
[2.339s]   445 | [01;31m[Koup_)[m[K;
[2.339s]       | [01;31m[K~~~~~[m[K                                                  
[2.339s] 
[2.339s] In file included from [01m[K/opt/ros/humble/include/rclcpp/rclcpp/executors/single_threaded_executor.hpp:28[m[K,
[2.339s]                  from [01m[K/opt/ros/humble/include/rclcpp/rclcpp/executors.hpp:22[m[K,
[2.339s]                  from [01m[K/opt/ros/humble/include/rclcpp/rclcpp/rclcpp.hpp:155[m[K,
[2.339s]                  from [01m[K/home/ilex/Dev/VIST/src/robot/sdk/arm_teleop/src/lbot_driver/include/lbot_driver/lbot_driver.h:19[m[K,
[2.339s]                  from [01m[K/home/ilex/Dev/VIST/src/robot/sdk/arm_teleop/src/lbot_driver/src/lbot_driver.cpp:15[m[K:
[2.339s] [01m[K/opt/ros/humble/include/rclcpp/rclcpp/node.hpp:267:3:[m[K [01;36m[Knote: [m[Kcandidate: ‘[01m[Ktemplate<class ServiceT, class CallbackT> typename rclcpp::Service<ServiceT>::SharedPtr rclcpp::Node::create_service(const string&, CallbackT&&, const rmw_qos_profile_t&, rclcpp::CallbackGroup::SharedPtr)[m[K’
[2.339s]   267 |   [01;36m[Kcreate_service[m[K(
[2.339s]       |   [01;36m[K^~~~~~~~~~~~~~[m[K
[2.339s] [01m[K/opt/ros/humble/include/rclcpp/rclcpp/node.hpp:267:3:[m[K [01;36m[Knote: [m[K  template argument deduction/substitution failed:
[2.339s] [01m[K/home/ilex/Dev/VIST/src/robot/sdk/arm_teleop/src/lbot_driver/src/lbot_driver.cpp:445:9:[m[K [01;36m[Knote: [m[K  cannot convert ‘[01m[Kservice_qos[m[K’ (type ‘[01m[Krclcpp::QoS[m[K’) to type ‘[01m[Kconst rmw_qos_profile_t&[m[K’ {aka ‘[01m[Kconst rmw_qos_profile_s&[m[K’}
[2.339s]   445 |         [01;36m[Kservice_qos[m[K, callback_group_);
[2.339s]       |         [01;36m[K^~~~~~~~~~~[m[K
[2.339s] [01m[K/home/ilex/Dev/VIST/src/robot/sdk/arm_teleop/src/lbot_driver/src/lbot_driver.cpp:447:102:[m[K [01;31m[Kerror: [m[Kno matching function for call to ‘[01m[Klbot_driver::LeftArmServiceNode::create_service<lbot_arm_interfaces::srv::GetCurrentFrame>(const char [32], std::_Bind_helper<false, void (lbot_driver::LeftArmServiceNode::*)(std::shared_ptr<lbot_arm_interfaces::srv::GetCurrentFrame_Request_<std::allocator<void> > >, std::shared_ptr<lbot_arm_interfaces::srv::GetCurrentFrame_Response_<std::allocator<void> > >), lbot_driver::LeftArmServiceNode*, const std::_Placeholder<1>&, const std::_Placeholder<2>&>::type, rclcpp::QoS&, rclcpp::CallbackGroup::SharedPtr&)[m[K’
[2.340s]   447 | [01;31m[Kate_service<lbot_arm_interfaces::srv::GetCurrentFrame>([m[K
[2.340s]       | [01;31m[K~~~~~~~~~~~~~~~~~~~~~~~~~~~~~~~~~~~~~~~~~~~~~~~~~~~~~~^[m[K
[2.340s] 
[2.340s]   448 | 
[2.340s]       |                                                        
[2.340s] 
[2.340s]   449 | [01;31m[Kent_tool_frame_callback, this, std::placeholders::_1, std::placeholders::_2),[m[K
[2.340s]       | [01;31m[K~~~~~~~~~~~~~~~~~~~~~~~~~~~~~~~~~~~~~~~~~~~~~~~~~~~~~~~~~~~~~~~~~~~~~~~~~~~~~[m[K
[2.340s] 
[2.340s]   450 | 
[2.340s]       |                                                        
[2.340s] 
[2.340s] In file included from [01m[K/opt/ros/humble/include/rclcpp/rclcpp/executors/single_threaded_executor.hpp:28[m[K,
[2.340s]                  from [01m[K/opt/ros/humble/include/rclcpp/rclcpp/executors.hpp:22[m[K,
[2.340s]                  from [01m[K/opt/ros/humble/include/rclcpp/rclcpp/rclcpp.hpp:155[m[K,
[2.340s]                  from [01m[K/home/ilex/Dev/VIST/src/robot/sdk/arm_teleop/src/lbot_driver/include/lbot_driver/lbot_driver.h:19[m[K,
[2.340s]                  from [01m[K/home/ilex/Dev/VIST/src/robot/sdk/arm_teleop/src/lbot_driver/src/lbot_driver.cpp:15[m[K:
[2.340s] [01m[K/opt/ros/humble/include/rclcpp/rclcpp/node.hpp:267:3:[m[K [01;36m[Knote: [m[Kcandidate: ‘[01m[Ktemplate<class ServiceT, class CallbackT> typename rclcpp::Service<ServiceT>::SharedPtr rclcpp::Node::create_service(const string&, CallbackT&&, const rmw_qos_profile_t&, rclcpp::CallbackGroup::SharedPtr)[m[K’
[2.340s]   267 |   [01;36m[Kcreate_service[m[K(
[2.341s]       |   [01;36m[K^~~~~~~~~~~~~~[m[K
[2.341s] [01m[K/opt/ros/humble/include/rclcpp/rclcpp/node.hpp:267:3:[m[K [01;36m[Knote: [m[K  template argument deduction/substitution failed:
[2.341s] [01m[K/home/ilex/Dev/VIST/src/robot/sdk/arm_teleop/src/lbot_driver/src/lbot_driver.cpp:450:9:[m[K [01;36m[Knote: [m[K  cannot convert ‘[01m[Kservice_qos[m[K’ (type ‘[01m[Krclcpp::QoS[m[K’) to type ‘[01m[Kconst rmw_qos_profile_t&[m[K’ {aka ‘[01m[Kconst rmw_qos_profile_s&[m[K’}
[2.341s]   450 |         [01;36m[Kservice_qos[m[K, callback_group_);
[2.341s]       |         [01;36m[K^~~~~~~~~~~[m[K
[2.341s] [01m[K/home/ilex/Dev/VIST/src/robot/sdk/arm_teleop/src/lbot_driver/src/lbot_driver.cpp:452:93:[m[K [01;31m[Kerror: [m[Kno matching function for call to ‘[01m[Klbot_driver::LeftArmServiceNode::create_service<lbot_arm_interfaces::srv::ChangeFrame>(const char [27], std::_Bind_helper<false, void (lbot_driver::LeftArmServiceNode::*)(std::shared_ptr<lbot_arm_interfaces::srv::ChangeFrame_Request_<std::allocator<void> > >, std::shared_ptr<lbot_arm_interfaces::srv::ChangeFrame_Response_<std::allocator<void> > >), lbot_driver::LeftArmServiceNode*, const std::_Placeholder<1>&, const std::_Placeholder<2>&>::type, rclcpp::QoS&, rclcpp::CallbackGroup::SharedPtr&)[m[K’
[2.341s]   452 | [01;31m[K>create_service<lbot_arm_interfaces::srv::ChangeFrame>([m[K
[2.341s]       | [01;31m[K~~~~~~~~~~~~~~~~~~~~~~~~~~~~~~~~~~~~~~~~~~~~~~~~~~~~~~^[m[K
[2.341s] 
[2.341s]   453 | 
[2.341s]       |                                                        
[2.341s] 
[2.342s]   454 | [01;31m[K:change_tool_frame_callback, this, std::placeholders::_1, std::placeholders::_2),[m[K
[2.342s]       | [01;31m[K~~~~~~~~~~~~~~~~~~~~~~~~~~~~~~~~~~~~~~~~~~~~~~~~~~~~~~~~~~~~~~~~~~~~~~~~~~~~~~~~~[m[K
[2.342s] 
[2.342s]   455 | 
[2.342s]       |                                                        
[2.342s] 
[2.342s] In file included from [01m[K/opt/ros/humble/include/rclcpp/rclcpp/executors/single_threaded_executor.hpp:28[m[K,
[2.342s]                  from [01m[K/opt/ros/humble/include/rclcpp/rclcpp/executors.hpp:22[m[K,
[2.342s]                  from [01m[K/opt/ros/humble/include/rclcpp/rclcpp/rclcpp.hpp:155[m[K,
[2.342s]                  from [01m[K/home/ilex/Dev/VIST/src/robot/sdk/arm_teleop/src/lbot_driver/include/lbot_driver/lbot_driver.h:19[m[K,
[2.342s]                  from [01m[K/home/ilex/Dev/VIST/src/robot/sdk/arm_teleop/src/lbot_driver/src/lbot_driver.cpp:15[m[K:
[2.342s] [01m[K/opt/ros/humble/include/rclcpp/rclcpp/node.hpp:267:3:[m[K [01;36m[Knote: [m[Kcandidate: ‘[01m[Ktemplate<class ServiceT, class CallbackT> typename rclcpp::Service<ServiceT>::SharedPtr rclcpp::Node::create_service(const string&, CallbackT&&, const rmw_qos_profile_t&, rclcpp::CallbackGroup::SharedPtr)[m[K’
[2.342s]   267 |   [01;36m[Kcreate_service[m[K(
[2.343s]       |   [01;36m[K^~~~~~~~~~~~~~[m[K
[2.343s] [01m[K/opt/ros/humble/include/rclcpp/rclcpp/node.hpp:267:3:[m[K [01;36m[Knote: [m[K  template argument deduction/substitution failed:
[2.343s] [01m[K/home/ilex/Dev/VIST/src/robot/sdk/arm_teleop/src/lbot_driver/src/lbot_driver.cpp:455:9:[m[K [01;36m[Knote: [m[K  cannot convert ‘[01m[Kservice_qos[m[K’ (type ‘[01m[Krclcpp::QoS[m[K’) to type ‘[01m[Kconst rmw_qos_profile_t&[m[K’ {aka ‘[01m[Kconst rmw_qos_profile_s&[m[K’}
[2.343s]   455 |         [01;36m[Kservice_qos[m[K, callback_group_);
[2.343s]       |         [01;36m[K^~~~~~~~~~~[m[K
[2.343s] [01m[K/home/ilex/Dev/VIST/src/robot/sdk/arm_teleop/src/lbot_driver/src/lbot_driver.cpp:457:93:[m[K [01;31m[Kerror: [m[Kno matching function for call to ‘[01m[Klbot_driver::LeftArmServiceNode::create_service<lbot_arm_interfaces::srv::DeleteFrame>(const char [27], std::_Bind_helper<false, void (lbot_driver::LeftArmServiceNode::*)(std::shared_ptr<lbot_arm_interfaces::srv::DeleteFrame_Request_<std::allocator<void> > >, std::shared_ptr<lbot_arm_interfaces::srv::DeleteFrame_Response_<std::allocator<void> > >), lbot_driver::LeftArmServiceNode*, const std::_Placeholder<1>&, const std::_Placeholder<2>&>::type, rclcpp::QoS&, rclcpp::CallbackGroup::SharedPtr&)[m[K’
[2.343s]   457 | [01;31m[K>create_service<lbot_arm_interfaces::srv::DeleteFrame>([m[K
[2.343s]       | [01;31m[K~~~~~~~~~~~~~~~~~~~~~~~~~~~~~~~~~~~~~~~~~~~~~~~~~~~~~~^[m[K
[2.343s] 
[2.343s]   458 | 
[2.343s]       |                                                        
[2.343s] 
[2.343s]   459 | [01;31m[K:delete_tool_frame_callback, this, std::placeholders::_1, std::placeholders::_2),[m[K
[2.344s]       | [01;31m[K~~~~~~~~~~~~~~~~~~~~~~~~~~~~~~~~~~~~~~~~~~~~~~~~~~~~~~~~~~~~~~~~~~~~~~~~~~~~~~~~~[m[K
[2.344s] 
[2.344s]   460 | 
[2.344s]       |                                                        
[2.344s] 
[2.344s] In file included from [01m[K/opt/ros/humble/include/rclcpp/rclcpp/executors/single_threaded_executor.hpp:28[m[K,
[2.344s]                  from [01m[K/opt/ros/humble/include/rclcpp/rclcpp/executors.hpp:22[m[K,
[2.344s]                  from [01m[K/opt/ros/humble/include/rclcpp/rclcpp/rclcpp.hpp:155[m[K,
[2.344s]                  from [01m[K/home/ilex/Dev/VIST/src/robot/sdk/arm_teleop/src/lbot_driver/include/lbot_driver/lbot_driver.h:19[m[K,
[2.344s]                  from [01m[K/home/ilex/Dev/VIST/src/robot/sdk/arm_teleop/src/lbot_driver/src/lbot_driver.cpp:15[m[K:
[2.344s] [01m[K/opt/ros/humble/include/rclcpp/rclcpp/node.hpp:267:3:[m[K [01;36m[Knote: [m[Kcandidate: ‘[01m[Ktemplate<class ServiceT, class CallbackT> typename rclcpp::Service<ServiceT>::SharedPtr rclcpp::Node::create_service(const string&, CallbackT&&, const rmw_qos_profile_t&, rclcpp::CallbackGroup::SharedPtr)[m[K’
[2.344s]   267 |   [01;36m[Kcreate_service[m[K(
[2.345s]       |   [01;36m[K^~~~~~~~~~~~~~[m[K
[2.345s] [01m[K/opt/ros/humble/include/rclcpp/rclcpp/node.hpp:267:3:[m[K [01;36m[Knote: [m[K  template argument deduction/substitution failed:
[2.345s] [01m[K/home/ilex/Dev/VIST/src/robot/sdk/arm_teleop/src/lbot_driver/src/lbot_driver.cpp:460:9:[m[K [01;36m[Knote: [m[K  cannot convert ‘[01m[Kservice_qos[m[K’ (type ‘[01m[Krclcpp::QoS[m[K’) to type ‘[01m[Kconst rmw_qos_profile_t&[m[K’ {aka ‘[01m[Kconst rmw_qos_profile_s&[m[K’}
[2.345s]   460 |         [01;36m[Kservice_qos[m[K, callback_group_);
[2.345s]       |         [01;36m[K^~~~~~~~~~~[m[K
[2.345s] [01m[K/home/ilex/Dev/VIST/src/robot/sdk/arm_teleop/src/lbot_driver/src/lbot_driver.cpp:462:96:[m[K [01;31m[Kerror: [m[Kno matching function for call to ‘[01m[Klbot_driver::LeftArmServiceNode::create_service<lbot_arm_interfaces::srv::GetAllFrames>(const char [29], std::_Bind_helper<false, void (lbot_driver::LeftArmServiceNode::*)(std::shared_ptr<lbot_arm_interfaces::srv::GetAllFrames_Request_<std::allocator<void> > >, std::shared_ptr<lbot_arm_interfaces::srv::GetAllFrames_Response_<std::allocator<void> > >), lbot_driver::LeftArmServiceNode*, const std::_Placeholder<1>&, const std::_Placeholder<2>&>::type, rclcpp::QoS&, rclcpp::CallbackGroup::SharedPtr&)[m[K’
[2.345s]   462 | [01;31m[Kcreate_service<lbot_arm_interfaces::srv::GetAllFrames>([m[K
[2.345s]       | [01;31m[K~~~~~~~~~~~~~~~~~~~~~~~~~~~~~~~~~~~~~~~~~~~~~~~~~~~~~~^[m[K
[2.345s] 
[2.345s]   463 | 
[2.345s]       |                                                        
[2.345s] 
[2.345s]   464 | [01;31m[Kt_all_tool_frames_callback, this, std::placeholders::_1, std::placeholders::_2),[m[K
[2.345s]       | [01;31m[K~~~~~~~~~~~~~~~~~~~~~~~~~~~~~~~~~~~~~~~~~~~~~~~~~~~~~~~~~~~~~~~~~~~~~~~~~~~~~~~~[m[K
[2.346s] 
[2.346s]   465 | 
[2.346s]       |                                                        
[2.346s] 
[2.346s] In file included from [01m[K/opt/ros/humble/include/rclcpp/rclcpp/executors/single_threaded_executor.hpp:28[m[K,
[2.346s]                  from [01m[K/opt/ros/humble/include/rclcpp/rclcpp/executors.hpp:22[m[K,
[2.346s]                  from [01m[K/opt/ros/humble/include/rclcpp/rclcpp/rclcpp.hpp:155[m[K,
[2.346s]                  from [01m[K/home/ilex/Dev/VIST/src/robot/sdk/arm_teleop/src/lbot_driver/include/lbot_driver/lbot_driver.h:19[m[K,
[2.346s]                  from [01m[K/home/ilex/Dev/VIST/src/robot/sdk/arm_teleop/src/lbot_driver/src/lbot_driver.cpp:15[m[K:
[2.346s] [01m[K/opt/ros/humble/include/rclcpp/rclcpp/node.hpp:267:3:[m[K [01;36m[Knote: [m[Kcandidate: ‘[01m[Ktemplate<class ServiceT, class CallbackT> typename rclcpp::Service<ServiceT>::SharedPtr rclcpp::Node::create_service(const string&, CallbackT&&, const rmw_qos_profile_t&, rclcpp::CallbackGroup::SharedPtr)[m[K’
[2.346s]   267 |   [01;36m[Kcreate_service[m[K(
[2.346s]       |   [01;36m[K^~~~~~~~~~~~~~[m[K
[2.346s] [01m[K/opt/ros/humble/include/rclcpp/rclcpp/node.hpp:267:3:[m[K [01;36m[Knote: [m[K  template argument deduction/substitution failed:
[2.346s] [01m[K/home/ilex/Dev/VIST/src/robot/sdk/arm_teleop/src/lbot_driver/src/lbot_driver.cpp:465:9:[m[K [01;36m[Knote: [m[K  cannot convert ‘[01m[Kservice_qos[m[K’ (type ‘[01m[Krclcpp::QoS[m[K’) to type ‘[01m[Kconst rmw_qos_profile_t&[m[K’ {aka ‘[01m[Kconst rmw_qos_profile_s&[m[K’}
[2.347s]   465 |         [01;36m[Kservice_qos[m[K, callback_group_);
[2.347s]       |         [01;36m[K^~~~~~~~~~~[m[K
[2.347s] [01m[K/home/ilex/Dev/VIST/src/robot/sdk/arm_teleop/src/lbot_driver/src/lbot_driver.cpp:468:80:[m[K [01;31m[Kerror: [m[Kno matching function for call to ‘[01m[Klbot_driver::LeftArmServiceNode::create_service<lbot_arm_interfaces::srv::SetZero>(const char [18], std::_Bind_helper<false, void (lbot_driver::LeftArmServiceNode::*)(std::shared_ptr<lbot_arm_interfaces::srv::SetZero_Request_<std::allocator<void> > >, std::shared_ptr<lbot_arm_interfaces::srv::SetZero_Response_<std::allocator<void> > >), lbot_driver::LeftArmServiceNode*, const std::_Placeholder<1>&, const std::_Placeholder<2>&>::type, rclcpp::QoS&, rclcpp::CallbackGroup::SharedPtr&)[m[K’
[2.347s]   468 | [01;31m[Khis->create_service<lbot_arm_interfaces::srv::SetZero>([m[K
[2.347s]       | [01;31m[K~~~~~~~~~~~~~~~~~~~~~~~~~~~~~~~~~~~~~~~~~~~~~~~~~~~~~~^[m[K
[2.347s] 
[2.347s]   469 | [01;31m[Ko",[m[K
[2.347s]       | [01;31m[K~~~[m[K                                                    
[2.347s] 
[2.347s]   470 | [01;31m[KmServiceNode::set_zero_callback, this, std::placeholders::_1, std::placeholders::_2),[m[K
[2.347s]       | [01;31m[K~~~~~~~~~~~~~~~~~~~~~~~~~~~~~~~~~~~~~~~~~~~~~~~~~~~~~~~~~~~~~~~~~~~~~~~~~~~~~~~~~~~~~[m[K
[2.347s] 
[2.347s]   471 | [01;31m[Kback_group_)[m[K;
[2.347s]       | [01;31m[K~~~~~~~~~~~~[m[K                                           
[2.347s] 
[2.348s] In file included from [01m[K/opt/ros/humble/include/rclcpp/rclcpp/executors/single_threaded_executor.hpp:28[m[K,
[2.348s]                  from [01m[K/opt/ros/humble/include/rclcpp/rclcpp/executors.hpp:22[m[K,
[2.348s]                  from [01m[K/opt/ros/humble/include/rclcpp/rclcpp/rclcpp.hpp:155[m[K,
[2.348s]                  from [01m[K/home/ilex/Dev/VIST/src/robot/sdk/arm_teleop/src/lbot_driver/include/lbot_driver/lbot_driver.h:19[m[K,
[2.348s]                  from [01m[K/home/ilex/Dev/VIST/src/robot/sdk/arm_teleop/src/lbot_driver/src/lbot_driver.cpp:15[m[K:
[2.348s] [01m[K/opt/ros/humble/include/rclcpp/rclcpp/node.hpp:267:3:[m[K [01;36m[Knote: [m[Kcandidate: ‘[01m[Ktemplate<class ServiceT, class CallbackT> typename rclcpp::Service<ServiceT>::SharedPtr rclcpp::Node::create_service(const string&, CallbackT&&, const rmw_qos_profile_t&, rclcpp::CallbackGroup::SharedPtr)[m[K’
[2.348s]   267 |   [01;36m[Kcreate_service[m[K(
[2.348s]       |   [01;36m[K^~~~~~~~~~~~~~[m[K
[2.348s] [01m[K/opt/ros/humble/include/rclcpp/rclcpp/node.hpp:267:3:[m[K [01;36m[Knote: [m[K  template argument deduction/substitution failed:
[2.348s] [01m[K/home/ilex/Dev/VIST/src/robot/sdk/arm_teleop/src/lbot_driver/src/lbot_driver.cpp:471:9:[m[K [01;36m[Knote: [m[K  cannot convert ‘[01m[Kservice_qos[m[K’ (type ‘[01m[Krclcpp::QoS[m[K’) to type ‘[01m[Kconst rmw_qos_profile_t&[m[K’ {aka ‘[01m[Kconst rmw_qos_profile_s&[m[K’}
[2.348s]   471 |         [01;36m[Kservice_qos[m[K, callback_group_);
[2.348s]       |         [01;36m[K^~~~~~~~~~~[m[K
[2.348s] [01m[K/home/ilex/Dev/VIST/src/robot/sdk/arm_teleop/src/lbot_driver/src/lbot_driver.cpp:472:84:[m[K [01;31m[Kerror: [m[Kno matching function for call to ‘[01m[Klbot_driver::LeftArmServiceNode::create_service<lbot_arm_interfaces::srv::SetEnable>(const char [20], std::_Bind_helper<false, void (lbot_driver::LeftArmServiceNode::*)(std::shared_ptr<lbot_arm_interfaces::srv::SetEnable_Request_<std::allocator<void> > >, std::shared_ptr<lbot_arm_interfaces::srv::SetEnable_Response_<std::allocator<void> > >), lbot_driver::LeftArmServiceNode*, const std::_Placeholder<1>&, const std::_Placeholder<2>&>::type, rclcpp::QoS&, rclcpp::CallbackGroup::SharedPtr&)[m[K’
[2.348s]   472 | [01;31m[Ks->create_service<lbot_arm_interfaces::srv::SetEnable>([m[K
[2.348s]       | [01;31m[K~~~~~~~~~~~~~~~~~~~~~~~~~~~~~~~~~~~~~~~~~~~~~~~~~~~~~~^[m[K
[2.349s] 
[2.349s]   473 | [01;31m[K,[m[K
[2.349s]       | [01;31m[K~[m[K                                                      
[2.349s] 
[2.349s]   474 | [01;31m[KviceNode::set_enable_callback, this, std::placeholders::_1, std::placeholders::_2),[m[K
[2.349s]       | [01;31m[K~~~~~~~~~~~~~~~~~~~~~~~~~~~~~~~~~~~~~~~~~~~~~~~~~~~~~~~~~~~~~~~~~~~~~~~~~~~~~~~~~~~[m[K
[2.349s] 
[2.349s]   475 | [01;31m[K_group_)[m[K;
[2.349s]       | [01;31m[K~~~~~~~~[m[K                                               
[2.349s] 
[2.349s] In file included from [01m[K/opt/ros/humble/include/rclcpp/rclcpp/executors/single_threaded_executor.hpp:28[m[K,
[2.349s]                  from [01m[K/opt/ros/humble/include/rclcpp/rclcpp/executors.hpp:22[m[K,
[2.349s]                  from [01m[K/opt/ros/humble/include/rclcpp/rclcpp/rclcpp.hpp:155[m[K,
[2.349s]                  from [01m[K/home/ilex/Dev/VIST/src/robot/sdk/arm_teleop/src/lbot_driver/include/lbot_driver/lbot_driver.h:19[m[K,
[2.349s]                  from [01m[K/home/ilex/Dev/VIST/src/robot/sdk/arm_teleop/src/lbot_driver/src/lbot_driver.cpp:15[m[K:
[2.349s] [01m[K/opt/ros/humble/include/rclcpp/rclcpp/node.hpp:267:3:[m[K [01;36m[Knote: [m[Kcandidate: ‘[01m[Ktemplate<class ServiceT, class CallbackT> typename rclcpp::Service<ServiceT>::SharedPtr rclcpp::Node::create_service(const string&, CallbackT&&, const rmw_qos_profile_t&, rclcpp::CallbackGroup::SharedPtr)[m[K’
[2.350s]   267 |   [01;36m[Kcreate_service[m[K(
[2.350s]       |   [01;36m[K^~~~~~~~~~~~~~[m[K
[2.350s] [01m[K/opt/ros/humble/include/rclcpp/rclcpp/node.hpp:267:3:[m[K [01;36m[Knote: [m[K  template argument deduction/substitution failed:
[2.350s] [01m[K/home/ilex/Dev/VIST/src/robot/sdk/arm_teleop/src/lbot_driver/src/lbot_driver.cpp:475:9:[m[K [01;36m[Knote: [m[K  cannot convert ‘[01m[Kservice_qos[m[K’ (type ‘[01m[Krclcpp::QoS[m[K’) to type ‘[01m[Kconst rmw_qos_profile_t&[m[K’ {aka ‘[01m[Kconst rmw_qos_profile_s&[m[K’}
[2.350s]   475 |         [01;36m[Kservice_qos[m[K, callback_group_);
[2.350s]       |         [01;36m[K^~~~~~~~~~~[m[K
[2.350s] [01m[K/home/ilex/Dev/VIST/src/robot/sdk/arm_teleop/src/lbot_driver/src/lbot_driver.cpp:476:90:[m[K [01;31m[Kerror: [m[Kno matching function for call to ‘[01m[Klbot_driver::LeftArmServiceNode::create_service<lbot_arm_interfaces::srv::SetEmergency>(const char [28], std::_Bind_helper<false, void (lbot_driver::LeftArmServiceNode::*)(std::shared_ptr<lbot_arm_interfaces::srv::SetEmergency_Request_<std::allocator<void> > >, std::shared_ptr<lbot_arm_interfaces::srv::SetEmergency_Response_<std::allocator<void> > >), lbot_driver::LeftArmServiceNode*, const std::_Placeholder<1>&, const std::_Placeholder<2>&>::type, rclcpp::QoS&, rclcpp::CallbackGroup::SharedPtr&)[m[K’
[2.350s]   476 | [01;31m[Kcreate_service<lbot_arm_interfaces::srv::SetEmergency>([m[K
[2.350s]       | [01;31m[K~~~~~~~~~~~~~~~~~~~~~~~~~~~~~~~~~~~~~~~~~~~~~~~~~~~~~~^[m[K
[2.350s] 
[2.350s]   477 | [01;31m[Kp",[m[K
[2.350s]       | [01;31m[K~~~[m[K                                                    
[2.350s] 
[2.350s]   478 | [01;31m[Kde::set_emergency_callback, this, std::placeholders::_1, std::placeholders::_2),[m[K
[2.351s]       | [01;31m[K~~~~~~~~~~~~~~~~~~~~~~~~~~~~~~~~~~~~~~~~~~~~~~~~~~~~~~~~~~~~~~~~~~~~~~~~~~~~~~~~[m[K
[2.351s] 
[2.351s]   479 | [01;31m[K_)[m[K;
[2.351s]       | [01;31m[K~~[m[K                                                     
[2.351s] 
[2.351s] In file included from [01m[K/opt/ros/humble/include/rclcpp/rclcpp/executors/single_threaded_executor.hpp:28[m[K,
[2.351s]                  from [01m[K/opt/ros/humble/include/rclcpp/rclcpp/executors.hpp:22[m[K,
[2.351s]                  from [01m[K/opt/ros/humble/include/rclcpp/rclcpp/rclcpp.hpp:155[m[K,
[2.351s]                  from [01m[K/home/ilex/Dev/VIST/src/robot/sdk/arm_teleop/src/lbot_driver/include/lbot_driver/lbot_driver.h:19[m[K,
[2.351s]                  from [01m[K/home/ilex/Dev/VIST/src/robot/sdk/arm_teleop/src/lbot_driver/src/lbot_driver.cpp:15[m[K:
[2.351s] [01m[K/opt/ros/humble/include/rclcpp/rclcpp/node.hpp:267:3:[m[K [01;36m[Knote: [m[Kcandidate: ‘[01m[Ktemplate<class ServiceT, class CallbackT> typename rclcpp::Service<ServiceT>::SharedPtr rclcpp::Node::create_service(const string&, CallbackT&&, const rmw_qos_profile_t&, rclcpp::CallbackGroup::SharedPtr)[m[K’
[2.351s]   267 |   [01;36m[Kcreate_service[m[K(
[2.351s]       |   [01;36m[K^~~~~~~~~~~~~~[m[K
[2.351s] [01m[K/opt/ros/humble/include/rclcpp/rclcpp/node.hpp:267:3:[m[K [01;36m[Knote: [m[K  template argument deduction/substitution failed:
[2.351s] [01m[K/home/ilex/Dev/VIST/src/robot/sdk/arm_teleop/src/lbot_driver/src/lbot_driver.cpp:479:9:[m[K [01;36m[Knote: [m[K  cannot convert ‘[01m[Kservice_qos[m[K’ (type ‘[01m[Krclcpp::QoS[m[K’) to type ‘[01m[Kconst rmw_qos_profile_t&[m[K’ {aka ‘[01m[Kconst rmw_qos_profile_s&[m[K’}
[2.352s]   479 |         [01;36m[Kservice_qos[m[K, callback_group_);
[2.352s]       |         [01;36m[K^~~~~~~~~~~[m[K
[2.441s] [01m[K/home/ilex/Dev/VIST/src/robot/sdk/arm_teleop/src/lbot_driver/src/lbot_driver.cpp:[m[K In member function ‘[01m[Kvoid lbot_driver::RightArmServiceNode::create_services()[m[K’:
[2.441s] [01m[K/home/ilex/Dev/VIST/src/robot/sdk/arm_teleop/src/lbot_driver/src/lbot_driver.cpp:1038:80:[m[K [01;31m[Kerror: [m[Kno matching function for call to ‘[01m[Klbot_driver::RightArmServiceNode::create_service<lbot_arm_interfaces::srv::MoveJ>(const char [21], std::_Bind_helper<false, void (lbot_driver::RightArmServiceNode::*)(std::shared_ptr<lbot_arm_interfaces::srv::MoveJ_Request_<std::allocator<void> > >, std::shared_ptr<lbot_arm_interfaces::srv::MoveJ_Response_<std::allocator<void> > >), lbot_driver::RightArmServiceNode*, const std::_Placeholder<1>&, const std::_Placeholder<2>&>::type, rclcpp::QoS&, rclcpp::CallbackGroup::SharedPtr&)[m[K’
[2.441s]  1038 |  [01;31m[Kthis->create_service<lbot_arm_interfaces::srv::MoveJ>([m[K
[2.441s]       |  [01;31m[K~~~~~~~~~~~~~~~~~~~~~~~~~~~~~~~~~~~~~~~~~~~~~~~~~~~~~^[m[K
[2.441s] 
[2.441s]  1039 | [01;31m[Koint",[m[K
[2.441s]       | [01;31m[K~~~~~~[m[K                                                 
[2.441s] 
[2.441s]  1040 | [01;31m[KrmServiceNode::move_joint_callback, this, std::placeholders::_1, std::placeholders::_2),[m[K
[2.441s]       | [01;31m[K~~~~~~~~~~~~~~~~~~~~~~~~~~~~~~~~~~~~~~~~~~~~~~~~~~~~~~~~~~~~~~~~~~~~~~~~~~~~~~~~~~~~~~~~[m[K
[2.442s] 
[2.442s]  1041 | [01;31m[Kback_group_)[m[K;
[2.442s]       | [01;31m[K~~~~~~~~~~~~[m[K                                           
[2.442s] 
[2.442s] In file included from [01m[K/opt/ros/humble/include/rclcpp/rclcpp/executors/single_threaded_executor.hpp:28[m[K,
[2.442s]                  from [01m[K/opt/ros/humble/include/rclcpp/rclcpp/executors.hpp:22[m[K,
[2.442s]                  from [01m[K/opt/ros/humble/include/rclcpp/rclcpp/rclcpp.hpp:155[m[K,
[2.442s]                  from [01m[K/home/ilex/Dev/VIST/src/robot/sdk/arm_teleop/src/lbot_driver/include/lbot_driver/lbot_driver.h:19[m[K,
[2.442s]                  from [01m[K/home/ilex/Dev/VIST/src/robot/sdk/arm_teleop/src/lbot_driver/src/lbot_driver.cpp:15[m[K:
[2.442s] [01m[K/opt/ros/humble/include/rclcpp/rclcpp/node.hpp:267:3:[m[K [01;36m[Knote: [m[Kcandidate: ‘[01m[Ktemplate<class ServiceT, class CallbackT> typename rclcpp::Service<ServiceT>::SharedPtr rclcpp::Node::create_service(const string&, CallbackT&&, const rmw_qos_profile_t&, rclcpp::CallbackGroup::SharedPtr)[m[K’
[2.442s]   267 |   [01;36m[Kcreate_service[m[K(
[2.442s]       |   [01;36m[K^~~~~~~~~~~~~~[m[K
[2.442s] [01m[K/opt/ros/humble/include/rclcpp/rclcpp/node.hpp:267:3:[m[K [01;36m[Knote: [m[K  template argument deduction/substitution failed:
[2.442s] [01m[K/home/ilex/Dev/VIST/src/robot/sdk/arm_teleop/src/lbot_driver/src/lbot_driver.cpp:1041:9:[m[K [01;36m[Knote: [m[K  cannot convert ‘[01m[Kservice_qos[m[K’ (type ‘[01m[Krclcpp::QoS[m[K’) to type ‘[01m[Kconst rmw_qos_profile_t&[m[K’ {aka ‘[01m[Kconst rmw_qos_profile_s&[m[K’}
[2.442s]  1041 |         [01;36m[Kservice_qos[m[K, callback_group_);
[2.442s]       |         [01;36m[K^~~~~~~~~~~[m[K
[2.443s] [01m[K/home/ilex/Dev/VIST/src/robot/sdk/arm_teleop/src/lbot_driver/src/lbot_driver.cpp:1043:80:[m[K [01;31m[Kerror: [m[Kno matching function for call to ‘[01m[Klbot_driver::RightArmServiceNode::create_service<lbot_arm_interfaces::srv::MoveJP>(const char [20], std::_Bind_helper<false, void (lbot_driver::RightArmServiceNode::*)(std::shared_ptr<lbot_arm_interfaces::srv::MoveJP_Request_<std::allocator<void> > >, std::shared_ptr<lbot_arm_interfaces::srv::MoveJP_Response_<std::allocator<void> > >), lbot_driver::RightArmServiceNode*, const std::_Placeholder<1>&, const std::_Placeholder<2>&>::type, rclcpp::QoS&, rclcpp::CallbackGroup::SharedPtr&)[m[K’
[2.443s]  1043 | [01;31m[Kthis->create_service<lbot_arm_interfaces::srv::MoveJP>([m[K
[2.443s]       | [01;31m[K~~~~~~~~~~~~~~~~~~~~~~~~~~~~~~~~~~~~~~~~~~~~~~~~~~~~~~^[m[K
[2.443s] 
[2.443s]  1044 | [01;31m[Kose",[m[K
[2.443s]       | [01;31m[K~~~~~[m[K                                                  
[2.443s] 
[2.443s]  1045 | [01;31m[KrmServiceNode::move_pose_callback, this, std::placeholders::_1, std::placeholders::_2),[m[K
[2.443s]       | [01;31m[K~~~~~~~~~~~~~~~~~~~~~~~~~~~~~~~~~~~~~~~~~~~~~~~~~~~~~~~~~~~~~~~~~~~~~~~~~~~~~~~~~~~~~~~[m[K
[2.443s] 
[2.443s]  1046 | [01;31m[Kback_group_)[m[K;
[2.443s]       | [01;31m[K~~~~~~~~~~~~[m[K                                           
[2.443s] 
[2.443s] In file included from [01m[K/opt/ros/humble/include/rclcpp/rclcpp/executors/single_threaded_executor.hpp:28[m[K,
[2.443s]                  from [01m[K/opt/ros/humble/include/rclcpp/rclcpp/executors.hpp:22[m[K,
[2.443s]                  from [01m[K/opt/ros/humble/include/rclcpp/rclcpp/rclcpp.hpp:155[m[K,
[2.443s]                  from [01m[K/home/ilex/Dev/VIST/src/robot/sdk/arm_teleop/src/lbot_driver/include/lbot_driver/lbot_driver.h:19[m[K,
[2.443s]                  from [01m[K/home/ilex/Dev/VIST/src/robot/sdk/arm_teleop/src/lbot_driver/src/lbot_driver.cpp:15[m[K:
[2.443s] [01m[K/opt/ros/humble/include/rclcpp/rclcpp/node.hpp:267:3:[m[K [01;36m[Knote: [m[Kcandidate: ‘[01m[Ktemplate<class ServiceT, class CallbackT> typename rclcpp::Service<ServiceT>::SharedPtr rclcpp::Node::create_service(const string&, CallbackT&&, const rmw_qos_profile_t&, rclcpp::CallbackGroup::SharedPtr)[m[K’
[2.443s]   267 |   [01;36m[Kcreate_service[m[K(
[2.443s]       |   [01;36m[K^~~~~~~~~~~~~~[m[K
[2.443s] [01m[K/opt/ros/humble/include/rclcpp/rclcpp/node.hpp:267:3:[m[K [01;36m[Knote: [m[K  template argument deduction/substitution failed:
[2.443s] [01m[K/home/ilex/Dev/VIST/src/robot/sdk/arm_teleop/src/lbot_driver/src/lbot_driver.cpp:1046:9:[m[K [01;36m[Knote: [m[K  cannot convert ‘[01m[Kservice_qos[m[K’ (type ‘[01m[Krclcpp::QoS[m[K’) to type ‘[01m[Kconst rmw_qos_profile_t&[m[K’ {aka ‘[01m[Kconst rmw_qos_profile_s&[m[K’}
[2.443s]  1046 |         [01;36m[Kservice_qos[m[K, callback_group_);
[2.443s]       |         [01;36m[K^~~~~~~~~~~[m[K
[2.444s] [01m[K/home/ilex/Dev/VIST/src/robot/sdk/arm_teleop/src/lbot_driver/src/lbot_driver.cpp:1048:81:[m[K [01;31m[Kerror: [m[Kno matching function for call to ‘[01m[Klbot_driver::RightArmServiceNode::create_service<lbot_arm_interfaces::srv::MoveL>(const char [22], std::_Bind_helper<false, void (lbot_driver::RightArmServiceNode::*)(std::shared_ptr<lbot_arm_interfaces::srv::MoveL_Request_<std::allocator<void> > >, std::shared_ptr<lbot_arm_interfaces::srv::MoveL_Response_<std::allocator<void> > >), lbot_driver::RightArmServiceNode*, const std::_Placeholder<1>&, const std::_Placeholder<2>&>::type, rclcpp::QoS&, rclcpp::CallbackGroup::SharedPtr&)[m[K’
[2.444s]  1048 |  [01;31m[Kthis->create_service<lbot_arm_interfaces::srv::MoveL>([m[K
[2.444s]       |  [01;31m[K~~~~~~~~~~~~~~~~~~~~~~~~~~~~~~~~~~~~~~~~~~~~~~~~~~~~~^[m[K
[2.444s] 
[2.444s]  1049 | [01;31m[Knear",[m[K
[2.444s]       | [01;31m[K~~~~~~[m[K                                                 
[2.444s] 
[2.445s]  1050 | [01;31m[KmServiceNode::move_linear_callback, this, std::placeholders::_1, std::placeholders::_2),[m[K
[2.445s]       | [01;31m[K~~~~~~~~~~~~~~~~~~~~~~~~~~~~~~~~~~~~~~~~~~~~~~~~~~~~~~~~~~~~~~~~~~~~~~~~~~~~~~~~~~~~~~~~[m[K
[2.445s] 
[2.445s]  1051 | [01;31m[Kack_group_)[m[K;
[2.445s]       | [01;31m[K~~~~~~~~~~~[m[K                                            
[2.445s] 
[2.445s] In file included from [01m[K/opt/ros/humble/include/rclcpp/rclcpp/executors/single_threaded_executor.hpp:28[m[K,
[2.445s]                  from [01m[K/opt/ros/humble/include/rclcpp/rclcpp/executors.hpp:22[m[K,
[2.445s]                  from [01m[K/opt/ros/humble/include/rclcpp/rclcpp/rclcpp.hpp:155[m[K,
[2.445s]                  from [01m[K/home/ilex/Dev/VIST/src/robot/sdk/arm_teleop/src/lbot_driver/include/lbot_driver/lbot_driver.h:19[m[K,
[2.445s]                  from [01m[K/home/ilex/Dev/VIST/src/robot/sdk/arm_teleop/src/lbot_driver/src/lbot_driver.cpp:15[m[K:
[2.445s] [01m[K/opt/ros/humble/include/rclcpp/rclcpp/node.hpp:267:3:[m[K [01;36m[Knote: [m[Kcandidate: ‘[01m[Ktemplate<class ServiceT, class CallbackT> typename rclcpp::Service<ServiceT>::SharedPtr rclcpp::Node::create_service(const string&, CallbackT&&, const rmw_qos_profile_t&, rclcpp::CallbackGroup::SharedPtr)[m[K’
[2.445s]   267 |   [01;36m[Kcreate_service[m[K(
[2.445s]       |   [01;36m[K^~~~~~~~~~~~~~[m[K
[2.445s] [01m[K/opt/ros/humble/include/rclcpp/rclcpp/node.hpp:267:3:[m[K [01;36m[Knote: [m[K  template argument deduction/substitution failed:
[2.445s] [01m[K/home/ilex/Dev/VIST/src/robot/sdk/arm_teleop/src/lbot_driver/src/lbot_driver.cpp:1051:9:[m[K [01;36m[Knote: [m[K  cannot convert ‘[01m[Kservice_qos[m[K’ (type ‘[01m[Krclcpp::QoS[m[K’) to type ‘[01m[Kconst rmw_qos_profile_t&[m[K’ {aka ‘[01m[Kconst rmw_qos_profile_s&[m[K’}
[2.445s]  1051 |         [01;36m[Kservice_qos[m[K, callback_group_);
[2.445s]       |         [01;36m[K^~~~~~~~~~~[m[K
[2.446s] [01m[K/home/ilex/Dev/VIST/src/robot/sdk/arm_teleop/src/lbot_driver/src/lbot_driver.cpp:1054:100:[m[K [01;31m[Kerror: [m[Kno matching function for call to ‘[01m[Klbot_driver::RightArmServiceNode::create_service<lbot_arm_interfaces::srv::ForwardKinematics>(const char [29], std::_Bind_helper<false, void (lbot_driver::RightArmServiceNode::*)(std::shared_ptr<lbot_arm_interfaces::srv::ForwardKinematics_Request_<std::allocator<void> > >, std::shared_ptr<lbot_arm_interfaces::srv::ForwardKinematics_Response_<std::allocator<void> > >), lbot_driver::RightArmServiceNode*, const std::_Placeholder<1>&, const std::_Placeholder<2>&>::type, rclcpp::QoS&, rclcpp::CallbackGroup::SharedPtr&)[m[K’
[2.446s]  1054 | [01;31m[Ke_service<lbot_arm_interfaces::srv::ForwardKinematics>([m[K
[2.446s]       | [01;31m[K~~~~~~~~~~~~~~~~~~~~~~~~~~~~~~~~~~~~~~~~~~~~~~~~~~~~~~^[m[K
[2.446s] 
[2.446s]  1055 | 
[2.446s]       |                                                        
[2.446s] 
[2.446s]  1056 | [01;31m[Krd_kinematics_callback, this, std::placeholders::_1, std::placeholders::_2),[m[K
[2.446s]       | [01;31m[K~~~~~~~~~~~~~~~~~~~~~~~~~~~~~~~~~~~~~~~~~~~~~~~~~~~~~~~~~~~~~~~~~~~~~~~~~~~~[m[K
[2.446s] 
[2.446s]  1057 | 
[2.446s]       |                                                        
[2.446s] 
[2.446s] In file included from [01m[K/opt/ros/humble/include/rclcpp/rclcpp/executors/single_threaded_executor.hpp:28[m[K,
[2.446s]                  from [01m[K/opt/ros/humble/include/rclcpp/rclcpp/executors.hpp:22[m[K,
[2.446s]                  from [01m[K/opt/ros/humble/include/rclcpp/rclcpp/rclcpp.hpp:155[m[K,
[2.446s]                  from [01m[K/home/ilex/Dev/VIST/src/robot/sdk/arm_teleop/src/lbot_driver/include/lbot_driver/lbot_driver.h:19[m[K,
[2.446s]                  from [01m[K/home/ilex/Dev/VIST/src/robot/sdk/arm_teleop/src/lbot_driver/src/lbot_driver.cpp:15[m[K:
[2.446s] [01m[K/opt/ros/humble/include/rclcpp/rclcpp/node.hpp:267:3:[m[K [01;36m[Knote: [m[Kcandidate: ‘[01m[Ktemplate<class ServiceT, class CallbackT> typename rclcpp::Service<ServiceT>::SharedPtr rclcpp::Node::create_service(const string&, CallbackT&&, const rmw_qos_profile_t&, rclcpp::CallbackGroup::SharedPtr)[m[K’
[2.446s]   267 |   [01;36m[Kcreate_service[m[K(
[2.446s]       |   [01;36m[K^~~~~~~~~~~~~~[m[K
[2.446s] [01m[K/opt/ros/humble/include/rclcpp/rclcpp/node.hpp:267:3:[m[K [01;36m[Knote: [m[K  template argument deduction/substitution failed:
[2.446s] [01m[K/home/ilex/Dev/VIST/src/robot/sdk/arm_teleop/src/lbot_driver/src/lbot_driver.cpp:1057:9:[m[K [01;36m[Knote: [m[K  cannot convert ‘[01m[Kservice_qos[m[K’ (type ‘[01m[Krclcpp::QoS[m[K’) to type ‘[01m[Kconst rmw_qos_profile_t&[m[K’ {aka ‘[01m[Kconst rmw_qos_profile_s&[m[K’}
[2.446s]  1057 |         [01;36m[Kservice_qos[m[K, callback_group_);
[2.446s]       |         [01;36m[K^~~~~~~~~~~[m[K
[2.446s] [01m[K/home/ilex/Dev/VIST/src/robot/sdk/arm_teleop/src/lbot_driver/src/lbot_driver.cpp:1059:100:[m[K [01;31m[Kerror: [m[Kno matching function for call to ‘[01m[Klbot_driver::RightArmServiceNode::create_service<lbot_arm_interfaces::srv::InverseKinematics>(const char [29], std::_Bind_helper<false, void (lbot_driver::RightArmServiceNode::*)(std::shared_ptr<lbot_arm_interfaces::srv::InverseKinematics_Request_<std::allocator<void> > >, std::shared_ptr<lbot_arm_interfaces::srv::InverseKinematics_Response_<std::allocator<void> > >), lbot_driver::RightArmServiceNode*, const std::_Placeholder<1>&, const std::_Placeholder<2>&>::type, rclcpp::QoS&, rclcpp::CallbackGroup::SharedPtr&)[m[K’
[2.447s]  1059 | [01;31m[Ke_service<lbot_arm_interfaces::srv::InverseKinematics>([m[K
[2.447s]       | [01;31m[K~~~~~~~~~~~~~~~~~~~~~~~~~~~~~~~~~~~~~~~~~~~~~~~~~~~~~~^[m[K
[2.447s] 
[2.447s]  1060 | 
[2.447s]       |                                                        
[2.447s] 
[2.447s]  1061 | [01;31m[Kse_kinematics_callback, this, std::placeholders::_1, std::placeholders::_2),[m[K
[2.447s]       | [01;31m[K~~~~~~~~~~~~~~~~~~~~~~~~~~~~~~~~~~~~~~~~~~~~~~~~~~~~~~~~~~~~~~~~~~~~~~~~~~~~[m[K
[2.447s] 
[2.447s]  1062 | 
[2.447s]       |                                                        
[2.447s] 
[2.447s] In file included from [01m[K/opt/ros/humble/include/rclcpp/rclcpp/executors/single_threaded_executor.hpp:28[m[K,
[2.447s]                  from [01m[K/opt/ros/humble/include/rclcpp/rclcpp/executors.hpp:22[m[K,
[2.447s]                  from [01m[K/opt/ros/humble/include/rclcpp/rclcpp/rclcpp.hpp:155[m[K,
[2.447s]                  from [01m[K/home/ilex/Dev/VIST/src/robot/sdk/arm_teleop/src/lbot_driver/include/lbot_driver/lbot_driver.h:19[m[K,
[2.447s]                  from [01m[K/home/ilex/Dev/VIST/src/robot/sdk/arm_teleop/src/lbot_driver/src/lbot_driver.cpp:15[m[K:
[2.447s] [01m[K/opt/ros/humble/include/rclcpp/rclcpp/node.hpp:267:3:[m[K [01;36m[Knote: [m[Kcandidate: ‘[01m[Ktemplate<class ServiceT, class CallbackT> typename rclcpp::Service<ServiceT>::SharedPtr rclcpp::Node::create_service(const string&, CallbackT&&, const rmw_qos_profile_t&, rclcpp::CallbackGroup::SharedPtr)[m[K’
[2.447s]   267 |   [01;36m[Kcreate_service[m[K(
[2.447s]       |   [01;36m[K^~~~~~~~~~~~~~[m[K
[2.447s] [01m[K/opt/ros/humble/include/rclcpp/rclcpp/node.hpp:267:3:[m[K [01;36m[Knote: [m[K  template argument deduction/substitution failed:
[2.447s] [01m[K/home/ilex/Dev/VIST/src/robot/sdk/arm_teleop/src/lbot_driver/src/lbot_driver.cpp:1062:9:[m[K [01;36m[Knote: [m[K  cannot convert ‘[01m[Kservice_qos[m[K’ (type ‘[01m[Krclcpp::QoS[m[K’) to type ‘[01m[Kconst rmw_qos_profile_t&[m[K’ {aka ‘[01m[Kconst rmw_qos_profile_s&[m[K’}
[2.447s]  1062 |         [01;36m[Kservice_qos[m[K, callback_group_);
[2.447s]       |         [01;36m[K^~~~~~~~~~~[m[K
[2.448s] [01m[K/home/ilex/Dev/VIST/src/robot/sdk/arm_teleop/src/lbot_driver/src/lbot_driver.cpp:1065:87:[m[K [01;31m[Kerror: [m[Kno matching function for call to ‘[01m[Klbot_driver::RightArmServiceNode::create_service<lbot_arm_interfaces::srv::SetFrame>(const char [25], std::_Bind_helper<false, void (lbot_driver::RightArmServiceNode::*)(std::shared_ptr<lbot_arm_interfaces::srv::SetFrame_Request_<std::allocator<void> > >, std::shared_ptr<lbot_arm_interfaces::srv::SetFrame_Response_<std::allocator<void> > >), lbot_driver::RightArmServiceNode*, const std::_Placeholder<1>&, const std::_Placeholder<2>&>::type, rclcpp::QoS&, rclcpp::CallbackGroup::SharedPtr&)[m[K’
[2.448s]  1065 | [01;31m[Kis->create_service<lbot_arm_interfaces::srv::SetFrame>([m[K
[2.448s]       | [01;31m[K~~~~~~~~~~~~~~~~~~~~~~~~~~~~~~~~~~~~~~~~~~~~~~~~~~~~~~^[m[K
[2.448s] 
[2.448s]  1066 | [01;31m[Ke",[m[K
[2.448s]       | [01;31m[K~~~[m[K                                                    
[2.448s] 
[2.448s]  1067 | [01;31m[KceNode::set_tool_frame_callback, this, std::placeholders::_1, std::placeholders::_2),[m[K
[2.448s]       | [01;31m[K~~~~~~~~~~~~~~~~~~~~~~~~~~~~~~~~~~~~~~~~~~~~~~~~~~~~~~~~~~~~~~~~~~~~~~~~~~~~~~~~~~~~~[m[K
[2.448s] 
[2.448s]  1068 | [01;31m[Koup_)[m[K;
[2.448s]       | [01;31m[K~~~~~[m[K                                                  
[2.448s] 
[2.448s] In file included from [01m[K/opt/ros/humble/include/rclcpp/rclcpp/executors/single_threaded_executor.hpp:28[m[K,
[2.448s]                  from [01m[K/opt/ros/humble/include/rclcpp/rclcpp/executors.hpp:22[m[K,
[2.448s]                  from [01m[K/opt/ros/humble/include/rclcpp/rclcpp/rclcpp.hpp:155[m[K,
[2.448s]                  from [01m[K/home/ilex/Dev/VIST/src/robot/sdk/arm_teleop/src/lbot_driver/include/lbot_driver/lbot_driver.h:19[m[K,
[2.448s]                  from [01m[K/home/ilex/Dev/VIST/src/robot/sdk/arm_teleop/src/lbot_driver/src/lbot_driver.cpp:15[m[K:
[2.448s] [01m[K/opt/ros/humble/include/rclcpp/rclcpp/node.hpp:267:3:[m[K [01;36m[Knote: [m[Kcandidate: ‘[01m[Ktemplate<class ServiceT, class CallbackT> typename rclcpp::Service<ServiceT>::SharedPtr rclcpp::Node::create_service(const string&, CallbackT&&, const rmw_qos_profile_t&, rclcpp::CallbackGroup::SharedPtr)[m[K’
[2.448s]   267 |   [01;36m[Kcreate_service[m[K(
[2.448s]       |   [01;36m[K^~~~~~~~~~~~~~[m[K
[2.448s] [01m[K/opt/ros/humble/include/rclcpp/rclcpp/node.hpp:267:3:[m[K [01;36m[Knote: [m[K  template argument deduction/substitution failed:
[2.448s] [01m[K/home/ilex/Dev/VIST/src/robot/sdk/arm_teleop/src/lbot_driver/src/lbot_driver.cpp:1068:9:[m[K [01;36m[Knote: [m[K  cannot convert ‘[01m[Kservice_qos[m[K’ (type ‘[01m[Krclcpp::QoS[m[K’) to type ‘[01m[Kconst rmw_qos_profile_t&[m[K’ {aka ‘[01m[Kconst rmw_qos_profile_s&[m[K’}
[2.448s]  1068 |         [01;36m[Kservice_qos[m[K, callback_group_);
[2.448s]       |         [01;36m[K^~~~~~~~~~~[m[K
[2.449s] [01m[K/home/ilex/Dev/VIST/src/robot/sdk/arm_teleop/src/lbot_driver/src/lbot_driver.cpp:1070:87:[m[K [01;31m[Kerror: [m[Kno matching function for call to ‘[01m[Klbot_driver::RightArmServiceNode::create_service<lbot_arm_interfaces::srv::GetFrame>(const char [25], std::_Bind_helper<false, void (lbot_driver::RightArmServiceNode::*)(std::shared_ptr<lbot_arm_interfaces::srv::GetFrame_Request_<std::allocator<void> > >, std::shared_ptr<lbot_arm_interfaces::srv::GetFrame_Response_<std::allocator<void> > >), lbot_driver::RightArmServiceNode*, const std::_Placeholder<1>&, const std::_Placeholder<2>&>::type, rclcpp::QoS&, rclcpp::CallbackGroup::SharedPtr&)[m[K’
[2.449s]  1070 | [01;31m[Kis->create_service<lbot_arm_interfaces::srv::GetFrame>([m[K
[2.449s]       | [01;31m[K~~~~~~~~~~~~~~~~~~~~~~~~~~~~~~~~~~~~~~~~~~~~~~~~~~~~~~^[m[K
[2.449s] 
[2.449s]  1071 | [01;31m[Ke",[m[K
[2.449s]       | [01;31m[K~~~[m[K                                                    
[2.449s] 
[2.449s]  1072 | [01;31m[KceNode::get_tool_frame_callback, this, std::placeholders::_1, std::placeholders::_2),[m[K
[2.449s]       | [01;31m[K~~~~~~~~~~~~~~~~~~~~~~~~~~~~~~~~~~~~~~~~~~~~~~~~~~~~~~~~~~~~~~~~~~~~~~~~~~~~~~~~~~~~~[m[K
[2.449s] 
[2.449s]  1073 | [01;31m[Koup_)[m[K;
[2.449s]       | [01;31m[K~~~~~[m[K                                                  
[2.449s] 
[2.449s] In file included from [01m[K/opt/ros/humble/include/rclcpp/rclcpp/executors/single_threaded_executor.hpp:28[m[K,
[2.449s]                  from [01m[K/opt/ros/humble/include/rclcpp/rclcpp/executors.hpp:22[m[K,
[2.449s]                  from [01m[K/opt/ros/humble/include/rclcpp/rclcpp/rclcpp.hpp:155[m[K,
[2.449s]                  from [01m[K/home/ilex/Dev/VIST/src/robot/sdk/arm_teleop/src/lbot_driver/include/lbot_driver/lbot_driver.h:19[m[K,
[2.449s]                  from [01m[K/home/ilex/Dev/VIST/src/robot/sdk/arm_teleop/src/lbot_driver/src/lbot_driver.cpp:15[m[K:
[2.449s] [01m[K/opt/ros/humble/include/rclcpp/rclcpp/node.hpp:267:3:[m[K [01;36m[Knote: [m[Kcandidate: ‘[01m[Ktemplate<class ServiceT, class CallbackT> typename rclcpp::Service<ServiceT>::SharedPtr rclcpp::Node::create_service(const string&, CallbackT&&, const rmw_qos_profile_t&, rclcpp::CallbackGroup::SharedPtr)[m[K’
[2.449s]   267 |   [01;36m[Kcreate_service[m[K(
[2.449s]       |   [01;36m[K^~~~~~~~~~~~~~[m[K
[2.449s] [01m[K/opt/ros/humble/include/rclcpp/rclcpp/node.hpp:267:3:[m[K [01;36m[Knote: [m[K  template argument deduction/substitution failed:
[2.449s] [01m[K/home/ilex/Dev/VIST/src/robot/sdk/arm_teleop/src/lbot_driver/src/lbot_driver.cpp:1073:9:[m[K [01;36m[Knote: [m[K  cannot convert ‘[01m[Kservice_qos[m[K’ (type ‘[01m[Krclcpp::QoS[m[K’) to type ‘[01m[Kconst rmw_qos_profile_t&[m[K’ {aka ‘[01m[Kconst rmw_qos_profile_s&[m[K’}
[2.449s]  1073 |         [01;36m[Kservice_qos[m[K, callback_group_);
[2.449s]       |         [01;36m[K^~~~~~~~~~~[m[K
[2.450s] [01m[K/home/ilex/Dev/VIST/src/robot/sdk/arm_teleop/src/lbot_driver/src/lbot_driver.cpp:1075:102:[m[K [01;31m[Kerror: [m[Kno matching function for call to ‘[01m[Klbot_driver::RightArmServiceNode::create_service<lbot_arm_interfaces::srv::GetCurrentFrame>(const char [33], std::_Bind_helper<false, void (lbot_driver::RightArmServiceNode::*)(std::shared_ptr<lbot_arm_interfaces::srv::GetCurrentFrame_Request_<std::allocator<void> > >, std::shared_ptr<lbot_arm_interfaces::srv::GetCurrentFrame_Response_<std::allocator<void> > >), lbot_driver::RightArmServiceNode*, const std::_Placeholder<1>&, const std::_Placeholder<2>&>::type, rclcpp::QoS&, rclcpp::CallbackGroup::SharedPtr&)[m[K’
[2.450s]  1075 | [01;31m[Kate_service<lbot_arm_interfaces::srv::GetCurrentFrame>([m[K
[2.450s]       | [01;31m[K~~~~~~~~~~~~~~~~~~~~~~~~~~~~~~~~~~~~~~~~~~~~~~~~~~~~~~^[m[K
[2.450s] 
[2.450s]  1076 | 
[2.450s]       |                                                        
[2.450s] 
[2.450s]  1077 | [01;31m[Krent_tool_frame_callback, this, std::placeholders::_1, std::placeholders::_2),[m[K
[2.450s]       | [01;31m[K~~~~~~~~~~~~~~~~~~~~~~~~~~~~~~~~~~~~~~~~~~~~~~~~~~~~~~~~~~~~~~~~~~~~~~~~~~~~~~[m[K
[2.450s] 
[2.450s]  1078 | 
[2.450s]       |                                                        
[2.450s] 
[2.450s] In file included from [01m[K/opt/ros/humble/include/rclcpp/rclcpp/executors/single_threaded_executor.hpp:28[m[K,
[2.450s]                  from [01m[K/opt/ros/humble/include/rclcpp/rclcpp/executors.hpp:22[m[K,
[2.450s]                  from [01m[K/opt/ros/humble/include/rclcpp/rclcpp/rclcpp.hpp:155[m[K,
[2.450s]                  from [01m[K/home/ilex/Dev/VIST/src/robot/sdk/arm_teleop/src/lbot_driver/include/lbot_driver/lbot_driver.h:19[m[K,
[2.450s]                  from [01m[K/home/ilex/Dev/VIST/src/robot/sdk/arm_teleop/src/lbot_driver/src/lbot_driver.cpp:15[m[K:
[2.450s] [01m[K/opt/ros/humble/include/rclcpp/rclcpp/node.hpp:267:3:[m[K [01;36m[Knote: [m[Kcandidate: ‘[01m[Ktemplate<class ServiceT, class CallbackT> typename rclcpp::Service<ServiceT>::SharedPtr rclcpp::Node::create_service(const string&, CallbackT&&, const rmw_qos_profile_t&, rclcpp::CallbackGroup::SharedPtr)[m[K’
[2.450s]   267 |   [01;36m[Kcreate_service[m[K(
[2.450s]       |   [01;36m[K^~~~~~~~~~~~~~[m[K
[2.450s] [01m[K/opt/ros/humble/include/rclcpp/rclcpp/node.hpp:267:3:[m[K [01;36m[Knote: [m[K  template argument deduction/substitution failed:
[2.450s] [01m[K/home/ilex/Dev/VIST/src/robot/sdk/arm_teleop/src/lbot_driver/src/lbot_driver.cpp:1078:9:[m[K [01;36m[Knote: [m[K  cannot convert ‘[01m[Kservice_qos[m[K’ (type ‘[01m[Krclcpp::QoS[m[K’) to type ‘[01m[Kconst rmw_qos_profile_t&[m[K’ {aka ‘[01m[Kconst rmw_qos_profile_s&[m[K’}
[2.450s]  1078 |         [01;36m[Kservice_qos[m[K, callback_group_);
[2.450s]       |         [01;36m[K^~~~~~~~~~~[m[K
[2.451s] [01m[K/home/ilex/Dev/VIST/src/robot/sdk/arm_teleop/src/lbot_driver/src/lbot_driver.cpp:1080:93:[m[K [01;31m[Kerror: [m[Kno matching function for call to ‘[01m[Klbot_driver::RightArmServiceNode::create_service<lbot_arm_interfaces::srv::ChangeFrame>(const char [28], std::_Bind_helper<false, void (lbot_driver::RightArmServiceNode::*)(std::shared_ptr<lbot_arm_interfaces::srv::ChangeFrame_Request_<std::allocator<void> > >, std::shared_ptr<lbot_arm_interfaces::srv::ChangeFrame_Response_<std::allocator<void> > >), lbot_driver::RightArmServiceNode*, const std::_Placeholder<1>&, const std::_Placeholder<2>&>::type, rclcpp::QoS&, rclcpp::CallbackGroup::SharedPtr&)[m[K’
[2.451s]  1080 | [01;31m[K>create_service<lbot_arm_interfaces::srv::ChangeFrame>([m[K
[2.451s]       | [01;31m[K~~~~~~~~~~~~~~~~~~~~~~~~~~~~~~~~~~~~~~~~~~~~~~~~~~~~~~^[m[K
[2.451s] 
[2.451s]  1081 | 
[2.451s]       |                                                        
[2.451s] 
[2.451s]  1082 | [01;31m[K::change_tool_frame_callback, this, std::placeholders::_1, std::placeholders::_2),[m[K
[2.451s]       | [01;31m[K~~~~~~~~~~~~~~~~~~~~~~~~~~~~~~~~~~~~~~~~~~~~~~~~~~~~~~~~~~~~~~~~~~~~~~~~~~~~~~~~~~[m[K
[2.451s] 
[2.451s]  1083 | 
[2.451s]       |                                                        
[2.451s] 
[2.451s] In file included from [01m[K/opt/ros/humble/include/rclcpp/rclcpp/executors/single_threaded_executor.hpp:28[m[K,
[2.451s]                  from [01m[K/opt/ros/humble/include/rclcpp/rclcpp/executors.hpp:22[m[K,
[2.451s]                  from [01m[K/opt/ros/humble/include/rclcpp/rclcpp/rclcpp.hpp:155[m[K,
[2.451s]                  from [01m[K/home/ilex/Dev/VIST/src/robot/sdk/arm_teleop/src/lbot_driver/include/lbot_driver/lbot_driver.h:19[m[K,
[2.451s]                  from [01m[K/home/ilex/Dev/VIST/src/robot/sdk/arm_teleop/src/lbot_driver/src/lbot_driver.cpp:15[m[K:
[2.451s] [01m[K/opt/ros/humble/include/rclcpp/rclcpp/node.hpp:267:3:[m[K [01;36m[Knote: [m[Kcandidate: ‘[01m[Ktemplate<class ServiceT, class CallbackT> typename rclcpp::Service<ServiceT>::SharedPtr rclcpp::Node::create_service(const string&, CallbackT&&, const rmw_qos_profile_t&, rclcpp::CallbackGroup::SharedPtr)[m[K’
[2.451s]   267 |   [01;36m[Kcreate_service[m[K(
[2.451s]       |   [01;36m[K^~~~~~~~~~~~~~[m[K
[2.451s] [01m[K/opt/ros/humble/include/rclcpp/rclcpp/node.hpp:267:3:[m[K [01;36m[Knote: [m[K  template argument deduction/substitution failed:
[2.451s] [01m[K/home/ilex/Dev/VIST/src/robot/sdk/arm_teleop/src/lbot_driver/src/lbot_driver.cpp:1083:9:[m[K [01;36m[Knote: [m[K  cannot convert ‘[01m[Kservice_qos[m[K’ (type ‘[01m[Krclcpp::QoS[m[K’) to type ‘[01m[Kconst rmw_qos_profile_t&[m[K’ {aka ‘[01m[Kconst rmw_qos_profile_s&[m[K’}
[2.451s]  1083 |         [01;36m[Kservice_qos[m[K, callback_group_);
[2.451s]       |         [01;36m[K^~~~~~~~~~~[m[K
[2.452s] [01m[K/home/ilex/Dev/VIST/src/robot/sdk/arm_teleop/src/lbot_driver/src/lbot_driver.cpp:1085:93:[m[K [01;31m[Kerror: [m[Kno matching function for call to ‘[01m[Klbot_driver::RightArmServiceNode::create_service<lbot_arm_interfaces::srv::DeleteFrame>(const char [28], std::_Bind_helper<false, void (lbot_driver::RightArmServiceNode::*)(std::shared_ptr<lbot_arm_interfaces::srv::DeleteFrame_Request_<std::allocator<void> > >, std::shared_ptr<lbot_arm_interfaces::srv::DeleteFrame_Response_<std::allocator<void> > >), lbot_driver::RightArmServiceNode*, const std::_Placeholder<1>&, const std::_Placeholder<2>&>::type, rclcpp::QoS&, rclcpp::CallbackGroup::SharedPtr&)[m[K’
[2.452s]  1085 | [01;31m[K>create_service<lbot_arm_interfaces::srv::DeleteFrame>([m[K
[2.452s]       | [01;31m[K~~~~~~~~~~~~~~~~~~~~~~~~~~~~~~~~~~~~~~~~~~~~~~~~~~~~~~^[m[K
[2.452s] 
[2.452s]  1086 | 
[2.452s]       |                                                        
[2.452s] 
[2.452s]  1087 | [01;31m[K::delete_tool_frame_callback, this, std::placeholders::_1, std::placeholders::_2),[m[K
[2.452s]       | [01;31m[K~~~~~~~~~~~~~~~~~~~~~~~~~~~~~~~~~~~~~~~~~~~~~~~~~~~~~~~~~~~~~~~~~~~~~~~~~~~~~~~~~~[m[K
[2.452s] 
[2.452s]  1088 | 
[2.452s]       |                                                        
[2.453s] 
[2.453s] In file included from [01m[K/opt/ros/humble/include/rclcpp/rclcpp/executors/single_threaded_executor.hpp:28[m[K,
[2.453s]                  from [01m[K/opt/ros/humble/include/rclcpp/rclcpp/executors.hpp:22[m[K,
[2.453s]                  from [01m[K/opt/ros/humble/include/rclcpp/rclcpp/rclcpp.hpp:155[m[K,
[2.453s]                  from [01m[K/home/ilex/Dev/VIST/src/robot/sdk/arm_teleop/src/lbot_driver/include/lbot_driver/lbot_driver.h:19[m[K,
[2.453s]                  from [01m[K/home/ilex/Dev/VIST/src/robot/sdk/arm_teleop/src/lbot_driver/src/lbot_driver.cpp:15[m[K:
[2.453s] [01m[K/opt/ros/humble/include/rclcpp/rclcpp/node.hpp:267:3:[m[K [01;36m[Knote: [m[Kcandidate: ‘[01m[Ktemplate<class ServiceT, class CallbackT> typename rclcpp::Service<ServiceT>::SharedPtr rclcpp::Node::create_service(const string&, CallbackT&&, const rmw_qos_profile_t&, rclcpp::CallbackGroup::SharedPtr)[m[K’
[2.453s]   267 |   [01;36m[Kcreate_service[m[K(
[2.453s]       |   [01;36m[K^~~~~~~~~~~~~~[m[K
[2.453s] [01m[K/opt/ros/humble/include/rclcpp/rclcpp/node.hpp:267:3:[m[K [01;36m[Knote: [m[K  template argument deduction/substitution failed:
[2.453s] [01m[K/home/ilex/Dev/VIST/src/robot/sdk/arm_teleop/src/lbot_driver/src/lbot_driver.cpp:1088:9:[m[K [01;36m[Knote: [m[K  cannot convert ‘[01m[Kservice_qos[m[K’ (type ‘[01m[Krclcpp::QoS[m[K’) to type ‘[01m[Kconst rmw_qos_profile_t&[m[K’ {aka ‘[01m[Kconst rmw_qos_profile_s&[m[K’}
[2.453s]  1088 |         [01;36m[Kservice_qos[m[K, callback_group_);
[2.453s]       |         [01;36m[K^~~~~~~~~~~[m[K
[2.454s] [01m[K/home/ilex/Dev/VIST/src/robot/sdk/arm_teleop/src/lbot_driver/src/lbot_driver.cpp:1090:96:[m[K [01;31m[Kerror: [m[Kno matching function for call to ‘[01m[Klbot_driver::RightArmServiceNode::create_service<lbot_arm_interfaces::srv::GetAllFrames>(const char [30], std::_Bind_helper<false, void (lbot_driver::RightArmServiceNode::*)(std::shared_ptr<lbot_arm_interfaces::srv::GetAllFrames_Request_<std::allocator<void> > >, std::shared_ptr<lbot_arm_interfaces::srv::GetAllFrames_Response_<std::allocator<void> > >), lbot_driver::RightArmServiceNode*, const std::_Placeholder<1>&, const std::_Placeholder<2>&>::type, rclcpp::QoS&, rclcpp::CallbackGroup::SharedPtr&)[m[K’
[2.454s]  1090 | [01;31m[Kcreate_service<lbot_arm_interfaces::srv::GetAllFrames>([m[K
[2.454s]       | [01;31m[K~~~~~~~~~~~~~~~~~~~~~~~~~~~~~~~~~~~~~~~~~~~~~~~~~~~~~~^[m[K
[2.454s] 
[2.454s]  1091 | 
[2.454s]       |                                                        
[2.454s] 
[2.454s]  1092 | [01;31m[Ket_all_tool_frames_callback, this, std::placeholders::_1, std::placeholders::_2),[m[K
[2.454s]       | [01;31m[K~~~~~~~~~~~~~~~~~~~~~~~~~~~~~~~~~~~~~~~~~~~~~~~~~~~~~~~~~~~~~~~~~~~~~~~~~~~~~~~~~[m[K
[2.454s] 
[2.454s]  1093 | 
[2.454s]       |                                                        
[2.454s] 
[2.454s] In file included from [01m[K/opt/ros/humble/include/rclcpp/rclcpp/executors/single_threaded_executor.hpp:28[m[K,
[2.454s]                  from [01m[K/opt/ros/humble/include/rclcpp/rclcpp/executors.hpp:22[m[K,
[2.454s]                  from [01m[K/opt/ros/humble/include/rclcpp/rclcpp/rclcpp.hpp:155[m[K,
[2.454s]                  from [01m[K/home/ilex/Dev/VIST/src/robot/sdk/arm_teleop/src/lbot_driver/include/lbot_driver/lbot_driver.h:19[m[K,
[2.454s]                  from [01m[K/home/ilex/Dev/VIST/src/robot/sdk/arm_teleop/src/lbot_driver/src/lbot_driver.cpp:15[m[K:
[2.454s] [01m[K/opt/ros/humble/include/rclcpp/rclcpp/node.hpp:267:3:[m[K [01;36m[Knote: [m[Kcandidate: ‘[01m[Ktemplate<class ServiceT, class CallbackT> typename rclcpp::Service<ServiceT>::SharedPtr rclcpp::Node::create_service(const string&, CallbackT&&, const rmw_qos_profile_t&, rclcpp::CallbackGroup::SharedPtr)[m[K’
[2.454s]   267 |   [01;36m[Kcreate_service[m[K(
[2.454s]       |   [01;36m[K^~~~~~~~~~~~~~[m[K
[2.454s] [01m[K/opt/ros/humble/include/rclcpp/rclcpp/node.hpp:267:3:[m[K [01;36m[Knote: [m[K  template argument deduction/substitution failed:
[2.454s] [01m[K/home/ilex/Dev/VIST/src/robot/sdk/arm_teleop/src/lbot_driver/src/lbot_driver.cpp:1093:9:[m[K [01;36m[Knote: [m[K  cannot convert ‘[01m[Kservice_qos[m[K’ (type ‘[01m[Krclcpp::QoS[m[K’) to type ‘[01m[Kconst rmw_qos_profile_t&[m[K’ {aka ‘[01m[Kconst rmw_qos_profile_s&[m[K’}
[2.454s]  1093 |         [01;36m[Kservice_qos[m[K, callback_group_);
[2.454s]       |         [01;36m[K^~~~~~~~~~~[m[K
[2.455s] [01m[K/home/ilex/Dev/VIST/src/robot/sdk/arm_teleop/src/lbot_driver/src/lbot_driver.cpp:1096:80:[m[K [01;31m[Kerror: [m[Kno matching function for call to ‘[01m[Klbot_driver::RightArmServiceNode::create_service<lbot_arm_interfaces::srv::SetZero>(const char [19], std::_Bind_helper<false, void (lbot_driver::RightArmServiceNode::*)(std::shared_ptr<lbot_arm_interfaces::srv::SetZero_Request_<std::allocator<void> > >, std::shared_ptr<lbot_arm_interfaces::srv::SetZero_Response_<std::allocator<void> > >), lbot_driver::RightArmServiceNode*, const std::_Placeholder<1>&, const std::_Placeholder<2>&>::type, rclcpp::QoS&, rclcpp::CallbackGroup::SharedPtr&)[m[K’
[2.455s]  1096 | [01;31m[Khis->create_service<lbot_arm_interfaces::srv::SetZero>([m[K
[2.455s]       | [01;31m[K~~~~~~~~~~~~~~~~~~~~~~~~~~~~~~~~~~~~~~~~~~~~~~~~~~~~~~^[m[K
[2.455s] 
[2.455s]  1097 | [01;31m[Kro",[m[K
[2.455s]       | [01;31m[K~~~~[m[K                                                   
[2.455s] 
[2.455s]  1098 | [01;31m[KrmServiceNode::set_zero_callback, this, std::placeholders::_1, std::placeholders::_2),[m[K
[2.455s]       | [01;31m[K~~~~~~~~~~~~~~~~~~~~~~~~~~~~~~~~~~~~~~~~~~~~~~~~~~~~~~~~~~~~~~~~~~~~~~~~~~~~~~~~~~~~~~[m[K
[2.455s] 
[2.455s]  1099 | [01;31m[Kback_group_)[m[K;
[2.455s]       | [01;31m[K~~~~~~~~~~~~[m[K                                           
[2.455s] 
[2.455s] In file included from [01m[K/opt/ros/humble/include/rclcpp/rclcpp/executors/single_threaded_executor.hpp:28[m[K,
[2.455s]                  from [01m[K/opt/ros/humble/include/rclcpp/rclcpp/executors.hpp:22[m[K,
[2.455s]                  from [01m[K/opt/ros/humble/include/rclcpp/rclcpp/rclcpp.hpp:155[m[K,
[2.455s]                  from [01m[K/home/ilex/Dev/VIST/src/robot/sdk/arm_teleop/src/lbot_driver/include/lbot_driver/lbot_driver.h:19[m[K,
[2.455s]                  from [01m[K/home/ilex/Dev/VIST/src/robot/sdk/arm_teleop/src/lbot_driver/src/lbot_driver.cpp:15[m[K:
[2.455s] [01m[K/opt/ros/humble/include/rclcpp/rclcpp/node.hpp:267:3:[m[K [01;36m[Knote: [m[Kcandidate: ‘[01m[Ktemplate<class ServiceT, class CallbackT> typename rclcpp::Service<ServiceT>::SharedPtr rclcpp::Node::create_service(const string&, CallbackT&&, const rmw_qos_profile_t&, rclcpp::CallbackGroup::SharedPtr)[m[K’
[2.455s]   267 |   [01;36m[Kcreate_service[m[K(
[2.455s]       |   [01;36m[K^~~~~~~~~~~~~~[m[K
[2.455s] [01m[K/opt/ros/humble/include/rclcpp/rclcpp/node.hpp:267:3:[m[K [01;36m[Knote: [m[K  template argument deduction/substitution failed:
[2.455s] [01m[K/home/ilex/Dev/VIST/src/robot/sdk/arm_teleop/src/lbot_driver/src/lbot_driver.cpp:1099:9:[m[K [01;36m[Knote: [m[K  cannot convert ‘[01m[Kservice_qos[m[K’ (type ‘[01m[Krclcpp::QoS[m[K’) to type ‘[01m[Kconst rmw_qos_profile_t&[m[K’ {aka ‘[01m[Kconst rmw_qos_profile_s&[m[K’}
[2.455s]  1099 |         [01;36m[Kservice_qos[m[K, callback_group_);
[2.456s]       |         [01;36m[K^~~~~~~~~~~[m[K
[2.456s] [01m[K/home/ilex/Dev/VIST/src/robot/sdk/arm_teleop/src/lbot_driver/src/lbot_driver.cpp:1100:84:[m[K [01;31m[Kerror: [m[Kno matching function for call to ‘[01m[Klbot_driver::RightArmServiceNode::create_service<lbot_arm_interfaces::srv::SetEnable>(const char [21], std::_Bind_helper<false, void (lbot_driver::RightArmServiceNode::*)(std::shared_ptr<lbot_arm_interfaces::srv::SetEnable_Request_<std::allocator<void> > >, std::shared_ptr<lbot_arm_interfaces::srv::SetEnable_Response_<std::allocator<void> > >), lbot_driver::RightArmServiceNode*, const std::_Placeholder<1>&, const std::_Placeholder<2>&>::type, rclcpp::QoS&, rclcpp::CallbackGroup::SharedPtr&)[m[K’
[2.456s]  1100 | [01;31m[Ks->create_service<lbot_arm_interfaces::srv::SetEnable>([m[K
[2.456s]       | [01;31m[K~~~~~~~~~~~~~~~~~~~~~~~~~~~~~~~~~~~~~~~~~~~~~~~~~~~~~~^[m[K
[2.456s] 
[2.456s]  1101 | [01;31m[K",[m[K
[2.456s]       | [01;31m[K~~[m[K                                                     
[2.456s] 
[2.456s]  1102 | [01;31m[KrviceNode::set_enable_callback, this, std::placeholders::_1, std::placeholders::_2),[m[K
[2.456s]       | [01;31m[K~~~~~~~~~~~~~~~~~~~~~~~~~~~~~~~~~~~~~~~~~~~~~~~~~~~~~~~~~~~~~~~~~~~~~~~~~~~~~~~~~~~~[m[K
[2.456s] 
[2.457s]  1103 | [01;31m[K_group_)[m[K;
[2.457s]       | [01;31m[K~~~~~~~~[m[K                                               
[2.457s] 
[2.457s] In file included from [01m[K/opt/ros/humble/include/rclcpp/rclcpp/executors/single_threaded_executor.hpp:28[m[K,
[2.457s]                  from [01m[K/opt/ros/humble/include/rclcpp/rclcpp/executors.hpp:22[m[K,
[2.457s]                  from [01m[K/opt/ros/humble/include/rclcpp/rclcpp/rclcpp.hpp:155[m[K,
[2.457s]                  from [01m[K/home/ilex/Dev/VIST/src/robot/sdk/arm_teleop/src/lbot_driver/include/lbot_driver/lbot_driver.h:19[m[K,
[2.457s]                  from [01m[K/home/ilex/Dev/VIST/src/robot/sdk/arm_teleop/src/lbot_driver/src/lbot_driver.cpp:15[m[K:
[2.457s] [01m[K/opt/ros/humble/include/rclcpp/rclcpp/node.hpp:267:3:[m[K [01;36m[Knote: [m[Kcandidate: ‘[01m[Ktemplate<class ServiceT, class CallbackT> typename rclcpp::Service<ServiceT>::SharedPtr rclcpp::Node::create_service(const string&, CallbackT&&, const rmw_qos_profile_t&, rclcpp::CallbackGroup::SharedPtr)[m[K’
[2.457s]   267 |   [01;36m[Kcreate_service[m[K(
[2.457s]       |   [01;36m[K^~~~~~~~~~~~~~[m[K
[2.457s] [01m[K/opt/ros/humble/include/rclcpp/rclcpp/node.hpp:267:3:[m[K [01;36m[Knote: [m[K  template argument deduction/substitution failed:
[2.457s] [01m[K/home/ilex/Dev/VIST/src/robot/sdk/arm_teleop/src/lbot_driver/src/lbot_driver.cpp:1103:9:[m[K [01;36m[Knote: [m[K  cannot convert ‘[01m[Kservice_qos[m[K’ (type ‘[01m[Krclcpp::QoS[m[K’) to type ‘[01m[Kconst rmw_qos_profile_t&[m[K’ {aka ‘[01m[Kconst rmw_qos_profile_s&[m[K’}
[2.457s]  1103 |         [01;36m[Kservice_qos[m[K, callback_group_);
[2.457s]       |         [01;36m[K^~~~~~~~~~~[m[K
[2.458s] [01m[K/home/ilex/Dev/VIST/src/robot/sdk/arm_teleop/src/lbot_driver/src/lbot_driver.cpp:1104:90:[m[K [01;31m[Kerror: [m[Kno matching function for call to ‘[01m[Klbot_driver::RightArmServiceNode::create_service<lbot_arm_interfaces::srv::SetEmergency>(const char [29], std::_Bind_helper<false, void (lbot_driver::RightArmServiceNode::*)(std::shared_ptr<lbot_arm_interfaces::srv::SetEmergency_Request_<std::allocator<void> > >, std::shared_ptr<lbot_arm_interfaces::srv::SetEmergency_Response_<std::allocator<void> > >), lbot_driver::RightArmServiceNode*, const std::_Placeholder<1>&, const std::_Placeholder<2>&>::type, rclcpp::QoS&, rclcpp::CallbackGroup::SharedPtr&)[m[K’
[2.458s]  1104 | [01;31m[Kcreate_service<lbot_arm_interfaces::srv::SetEmergency>([m[K
[2.458s]       | [01;31m[K~~~~~~~~~~~~~~~~~~~~~~~~~~~~~~~~~~~~~~~~~~~~~~~~~~~~~~^[m[K
[2.458s] 
[2.458s]  1105 | [01;31m[Kop",[m[K
[2.458s]       | [01;31m[K~~~~[m[K                                                   
[2.458s] 
[2.458s]  1106 | [01;31m[Kode::set_emergency_callback, this, std::placeholders::_1, std::placeholders::_2),[m[K
[2.458s]       | [01;31m[K~~~~~~~~~~~~~~~~~~~~~~~~~~~~~~~~~~~~~~~~~~~~~~~~~~~~~~~~~~~~~~~~~~~~~~~~~~~~~~~~~[m[K
[2.458s] 
[2.458s]  1107 | [01;31m[K_)[m[K;
[2.458s]       | [01;31m[K~~[m[K                                                     
[2.458s] 
[2.458s] In file included from [01m[K/opt/ros/humble/include/rclcpp/rclcpp/executors/single_threaded_executor.hpp:28[m[K,
[2.458s]                  from [01m[K/opt/ros/humble/include/rclcpp/rclcpp/executors.hpp:22[m[K,
[2.458s]                  from [01m[K/opt/ros/humble/include/rclcpp/rclcpp/rclcpp.hpp:155[m[K,
[2.458s]                  from [01m[K/home/ilex/Dev/VIST/src/robot/sdk/arm_teleop/src/lbot_driver/include/lbot_driver/lbot_driver.h:19[m[K,
[2.458s]                  from [01m[K/home/ilex/Dev/VIST/src/robot/sdk/arm_teleop/src/lbot_driver/src/lbot_driver.cpp:15[m[K:
[2.458s] [01m[K/opt/ros/humble/include/rclcpp/rclcpp/node.hpp:267:3:[m[K [01;36m[Knote: [m[Kcandidate: ‘[01m[Ktemplate<class ServiceT, class CallbackT> typename rclcpp::Service<ServiceT>::SharedPtr rclcpp::Node::create_service(const string&, CallbackT&&, const rmw_qos_profile_t&, rclcpp::CallbackGroup::SharedPtr)[m[K’
[2.458s]   267 |   [01;36m[Kcreate_service[m[K(
[2.459s]       |   [01;36m[K^~~~~~~~~~~~~~[m[K
[2.459s] [01m[K/opt/ros/humble/include/rclcpp/rclcpp/node.hpp:267:3:[m[K [01;36m[Knote: [m[K  template argument deduction/substitution failed:
[2.459s] [01m[K/home/ilex/Dev/VIST/src/robot/sdk/arm_teleop/src/lbot_driver/src/lbot_driver.cpp:1107:9:[m[K [01;36m[Knote: [m[K  cannot convert ‘[01m[Kservice_qos[m[K’ (type ‘[01m[Krclcpp::QoS[m[K’) to type ‘[01m[Kconst rmw_qos_profile_t&[m[K’ {aka ‘[01m[Kconst rmw_qos_profile_s&[m[K’}
[2.459s]  1107 |         [01;36m[Kservice_qos[m[K, callback_group_);
[2.459s]       |         [01;36m[K^~~~~~~~~~~[m[K
[5.657s] gmake[2]: *** [CMakeFiles/lbot_driver.dir/build.make:76：CMakeFiles/lbot_driver.dir/src/lbot_driver.cpp.o] 错误 1
[5.657s] gmake[1]: *** [CMakeFiles/Makefile2:137：CMakeFiles/lbot_driver.dir/all] 错误 2
[5.657s] gmake: *** [Makefile:146：all] 错误 2
[5.660s] Invoked command in '/home/ilex/Dev/VIST/src/robot/sdk/arm_teleop/build/lbot_driver' returned '2': AMENT_PREFIX_PATH=/home/ilex/Dev/VIST/src/robot/sdk/arm_teleop/install/lbot_arm_interfaces:${AMENT_PREFIX_PATH} CMAKE_PREFIX_PATH=/home/ilex/Dev/VIST/src/robot/sdk/arm_teleop/install/lbot_arm_interfaces:/opt/ros/humble CONDA_PROMPT_MODIFIER=(robot_env) LD_LIBRARY_PATH=/home/ilex/Dev/VIST/src/robot/sdk/arm_teleop/install/lbot_arm_interfaces/lib:${LD_LIBRARY_PATH} PYTHONPATH=/home/ilex/Dev/VIST/src/robot/sdk/arm_teleop/install/lbot_arm_interfaces/lib/python3.10/site-packages:${PYTHONPATH} /usr/bin/cmake --build /home/ilex/Dev/VIST/src/robot/sdk/arm_teleop/build/lbot_driver -- -j16 -l16
