[35m[1mConsolidate compiler generated dependencies of target teleop_bridge_node[0m
[100%] Built target teleop_bridge_node
-- Install configuration: ""
-- Execute custom install script
-- Symlinking: /home/ilex/Dev/VIST/src/robot/sdk/arm_teleop/install/lbot_teleop/lib/lbot_teleop/teleop_bridge_node
-- Symlinking: /home/ilex/Dev/VIST/src/robot/sdk/arm_teleop/install/lbot_teleop/share/lbot_teleop/launch/teleop.launch.py
-- Symlinking: /home/ilex/Dev/VIST/src/robot/sdk/arm_teleop/install/lbot_teleop/share/lbot_teleop/config/teleop_config.yaml
-- Symlinking: /home/ilex/Dev/VIST/src/robot/sdk/arm_teleop/install/lbot_teleop/share/ament_index/resource_index/package_run_dependencies/lbot_teleop
-- Symlinking: /home/ilex/Dev/VIST/src/robot/sdk/arm_teleop/install/lbot_teleop/share/ament_index/resource_index/parent_prefix_path/lbot_teleop
-- Symlinking: /home/ilex/Dev/VIST/src/robot/sdk/arm_teleop/install/lbot_teleop/share/lbot_teleop/environment/ament_prefix_path.sh
-- Symlinking: /home/ilex/Dev/VIST/src/robot/sdk/arm_teleop/install/lbot_teleop/share/lbot_teleop/environment/ament_prefix_path.dsv
-- Symlinking: /home/ilex/Dev/VIST/src/robot/sdk/arm_teleop/install/lbot_teleop/share/lbot_teleop/environment/path.sh
-- Symlinking: /home/ilex/Dev/VIST/src/robot/sdk/arm_teleop/install/lbot_teleop/share/lbot_teleop/environment/path.dsv
-- Symlinking: /home/ilex/Dev/VIST/src/robot/sdk/arm_teleop/install/lbot_teleop/share/lbot_teleop/local_setup.bash
-- Symlinking: /home/ilex/Dev/VIST/src/robot/sdk/arm_teleop/install/lbot_teleop/share/lbot_teleop/local_setup.sh
-- Symlinking: /home/ilex/Dev/VIST/src/robot/sdk/arm_teleop/install/lbot_teleop/share/lbot_teleop/local_setup.zsh
-- Symlinking: /home/ilex/Dev/VIST/src/robot/sdk/arm_teleop/install/lbot_teleop/share/lbot_teleop/local_setup.dsv
-- Symlinking: /home/ilex/Dev/VIST/src/robot/sdk/arm_teleop/install/lbot_teleop/share/lbot_teleop/package.dsv
-- Symlinking: /home/ilex/Dev/VIST/src/robot/sdk/arm_teleop/install/lbot_teleop/share/ament_index/resource_index/packages/lbot_teleop
-- Symlinking: /home/ilex/Dev/VIST/src/robot/sdk/arm_teleop/install/lbot_teleop/share/lbot_teleop/cmake/lbot_teleopConfig.cmake
-- Symlinking: /home/ilex/Dev/VIST/src/robot/sdk/arm_teleop/install/lbot_teleop/share/lbot_teleop/cmake/lbot_teleopConfig-version.cmake
-- Symlinking: /home/ilex/Dev/VIST/src/robot/sdk/arm_teleop/install/lbot_teleop/share/lbot_teleop/package.xml
