[0.009s] Invoking command in '/home/ilex/Dev/VIST/src/robot/sdk/arm_teleop/build/lbot_arm_interfaces': CMAKE_PREFIX_PATH=/opt/ros/humble CONDA_PROMPT_MODIFIER=(robot_env) /usr/bin/cmake --build /home/ilex/Dev/VIST/src/robot/sdk/arm_teleop/build/lbot_arm_interfaces -- -j16 -l16
[0.098s] [35m[1mConsolidate compiler generated dependencies of target lbot_arm_interfaces__rosidl_generator_c[0m
[0.107s] [  0%] Built target lbot_arm_interfaces__cpp
[0.117s] [  0%] Built target ament_cmake_python_symlink_lbot_arm_interfaces
[0.128s] [ 12%] Built target lbot_arm_interfaces__rosidl_generator_c
[0.135s] [35m[1mConsolidate compiler generated dependencies of target lbot_arm_interfaces__rosidl_typesupport_cpp[0m
[0.136s] [35m[1mConsolidate compiler generated dependencies of target lbot_arm_interfaces__rosidl_typesupport_introspection_cpp[0m
[0.136s] [35m[1mConsolidate compiler generated dependencies of target lbot_arm_interfaces__rosidl_typesupport_fastrtps_cpp[0m
[0.155s] [35m[1mConsolidate compiler generated dependencies of target lbot_arm_interfaces__rosidl_typesupport_introspection_c[0m
[0.159s] [35m[1mConsolidate compiler generated dependencies of target lbot_arm_interfaces__rosidl_typesupport_fastrtps_c[0m
[0.159s] [35m[1mConsolidate compiler generated dependencies of target lbot_arm_interfaces__rosidl_typesupport_c[0m
[0.174s] [ 48%] Built target lbot_arm_interfaces__rosidl_typesupport_cpp
[0.175s] [ 48%] Built target lbot_arm_interfaces__rosidl_typesupport_introspection_cpp
[0.175s] [ 49%] Built target lbot_arm_interfaces__rosidl_typesupport_fastrtps_cpp
[0.179s] [ 61%] Built target lbot_arm_interfaces__rosidl_typesupport_introspection_c
[0.184s] [ 73%] Built target lbot_arm_interfaces__rosidl_typesupport_c
[0.201s] [ 85%] Built target lbot_arm_interfaces__rosidl_typesupport_fastrtps_c
[0.232s] [ 85%] Built target lbot_arm_interfaces
[0.254s] [ 86%] Built target lbot_arm_interfaces__py
[0.278s] [35m[1mConsolidate compiler generated dependencies of target lbot_arm_interfaces__rosidl_generator_py[0m
[0.311s] [ 97%] Built target lbot_arm_interfaces__rosidl_generator_py
[0.322s] [35m[1mConsolidate compiler generated dependencies of target lbot_arm_interfaces__rosidl_typesupport_fastrtps_c__pyext[0m
[0.326s] [35m[1mConsolidate compiler generated dependencies of target lbot_arm_interfaces__rosidl_typesupport_introspection_c__pyext[0m
[0.326s] [35m[1mConsolidate compiler generated dependencies of target lbot_arm_interfaces__rosidl_typesupport_c__pyext[0m
[0.337s] [ 98%] Built target lbot_arm_interfaces__rosidl_typesupport_fastrtps_c__pyext
[0.339s] [ 99%] Built target lbot_arm_interfaces__rosidl_typesupport_introspection_c__pyext
[0.340s] [100%] Built target lbot_arm_interfaces__rosidl_typesupport_c__pyext
[0.405s] running egg_info
[0.417s] writing lbot_arm_interfaces.egg-info/PKG-INFO
[0.418s] writing dependency_links to lbot_arm_interfaces.egg-info/dependency_links.txt
[0.418s] writing top-level names to lbot_arm_interfaces.egg-info/top_level.txt
[0.448s] reading manifest file 'lbot_arm_interfaces.egg-info/SOURCES.txt'
[0.449s] writing manifest file 'lbot_arm_interfaces.egg-info/SOURCES.txt'
[0.487s] [100%] Built target ament_cmake_python_build_lbot_arm_interfaces_egg
[0.504s] Invoked command in '/home/ilex/Dev/VIST/src/robot/sdk/arm_teleop/build/lbot_arm_interfaces' returned '0': CMAKE_PREFIX_PATH=/opt/ros/humble CONDA_PROMPT_MODIFIER=(robot_env) /usr/bin/cmake --build /home/ilex/Dev/VIST/src/robot/sdk/arm_teleop/build/lbot_arm_interfaces -- -j16 -l16
[0.506s] Invoking command in '/home/ilex/Dev/VIST/src/robot/sdk/arm_teleop/build/lbot_arm_interfaces': CMAKE_PREFIX_PATH=/opt/ros/humble CONDA_PROMPT_MODIFIER=(robot_env) /usr/bin/cmake --install /home/ilex/Dev/VIST/src/robot/sdk/arm_teleop/build/lbot_arm_interfaces
[0.512s] -- Install configuration: ""
[0.513s] -- Execute custom install script
[0.513s] -- Up-to-date symlink: /home/ilex/Dev/VIST/src/robot/sdk/arm_teleop/install/lbot_arm_interfaces/share/ament_index/resource_index/rosidl_interfaces/lbot_arm_interfaces
[0.514s] -- Up-to-date symlink: /home/ilex/Dev/VIST/src/robot/sdk/arm_teleop/install/lbot_arm_interfaces/include/lbot_arm_interfaces/lbot_arm_interfaces/msg/arm_state.h
[0.515s] -- Up-to-date symlink: /home/ilex/Dev/VIST/src/robot/sdk/arm_teleop/install/lbot_arm_interfaces/include/lbot_arm_interfaces/lbot_arm_interfaces/msg/detail/arm_state__functions.h
[0.515s] -- Up-to-date symlink: /home/ilex/Dev/VIST/src/robot/sdk/arm_teleop/install/lbot_arm_interfaces/include/lbot_arm_interfaces/lbot_arm_interfaces/msg/detail/arm_state__struct.h
[0.515s] -- Up-to-date symlink: /home/ilex/Dev/VIST/src/robot/sdk/arm_teleop/install/lbot_arm_interfaces/include/lbot_arm_interfaces/lbot_arm_interfaces/msg/detail/arm_state__type_support.h
[0.515s] -- Up-to-date symlink: /home/ilex/Dev/VIST/src/robot/sdk/arm_teleop/install/lbot_arm_interfaces/include/lbot_arm_interfaces/lbot_arm_interfaces/msg/detail/follow_joint__functions.h
[0.515s] -- Up-to-date symlink: /home/ilex/Dev/VIST/src/robot/sdk/arm_teleop/install/lbot_arm_interfaces/include/lbot_arm_interfaces/lbot_arm_interfaces/msg/detail/follow_joint__struct.h
[0.515s] -- Up-to-date symlink: /home/ilex/Dev/VIST/src/robot/sdk/arm_teleop/install/lbot_arm_interfaces/include/lbot_arm_interfaces/lbot_arm_interfaces/msg/detail/follow_joint__type_support.h
[0.515s] -- Up-to-date symlink: /home/ilex/Dev/VIST/src/robot/sdk/arm_teleop/install/lbot_arm_interfaces/include/lbot_arm_interfaces/lbot_arm_interfaces/msg/detail/lbot_frame__functions.h
[0.515s] -- Up-to-date symlink: /home/ilex/Dev/VIST/src/robot/sdk/arm_teleop/install/lbot_arm_interfaces/include/lbot_arm_interfaces/lbot_arm_interfaces/msg/detail/lbot_frame__struct.h
[0.515s] -- Up-to-date symlink: /home/ilex/Dev/VIST/src/robot/sdk/arm_teleop/install/lbot_arm_interfaces/include/lbot_arm_interfaces/lbot_arm_interfaces/msg/detail/lbot_frame__type_support.h
[0.516s] -- Up-to-date symlink: /home/ilex/Dev/VIST/src/robot/sdk/arm_teleop/install/lbot_arm_interfaces/include/lbot_arm_interfaces/lbot_arm_interfaces/msg/detail/lbot_pose__functions.h
[0.516s] -- Up-to-date symlink: /home/ilex/Dev/VIST/src/robot/sdk/arm_teleop/install/lbot_arm_interfaces/include/lbot_arm_interfaces/lbot_arm_interfaces/msg/detail/lbot_pose__struct.h
[0.516s] -- Up-to-date symlink: /home/ilex/Dev/VIST/src/robot/sdk/arm_teleop/install/lbot_arm_interfaces/include/lbot_arm_interfaces/lbot_arm_interfaces/msg/detail/lbot_pose__type_support.h
[0.516s] -- Up-to-date symlink: /home/ilex/Dev/VIST/src/robot/sdk/arm_teleop/install/lbot_arm_interfaces/include/lbot_arm_interfaces/lbot_arm_interfaces/msg/follow_joint.h
[0.516s] -- Up-to-date symlink: /home/ilex/Dev/VIST/src/robot/sdk/arm_teleop/install/lbot_arm_interfaces/include/lbot_arm_interfaces/lbot_arm_interfaces/msg/lbot_frame.h
[0.516s] -- Up-to-date symlink: /home/ilex/Dev/VIST/src/robot/sdk/arm_teleop/install/lbot_arm_interfaces/include/lbot_arm_interfaces/lbot_arm_interfaces/msg/lbot_pose.h
[0.517s] -- Up-to-date symlink: /home/ilex/Dev/VIST/src/robot/sdk/arm_teleop/install/lbot_arm_interfaces/include/lbot_arm_interfaces/lbot_arm_interfaces/msg/rosidl_generator_c__visibility_control.h
[0.517s] -- Up-to-date symlink: /home/ilex/Dev/VIST/src/robot/sdk/arm_teleop/install/lbot_arm_interfaces/include/lbot_arm_interfaces/lbot_arm_interfaces/srv/change_frame.h
[0.517s] -- Up-to-date symlink: /home/ilex/Dev/VIST/src/robot/sdk/arm_teleop/install/lbot_arm_interfaces/include/lbot_arm_interfaces/lbot_arm_interfaces/srv/delete_frame.h
[0.517s] -- Up-to-date symlink: /home/ilex/Dev/VIST/src/robot/sdk/arm_teleop/install/lbot_arm_interfaces/include/lbot_arm_interfaces/lbot_arm_interfaces/srv/detail/change_frame__functions.h
[0.517s] -- Up-to-date symlink: /home/ilex/Dev/VIST/src/robot/sdk/arm_teleop/install/lbot_arm_interfaces/include/lbot_arm_interfaces/lbot_arm_interfaces/srv/detail/change_frame__struct.h
[0.517s] -- Up-to-date symlink: /home/ilex/Dev/VIST/src/robot/sdk/arm_teleop/install/lbot_arm_interfaces/include/lbot_arm_interfaces/lbot_arm_interfaces/srv/detail/change_frame__type_support.h
[0.517s] -- Up-to-date symlink: /home/ilex/Dev/VIST/src/robot/sdk/arm_teleop/install/lbot_arm_interfaces/include/lbot_arm_interfaces/lbot_arm_interfaces/srv/detail/delete_frame__functions.h
[0.517s] -- Up-to-date symlink: /home/ilex/Dev/VIST/src/robot/sdk/arm_teleop/install/lbot_arm_interfaces/include/lbot_arm_interfaces/lbot_arm_interfaces/srv/detail/delete_frame__struct.h
[0.518s] -- Up-to-date symlink: /home/ilex/Dev/VIST/src/robot/sdk/arm_teleop/install/lbot_arm_interfaces/include/lbot_arm_interfaces/lbot_arm_interfaces/srv/detail/delete_frame__type_support.h
[0.518s] -- Up-to-date symlink: /home/ilex/Dev/VIST/src/robot/sdk/arm_teleop/install/lbot_arm_interfaces/include/lbot_arm_interfaces/lbot_arm_interfaces/srv/detail/forward_kinematics__functions.h
[0.518s] -- Up-to-date symlink: /home/ilex/Dev/VIST/src/robot/sdk/arm_teleop/install/lbot_arm_interfaces/include/lbot_arm_interfaces/lbot_arm_interfaces/srv/detail/forward_kinematics__struct.h
[0.518s] -- Up-to-date symlink: /home/ilex/Dev/VIST/src/robot/sdk/arm_teleop/install/lbot_arm_interfaces/include/lbot_arm_interfaces/lbot_arm_interfaces/srv/detail/forward_kinematics__type_support.h
[0.518s] -- Up-to-date symlink: /home/ilex/Dev/VIST/src/robot/sdk/arm_teleop/install/lbot_arm_interfaces/include/lbot_arm_interfaces/lbot_arm_interfaces/srv/detail/get_all_frames__functions.h
[0.518s] -- Up-to-date symlink: /home/ilex/Dev/VIST/src/robot/sdk/arm_teleop/install/lbot_arm_interfaces/include/lbot_arm_interfaces/lbot_arm_interfaces/srv/detail/get_all_frames__struct.h
[0.518s] -- Up-to-date symlink: /home/ilex/Dev/VIST/src/robot/sdk/arm_teleop/install/lbot_arm_interfaces/include/lbot_arm_interfaces/lbot_arm_interfaces/srv/detail/get_all_frames__type_support.h
[0.518s] -- Up-to-date symlink: /home/ilex/Dev/VIST/src/robot/sdk/arm_teleop/install/lbot_arm_interfaces/include/lbot_arm_interfaces/lbot_arm_interfaces/srv/detail/get_current_frame__functions.h
[0.518s] -- Up-to-date symlink: /home/ilex/Dev/VIST/src/robot/sdk/arm_teleop/install/lbot_arm_interfaces/include/lbot_arm_interfaces/lbot_arm_interfaces/srv/detail/get_current_frame__struct.h
[0.518s] -- Up-to-date symlink: /home/ilex/Dev/VIST/src/robot/sdk/arm_teleop/install/lbot_arm_interfaces/include/lbot_arm_interfaces/lbot_arm_interfaces/srv/detail/get_current_frame__type_support.h
[0.519s] -- Up-to-date symlink: /home/ilex/Dev/VIST/src/robot/sdk/arm_teleop/install/lbot_arm_interfaces/include/lbot_arm_interfaces/lbot_arm_interfaces/srv/detail/get_frame__functions.h
[0.519s] -- Up-to-date symlink: /home/ilex/Dev/VIST/src/robot/sdk/arm_teleop/install/lbot_arm_interfaces/include/lbot_arm_interfaces/lbot_arm_interfaces/srv/detail/get_frame__struct.h
[0.519s] -- Up-to-date symlink: /home/ilex/Dev/VIST/src/robot/sdk/arm_teleop/install/lbot_arm_interfaces/include/lbot_arm_interfaces/lbot_arm_interfaces/srv/detail/get_frame__type_support.h
[0.519s] -- Up-to-date symlink: /home/ilex/Dev/VIST/src/robot/sdk/arm_teleop/install/lbot_arm_interfaces/include/lbot_arm_interfaces/lbot_arm_interfaces/srv/detail/inverse_kinematics__functions.h
[0.519s] -- Up-to-date symlink: /home/ilex/Dev/VIST/src/robot/sdk/arm_teleop/install/lbot_arm_interfaces/include/lbot_arm_interfaces/lbot_arm_interfaces/srv/detail/inverse_kinematics__struct.h
[0.519s] -- Up-to-date symlink: /home/ilex/Dev/VIST/src/robot/sdk/arm_teleop/install/lbot_arm_interfaces/include/lbot_arm_interfaces/lbot_arm_interfaces/srv/detail/inverse_kinematics__type_support.h
[0.519s] -- Up-to-date symlink: /home/ilex/Dev/VIST/src/robot/sdk/arm_teleop/install/lbot_arm_interfaces/include/lbot_arm_interfaces/lbot_arm_interfaces/srv/detail/move_c__functions.h
[0.519s] -- Up-to-date symlink: /home/ilex/Dev/VIST/src/robot/sdk/arm_teleop/install/lbot_arm_interfaces/include/lbot_arm_interfaces/lbot_arm_interfaces/srv/detail/move_c__struct.h
[0.519s] -- Up-to-date symlink: /home/ilex/Dev/VIST/src/robot/sdk/arm_teleop/install/lbot_arm_interfaces/include/lbot_arm_interfaces/lbot_arm_interfaces/srv/detail/move_c__type_support.h
[0.519s] -- Up-to-date symlink: /home/ilex/Dev/VIST/src/robot/sdk/arm_teleop/install/lbot_arm_interfaces/include/lbot_arm_interfaces/lbot_arm_interfaces/srv/detail/move_j__functions.h
[0.520s] -- Up-to-date symlink: /home/ilex/Dev/VIST/src/robot/sdk/arm_teleop/install/lbot_arm_interfaces/include/lbot_arm_interfaces/lbot_arm_interfaces/srv/detail/move_j__struct.h
[0.520s] -- Up-to-date symlink: /home/ilex/Dev/VIST/src/robot/sdk/arm_teleop/install/lbot_arm_interfaces/include/lbot_arm_interfaces/lbot_arm_interfaces/srv/detail/move_j__type_support.h
[0.520s] -- Up-to-date symlink: /home/ilex/Dev/VIST/src/robot/sdk/arm_teleop/install/lbot_arm_interfaces/include/lbot_arm_interfaces/lbot_arm_interfaces/srv/detail/move_jp__functions.h
[0.520s] -- Up-to-date symlink: /home/ilex/Dev/VIST/src/robot/sdk/arm_teleop/install/lbot_arm_interfaces/include/lbot_arm_interfaces/lbot_arm_interfaces/srv/detail/move_jp__struct.h
[0.520s] -- Up-to-date symlink: /home/ilex/Dev/VIST/src/robot/sdk/arm_teleop/install/lbot_arm_interfaces/include/lbot_arm_interfaces/lbot_arm_interfaces/srv/detail/move_jp__type_support.h
[0.520s] -- Up-to-date symlink: /home/ilex/Dev/VIST/src/robot/sdk/arm_teleop/install/lbot_arm_interfaces/include/lbot_arm_interfaces/lbot_arm_interfaces/srv/detail/move_l__functions.h
[0.520s] -- Up-to-date symlink: /home/ilex/Dev/VIST/src/robot/sdk/arm_teleop/install/lbot_arm_interfaces/include/lbot_arm_interfaces/lbot_arm_interfaces/srv/detail/move_l__struct.h
[0.520s] -- Up-to-date symlink: /home/ilex/Dev/VIST/src/robot/sdk/arm_teleop/install/lbot_arm_interfaces/include/lbot_arm_interfaces/lbot_arm_interfaces/srv/detail/move_l__type_support.h
[0.520s] -- Up-to-date symlink: /home/ilex/Dev/VIST/src/robot/sdk/arm_teleop/install/lbot_arm_interfaces/include/lbot_arm_interfaces/lbot_arm_interfaces/srv/detail/set_emergency__functions.h
[0.520s] -- Up-to-date symlink: /home/ilex/Dev/VIST/src/robot/sdk/arm_teleop/install/lbot_arm_interfaces/include/lbot_arm_interfaces/lbot_arm_interfaces/srv/detail/set_emergency__struct.h
[0.520s] -- Up-to-date symlink: /home/ilex/Dev/VIST/src/robot/sdk/arm_teleop/install/lbot_arm_interfaces/include/lbot_arm_interfaces/lbot_arm_interfaces/srv/detail/set_emergency__type_support.h
[0.521s] -- Up-to-date symlink: /home/ilex/Dev/VIST/src/robot/sdk/arm_teleop/install/lbot_arm_interfaces/include/lbot_arm_interfaces/lbot_arm_interfaces/srv/detail/set_enable__functions.h
[0.521s] -- Up-to-date symlink: /home/ilex/Dev/VIST/src/robot/sdk/arm_teleop/install/lbot_arm_interfaces/include/lbot_arm_interfaces/lbot_arm_interfaces/srv/detail/set_enable__struct.h
[0.521s] -- Up-to-date symlink: /home/ilex/Dev/VIST/src/robot/sdk/arm_teleop/install/lbot_arm_interfaces/include/lbot_arm_interfaces/lbot_arm_interfaces/srv/detail/set_enable__type_support.h
[0.521s] -- Up-to-date symlink: /home/ilex/Dev/VIST/src/robot/sdk/arm_teleop/install/lbot_arm_interfaces/include/lbot_arm_interfaces/lbot_arm_interfaces/srv/detail/set_frame__functions.h
[0.521s] -- Up-to-date symlink: /home/ilex/Dev/VIST/src/robot/sdk/arm_teleop/install/lbot_arm_interfaces/include/lbot_arm_interfaces/lbot_arm_interfaces/srv/detail/set_frame__struct.h
[0.521s] -- Up-to-date symlink: /home/ilex/Dev/VIST/src/robot/sdk/arm_teleop/install/lbot_arm_interfaces/include/lbot_arm_interfaces/lbot_arm_interfaces/srv/detail/set_frame__type_support.h
[0.521s] -- Up-to-date symlink: /home/ilex/Dev/VIST/src/robot/sdk/arm_teleop/install/lbot_arm_interfaces/include/lbot_arm_interfaces/lbot_arm_interfaces/srv/detail/set_string__functions.h
[0.521s] -- Up-to-date symlink: /home/ilex/Dev/VIST/src/robot/sdk/arm_teleop/install/lbot_arm_interfaces/include/lbot_arm_interfaces/lbot_arm_interfaces/srv/detail/set_string__struct.h
[0.521s] -- Up-to-date symlink: /home/ilex/Dev/VIST/src/robot/sdk/arm_teleop/install/lbot_arm_interfaces/include/lbot_arm_interfaces/lbot_arm_interfaces/srv/detail/set_string__type_support.h
[0.521s] -- Up-to-date symlink: /home/ilex/Dev/VIST/src/robot/sdk/arm_teleop/install/lbot_arm_interfaces/include/lbot_arm_interfaces/lbot_arm_interfaces/srv/detail/set_zero__functions.h
[0.521s] -- Up-to-date symlink: /home/ilex/Dev/VIST/src/robot/sdk/arm_teleop/install/lbot_arm_interfaces/include/lbot_arm_interfaces/lbot_arm_interfaces/srv/detail/set_zero__struct.h
[0.522s] -- Up-to-date symlink: /home/ilex/Dev/VIST/src/robot/sdk/arm_teleop/install/lbot_arm_interfaces/include/lbot_arm_interfaces/lbot_arm_interfaces/srv/detail/set_zero__type_support.h
[0.522s] -- Up-to-date symlink: /home/ilex/Dev/VIST/src/robot/sdk/arm_teleop/install/lbot_arm_interfaces/include/lbot_arm_interfaces/lbot_arm_interfaces/srv/forward_kinematics.h
[0.522s] -- Up-to-date symlink: /home/ilex/Dev/VIST/src/robot/sdk/arm_teleop/install/lbot_arm_interfaces/include/lbot_arm_interfaces/lbot_arm_interfaces/srv/get_all_frames.h
[0.522s] -- Up-to-date symlink: /home/ilex/Dev/VIST/src/robot/sdk/arm_teleop/install/lbot_arm_interfaces/include/lbot_arm_interfaces/lbot_arm_interfaces/srv/get_current_frame.h
[0.522s] -- Up-to-date symlink: /home/ilex/Dev/VIST/src/robot/sdk/arm_teleop/install/lbot_arm_interfaces/include/lbot_arm_interfaces/lbot_arm_interfaces/srv/get_frame.h
[0.522s] -- Up-to-date symlink: /home/ilex/Dev/VIST/src/robot/sdk/arm_teleop/install/lbot_arm_interfaces/include/lbot_arm_interfaces/lbot_arm_interfaces/srv/inverse_kinematics.h
[0.522s] -- Up-to-date symlink: /home/ilex/Dev/VIST/src/robot/sdk/arm_teleop/install/lbot_arm_interfaces/include/lbot_arm_interfaces/lbot_arm_interfaces/srv/move_c.h
[0.522s] -- Up-to-date symlink: /home/ilex/Dev/VIST/src/robot/sdk/arm_teleop/install/lbot_arm_interfaces/include/lbot_arm_interfaces/lbot_arm_interfaces/srv/move_j.h
[0.522s] -- Up-to-date symlink: /home/ilex/Dev/VIST/src/robot/sdk/arm_teleop/install/lbot_arm_interfaces/include/lbot_arm_interfaces/lbot_arm_interfaces/srv/move_jp.h
[0.522s] -- Up-to-date symlink: /home/ilex/Dev/VIST/src/robot/sdk/arm_teleop/install/lbot_arm_interfaces/include/lbot_arm_interfaces/lbot_arm_interfaces/srv/move_l.h
[0.523s] -- Up-to-date symlink: /home/ilex/Dev/VIST/src/robot/sdk/arm_teleop/install/lbot_arm_interfaces/include/lbot_arm_interfaces/lbot_arm_interfaces/srv/set_emergency.h
[0.523s] -- Up-to-date symlink: /home/ilex/Dev/VIST/src/robot/sdk/arm_teleop/install/lbot_arm_interfaces/include/lbot_arm_interfaces/lbot_arm_interfaces/srv/set_enable.h
[0.523s] -- Up-to-date symlink: /home/ilex/Dev/VIST/src/robot/sdk/arm_teleop/install/lbot_arm_interfaces/include/lbot_arm_interfaces/lbot_arm_interfaces/srv/set_frame.h
[0.523s] -- Up-to-date symlink: /home/ilex/Dev/VIST/src/robot/sdk/arm_teleop/install/lbot_arm_interfaces/include/lbot_arm_interfaces/lbot_arm_interfaces/srv/set_string.h
[0.523s] -- Up-to-date symlink: /home/ilex/Dev/VIST/src/robot/sdk/arm_teleop/install/lbot_arm_interfaces/include/lbot_arm_interfaces/lbot_arm_interfaces/srv/set_zero.h
[0.523s] -- Up-to-date symlink: /home/ilex/Dev/VIST/src/robot/sdk/arm_teleop/install/lbot_arm_interfaces/share/lbot_arm_interfaces/environment/library_path.sh
[0.523s] -- Up-to-date symlink: /home/ilex/Dev/VIST/src/robot/sdk/arm_teleop/install/lbot_arm_interfaces/share/lbot_arm_interfaces/environment/library_path.dsv
[0.523s] -- Up-to-date symlink: /home/ilex/Dev/VIST/src/robot/sdk/arm_teleop/install/lbot_arm_interfaces/include/lbot_arm_interfaces/lbot_arm_interfaces/msg/detail/arm_state__rosidl_typesupport_fastrtps_c.h
[0.523s] -- Up-to-date symlink: /home/ilex/Dev/VIST/src/robot/sdk/arm_teleop/install/lbot_arm_interfaces/include/lbot_arm_interfaces/lbot_arm_interfaces/msg/detail/follow_joint__rosidl_typesupport_fastrtps_c.h
[0.523s] -- Up-to-date symlink: /home/ilex/Dev/VIST/src/robot/sdk/arm_teleop/install/lbot_arm_interfaces/include/lbot_arm_interfaces/lbot_arm_interfaces/msg/detail/lbot_frame__rosidl_typesupport_fastrtps_c.h
[0.523s] -- Up-to-date symlink: /home/ilex/Dev/VIST/src/robot/sdk/arm_teleop/install/lbot_arm_interfaces/include/lbot_arm_interfaces/lbot_arm_interfaces/msg/detail/lbot_pose__rosidl_typesupport_fastrtps_c.h
[0.523s] -- Up-to-date symlink: /home/ilex/Dev/VIST/src/robot/sdk/arm_teleop/install/lbot_arm_interfaces/include/lbot_arm_interfaces/lbot_arm_interfaces/msg/rosidl_typesupport_fastrtps_c__visibility_control.h
[0.523s] -- Up-to-date symlink: /home/ilex/Dev/VIST/src/robot/sdk/arm_teleop/install/lbot_arm_interfaces/include/lbot_arm_interfaces/lbot_arm_interfaces/srv/detail/change_frame__rosidl_typesupport_fastrtps_c.h
[0.524s] -- Up-to-date symlink: /home/ilex/Dev/VIST/src/robot/sdk/arm_teleop/install/lbot_arm_interfaces/include/lbot_arm_interfaces/lbot_arm_interfaces/srv/detail/delete_frame__rosidl_typesupport_fastrtps_c.h
[0.524s] -- Up-to-date symlink: /home/ilex/Dev/VIST/src/robot/sdk/arm_teleop/install/lbot_arm_interfaces/include/lbot_arm_interfaces/lbot_arm_interfaces/srv/detail/forward_kinematics__rosidl_typesupport_fastrtps_c.h
[0.524s] -- Up-to-date symlink: /home/ilex/Dev/VIST/src/robot/sdk/arm_teleop/install/lbot_arm_interfaces/include/lbot_arm_interfaces/lbot_arm_interfaces/srv/detail/get_all_frames__rosidl_typesupport_fastrtps_c.h
[0.524s] -- Up-to-date symlink: /home/ilex/Dev/VIST/src/robot/sdk/arm_teleop/install/lbot_arm_interfaces/include/lbot_arm_interfaces/lbot_arm_interfaces/srv/detail/get_current_frame__rosidl_typesupport_fastrtps_c.h
[0.524s] -- Up-to-date symlink: /home/ilex/Dev/VIST/src/robot/sdk/arm_teleop/install/lbot_arm_interfaces/include/lbot_arm_interfaces/lbot_arm_interfaces/srv/detail/get_frame__rosidl_typesupport_fastrtps_c.h
[0.524s] -- Up-to-date symlink: /home/ilex/Dev/VIST/src/robot/sdk/arm_teleop/install/lbot_arm_interfaces/include/lbot_arm_interfaces/lbot_arm_interfaces/srv/detail/inverse_kinematics__rosidl_typesupport_fastrtps_c.h
[0.524s] -- Up-to-date symlink: /home/ilex/Dev/VIST/src/robot/sdk/arm_teleop/install/lbot_arm_interfaces/include/lbot_arm_interfaces/lbot_arm_interfaces/srv/detail/move_c__rosidl_typesupport_fastrtps_c.h
[0.524s] -- Up-to-date symlink: /home/ilex/Dev/VIST/src/robot/sdk/arm_teleop/install/lbot_arm_interfaces/include/lbot_arm_interfaces/lbot_arm_interfaces/srv/detail/move_j__rosidl_typesupport_fastrtps_c.h
[0.524s] -- Up-to-date symlink: /home/ilex/Dev/VIST/src/robot/sdk/arm_teleop/install/lbot_arm_interfaces/include/lbot_arm_interfaces/lbot_arm_interfaces/srv/detail/move_jp__rosidl_typesupport_fastrtps_c.h
[0.524s] -- Up-to-date symlink: /home/ilex/Dev/VIST/src/robot/sdk/arm_teleop/install/lbot_arm_interfaces/include/lbot_arm_interfaces/lbot_arm_interfaces/srv/detail/move_l__rosidl_typesupport_fastrtps_c.h
[0.525s] -- Up-to-date symlink: /home/ilex/Dev/VIST/src/robot/sdk/arm_teleop/install/lbot_arm_interfaces/include/lbot_arm_interfaces/lbot_arm_interfaces/srv/detail/set_emergency__rosidl_typesupport_fastrtps_c.h
[0.525s] -- Up-to-date symlink: /home/ilex/Dev/VIST/src/robot/sdk/arm_teleop/install/lbot_arm_interfaces/include/lbot_arm_interfaces/lbot_arm_interfaces/srv/detail/set_enable__rosidl_typesupport_fastrtps_c.h
[0.525s] -- Up-to-date symlink: /home/ilex/Dev/VIST/src/robot/sdk/arm_teleop/install/lbot_arm_interfaces/include/lbot_arm_interfaces/lbot_arm_interfaces/srv/detail/set_frame__rosidl_typesupport_fastrtps_c.h
[0.525s] -- Up-to-date symlink: /home/ilex/Dev/VIST/src/robot/sdk/arm_teleop/install/lbot_arm_interfaces/include/lbot_arm_interfaces/lbot_arm_interfaces/srv/detail/set_string__rosidl_typesupport_fastrtps_c.h
[0.525s] -- Up-to-date symlink: /home/ilex/Dev/VIST/src/robot/sdk/arm_teleop/install/lbot_arm_interfaces/include/lbot_arm_interfaces/lbot_arm_interfaces/srv/detail/set_zero__rosidl_typesupport_fastrtps_c.h
[0.525s] -- Up-to-date symlink: /home/ilex/Dev/VIST/src/robot/sdk/arm_teleop/install/lbot_arm_interfaces/include/lbot_arm_interfaces/lbot_arm_interfaces/msg/arm_state.hpp
[0.525s] -- Up-to-date symlink: /home/ilex/Dev/VIST/src/robot/sdk/arm_teleop/install/lbot_arm_interfaces/include/lbot_arm_interfaces/lbot_arm_interfaces/msg/detail/arm_state__builder.hpp
[0.525s] -- Up-to-date symlink: /home/ilex/Dev/VIST/src/robot/sdk/arm_teleop/install/lbot_arm_interfaces/include/lbot_arm_interfaces/lbot_arm_interfaces/msg/detail/arm_state__struct.hpp
[0.525s] -- Up-to-date symlink: /home/ilex/Dev/VIST/src/robot/sdk/arm_teleop/install/lbot_arm_interfaces/include/lbot_arm_interfaces/lbot_arm_interfaces/msg/detail/arm_state__traits.hpp
[0.525s] -- Up-to-date symlink: /home/ilex/Dev/VIST/src/robot/sdk/arm_teleop/install/lbot_arm_interfaces/include/lbot_arm_interfaces/lbot_arm_interfaces/msg/detail/arm_state__type_support.hpp
[0.526s] -- Up-to-date symlink: /home/ilex/Dev/VIST/src/robot/sdk/arm_teleop/install/lbot_arm_interfaces/include/lbot_arm_interfaces/lbot_arm_interfaces/msg/detail/follow_joint__builder.hpp
[0.526s] -- Up-to-date symlink: /home/ilex/Dev/VIST/src/robot/sdk/arm_teleop/install/lbot_arm_interfaces/include/lbot_arm_interfaces/lbot_arm_interfaces/msg/detail/follow_joint__struct.hpp
[0.526s] -- Up-to-date symlink: /home/ilex/Dev/VIST/src/robot/sdk/arm_teleop/install/lbot_arm_interfaces/include/lbot_arm_interfaces/lbot_arm_interfaces/msg/detail/follow_joint__traits.hpp
[0.526s] -- Up-to-date symlink: /home/ilex/Dev/VIST/src/robot/sdk/arm_teleop/install/lbot_arm_interfaces/include/lbot_arm_interfaces/lbot_arm_interfaces/msg/detail/follow_joint__type_support.hpp
[0.526s] -- Up-to-date symlink: /home/ilex/Dev/VIST/src/robot/sdk/arm_teleop/install/lbot_arm_interfaces/include/lbot_arm_interfaces/lbot_arm_interfaces/msg/detail/lbot_frame__builder.hpp
[0.526s] -- Up-to-date symlink: /home/ilex/Dev/VIST/src/robot/sdk/arm_teleop/install/lbot_arm_interfaces/include/lbot_arm_interfaces/lbot_arm_interfaces/msg/detail/lbot_frame__struct.hpp
[0.526s] -- Up-to-date symlink: /home/ilex/Dev/VIST/src/robot/sdk/arm_teleop/install/lbot_arm_interfaces/include/lbot_arm_interfaces/lbot_arm_interfaces/msg/detail/lbot_frame__traits.hpp
[0.526s] -- Up-to-date symlink: /home/ilex/Dev/VIST/src/robot/sdk/arm_teleop/install/lbot_arm_interfaces/include/lbot_arm_interfaces/lbot_arm_interfaces/msg/detail/lbot_frame__type_support.hpp
[0.526s] -- Up-to-date symlink: /home/ilex/Dev/VIST/src/robot/sdk/arm_teleop/install/lbot_arm_interfaces/include/lbot_arm_interfaces/lbot_arm_interfaces/msg/detail/lbot_pose__builder.hpp
[0.526s] -- Up-to-date symlink: /home/ilex/Dev/VIST/src/robot/sdk/arm_teleop/install/lbot_arm_interfaces/include/lbot_arm_interfaces/lbot_arm_interfaces/msg/detail/lbot_pose__struct.hpp
[0.526s] -- Up-to-date symlink: /home/ilex/Dev/VIST/src/robot/sdk/arm_teleop/install/lbot_arm_interfaces/include/lbot_arm_interfaces/lbot_arm_interfaces/msg/detail/lbot_pose__traits.hpp
[0.527s] -- Up-to-date symlink: /home/ilex/Dev/VIST/src/robot/sdk/arm_teleop/install/lbot_arm_interfaces/include/lbot_arm_interfaces/lbot_arm_interfaces/msg/detail/lbot_pose__type_support.hpp
[0.527s] -- Up-to-date symlink: /home/ilex/Dev/VIST/src/robot/sdk/arm_teleop/install/lbot_arm_interfaces/include/lbot_arm_interfaces/lbot_arm_interfaces/msg/follow_joint.hpp
[0.527s] -- Up-to-date symlink: /home/ilex/Dev/VIST/src/robot/sdk/arm_teleop/install/lbot_arm_interfaces/include/lbot_arm_interfaces/lbot_arm_interfaces/msg/lbot_frame.hpp
[0.527s] -- Up-to-date symlink: /home/ilex/Dev/VIST/src/robot/sdk/arm_teleop/install/lbot_arm_interfaces/include/lbot_arm_interfaces/lbot_arm_interfaces/msg/lbot_pose.hpp
[0.527s] -- Up-to-date symlink: /home/ilex/Dev/VIST/src/robot/sdk/arm_teleop/install/lbot_arm_interfaces/include/lbot_arm_interfaces/lbot_arm_interfaces/msg/rosidl_generator_cpp__visibility_control.hpp
[0.527s] -- Up-to-date symlink: /home/ilex/Dev/VIST/src/robot/sdk/arm_teleop/install/lbot_arm_interfaces/include/lbot_arm_interfaces/lbot_arm_interfaces/srv/change_frame.hpp
[0.527s] -- Up-to-date symlink: /home/ilex/Dev/VIST/src/robot/sdk/arm_teleop/install/lbot_arm_interfaces/include/lbot_arm_interfaces/lbot_arm_interfaces/srv/delete_frame.hpp
[0.527s] -- Up-to-date symlink: /home/ilex/Dev/VIST/src/robot/sdk/arm_teleop/install/lbot_arm_interfaces/include/lbot_arm_interfaces/lbot_arm_interfaces/srv/detail/change_frame__builder.hpp
[0.527s] -- Up-to-date symlink: /home/ilex/Dev/VIST/src/robot/sdk/arm_teleop/install/lbot_arm_interfaces/include/lbot_arm_interfaces/lbot_arm_interfaces/srv/detail/change_frame__struct.hpp
[0.527s] -- Up-to-date symlink: /home/ilex/Dev/VIST/src/robot/sdk/arm_teleop/install/lbot_arm_interfaces/include/lbot_arm_interfaces/lbot_arm_interfaces/srv/detail/change_frame__traits.hpp
[0.528s] -- Up-to-date symlink: /home/ilex/Dev/VIST/src/robot/sdk/arm_teleop/install/lbot_arm_interfaces/include/lbot_arm_interfaces/lbot_arm_interfaces/srv/detail/change_frame__type_support.hpp
[0.528s] -- Up-to-date symlink: /home/ilex/Dev/VIST/src/robot/sdk/arm_teleop/install/lbot_arm_interfaces/include/lbot_arm_interfaces/lbot_arm_interfaces/srv/detail/delete_frame__builder.hpp
[0.528s] -- Up-to-date symlink: /home/ilex/Dev/VIST/src/robot/sdk/arm_teleop/install/lbot_arm_interfaces/include/lbot_arm_interfaces/lbot_arm_interfaces/srv/detail/delete_frame__struct.hpp
[0.528s] -- Up-to-date symlink: /home/ilex/Dev/VIST/src/robot/sdk/arm_teleop/install/lbot_arm_interfaces/include/lbot_arm_interfaces/lbot_arm_interfaces/srv/detail/delete_frame__traits.hpp
[0.528s] -- Up-to-date symlink: /home/ilex/Dev/VIST/src/robot/sdk/arm_teleop/install/lbot_arm_interfaces/include/lbot_arm_interfaces/lbot_arm_interfaces/srv/detail/delete_frame__type_support.hpp
[0.528s] -- Up-to-date symlink: /home/ilex/Dev/VIST/src/robot/sdk/arm_teleop/install/lbot_arm_interfaces/include/lbot_arm_interfaces/lbot_arm_interfaces/srv/detail/forward_kinematics__builder.hpp
[0.528s] -- Up-to-date symlink: /home/ilex/Dev/VIST/src/robot/sdk/arm_teleop/install/lbot_arm_interfaces/include/lbot_arm_interfaces/lbot_arm_interfaces/srv/detail/forward_kinematics__struct.hpp
[0.528s] -- Up-to-date symlink: /home/ilex/Dev/VIST/src/robot/sdk/arm_teleop/install/lbot_arm_interfaces/include/lbot_arm_interfaces/lbot_arm_interfaces/srv/detail/forward_kinematics__traits.hpp
[0.529s] -- Up-to-date symlink: /home/ilex/Dev/VIST/src/robot/sdk/arm_teleop/install/lbot_arm_interfaces/include/lbot_arm_interfaces/lbot_arm_interfaces/srv/detail/forward_kinematics__type_support.hpp
[0.529s] -- Up-to-date symlink: /home/ilex/Dev/VIST/src/robot/sdk/arm_teleop/install/lbot_arm_interfaces/include/lbot_arm_interfaces/lbot_arm_interfaces/srv/detail/get_all_frames__builder.hpp
[0.529s] -- Up-to-date symlink: /home/ilex/Dev/VIST/src/robot/sdk/arm_teleop/install/lbot_arm_interfaces/include/lbot_arm_interfaces/lbot_arm_interfaces/srv/detail/get_all_frames__struct.hpp
[0.529s] -- Up-to-date symlink: /home/ilex/Dev/VIST/src/robot/sdk/arm_teleop/install/lbot_arm_interfaces/include/lbot_arm_interfaces/lbot_arm_interfaces/srv/detail/get_all_frames__traits.hpp
[0.529s] -- Up-to-date symlink: /home/ilex/Dev/VIST/src/robot/sdk/arm_teleop/install/lbot_arm_interfaces/include/lbot_arm_interfaces/lbot_arm_interfaces/srv/detail/get_all_frames__type_support.hpp
[0.529s] -- Up-to-date symlink: /home/ilex/Dev/VIST/src/robot/sdk/arm_teleop/install/lbot_arm_interfaces/include/lbot_arm_interfaces/lbot_arm_interfaces/srv/detail/get_current_frame__builder.hpp
[0.529s] -- Up-to-date symlink: /home/ilex/Dev/VIST/src/robot/sdk/arm_teleop/install/lbot_arm_interfaces/include/lbot_arm_interfaces/lbot_arm_interfaces/srv/detail/get_current_frame__struct.hpp
[0.529s] -- Up-to-date symlink: /home/ilex/Dev/VIST/src/robot/sdk/arm_teleop/install/lbot_arm_interfaces/include/lbot_arm_interfaces/lbot_arm_interfaces/srv/detail/get_current_frame__traits.hpp
[0.529s] -- Up-to-date symlink: /home/ilex/Dev/VIST/src/robot/sdk/arm_teleop/install/lbot_arm_interfaces/include/lbot_arm_interfaces/lbot_arm_interfaces/srv/detail/get_current_frame__type_support.hpp
[0.529s] -- Up-to-date symlink: /home/ilex/Dev/VIST/src/robot/sdk/arm_teleop/install/lbot_arm_interfaces/include/lbot_arm_interfaces/lbot_arm_interfaces/srv/detail/get_frame__builder.hpp
[0.530s] -- Up-to-date symlink: /home/ilex/Dev/VIST/src/robot/sdk/arm_teleop/install/lbot_arm_interfaces/include/lbot_arm_interfaces/lbot_arm_interfaces/srv/detail/get_frame__struct.hpp
[0.530s] -- Up-to-date symlink: /home/ilex/Dev/VIST/src/robot/sdk/arm_teleop/install/lbot_arm_interfaces/include/lbot_arm_interfaces/lbot_arm_interfaces/srv/detail/get_frame__traits.hpp
[0.530s] -- Up-to-date symlink: /home/ilex/Dev/VIST/src/robot/sdk/arm_teleop/install/lbot_arm_interfaces/include/lbot_arm_interfaces/lbot_arm_interfaces/srv/detail/get_frame__type_support.hpp
[0.530s] -- Up-to-date symlink: /home/ilex/Dev/VIST/src/robot/sdk/arm_teleop/install/lbot_arm_interfaces/include/lbot_arm_interfaces/lbot_arm_interfaces/srv/detail/inverse_kinematics__builder.hpp
[0.530s] -- Up-to-date symlink: /home/ilex/Dev/VIST/src/robot/sdk/arm_teleop/install/lbot_arm_interfaces/include/lbot_arm_interfaces/lbot_arm_interfaces/srv/detail/inverse_kinematics__struct.hpp
[0.530s] -- Up-to-date symlink: /home/ilex/Dev/VIST/src/robot/sdk/arm_teleop/install/lbot_arm_interfaces/include/lbot_arm_interfaces/lbot_arm_interfaces/srv/detail/inverse_kinematics__traits.hpp
[0.530s] -- Up-to-date symlink: /home/ilex/Dev/VIST/src/robot/sdk/arm_teleop/install/lbot_arm_interfaces/include/lbot_arm_interfaces/lbot_arm_interfaces/srv/detail/inverse_kinematics__type_support.hpp
[0.530s] -- Up-to-date symlink: /home/ilex/Dev/VIST/src/robot/sdk/arm_teleop/install/lbot_arm_interfaces/include/lbot_arm_interfaces/lbot_arm_interfaces/srv/detail/move_c__builder.hpp
[0.531s] -- Up-to-date symlink: /home/ilex/Dev/VIST/src/robot/sdk/arm_teleop/install/lbot_arm_interfaces/include/lbot_arm_interfaces/lbot_arm_interfaces/srv/detail/move_c__struct.hpp
[0.531s] -- Up-to-date symlink: /home/ilex/Dev/VIST/src/robot/sdk/arm_teleop/install/lbot_arm_interfaces/include/lbot_arm_interfaces/lbot_arm_interfaces/srv/detail/move_c__traits.hpp
[0.531s] -- Up-to-date symlink: /home/ilex/Dev/VIST/src/robot/sdk/arm_teleop/install/lbot_arm_interfaces/include/lbot_arm_interfaces/lbot_arm_interfaces/srv/detail/move_c__type_support.hpp
[0.531s] -- Up-to-date symlink: /home/ilex/Dev/VIST/src/robot/sdk/arm_teleop/install/lbot_arm_interfaces/include/lbot_arm_interfaces/lbot_arm_interfaces/srv/detail/move_j__builder.hpp
[0.531s] -- Up-to-date symlink: /home/ilex/Dev/VIST/src/robot/sdk/arm_teleop/install/lbot_arm_interfaces/include/lbot_arm_interfaces/lbot_arm_interfaces/srv/detail/move_j__struct.hpp
[0.531s] -- Up-to-date symlink: /home/ilex/Dev/VIST/src/robot/sdk/arm_teleop/install/lbot_arm_interfaces/include/lbot_arm_interfaces/lbot_arm_interfaces/srv/detail/move_j__traits.hpp
[0.531s] -- Up-to-date symlink: /home/ilex/Dev/VIST/src/robot/sdk/arm_teleop/install/lbot_arm_interfaces/include/lbot_arm_interfaces/lbot_arm_interfaces/srv/detail/move_j__type_support.hpp
[0.531s] -- Up-to-date symlink: /home/ilex/Dev/VIST/src/robot/sdk/arm_teleop/install/lbot_arm_interfaces/include/lbot_arm_interfaces/lbot_arm_interfaces/srv/detail/move_jp__builder.hpp
[0.531s] -- Up-to-date symlink: /home/ilex/Dev/VIST/src/robot/sdk/arm_teleop/install/lbot_arm_interfaces/include/lbot_arm_interfaces/lbot_arm_interfaces/srv/detail/move_jp__struct.hpp
[0.531s] -- Up-to-date symlink: /home/ilex/Dev/VIST/src/robot/sdk/arm_teleop/install/lbot_arm_interfaces/include/lbot_arm_interfaces/lbot_arm_interfaces/srv/detail/move_jp__traits.hpp
[0.531s] -- Up-to-date symlink: /home/ilex/Dev/VIST/src/robot/sdk/arm_teleop/install/lbot_arm_interfaces/include/lbot_arm_interfaces/lbot_arm_interfaces/srv/detail/move_jp__type_support.hpp
[0.531s] -- Up-to-date symlink: /home/ilex/Dev/VIST/src/robot/sdk/arm_teleop/install/lbot_arm_interfaces/include/lbot_arm_interfaces/lbot_arm_interfaces/srv/detail/move_l__builder.hpp
[0.531s] -- Up-to-date symlink: /home/ilex/Dev/VIST/src/robot/sdk/arm_teleop/install/lbot_arm_interfaces/include/lbot_arm_interfaces/lbot_arm_interfaces/srv/detail/move_l__struct.hpp
[0.531s] -- Up-to-date symlink: /home/ilex/Dev/VIST/src/robot/sdk/arm_teleop/install/lbot_arm_interfaces/include/lbot_arm_interfaces/lbot_arm_interfaces/srv/detail/move_l__traits.hpp
[0.532s] -- Up-to-date symlink: /home/ilex/Dev/VIST/src/robot/sdk/arm_teleop/install/lbot_arm_interfaces/include/lbot_arm_interfaces/lbot_arm_interfaces/srv/detail/move_l__type_support.hpp
[0.532s] -- Up-to-date symlink: /home/ilex/Dev/VIST/src/robot/sdk/arm_teleop/install/lbot_arm_interfaces/include/lbot_arm_interfaces/lbot_arm_interfaces/srv/detail/set_emergency__builder.hpp
[0.532s] -- Up-to-date symlink: /home/ilex/Dev/VIST/src/robot/sdk/arm_teleop/install/lbot_arm_interfaces/include/lbot_arm_interfaces/lbot_arm_interfaces/srv/detail/set_emergency__struct.hpp
[0.532s] -- Up-to-date symlink: /home/ilex/Dev/VIST/src/robot/sdk/arm_teleop/install/lbot_arm_interfaces/include/lbot_arm_interfaces/lbot_arm_interfaces/srv/detail/set_emergency__traits.hpp
[0.532s] -- Up-to-date symlink: /home/ilex/Dev/VIST/src/robot/sdk/arm_teleop/install/lbot_arm_interfaces/include/lbot_arm_interfaces/lbot_arm_interfaces/srv/detail/set_emergency__type_support.hpp
[0.532s] -- Up-to-date symlink: /home/ilex/Dev/VIST/src/robot/sdk/arm_teleop/install/lbot_arm_interfaces/include/lbot_arm_interfaces/lbot_arm_interfaces/srv/detail/set_enable__builder.hpp
[0.532s] -- Up-to-date symlink: /home/ilex/Dev/VIST/src/robot/sdk/arm_teleop/install/lbot_arm_interfaces/include/lbot_arm_interfaces/lbot_arm_interfaces/srv/detail/set_enable__struct.hpp
[0.532s] -- Up-to-date symlink: /home/ilex/Dev/VIST/src/robot/sdk/arm_teleop/install/lbot_arm_interfaces/include/lbot_arm_interfaces/lbot_arm_interfaces/srv/detail/set_enable__traits.hpp
[0.532s] -- Up-to-date symlink: /home/ilex/Dev/VIST/src/robot/sdk/arm_teleop/install/lbot_arm_interfaces/include/lbot_arm_interfaces/lbot_arm_interfaces/srv/detail/set_enable__type_support.hpp
[0.532s] -- Up-to-date symlink: /home/ilex/Dev/VIST/src/robot/sdk/arm_teleop/install/lbot_arm_interfaces/include/lbot_arm_interfaces/lbot_arm_interfaces/srv/detail/set_frame__builder.hpp
[0.532s] -- Up-to-date symlink: /home/ilex/Dev/VIST/src/robot/sdk/arm_teleop/install/lbot_arm_interfaces/include/lbot_arm_interfaces/lbot_arm_interfaces/srv/detail/set_frame__struct.hpp
[0.532s] -- Up-to-date symlink: /home/ilex/Dev/VIST/src/robot/sdk/arm_teleop/install/lbot_arm_interfaces/include/lbot_arm_interfaces/lbot_arm_interfaces/srv/detail/set_frame__traits.hpp
[0.533s] -- Up-to-date symlink: /home/ilex/Dev/VIST/src/robot/sdk/arm_teleop/install/lbot_arm_interfaces/include/lbot_arm_interfaces/lbot_arm_interfaces/srv/detail/set_frame__type_support.hpp
[0.533s] -- Up-to-date symlink: /home/ilex/Dev/VIST/src/robot/sdk/arm_teleop/install/lbot_arm_interfaces/include/lbot_arm_interfaces/lbot_arm_interfaces/srv/detail/set_string__builder.hpp
[0.533s] -- Up-to-date symlink: /home/ilex/Dev/VIST/src/robot/sdk/arm_teleop/install/lbot_arm_interfaces/include/lbot_arm_interfaces/lbot_arm_interfaces/srv/detail/set_string__struct.hpp
[0.533s] -- Up-to-date symlink: /home/ilex/Dev/VIST/src/robot/sdk/arm_teleop/install/lbot_arm_interfaces/include/lbot_arm_interfaces/lbot_arm_interfaces/srv/detail/set_string__traits.hpp
[0.533s] -- Up-to-date symlink: /home/ilex/Dev/VIST/src/robot/sdk/arm_teleop/install/lbot_arm_interfaces/include/lbot_arm_interfaces/lbot_arm_interfaces/srv/detail/set_string__type_support.hpp
[0.533s] -- Up-to-date symlink: /home/ilex/Dev/VIST/src/robot/sdk/arm_teleop/install/lbot_arm_interfaces/include/lbot_arm_interfaces/lbot_arm_interfaces/srv/detail/set_zero__builder.hpp
[0.533s] -- Up-to-date symlink: /home/ilex/Dev/VIST/src/robot/sdk/arm_teleop/install/lbot_arm_interfaces/include/lbot_arm_interfaces/lbot_arm_interfaces/srv/detail/set_zero__struct.hpp
[0.533s] -- Up-to-date symlink: /home/ilex/Dev/VIST/src/robot/sdk/arm_teleop/install/lbot_arm_interfaces/include/lbot_arm_interfaces/lbot_arm_interfaces/srv/detail/set_zero__traits.hpp
[0.534s] -- Up-to-date symlink: /home/ilex/Dev/VIST/src/robot/sdk/arm_teleop/install/lbot_arm_interfaces/include/lbot_arm_interfaces/lbot_arm_interfaces/srv/detail/set_zero__type_support.hpp
[0.534s] -- Up-to-date symlink: /home/ilex/Dev/VIST/src/robot/sdk/arm_teleop/install/lbot_arm_interfaces/include/lbot_arm_interfaces/lbot_arm_interfaces/srv/forward_kinematics.hpp
[0.534s] -- Up-to-date symlink: /home/ilex/Dev/VIST/src/robot/sdk/arm_teleop/install/lbot_arm_interfaces/include/lbot_arm_interfaces/lbot_arm_interfaces/srv/get_all_frames.hpp
[0.534s] -- Up-to-date symlink: /home/ilex/Dev/VIST/src/robot/sdk/arm_teleop/install/lbot_arm_interfaces/include/lbot_arm_interfaces/lbot_arm_interfaces/srv/get_current_frame.hpp
[0.534s] -- Up-to-date symlink: /home/ilex/Dev/VIST/src/robot/sdk/arm_teleop/install/lbot_arm_interfaces/include/lbot_arm_interfaces/lbot_arm_interfaces/srv/get_frame.hpp
[0.534s] -- Up-to-date symlink: /home/ilex/Dev/VIST/src/robot/sdk/arm_teleop/install/lbot_arm_interfaces/include/lbot_arm_interfaces/lbot_arm_interfaces/srv/inverse_kinematics.hpp
[0.534s] -- Up-to-date symlink: /home/ilex/Dev/VIST/src/robot/sdk/arm_teleop/install/lbot_arm_interfaces/include/lbot_arm_interfaces/lbot_arm_interfaces/srv/move_c.hpp
[0.534s] -- Up-to-date symlink: /home/ilex/Dev/VIST/src/robot/sdk/arm_teleop/install/lbot_arm_interfaces/include/lbot_arm_interfaces/lbot_arm_interfaces/srv/move_j.hpp
[0.534s] -- Up-to-date symlink: /home/ilex/Dev/VIST/src/robot/sdk/arm_teleop/install/lbot_arm_interfaces/include/lbot_arm_interfaces/lbot_arm_interfaces/srv/move_jp.hpp
[0.534s] -- Up-to-date symlink: /home/ilex/Dev/VIST/src/robot/sdk/arm_teleop/install/lbot_arm_interfaces/include/lbot_arm_interfaces/lbot_arm_interfaces/srv/move_l.hpp
[0.534s] -- Up-to-date symlink: /home/ilex/Dev/VIST/src/robot/sdk/arm_teleop/install/lbot_arm_interfaces/include/lbot_arm_interfaces/lbot_arm_interfaces/srv/set_emergency.hpp
[0.535s] -- Up-to-date symlink: /home/ilex/Dev/VIST/src/robot/sdk/arm_teleop/install/lbot_arm_interfaces/include/lbot_arm_interfaces/lbot_arm_interfaces/srv/set_enable.hpp
[0.535s] -- Up-to-date symlink: /home/ilex/Dev/VIST/src/robot/sdk/arm_teleop/install/lbot_arm_interfaces/include/lbot_arm_interfaces/lbot_arm_interfaces/srv/set_frame.hpp
[0.535s] -- Up-to-date symlink: /home/ilex/Dev/VIST/src/robot/sdk/arm_teleop/install/lbot_arm_interfaces/include/lbot_arm_interfaces/lbot_arm_interfaces/srv/set_string.hpp
[0.535s] -- Up-to-date symlink: /home/ilex/Dev/VIST/src/robot/sdk/arm_teleop/install/lbot_arm_interfaces/include/lbot_arm_interfaces/lbot_arm_interfaces/srv/set_zero.hpp
[0.535s] -- Up-to-date symlink: /home/ilex/Dev/VIST/src/robot/sdk/arm_teleop/install/lbot_arm_interfaces/include/lbot_arm_interfaces/lbot_arm_interfaces/msg/detail/arm_state__rosidl_typesupport_fastrtps_cpp.hpp
[0.535s] -- Up-to-date symlink: /home/ilex/Dev/VIST/src/robot/sdk/arm_teleop/install/lbot_arm_interfaces/include/lbot_arm_interfaces/lbot_arm_interfaces/msg/detail/follow_joint__rosidl_typesupport_fastrtps_cpp.hpp
[0.535s] -- Up-to-date symlink: /home/ilex/Dev/VIST/src/robot/sdk/arm_teleop/install/lbot_arm_interfaces/include/lbot_arm_interfaces/lbot_arm_interfaces/msg/detail/lbot_frame__rosidl_typesupport_fastrtps_cpp.hpp
[0.535s] -- Up-to-date symlink: /home/ilex/Dev/VIST/src/robot/sdk/arm_teleop/install/lbot_arm_interfaces/include/lbot_arm_interfaces/lbot_arm_interfaces/msg/detail/lbot_pose__rosidl_typesupport_fastrtps_cpp.hpp
[0.535s] -- Up-to-date symlink: /home/ilex/Dev/VIST/src/robot/sdk/arm_teleop/install/lbot_arm_interfaces/include/lbot_arm_interfaces/lbot_arm_interfaces/msg/rosidl_typesupport_fastrtps_cpp__visibility_control.h
[0.535s] -- Up-to-date symlink: /home/ilex/Dev/VIST/src/robot/sdk/arm_teleop/install/lbot_arm_interfaces/include/lbot_arm_interfaces/lbot_arm_interfaces/srv/detail/change_frame__rosidl_typesupport_fastrtps_cpp.hpp
[0.535s] -- Up-to-date symlink: /home/ilex/Dev/VIST/src/robot/sdk/arm_teleop/install/lbot_arm_interfaces/include/lbot_arm_interfaces/lbot_arm_interfaces/srv/detail/delete_frame__rosidl_typesupport_fastrtps_cpp.hpp
[0.536s] -- Up-to-date symlink: /home/ilex/Dev/VIST/src/robot/sdk/arm_teleop/install/lbot_arm_interfaces/include/lbot_arm_interfaces/lbot_arm_interfaces/srv/detail/forward_kinematics__rosidl_typesupport_fastrtps_cpp.hpp
[0.536s] -- Up-to-date symlink: /home/ilex/Dev/VIST/src/robot/sdk/arm_teleop/install/lbot_arm_interfaces/include/lbot_arm_interfaces/lbot_arm_interfaces/srv/detail/get_all_frames__rosidl_typesupport_fastrtps_cpp.hpp
[0.536s] -- Up-to-date symlink: /home/ilex/Dev/VIST/src/robot/sdk/arm_teleop/install/lbot_arm_interfaces/include/lbot_arm_interfaces/lbot_arm_interfaces/srv/detail/get_current_frame__rosidl_typesupport_fastrtps_cpp.hpp
[0.536s] -- Up-to-date symlink: /home/ilex/Dev/VIST/src/robot/sdk/arm_teleop/install/lbot_arm_interfaces/include/lbot_arm_interfaces/lbot_arm_interfaces/srv/detail/get_frame__rosidl_typesupport_fastrtps_cpp.hpp
[0.536s] -- Up-to-date symlink: /home/ilex/Dev/VIST/src/robot/sdk/arm_teleop/install/lbot_arm_interfaces/include/lbot_arm_interfaces/lbot_arm_interfaces/srv/detail/inverse_kinematics__rosidl_typesupport_fastrtps_cpp.hpp
[0.536s] -- Up-to-date symlink: /home/ilex/Dev/VIST/src/robot/sdk/arm_teleop/install/lbot_arm_interfaces/include/lbot_arm_interfaces/lbot_arm_interfaces/srv/detail/move_c__rosidl_typesupport_fastrtps_cpp.hpp
[0.536s] -- Up-to-date symlink: /home/ilex/Dev/VIST/src/robot/sdk/arm_teleop/install/lbot_arm_interfaces/include/lbot_arm_interfaces/lbot_arm_interfaces/srv/detail/move_j__rosidl_typesupport_fastrtps_cpp.hpp
[0.536s] -- Up-to-date symlink: /home/ilex/Dev/VIST/src/robot/sdk/arm_teleop/install/lbot_arm_interfaces/include/lbot_arm_interfaces/lbot_arm_interfaces/srv/detail/move_jp__rosidl_typesupport_fastrtps_cpp.hpp
[0.536s] -- Up-to-date symlink: /home/ilex/Dev/VIST/src/robot/sdk/arm_teleop/install/lbot_arm_interfaces/include/lbot_arm_interfaces/lbot_arm_interfaces/srv/detail/move_l__rosidl_typesupport_fastrtps_cpp.hpp
[0.536s] -- Up-to-date symlink: /home/ilex/Dev/VIST/src/robot/sdk/arm_teleop/install/lbot_arm_interfaces/include/lbot_arm_interfaces/lbot_arm_interfaces/srv/detail/set_emergency__rosidl_typesupport_fastrtps_cpp.hpp
[0.536s] -- Up-to-date symlink: /home/ilex/Dev/VIST/src/robot/sdk/arm_teleop/install/lbot_arm_interfaces/include/lbot_arm_interfaces/lbot_arm_interfaces/srv/detail/set_enable__rosidl_typesupport_fastrtps_cpp.hpp
[0.537s] -- Up-to-date symlink: /home/ilex/Dev/VIST/src/robot/sdk/arm_teleop/install/lbot_arm_interfaces/include/lbot_arm_interfaces/lbot_arm_interfaces/srv/detail/set_frame__rosidl_typesupport_fastrtps_cpp.hpp
[0.537s] -- Up-to-date symlink: /home/ilex/Dev/VIST/src/robot/sdk/arm_teleop/install/lbot_arm_interfaces/include/lbot_arm_interfaces/lbot_arm_interfaces/srv/detail/set_string__rosidl_typesupport_fastrtps_cpp.hpp
[0.537s] -- Up-to-date symlink: /home/ilex/Dev/VIST/src/robot/sdk/arm_teleop/install/lbot_arm_interfaces/include/lbot_arm_interfaces/lbot_arm_interfaces/srv/detail/set_zero__rosidl_typesupport_fastrtps_cpp.hpp
[0.537s] -- Up-to-date symlink: /home/ilex/Dev/VIST/src/robot/sdk/arm_teleop/install/lbot_arm_interfaces/include/lbot_arm_interfaces/lbot_arm_interfaces/msg/detail/arm_state__rosidl_typesupport_introspection_c.h
[0.537s] -- Up-to-date symlink: /home/ilex/Dev/VIST/src/robot/sdk/arm_teleop/install/lbot_arm_interfaces/include/lbot_arm_interfaces/lbot_arm_interfaces/msg/detail/follow_joint__rosidl_typesupport_introspection_c.h
[0.537s] -- Up-to-date symlink: /home/ilex/Dev/VIST/src/robot/sdk/arm_teleop/install/lbot_arm_interfaces/include/lbot_arm_interfaces/lbot_arm_interfaces/msg/detail/lbot_frame__rosidl_typesupport_introspection_c.h
[0.537s] -- Up-to-date symlink: /home/ilex/Dev/VIST/src/robot/sdk/arm_teleop/install/lbot_arm_interfaces/include/lbot_arm_interfaces/lbot_arm_interfaces/msg/detail/lbot_pose__rosidl_typesupport_introspection_c.h
[0.537s] -- Up-to-date symlink: /home/ilex/Dev/VIST/src/robot/sdk/arm_teleop/install/lbot_arm_interfaces/include/lbot_arm_interfaces/lbot_arm_interfaces/msg/rosidl_typesupport_introspection_c__visibility_control.h
[0.537s] -- Up-to-date symlink: /home/ilex/Dev/VIST/src/robot/sdk/arm_teleop/install/lbot_arm_interfaces/include/lbot_arm_interfaces/lbot_arm_interfaces/srv/detail/change_frame__rosidl_typesupport_introspection_c.h
[0.537s] -- Up-to-date symlink: /home/ilex/Dev/VIST/src/robot/sdk/arm_teleop/install/lbot_arm_interfaces/include/lbot_arm_interfaces/lbot_arm_interfaces/srv/detail/delete_frame__rosidl_typesupport_introspection_c.h
[0.537s] -- Up-to-date symlink: /home/ilex/Dev/VIST/src/robot/sdk/arm_teleop/install/lbot_arm_interfaces/include/lbot_arm_interfaces/lbot_arm_interfaces/srv/detail/forward_kinematics__rosidl_typesupport_introspection_c.h
[0.537s] -- Up-to-date symlink: /home/ilex/Dev/VIST/src/robot/sdk/arm_teleop/install/lbot_arm_interfaces/include/lbot_arm_interfaces/lbot_arm_interfaces/srv/detail/get_all_frames__rosidl_typesupport_introspection_c.h
[0.538s] -- Up-to-date symlink: /home/ilex/Dev/VIST/src/robot/sdk/arm_teleop/install/lbot_arm_interfaces/include/lbot_arm_interfaces/lbot_arm_interfaces/srv/detail/get_current_frame__rosidl_typesupport_introspection_c.h
[0.538s] -- Up-to-date symlink: /home/ilex/Dev/VIST/src/robot/sdk/arm_teleop/install/lbot_arm_interfaces/include/lbot_arm_interfaces/lbot_arm_interfaces/srv/detail/get_frame__rosidl_typesupport_introspection_c.h
[0.538s] -- Up-to-date symlink: /home/ilex/Dev/VIST/src/robot/sdk/arm_teleop/install/lbot_arm_interfaces/include/lbot_arm_interfaces/lbot_arm_interfaces/srv/detail/inverse_kinematics__rosidl_typesupport_introspection_c.h
[0.538s] -- Up-to-date symlink: /home/ilex/Dev/VIST/src/robot/sdk/arm_teleop/install/lbot_arm_interfaces/include/lbot_arm_interfaces/lbot_arm_interfaces/srv/detail/move_c__rosidl_typesupport_introspection_c.h
[0.538s] -- Up-to-date symlink: /home/ilex/Dev/VIST/src/robot/sdk/arm_teleop/install/lbot_arm_interfaces/include/lbot_arm_interfaces/lbot_arm_interfaces/srv/detail/move_j__rosidl_typesupport_introspection_c.h
[0.538s] -- Up-to-date symlink: /home/ilex/Dev/VIST/src/robot/sdk/arm_teleop/install/lbot_arm_interfaces/include/lbot_arm_interfaces/lbot_arm_interfaces/srv/detail/move_jp__rosidl_typesupport_introspection_c.h
[0.538s] -- Up-to-date symlink: /home/ilex/Dev/VIST/src/robot/sdk/arm_teleop/install/lbot_arm_interfaces/include/lbot_arm_interfaces/lbot_arm_interfaces/srv/detail/move_l__rosidl_typesupport_introspection_c.h
[0.539s] -- Up-to-date symlink: /home/ilex/Dev/VIST/src/robot/sdk/arm_teleop/install/lbot_arm_interfaces/include/lbot_arm_interfaces/lbot_arm_interfaces/srv/detail/set_emergency__rosidl_typesupport_introspection_c.h
[0.539s] -- Up-to-date symlink: /home/ilex/Dev/VIST/src/robot/sdk/arm_teleop/install/lbot_arm_interfaces/include/lbot_arm_interfaces/lbot_arm_interfaces/srv/detail/set_enable__rosidl_typesupport_introspection_c.h
[0.539s] -- Up-to-date symlink: /home/ilex/Dev/VIST/src/robot/sdk/arm_teleop/install/lbot_arm_interfaces/include/lbot_arm_interfaces/lbot_arm_interfaces/srv/detail/set_frame__rosidl_typesupport_introspection_c.h
[0.539s] -- Up-to-date symlink: /home/ilex/Dev/VIST/src/robot/sdk/arm_teleop/install/lbot_arm_interfaces/include/lbot_arm_interfaces/lbot_arm_interfaces/srv/detail/set_string__rosidl_typesupport_introspection_c.h
[0.539s] -- Up-to-date symlink: /home/ilex/Dev/VIST/src/robot/sdk/arm_teleop/install/lbot_arm_interfaces/include/lbot_arm_interfaces/lbot_arm_interfaces/srv/detail/set_zero__rosidl_typesupport_introspection_c.h
[0.539s] -- Up-to-date symlink: /home/ilex/Dev/VIST/src/robot/sdk/arm_teleop/install/lbot_arm_interfaces/include/lbot_arm_interfaces/lbot_arm_interfaces/msg/detail/arm_state__rosidl_typesupport_introspection_cpp.hpp
[0.539s] -- Up-to-date symlink: /home/ilex/Dev/VIST/src/robot/sdk/arm_teleop/install/lbot_arm_interfaces/include/lbot_arm_interfaces/lbot_arm_interfaces/msg/detail/follow_joint__rosidl_typesupport_introspection_cpp.hpp
[0.539s] -- Up-to-date symlink: /home/ilex/Dev/VIST/src/robot/sdk/arm_teleop/install/lbot_arm_interfaces/include/lbot_arm_interfaces/lbot_arm_interfaces/msg/detail/lbot_frame__rosidl_typesupport_introspection_cpp.hpp
[0.539s] -- Up-to-date symlink: /home/ilex/Dev/VIST/src/robot/sdk/arm_teleop/install/lbot_arm_interfaces/include/lbot_arm_interfaces/lbot_arm_interfaces/msg/detail/lbot_pose__rosidl_typesupport_introspection_cpp.hpp
[0.539s] -- Up-to-date symlink: /home/ilex/Dev/VIST/src/robot/sdk/arm_teleop/install/lbot_arm_interfaces/include/lbot_arm_interfaces/lbot_arm_interfaces/srv/detail/change_frame__rosidl_typesupport_introspection_cpp.hpp
[0.540s] -- Up-to-date symlink: /home/ilex/Dev/VIST/src/robot/sdk/arm_teleop/install/lbot_arm_interfaces/include/lbot_arm_interfaces/lbot_arm_interfaces/srv/detail/delete_frame__rosidl_typesupport_introspection_cpp.hpp
[0.540s] -- Up-to-date symlink: /home/ilex/Dev/VIST/src/robot/sdk/arm_teleop/install/lbot_arm_interfaces/include/lbot_arm_interfaces/lbot_arm_interfaces/srv/detail/forward_kinematics__rosidl_typesupport_introspection_cpp.hpp
[0.540s] -- Up-to-date symlink: /home/ilex/Dev/VIST/src/robot/sdk/arm_teleop/install/lbot_arm_interfaces/include/lbot_arm_interfaces/lbot_arm_interfaces/srv/detail/get_all_frames__rosidl_typesupport_introspection_cpp.hpp
[0.540s] -- Up-to-date symlink: /home/ilex/Dev/VIST/src/robot/sdk/arm_teleop/install/lbot_arm_interfaces/include/lbot_arm_interfaces/lbot_arm_interfaces/srv/detail/get_current_frame__rosidl_typesupport_introspection_cpp.hpp
[0.540s] -- Up-to-date symlink: /home/ilex/Dev/VIST/src/robot/sdk/arm_teleop/install/lbot_arm_interfaces/include/lbot_arm_interfaces/lbot_arm_interfaces/srv/detail/get_frame__rosidl_typesupport_introspection_cpp.hpp
[0.540s] -- Up-to-date symlink: /home/ilex/Dev/VIST/src/robot/sdk/arm_teleop/install/lbot_arm_interfaces/include/lbot_arm_interfaces/lbot_arm_interfaces/srv/detail/inverse_kinematics__rosidl_typesupport_introspection_cpp.hpp
[0.540s] -- Up-to-date symlink: /home/ilex/Dev/VIST/src/robot/sdk/arm_teleop/install/lbot_arm_interfaces/include/lbot_arm_interfaces/lbot_arm_interfaces/srv/detail/move_c__rosidl_typesupport_introspection_cpp.hpp
[0.540s] -- Up-to-date symlink: /home/ilex/Dev/VIST/src/robot/sdk/arm_teleop/install/lbot_arm_interfaces/include/lbot_arm_interfaces/lbot_arm_interfaces/srv/detail/move_j__rosidl_typesupport_introspection_cpp.hpp
[0.541s] -- Up-to-date symlink: /home/ilex/Dev/VIST/src/robot/sdk/arm_teleop/install/lbot_arm_interfaces/include/lbot_arm_interfaces/lbot_arm_interfaces/srv/detail/move_jp__rosidl_typesupport_introspection_cpp.hpp
[0.541s] -- Up-to-date symlink: /home/ilex/Dev/VIST/src/robot/sdk/arm_teleop/install/lbot_arm_interfaces/include/lbot_arm_interfaces/lbot_arm_interfaces/srv/detail/move_l__rosidl_typesupport_introspection_cpp.hpp
[0.541s] -- Up-to-date symlink: /home/ilex/Dev/VIST/src/robot/sdk/arm_teleop/install/lbot_arm_interfaces/include/lbot_arm_interfaces/lbot_arm_interfaces/srv/detail/set_emergency__rosidl_typesupport_introspection_cpp.hpp
[0.541s] -- Up-to-date symlink: /home/ilex/Dev/VIST/src/robot/sdk/arm_teleop/install/lbot_arm_interfaces/include/lbot_arm_interfaces/lbot_arm_interfaces/srv/detail/set_enable__rosidl_typesupport_introspection_cpp.hpp
[0.541s] -- Up-to-date symlink: /home/ilex/Dev/VIST/src/robot/sdk/arm_teleop/install/lbot_arm_interfaces/include/lbot_arm_interfaces/lbot_arm_interfaces/srv/detail/set_frame__rosidl_typesupport_introspection_cpp.hpp
[0.541s] -- Up-to-date symlink: /home/ilex/Dev/VIST/src/robot/sdk/arm_teleop/install/lbot_arm_interfaces/include/lbot_arm_interfaces/lbot_arm_interfaces/srv/detail/set_string__rosidl_typesupport_introspection_cpp.hpp
[0.541s] -- Up-to-date symlink: /home/ilex/Dev/VIST/src/robot/sdk/arm_teleop/install/lbot_arm_interfaces/include/lbot_arm_interfaces/lbot_arm_interfaces/srv/detail/set_zero__rosidl_typesupport_introspection_cpp.hpp
[0.541s] -- Up-to-date symlink: /home/ilex/Dev/VIST/src/robot/sdk/arm_teleop/install/lbot_arm_interfaces/share/lbot_arm_interfaces/environment/pythonpath.sh
[0.541s] -- Up-to-date symlink: /home/ilex/Dev/VIST/src/robot/sdk/arm_teleop/install/lbot_arm_interfaces/share/lbot_arm_interfaces/environment/pythonpath.dsv
[0.542s] -- Up-to-date symlink: /home/ilex/Dev/VIST/src/robot/sdk/arm_teleop/install/lbot_arm_interfaces/lib/python3.10/site-packages/lbot_arm_interfaces-0.0.0-py3.10.egg-info/PKG-INFO
[0.542s] -- Up-to-date symlink: /home/ilex/Dev/VIST/src/robot/sdk/arm_teleop/install/lbot_arm_interfaces/lib/python3.10/site-packages/lbot_arm_interfaces-0.0.0-py3.10.egg-info/SOURCES.txt
[0.542s] -- Up-to-date symlink: /home/ilex/Dev/VIST/src/robot/sdk/arm_teleop/install/lbot_arm_interfaces/lib/python3.10/site-packages/lbot_arm_interfaces-0.0.0-py3.10.egg-info/dependency_links.txt
[0.542s] -- Up-to-date symlink: /home/ilex/Dev/VIST/src/robot/sdk/arm_teleop/install/lbot_arm_interfaces/lib/python3.10/site-packages/lbot_arm_interfaces-0.0.0-py3.10.egg-info/top_level.txt
[0.542s] -- Up-to-date symlink: /home/ilex/Dev/VIST/src/robot/sdk/arm_teleop/install/lbot_arm_interfaces/lib/python3.10/site-packages/lbot_arm_interfaces/__init__.py
[0.542s] -- Up-to-date symlink: /home/ilex/Dev/VIST/src/robot/sdk/arm_teleop/install/lbot_arm_interfaces/lib/python3.10/site-packages/lbot_arm_interfaces/_lbot_arm_interfaces_s.ep.rosidl_typesupport_c.c
[0.542s] -- Up-to-date symlink: /home/ilex/Dev/VIST/src/robot/sdk/arm_teleop/install/lbot_arm_interfaces/lib/python3.10/site-packages/lbot_arm_interfaces/_lbot_arm_interfaces_s.ep.rosidl_typesupport_fastrtps_c.c
[0.542s] -- Up-to-date symlink: /home/ilex/Dev/VIST/src/robot/sdk/arm_teleop/install/lbot_arm_interfaces/lib/python3.10/site-packages/lbot_arm_interfaces/_lbot_arm_interfaces_s.ep.rosidl_typesupport_introspection_c.c
[0.543s] -- Up-to-date symlink: /home/ilex/Dev/VIST/src/robot/sdk/arm_teleop/install/lbot_arm_interfaces/lib/python3.10/site-packages/lbot_arm_interfaces/lbot_arm_interfaces_s__rosidl_typesupport_c.cpython-310-x86_64-linux-gnu.so
[0.543s] -- Up-to-date symlink: /home/ilex/Dev/VIST/src/robot/sdk/arm_teleop/install/lbot_arm_interfaces/lib/python3.10/site-packages/lbot_arm_interfaces/lbot_arm_interfaces_s__rosidl_typesupport_fastrtps_c.cpython-310-x86_64-linux-gnu.so
[0.543s] -- Up-to-date symlink: /home/ilex/Dev/VIST/src/robot/sdk/arm_teleop/install/lbot_arm_interfaces/lib/python3.10/site-packages/lbot_arm_interfaces/lbot_arm_interfaces_s__rosidl_typesupport_introspection_c.cpython-310-x86_64-linux-gnu.so
[0.543s] -- Up-to-date symlink: /home/ilex/Dev/VIST/src/robot/sdk/arm_teleop/install/lbot_arm_interfaces/lib/python3.10/site-packages/lbot_arm_interfaces/liblbot_arm_interfaces__rosidl_generator_py.so
[0.543s] -- Up-to-date symlink: /home/ilex/Dev/VIST/src/robot/sdk/arm_teleop/install/lbot_arm_interfaces/lib/python3.10/site-packages/lbot_arm_interfaces/msg/__init__.py
[0.543s] -- Up-to-date symlink: /home/ilex/Dev/VIST/src/robot/sdk/arm_teleop/install/lbot_arm_interfaces/lib/python3.10/site-packages/lbot_arm_interfaces/msg/_arm_state.py
[0.543s] -- Up-to-date symlink: /home/ilex/Dev/VIST/src/robot/sdk/arm_teleop/install/lbot_arm_interfaces/lib/python3.10/site-packages/lbot_arm_interfaces/msg/_arm_state_s.c
[0.543s] -- Up-to-date symlink: /home/ilex/Dev/VIST/src/robot/sdk/arm_teleop/install/lbot_arm_interfaces/lib/python3.10/site-packages/lbot_arm_interfaces/msg/_follow_joint.py
[0.543s] -- Up-to-date symlink: /home/ilex/Dev/VIST/src/robot/sdk/arm_teleop/install/lbot_arm_interfaces/lib/python3.10/site-packages/lbot_arm_interfaces/msg/_follow_joint_s.c
[0.543s] -- Up-to-date symlink: /home/ilex/Dev/VIST/src/robot/sdk/arm_teleop/install/lbot_arm_interfaces/lib/python3.10/site-packages/lbot_arm_interfaces/msg/_lbot_frame.py
[0.544s] -- Up-to-date symlink: /home/ilex/Dev/VIST/src/robot/sdk/arm_teleop/install/lbot_arm_interfaces/lib/python3.10/site-packages/lbot_arm_interfaces/msg/_lbot_frame_s.c
[0.544s] -- Up-to-date symlink: /home/ilex/Dev/VIST/src/robot/sdk/arm_teleop/install/lbot_arm_interfaces/lib/python3.10/site-packages/lbot_arm_interfaces/msg/_lbot_pose.py
[0.544s] -- Up-to-date symlink: /home/ilex/Dev/VIST/src/robot/sdk/arm_teleop/install/lbot_arm_interfaces/lib/python3.10/site-packages/lbot_arm_interfaces/msg/_lbot_pose_s.c
[0.544s] -- Up-to-date symlink: /home/ilex/Dev/VIST/src/robot/sdk/arm_teleop/install/lbot_arm_interfaces/lib/python3.10/site-packages/lbot_arm_interfaces/srv/__init__.py
[0.544s] -- Up-to-date symlink: /home/ilex/Dev/VIST/src/robot/sdk/arm_teleop/install/lbot_arm_interfaces/lib/python3.10/site-packages/lbot_arm_interfaces/srv/_change_frame.py
[0.544s] -- Up-to-date symlink: /home/ilex/Dev/VIST/src/robot/sdk/arm_teleop/install/lbot_arm_interfaces/lib/python3.10/site-packages/lbot_arm_interfaces/srv/_change_frame_s.c
[0.544s] -- Up-to-date symlink: /home/ilex/Dev/VIST/src/robot/sdk/arm_teleop/install/lbot_arm_interfaces/lib/python3.10/site-packages/lbot_arm_interfaces/srv/_delete_frame.py
[0.544s] -- Up-to-date symlink: /home/ilex/Dev/VIST/src/robot/sdk/arm_teleop/install/lbot_arm_interfaces/lib/python3.10/site-packages/lbot_arm_interfaces/srv/_delete_frame_s.c
[0.544s] -- Up-to-date symlink: /home/ilex/Dev/VIST/src/robot/sdk/arm_teleop/install/lbot_arm_interfaces/lib/python3.10/site-packages/lbot_arm_interfaces/srv/_forward_kinematics.py
[0.544s] -- Up-to-date symlink: /home/ilex/Dev/VIST/src/robot/sdk/arm_teleop/install/lbot_arm_interfaces/lib/python3.10/site-packages/lbot_arm_interfaces/srv/_forward_kinematics_s.c
[0.544s] -- Up-to-date symlink: /home/ilex/Dev/VIST/src/robot/sdk/arm_teleop/install/lbot_arm_interfaces/lib/python3.10/site-packages/lbot_arm_interfaces/srv/_get_all_frames.py
[0.545s] -- Up-to-date symlink: /home/ilex/Dev/VIST/src/robot/sdk/arm_teleop/install/lbot_arm_interfaces/lib/python3.10/site-packages/lbot_arm_interfaces/srv/_get_all_frames_s.c
[0.545s] -- Up-to-date symlink: /home/ilex/Dev/VIST/src/robot/sdk/arm_teleop/install/lbot_arm_interfaces/lib/python3.10/site-packages/lbot_arm_interfaces/srv/_get_current_frame.py
[0.545s] -- Up-to-date symlink: /home/ilex/Dev/VIST/src/robot/sdk/arm_teleop/install/lbot_arm_interfaces/lib/python3.10/site-packages/lbot_arm_interfaces/srv/_get_current_frame_s.c
[0.545s] -- Up-to-date symlink: /home/ilex/Dev/VIST/src/robot/sdk/arm_teleop/install/lbot_arm_interfaces/lib/python3.10/site-packages/lbot_arm_interfaces/srv/_get_frame.py
[0.545s] -- Up-to-date symlink: /home/ilex/Dev/VIST/src/robot/sdk/arm_teleop/install/lbot_arm_interfaces/lib/python3.10/site-packages/lbot_arm_interfaces/srv/_get_frame_s.c
[0.545s] -- Up-to-date symlink: /home/ilex/Dev/VIST/src/robot/sdk/arm_teleop/install/lbot_arm_interfaces/lib/python3.10/site-packages/lbot_arm_interfaces/srv/_inverse_kinematics.py
[0.545s] -- Up-to-date symlink: /home/ilex/Dev/VIST/src/robot/sdk/arm_teleop/install/lbot_arm_interfaces/lib/python3.10/site-packages/lbot_arm_interfaces/srv/_inverse_kinematics_s.c
[0.545s] -- Up-to-date symlink: /home/ilex/Dev/VIST/src/robot/sdk/arm_teleop/install/lbot_arm_interfaces/lib/python3.10/site-packages/lbot_arm_interfaces/srv/_move_c.py
[0.545s] -- Up-to-date symlink: /home/ilex/Dev/VIST/src/robot/sdk/arm_teleop/install/lbot_arm_interfaces/lib/python3.10/site-packages/lbot_arm_interfaces/srv/_move_c_s.c
[0.545s] -- Up-to-date symlink: /home/ilex/Dev/VIST/src/robot/sdk/arm_teleop/install/lbot_arm_interfaces/lib/python3.10/site-packages/lbot_arm_interfaces/srv/_move_j.py
[0.545s] -- Up-to-date symlink: /home/ilex/Dev/VIST/src/robot/sdk/arm_teleop/install/lbot_arm_interfaces/lib/python3.10/site-packages/lbot_arm_interfaces/srv/_move_j_s.c
[0.545s] -- Up-to-date symlink: /home/ilex/Dev/VIST/src/robot/sdk/arm_teleop/install/lbot_arm_interfaces/lib/python3.10/site-packages/lbot_arm_interfaces/srv/_move_jp.py
[0.545s] -- Up-to-date symlink: /home/ilex/Dev/VIST/src/robot/sdk/arm_teleop/install/lbot_arm_interfaces/lib/python3.10/site-packages/lbot_arm_interfaces/srv/_move_jp_s.c
[0.545s] -- Up-to-date symlink: /home/ilex/Dev/VIST/src/robot/sdk/arm_teleop/install/lbot_arm_interfaces/lib/python3.10/site-packages/lbot_arm_interfaces/srv/_move_l.py
[0.545s] -- Up-to-date symlink: /home/ilex/Dev/VIST/src/robot/sdk/arm_teleop/install/lbot_arm_interfaces/lib/python3.10/site-packages/lbot_arm_interfaces/srv/_move_l_s.c
[0.545s] -- Up-to-date symlink: /home/ilex/Dev/VIST/src/robot/sdk/arm_teleop/install/lbot_arm_interfaces/lib/python3.10/site-packages/lbot_arm_interfaces/srv/_set_emergency.py
[0.545s] -- Up-to-date symlink: /home/ilex/Dev/VIST/src/robot/sdk/arm_teleop/install/lbot_arm_interfaces/lib/python3.10/site-packages/lbot_arm_interfaces/srv/_set_emergency_s.c
[0.545s] -- Up-to-date symlink: /home/ilex/Dev/VIST/src/robot/sdk/arm_teleop/install/lbot_arm_interfaces/lib/python3.10/site-packages/lbot_arm_interfaces/srv/_set_enable.py
[0.545s] -- Up-to-date symlink: /home/ilex/Dev/VIST/src/robot/sdk/arm_teleop/install/lbot_arm_interfaces/lib/python3.10/site-packages/lbot_arm_interfaces/srv/_set_enable_s.c
[0.545s] -- Up-to-date symlink: /home/ilex/Dev/VIST/src/robot/sdk/arm_teleop/install/lbot_arm_interfaces/lib/python3.10/site-packages/lbot_arm_interfaces/srv/_set_frame.py
[0.545s] -- Up-to-date symlink: /home/ilex/Dev/VIST/src/robot/sdk/arm_teleop/install/lbot_arm_interfaces/lib/python3.10/site-packages/lbot_arm_interfaces/srv/_set_frame_s.c
[0.546s] -- Up-to-date symlink: /home/ilex/Dev/VIST/src/robot/sdk/arm_teleop/install/lbot_arm_interfaces/lib/python3.10/site-packages/lbot_arm_interfaces/srv/_set_string.py
[0.546s] -- Up-to-date symlink: /home/ilex/Dev/VIST/src/robot/sdk/arm_teleop/install/lbot_arm_interfaces/lib/python3.10/site-packages/lbot_arm_interfaces/srv/_set_string_s.c
[0.546s] -- Up-to-date symlink: /home/ilex/Dev/VIST/src/robot/sdk/arm_teleop/install/lbot_arm_interfaces/lib/python3.10/site-packages/lbot_arm_interfaces/srv/_set_zero.py
[0.546s] -- Up-to-date symlink: /home/ilex/Dev/VIST/src/robot/sdk/arm_teleop/install/lbot_arm_interfaces/lib/python3.10/site-packages/lbot_arm_interfaces/srv/_set_zero_s.c
[0.546s] -- Up-to-date symlink: /home/ilex/Dev/VIST/src/robot/sdk/arm_teleop/install/lbot_arm_interfaces/lib/python3.10/site-packages/lbot_arm_interfaces/lbot_arm_interfaces_s__rosidl_typesupport_fastrtps_c.cpython-310-x86_64-linux-gnu.so
[0.546s] -- Up-to-date symlink: /home/ilex/Dev/VIST/src/robot/sdk/arm_teleop/install/lbot_arm_interfaces/lib/python3.10/site-packages/lbot_arm_interfaces/lbot_arm_interfaces_s__rosidl_typesupport_introspection_c.cpython-310-x86_64-linux-gnu.so
[0.546s] -- Up-to-date symlink: /home/ilex/Dev/VIST/src/robot/sdk/arm_teleop/install/lbot_arm_interfaces/lib/python3.10/site-packages/lbot_arm_interfaces/lbot_arm_interfaces_s__rosidl_typesupport_c.cpython-310-x86_64-linux-gnu.so
[0.546s] -- Up-to-date symlink: /home/ilex/Dev/VIST/src/robot/sdk/arm_teleop/install/lbot_arm_interfaces/share/lbot_arm_interfaces/srv/MoveJ.idl
[0.546s] -- Up-to-date symlink: /home/ilex/Dev/VIST/src/robot/sdk/arm_teleop/install/lbot_arm_interfaces/share/lbot_arm_interfaces/srv/MoveL.idl
[0.546s] -- Up-to-date symlink: /home/ilex/Dev/VIST/src/robot/sdk/arm_teleop/install/lbot_arm_interfaces/share/lbot_arm_interfaces/srv/MoveC.idl
[0.546s] -- Up-to-date symlink: /home/ilex/Dev/VIST/src/robot/sdk/arm_teleop/install/lbot_arm_interfaces/share/lbot_arm_interfaces/srv/MoveJP.idl
[0.546s] -- Up-to-date symlink: /home/ilex/Dev/VIST/src/robot/sdk/arm_teleop/install/lbot_arm_interfaces/share/lbot_arm_interfaces/srv/InverseKinematics.idl
[0.546s] -- Up-to-date symlink: /home/ilex/Dev/VIST/src/robot/sdk/arm_teleop/install/lbot_arm_interfaces/share/lbot_arm_interfaces/srv/ForwardKinematics.idl
[0.546s] -- Up-to-date symlink: /home/ilex/Dev/VIST/src/robot/sdk/arm_teleop/install/lbot_arm_interfaces/share/lbot_arm_interfaces/srv/SetFrame.idl
[0.546s] -- Up-to-date symlink: /home/ilex/Dev/VIST/src/robot/sdk/arm_teleop/install/lbot_arm_interfaces/share/lbot_arm_interfaces/srv/SetString.idl
[0.546s] -- Up-to-date symlink: /home/ilex/Dev/VIST/src/robot/sdk/arm_teleop/install/lbot_arm_interfaces/share/lbot_arm_interfaces/srv/GetFrame.idl
[0.546s] -- Up-to-date symlink: /home/ilex/Dev/VIST/src/robot/sdk/arm_teleop/install/lbot_arm_interfaces/share/lbot_arm_interfaces/srv/GetCurrentFrame.idl
[0.546s] -- Up-to-date symlink: /home/ilex/Dev/VIST/src/robot/sdk/arm_teleop/install/lbot_arm_interfaces/share/lbot_arm_interfaces/srv/ChangeFrame.idl
[0.547s] -- Up-to-date symlink: /home/ilex/Dev/VIST/src/robot/sdk/arm_teleop/install/lbot_arm_interfaces/share/lbot_arm_interfaces/srv/DeleteFrame.idl
[0.547s] -- Up-to-date symlink: /home/ilex/Dev/VIST/src/robot/sdk/arm_teleop/install/lbot_arm_interfaces/share/lbot_arm_interfaces/srv/GetAllFrames.idl
[0.547s] -- Up-to-date symlink: /home/ilex/Dev/VIST/src/robot/sdk/arm_teleop/install/lbot_arm_interfaces/share/lbot_arm_interfaces/srv/SetZero.idl
[0.547s] -- Up-to-date symlink: /home/ilex/Dev/VIST/src/robot/sdk/arm_teleop/install/lbot_arm_interfaces/share/lbot_arm_interfaces/srv/SetEmergency.idl
[0.547s] -- Up-to-date symlink: /home/ilex/Dev/VIST/src/robot/sdk/arm_teleop/install/lbot_arm_interfaces/share/lbot_arm_interfaces/srv/SetEnable.idl
[0.547s] -- Up-to-date symlink: /home/ilex/Dev/VIST/src/robot/sdk/arm_teleop/install/lbot_arm_interfaces/share/lbot_arm_interfaces/msg/ArmState.idl
[0.547s] -- Up-to-date symlink: /home/ilex/Dev/VIST/src/robot/sdk/arm_teleop/install/lbot_arm_interfaces/share/lbot_arm_interfaces/msg/LbotPose.idl
[0.547s] -- Up-to-date symlink: /home/ilex/Dev/VIST/src/robot/sdk/arm_teleop/install/lbot_arm_interfaces/share/lbot_arm_interfaces/msg/LbotFrame.idl
[0.547s] -- Up-to-date symlink: /home/ilex/Dev/VIST/src/robot/sdk/arm_teleop/install/lbot_arm_interfaces/share/lbot_arm_interfaces/msg/FollowJoint.idl
[0.547s] -- Up-to-date symlink: /home/ilex/Dev/VIST/src/robot/sdk/arm_teleop/install/lbot_arm_interfaces/share/lbot_arm_interfaces/srv/MoveJ.srv
[0.547s] -- Up-to-date symlink: /home/ilex/Dev/VIST/src/robot/sdk/arm_teleop/install/lbot_arm_interfaces/share/lbot_arm_interfaces/srv/MoveJ_Request.msg
[0.547s] -- Up-to-date symlink: /home/ilex/Dev/VIST/src/robot/sdk/arm_teleop/install/lbot_arm_interfaces/share/lbot_arm_interfaces/srv/MoveJ_Response.msg
[0.547s] -- Up-to-date symlink: /home/ilex/Dev/VIST/src/robot/sdk/arm_teleop/install/lbot_arm_interfaces/share/lbot_arm_interfaces/srv/MoveL.srv
[0.548s] -- Up-to-date symlink: /home/ilex/Dev/VIST/src/robot/sdk/arm_teleop/install/lbot_arm_interfaces/share/lbot_arm_interfaces/srv/MoveL_Request.msg
[0.548s] -- Up-to-date symlink: /home/ilex/Dev/VIST/src/robot/sdk/arm_teleop/install/lbot_arm_interfaces/share/lbot_arm_interfaces/srv/MoveL_Response.msg
[0.548s] -- Up-to-date symlink: /home/ilex/Dev/VIST/src/robot/sdk/arm_teleop/install/lbot_arm_interfaces/share/lbot_arm_interfaces/srv/MoveC.srv
[0.548s] -- Up-to-date symlink: /home/ilex/Dev/VIST/src/robot/sdk/arm_teleop/install/lbot_arm_interfaces/share/lbot_arm_interfaces/srv/MoveC_Request.msg
[0.548s] -- Up-to-date symlink: /home/ilex/Dev/VIST/src/robot/sdk/arm_teleop/install/lbot_arm_interfaces/share/lbot_arm_interfaces/srv/MoveC_Response.msg
[0.548s] -- Up-to-date symlink: /home/ilex/Dev/VIST/src/robot/sdk/arm_teleop/install/lbot_arm_interfaces/share/lbot_arm_interfaces/srv/MoveJP.srv
[0.548s] -- Up-to-date symlink: /home/ilex/Dev/VIST/src/robot/sdk/arm_teleop/install/lbot_arm_interfaces/share/lbot_arm_interfaces/srv/MoveJP_Request.msg
[0.548s] -- Up-to-date symlink: /home/ilex/Dev/VIST/src/robot/sdk/arm_teleop/install/lbot_arm_interfaces/share/lbot_arm_interfaces/srv/MoveJP_Response.msg
[0.548s] -- Up-to-date symlink: /home/ilex/Dev/VIST/src/robot/sdk/arm_teleop/install/lbot_arm_interfaces/share/lbot_arm_interfaces/srv/InverseKinematics.srv
[0.549s] -- Up-to-date symlink: /home/ilex/Dev/VIST/src/robot/sdk/arm_teleop/install/lbot_arm_interfaces/share/lbot_arm_interfaces/srv/InverseKinematics_Request.msg
[0.549s] -- Up-to-date symlink: /home/ilex/Dev/VIST/src/robot/sdk/arm_teleop/install/lbot_arm_interfaces/share/lbot_arm_interfaces/srv/InverseKinematics_Response.msg
[0.549s] -- Up-to-date symlink: /home/ilex/Dev/VIST/src/robot/sdk/arm_teleop/install/lbot_arm_interfaces/share/lbot_arm_interfaces/srv/ForwardKinematics.srv
[0.549s] -- Up-to-date symlink: /home/ilex/Dev/VIST/src/robot/sdk/arm_teleop/install/lbot_arm_interfaces/share/lbot_arm_interfaces/srv/ForwardKinematics_Request.msg
[0.549s] -- Up-to-date symlink: /home/ilex/Dev/VIST/src/robot/sdk/arm_teleop/install/lbot_arm_interfaces/share/lbot_arm_interfaces/srv/ForwardKinematics_Response.msg
[0.549s] -- Up-to-date symlink: /home/ilex/Dev/VIST/src/robot/sdk/arm_teleop/install/lbot_arm_interfaces/share/lbot_arm_interfaces/srv/SetFrame.srv
[0.549s] -- Up-to-date symlink: /home/ilex/Dev/VIST/src/robot/sdk/arm_teleop/install/lbot_arm_interfaces/share/lbot_arm_interfaces/srv/SetFrame_Request.msg
[0.549s] -- Up-to-date symlink: /home/ilex/Dev/VIST/src/robot/sdk/arm_teleop/install/lbot_arm_interfaces/share/lbot_arm_interfaces/srv/SetFrame_Response.msg
[0.549s] -- Up-to-date symlink: /home/ilex/Dev/VIST/src/robot/sdk/arm_teleop/install/lbot_arm_interfaces/share/lbot_arm_interfaces/srv/SetString.srv
[0.549s] -- Up-to-date symlink: /home/ilex/Dev/VIST/src/robot/sdk/arm_teleop/install/lbot_arm_interfaces/share/lbot_arm_interfaces/srv/SetString_Request.msg
[0.549s] -- Up-to-date symlink: /home/ilex/Dev/VIST/src/robot/sdk/arm_teleop/install/lbot_arm_interfaces/share/lbot_arm_interfaces/srv/SetString_Response.msg
[0.550s] -- Up-to-date symlink: /home/ilex/Dev/VIST/src/robot/sdk/arm_teleop/install/lbot_arm_interfaces/share/lbot_arm_interfaces/srv/GetFrame.srv
[0.550s] -- Up-to-date symlink: /home/ilex/Dev/VIST/src/robot/sdk/arm_teleop/install/lbot_arm_interfaces/share/lbot_arm_interfaces/srv/GetFrame_Request.msg
[0.550s] -- Up-to-date symlink: /home/ilex/Dev/VIST/src/robot/sdk/arm_teleop/install/lbot_arm_interfaces/share/lbot_arm_interfaces/srv/GetFrame_Response.msg
[0.550s] -- Up-to-date symlink: /home/ilex/Dev/VIST/src/robot/sdk/arm_teleop/install/lbot_arm_interfaces/share/lbot_arm_interfaces/srv/GetCurrentFrame.srv
[0.550s] -- Up-to-date symlink: /home/ilex/Dev/VIST/src/robot/sdk/arm_teleop/install/lbot_arm_interfaces/share/lbot_arm_interfaces/srv/GetCurrentFrame_Request.msg
[0.550s] -- Up-to-date symlink: /home/ilex/Dev/VIST/src/robot/sdk/arm_teleop/install/lbot_arm_interfaces/share/lbot_arm_interfaces/srv/GetCurrentFrame_Response.msg
[0.550s] -- Up-to-date symlink: /home/ilex/Dev/VIST/src/robot/sdk/arm_teleop/install/lbot_arm_interfaces/share/lbot_arm_interfaces/srv/ChangeFrame.srv
[0.550s] -- Up-to-date symlink: /home/ilex/Dev/VIST/src/robot/sdk/arm_teleop/install/lbot_arm_interfaces/share/lbot_arm_interfaces/srv/ChangeFrame_Request.msg
[0.550s] -- Up-to-date symlink: /home/ilex/Dev/VIST/src/robot/sdk/arm_teleop/install/lbot_arm_interfaces/share/lbot_arm_interfaces/srv/ChangeFrame_Response.msg
[0.550s] -- Up-to-date symlink: /home/ilex/Dev/VIST/src/robot/sdk/arm_teleop/install/lbot_arm_interfaces/share/lbot_arm_interfaces/srv/DeleteFrame.srv
[0.550s] -- Up-to-date symlink: /home/ilex/Dev/VIST/src/robot/sdk/arm_teleop/install/lbot_arm_interfaces/share/lbot_arm_interfaces/srv/DeleteFrame_Request.msg
[0.551s] -- Up-to-date symlink: /home/ilex/Dev/VIST/src/robot/sdk/arm_teleop/install/lbot_arm_interfaces/share/lbot_arm_interfaces/srv/DeleteFrame_Response.msg
[0.551s] -- Up-to-date symlink: /home/ilex/Dev/VIST/src/robot/sdk/arm_teleop/install/lbot_arm_interfaces/share/lbot_arm_interfaces/srv/GetAllFrames.srv
[0.551s] -- Up-to-date symlink: /home/ilex/Dev/VIST/src/robot/sdk/arm_teleop/install/lbot_arm_interfaces/share/lbot_arm_interfaces/srv/GetAllFrames_Request.msg
[0.551s] -- Up-to-date symlink: /home/ilex/Dev/VIST/src/robot/sdk/arm_teleop/install/lbot_arm_interfaces/share/lbot_arm_interfaces/srv/GetAllFrames_Response.msg
[0.551s] -- Up-to-date symlink: /home/ilex/Dev/VIST/src/robot/sdk/arm_teleop/install/lbot_arm_interfaces/share/lbot_arm_interfaces/srv/SetZero.srv
[0.551s] -- Up-to-date symlink: /home/ilex/Dev/VIST/src/robot/sdk/arm_teleop/install/lbot_arm_interfaces/share/lbot_arm_interfaces/srv/SetZero_Request.msg
[0.551s] -- Up-to-date symlink: /home/ilex/Dev/VIST/src/robot/sdk/arm_teleop/install/lbot_arm_interfaces/share/lbot_arm_interfaces/srv/SetZero_Response.msg
[0.551s] -- Up-to-date symlink: /home/ilex/Dev/VIST/src/robot/sdk/arm_teleop/install/lbot_arm_interfaces/share/lbot_arm_interfaces/srv/SetEmergency.srv
[0.551s] -- Up-to-date symlink: /home/ilex/Dev/VIST/src/robot/sdk/arm_teleop/install/lbot_arm_interfaces/share/lbot_arm_interfaces/srv/SetEmergency_Request.msg
[0.551s] -- Up-to-date symlink: /home/ilex/Dev/VIST/src/robot/sdk/arm_teleop/install/lbot_arm_interfaces/share/lbot_arm_interfaces/srv/SetEmergency_Response.msg
[0.551s] -- Up-to-date symlink: /home/ilex/Dev/VIST/src/robot/sdk/arm_teleop/install/lbot_arm_interfaces/share/lbot_arm_interfaces/srv/SetEnable.srv
[0.551s] -- Up-to-date symlink: /home/ilex/Dev/VIST/src/robot/sdk/arm_teleop/install/lbot_arm_interfaces/share/lbot_arm_interfaces/srv/SetEnable_Request.msg
[0.551s] -- Up-to-date symlink: /home/ilex/Dev/VIST/src/robot/sdk/arm_teleop/install/lbot_arm_interfaces/share/lbot_arm_interfaces/srv/SetEnable_Response.msg
[0.551s] -- Up-to-date symlink: /home/ilex/Dev/VIST/src/robot/sdk/arm_teleop/install/lbot_arm_interfaces/share/lbot_arm_interfaces/msg/ArmState.msg
[0.551s] -- Up-to-date symlink: /home/ilex/Dev/VIST/src/robot/sdk/arm_teleop/install/lbot_arm_interfaces/share/lbot_arm_interfaces/msg/LbotPose.msg
[0.551s] -- Up-to-date symlink: /home/ilex/Dev/VIST/src/robot/sdk/arm_teleop/install/lbot_arm_interfaces/share/lbot_arm_interfaces/msg/LbotFrame.msg
[0.551s] -- Up-to-date symlink: /home/ilex/Dev/VIST/src/robot/sdk/arm_teleop/install/lbot_arm_interfaces/share/lbot_arm_interfaces/msg/FollowJoint.msg
[0.551s] -- Up-to-date symlink: /home/ilex/Dev/VIST/src/robot/sdk/arm_teleop/install/lbot_arm_interfaces/share/ament_index/resource_index/package_run_dependencies/lbot_arm_interfaces
[0.551s] -- Up-to-date symlink: /home/ilex/Dev/VIST/src/robot/sdk/arm_teleop/install/lbot_arm_interfaces/share/ament_index/resource_index/parent_prefix_path/lbot_arm_interfaces
[0.551s] -- Up-to-date symlink: /home/ilex/Dev/VIST/src/robot/sdk/arm_teleop/install/lbot_arm_interfaces/share/lbot_arm_interfaces/environment/ament_prefix_path.sh
[0.551s] -- Up-to-date symlink: /home/ilex/Dev/VIST/src/robot/sdk/arm_teleop/install/lbot_arm_interfaces/share/lbot_arm_interfaces/environment/ament_prefix_path.dsv
[0.551s] -- Up-to-date symlink: /home/ilex/Dev/VIST/src/robot/sdk/arm_teleop/install/lbot_arm_interfaces/share/lbot_arm_interfaces/environment/path.sh
[0.551s] -- Up-to-date symlink: /home/ilex/Dev/VIST/src/robot/sdk/arm_teleop/install/lbot_arm_interfaces/share/lbot_arm_interfaces/environment/path.dsv
[0.551s] -- Up-to-date symlink: /home/ilex/Dev/VIST/src/robot/sdk/arm_teleop/install/lbot_arm_interfaces/share/lbot_arm_interfaces/local_setup.bash
[0.551s] -- Up-to-date symlink: /home/ilex/Dev/VIST/src/robot/sdk/arm_teleop/install/lbot_arm_interfaces/share/lbot_arm_interfaces/local_setup.sh
[0.551s] -- Up-to-date symlink: /home/ilex/Dev/VIST/src/robot/sdk/arm_teleop/install/lbot_arm_interfaces/share/lbot_arm_interfaces/local_setup.zsh
[0.551s] -- Up-to-date symlink: /home/ilex/Dev/VIST/src/robot/sdk/arm_teleop/install/lbot_arm_interfaces/share/lbot_arm_interfaces/local_setup.dsv
[0.551s] -- Symlinking: /home/ilex/Dev/VIST/src/robot/sdk/arm_teleop/install/lbot_arm_interfaces/share/lbot_arm_interfaces/package.dsv
[0.564s] -- Up-to-date symlink: /home/ilex/Dev/VIST/src/robot/sdk/arm_teleop/install/lbot_arm_interfaces/share/ament_index/resource_index/packages/lbot_arm_interfaces
[0.564s] -- Up-to-date symlink: /home/ilex/Dev/VIST/src/robot/sdk/arm_teleop/install/lbot_arm_interfaces/share/lbot_arm_interfaces/cmake/rosidl_cmake-extras.cmake
[0.564s] -- Up-to-date symlink: /home/ilex/Dev/VIST/src/robot/sdk/arm_teleop/install/lbot_arm_interfaces/share/lbot_arm_interfaces/cmake/ament_cmake_export_dependencies-extras.cmake
[0.564s] -- Up-to-date symlink: /home/ilex/Dev/VIST/src/robot/sdk/arm_teleop/install/lbot_arm_interfaces/share/lbot_arm_interfaces/cmake/ament_cmake_export_include_directories-extras.cmake
[0.564s] -- Up-to-date symlink: /home/ilex/Dev/VIST/src/robot/sdk/arm_teleop/install/lbot_arm_interfaces/share/lbot_arm_interfaces/cmake/ament_cmake_export_libraries-extras.cmake
[0.564s] -- Up-to-date symlink: /home/ilex/Dev/VIST/src/robot/sdk/arm_teleop/install/lbot_arm_interfaces/share/lbot_arm_interfaces/cmake/ament_cmake_export_targets-extras.cmake
[0.564s] -- Up-to-date symlink: /home/ilex/Dev/VIST/src/robot/sdk/arm_teleop/install/lbot_arm_interfaces/share/lbot_arm_interfaces/cmake/rosidl_cmake_export_typesupport_targets-extras.cmake
[0.564s] -- Up-to-date symlink: /home/ilex/Dev/VIST/src/robot/sdk/arm_teleop/install/lbot_arm_interfaces/share/lbot_arm_interfaces/cmake/rosidl_cmake_export_typesupport_libraries-extras.cmake
[0.564s] -- Up-to-date symlink: /home/ilex/Dev/VIST/src/robot/sdk/arm_teleop/install/lbot_arm_interfaces/share/lbot_arm_interfaces/cmake/lbot_arm_interfacesConfig.cmake
[0.564s] -- Up-to-date symlink: /home/ilex/Dev/VIST/src/robot/sdk/arm_teleop/install/lbot_arm_interfaces/share/lbot_arm_interfaces/cmake/lbot_arm_interfacesConfig-version.cmake
[0.564s] -- Up-to-date symlink: /home/ilex/Dev/VIST/src/robot/sdk/arm_teleop/install/lbot_arm_interfaces/share/lbot_arm_interfaces/package.xml
[0.565s] -- Up-to-date: /home/ilex/Dev/VIST/src/robot/sdk/arm_teleop/install/lbot_arm_interfaces/lib/liblbot_arm_interfaces__rosidl_generator_c.so
[0.565s] -- Up-to-date: /home/ilex/Dev/VIST/src/robot/sdk/arm_teleop/install/lbot_arm_interfaces/lib/liblbot_arm_interfaces__rosidl_typesupport_fastrtps_c.so
[0.565s] -- Up-to-date: /home/ilex/Dev/VIST/src/robot/sdk/arm_teleop/install/lbot_arm_interfaces/lib/liblbot_arm_interfaces__rosidl_typesupport_fastrtps_cpp.so
[0.565s] -- Up-to-date: /home/ilex/Dev/VIST/src/robot/sdk/arm_teleop/install/lbot_arm_interfaces/lib/liblbot_arm_interfaces__rosidl_typesupport_introspection_c.so
[0.565s] -- Up-to-date: /home/ilex/Dev/VIST/src/robot/sdk/arm_teleop/install/lbot_arm_interfaces/lib/liblbot_arm_interfaces__rosidl_typesupport_c.so
[0.566s] -- Up-to-date: /home/ilex/Dev/VIST/src/robot/sdk/arm_teleop/install/lbot_arm_interfaces/lib/liblbot_arm_interfaces__rosidl_typesupport_introspection_cpp.so
[0.566s] -- Up-to-date: /home/ilex/Dev/VIST/src/robot/sdk/arm_teleop/install/lbot_arm_interfaces/lib/liblbot_arm_interfaces__rosidl_typesupport_cpp.so
[0.591s] Listing '/home/ilex/Dev/VIST/src/robot/sdk/arm_teleop/install/lbot_arm_interfaces/lib/python3.10/site-packages/lbot_arm_interfaces'...
[0.592s] Listing '/home/ilex/Dev/VIST/src/robot/sdk/arm_teleop/install/lbot_arm_interfaces/lib/python3.10/site-packages/lbot_arm_interfaces/msg'...
[0.592s] Listing '/home/ilex/Dev/VIST/src/robot/sdk/arm_teleop/install/lbot_arm_interfaces/lib/python3.10/site-packages/lbot_arm_interfaces/srv'...
[0.595s] -- Up-to-date: /home/ilex/Dev/VIST/src/robot/sdk/arm_teleop/install/lbot_arm_interfaces/lib/liblbot_arm_interfaces__rosidl_generator_py.so
[0.595s] -- Up-to-date: /home/ilex/Dev/VIST/src/robot/sdk/arm_teleop/install/lbot_arm_interfaces/share/lbot_arm_interfaces/cmake/export_lbot_arm_interfaces__rosidl_generator_cExport.cmake
[0.595s] -- Up-to-date: /home/ilex/Dev/VIST/src/robot/sdk/arm_teleop/install/lbot_arm_interfaces/share/lbot_arm_interfaces/cmake/export_lbot_arm_interfaces__rosidl_generator_cExport-noconfig.cmake
[0.595s] -- Up-to-date: /home/ilex/Dev/VIST/src/robot/sdk/arm_teleop/install/lbot_arm_interfaces/share/lbot_arm_interfaces/cmake/export_lbot_arm_interfaces__rosidl_typesupport_fastrtps_cExport.cmake
[0.595s] -- Up-to-date: /home/ilex/Dev/VIST/src/robot/sdk/arm_teleop/install/lbot_arm_interfaces/share/lbot_arm_interfaces/cmake/export_lbot_arm_interfaces__rosidl_typesupport_fastrtps_cExport-noconfig.cmake
[0.595s] -- Up-to-date: /home/ilex/Dev/VIST/src/robot/sdk/arm_teleop/install/lbot_arm_interfaces/share/lbot_arm_interfaces/cmake/export_lbot_arm_interfaces__rosidl_generator_cppExport.cmake
[0.595s] -- Up-to-date: /home/ilex/Dev/VIST/src/robot/sdk/arm_teleop/install/lbot_arm_interfaces/share/lbot_arm_interfaces/cmake/export_lbot_arm_interfaces__rosidl_typesupport_fastrtps_cppExport.cmake
[0.595s] -- Up-to-date: /home/ilex/Dev/VIST/src/robot/sdk/arm_teleop/install/lbot_arm_interfaces/share/lbot_arm_interfaces/cmake/export_lbot_arm_interfaces__rosidl_typesupport_fastrtps_cppExport-noconfig.cmake
[0.595s] -- Up-to-date: /home/ilex/Dev/VIST/src/robot/sdk/arm_teleop/install/lbot_arm_interfaces/share/lbot_arm_interfaces/cmake/lbot_arm_interfaces__rosidl_typesupport_introspection_cExport.cmake
[0.595s] -- Up-to-date: /home/ilex/Dev/VIST/src/robot/sdk/arm_teleop/install/lbot_arm_interfaces/share/lbot_arm_interfaces/cmake/lbot_arm_interfaces__rosidl_typesupport_introspection_cExport-noconfig.cmake
[0.596s] -- Up-to-date: /home/ilex/Dev/VIST/src/robot/sdk/arm_teleop/install/lbot_arm_interfaces/share/lbot_arm_interfaces/cmake/lbot_arm_interfaces__rosidl_typesupport_cExport.cmake
[0.596s] -- Up-to-date: /home/ilex/Dev/VIST/src/robot/sdk/arm_teleop/install/lbot_arm_interfaces/share/lbot_arm_interfaces/cmake/lbot_arm_interfaces__rosidl_typesupport_cExport-noconfig.cmake
[0.596s] -- Up-to-date: /home/ilex/Dev/VIST/src/robot/sdk/arm_teleop/install/lbot_arm_interfaces/share/lbot_arm_interfaces/cmake/lbot_arm_interfaces__rosidl_typesupport_introspection_cppExport.cmake
[0.596s] -- Up-to-date: /home/ilex/Dev/VIST/src/robot/sdk/arm_teleop/install/lbot_arm_interfaces/share/lbot_arm_interfaces/cmake/lbot_arm_interfaces__rosidl_typesupport_introspection_cppExport-noconfig.cmake
[0.596s] -- Up-to-date: /home/ilex/Dev/VIST/src/robot/sdk/arm_teleop/install/lbot_arm_interfaces/share/lbot_arm_interfaces/cmake/lbot_arm_interfaces__rosidl_typesupport_cppExport.cmake
[0.596s] -- Up-to-date: /home/ilex/Dev/VIST/src/robot/sdk/arm_teleop/install/lbot_arm_interfaces/share/lbot_arm_interfaces/cmake/lbot_arm_interfaces__rosidl_typesupport_cppExport-noconfig.cmake
[0.596s] -- Up-to-date: /home/ilex/Dev/VIST/src/robot/sdk/arm_teleop/install/lbot_arm_interfaces/share/lbot_arm_interfaces/cmake/export_lbot_arm_interfaces__rosidl_generator_pyExport.cmake
[0.596s] -- Up-to-date: /home/ilex/Dev/VIST/src/robot/sdk/arm_teleop/install/lbot_arm_interfaces/share/lbot_arm_interfaces/cmake/export_lbot_arm_interfaces__rosidl_generator_pyExport-noconfig.cmake
[0.597s] Invoked command in '/home/ilex/Dev/VIST/src/robot/sdk/arm_teleop/build/lbot_arm_interfaces' returned '0': CMAKE_PREFIX_PATH=/opt/ros/humble CONDA_PROMPT_MODIFIER=(robot_env) /usr/bin/cmake --install /home/ilex/Dev/VIST/src/robot/sdk/arm_teleop/build/lbot_arm_interfaces
