[0.007s] Invoking command in '/home/ilex/Dev/VIST/src/robot/sdk/arm_teleop/build/lbot_teleop': AMENT_PREFIX_PATH=/home/ilex/Dev/VIST/src/robot/sdk/arm_teleop/install/lbot_arm_interfaces:${AMENT_PREFIX_PATH} CMAKE_PREFIX_PATH=/home/ilex/Dev/VIST/src/robot/sdk/arm_teleop/install/lbot_arm_interfaces:/opt/ros/humble CONDA_PROMPT_MODIFIER=(base) LD_LIBRARY_PATH=/home/ilex/Dev/VIST/src/robot/sdk/arm_teleop/install/lbot_arm_interfaces/lib:${LD_LIBRARY_PATH} PYTHONPATH=/home/ilex/Dev/VIST/src/robot/sdk/arm_teleop/install/lbot_arm_interfaces/lib/python3.10/site-packages:${PYTHONPATH} /usr/bin/cmake /home/ilex/Dev/VIST/src/robot/sdk/arm_teleop/src/lbot_teleop -DAMENT_CMAKE_SYMLINK_INSTALL=1 -DCMAKE_INSTALL_PREFIX=/home/ilex/Dev/VIST/src/robot/sdk/arm_teleop/install/lbot_teleop
[0.050s] -- The C compiler identification is GNU 11.4.0
[0.095s] -- The CXX compiler identification is GNU 11.4.0
[0.099s] -- Detecting C compiler ABI info
[0.157s] -- Detecting C compiler ABI info - done
[0.161s] -- Check for working C compiler: /usr/bin/cc - skipped
[0.161s] -- Detecting C compile features
[0.161s] -- Detecting C compile features - done
[0.163s] -- Detecting CXX compiler ABI info
[0.222s] -- Detecting CXX compiler ABI info - done
[0.227s] -- Check for working CXX compiler: /usr/bin/c++ - skipped
[0.227s] -- Detecting CXX compile features
[0.228s] -- Detecting CXX compile features - done
[0.229s] -- Found ament_cmake: 1.3.12 (/opt/ros/humble/share/ament_cmake/cmake)
[0.542s] -- Found Python3: /home/ilex/miniforge3/envs/robot_env/bin/python3 (found version "3.10.19") found components: Interpreter 
[0.601s] -- Override CMake install command with custom implementation using symlinks instead of copying resources
[0.621s] -- Found rclcpp: 16.0.17 (/opt/ros/humble/share/rclcpp/cmake)
[0.650s] -- Found rosidl_generator_c: 3.1.8 (/opt/ros/humble/share/rosidl_generator_c/cmake)
[0.653s] -- Found rosidl_adapter: 3.1.8 (/opt/ros/humble/share/rosidl_adapter/cmake)
[0.660s] -- Found rosidl_generator_cpp: 3.1.8 (/opt/ros/humble/share/rosidl_generator_cpp/cmake)
[0.669s] -- Using all available rosidl_typesupport_c: rosidl_typesupport_fastrtps_c;rosidl_typesupport_introspection_c
[0.681s] -- Using all available rosidl_typesupport_cpp: rosidl_typesupport_fastrtps_cpp;rosidl_typesupport_introspection_cpp
[0.714s] -- Found rmw_implementation_cmake: 6.1.2 (/opt/ros/humble/share/rmw_implementation_cmake/cmake)
[0.716s] -- Found rmw_fastrtps_cpp: 6.2.9 (/opt/ros/humble/share/rmw_fastrtps_cpp/cmake)
[0.785s] -- Found OpenSSL: /usr/lib/x86_64-linux-gnu/libcrypto.so (found version "3.0.2")  
[0.804s] -- Found FastRTPS: /opt/ros/humble/include  
[0.825s] -- Using RMW implementation 'rmw_fastrtps_cpp' as default
[0.835s] -- Looking for pthread.h
[0.897s] -- Looking for pthread.h - found
[0.898s] -- Performing Test CMAKE_HAVE_LIBC_PTHREAD
[0.966s] -- Performing Test CMAKE_HAVE_LIBC_PTHREAD - Success
[0.967s] -- Found Threads: TRUE  
[1.010s] -- Found sensor_msgs: 4.9.0 (/opt/ros/humble/share/sensor_msgs/cmake)
[1.035s] -- Found lbot_arm_interfaces: 0.0.0 (/home/ilex/Dev/VIST/src/robot/sdk/arm_teleop/install/lbot_arm_interfaces/share/lbot_arm_interfaces/cmake)
[1.052s] -- Found ament_lint_auto: 0.12.14 (/opt/ros/humble/share/ament_lint_auto/cmake)
[1.139s] -- Added test 'cppcheck' to perform static code analysis on C / C++ code
[1.139s] -- Configured cppcheck include dirs: 
[1.139s] -- Configured cppcheck exclude dirs and/or files: 
[1.139s] -- Added test 'flake8' to check Python code syntax and style conventions
[1.139s] -- Added test 'lint_cmake' to check CMake code style
[1.140s] -- Added test 'pep257' to check Python code against some of the docstring style conventions in PEP 257
[1.140s] -- Added test 'uncrustify' to check C / C++ code style
[1.140s] -- Configured uncrustify additional arguments: 
[1.140s] -- Added test 'xmllint' to check XML markup files
[1.141s] -- Configuring done
[1.148s] CMake Warning at CMakeLists.txt:21 (add_executable):
[1.148s]   Cannot generate a safe runtime search path for target teleop_bridge_node
[1.148s]   because files in some directories may conflict with libraries in implicit
[1.148s]   directories:
[1.148s] 
[1.148s]     runtime library [libpython3.10.so.1.0] in /usr/lib/x86_64-linux-gnu may be hidden by files in:
[1.149s]       /home/ilex/miniforge3/envs/robot_env/lib
[1.149s] 
[1.149s]   Some of these libraries may not be found correctly.
[1.149s] 
[1.149s] 
[1.149s] -- Generating done
[1.152s] -- Build files have been written to: /home/ilex/Dev/VIST/src/robot/sdk/arm_teleop/build/lbot_teleop
[1.160s] Invoked command in '/home/ilex/Dev/VIST/src/robot/sdk/arm_teleop/build/lbot_teleop' returned '0': AMENT_PREFIX_PATH=/home/ilex/Dev/VIST/src/robot/sdk/arm_teleop/install/lbot_arm_interfaces:${AMENT_PREFIX_PATH} CMAKE_PREFIX_PATH=/home/ilex/Dev/VIST/src/robot/sdk/arm_teleop/install/lbot_arm_interfaces:/opt/ros/humble CONDA_PROMPT_MODIFIER=(base) LD_LIBRARY_PATH=/home/ilex/Dev/VIST/src/robot/sdk/arm_teleop/install/lbot_arm_interfaces/lib:${LD_LIBRARY_PATH} PYTHONPATH=/home/ilex/Dev/VIST/src/robot/sdk/arm_teleop/install/lbot_arm_interfaces/lib/python3.10/site-packages:${PYTHONPATH} /usr/bin/cmake /home/ilex/Dev/VIST/src/robot/sdk/arm_teleop/src/lbot_teleop -DAMENT_CMAKE_SYMLINK_INSTALL=1 -DCMAKE_INSTALL_PREFIX=/home/ilex/Dev/VIST/src/robot/sdk/arm_teleop/install/lbot_teleop
[1.161s] Invoking command in '/home/ilex/Dev/VIST/src/robot/sdk/arm_teleop/build/lbot_teleop': AMENT_PREFIX_PATH=/home/ilex/Dev/VIST/src/robot/sdk/arm_teleop/install/lbot_arm_interfaces:${AMENT_PREFIX_PATH} CMAKE_PREFIX_PATH=/home/ilex/Dev/VIST/src/robot/sdk/arm_teleop/install/lbot_arm_interfaces:/opt/ros/humble CONDA_PROMPT_MODIFIER=(base) LD_LIBRARY_PATH=/home/ilex/Dev/VIST/src/robot/sdk/arm_teleop/install/lbot_arm_interfaces/lib:${LD_LIBRARY_PATH} PYTHONPATH=/home/ilex/Dev/VIST/src/robot/sdk/arm_teleop/install/lbot_arm_interfaces/lib/python3.10/site-packages:${PYTHONPATH} /usr/bin/cmake --build /home/ilex/Dev/VIST/src/robot/sdk/arm_teleop/build/lbot_teleop -- -j16 -l16
[1.210s] [ 50%] Building CXX object CMakeFiles/teleop_bridge_node.dir/src/teleop_bridge_node.cpp.o
[13.257s] [100%] Linking CXX executable teleop_bridge_node
[13.586s] [100%] Built target teleop_bridge_node
