[0.009s] Invoking command in '/home/ilex/Dev/VIST/src/robot/sdk/arm_teleop/build/linkerta': CMAKE_PREFIX_PATH=/opt/ros/humble CONDA_PROMPT_MODIFIER=(base) /usr/bin/cmake /home/ilex/Dev/VIST/src/robot/sdk/arm_teleop/src/linkerta -DAMENT_CMAKE_SYMLINK_INSTALL=1 -DCMAKE_INSTALL_PREFIX=/home/ilex/Dev/VIST/src/robot/sdk/arm_teleop/install/linkerta
[0.019s] -- Found ament_cmake: 1.3.12 (/opt/ros/humble/share/ament_cmake/cmake)
[0.145s] -- Override CMake install command with custom implementation using symlinks instead of copying resources
[0.152s] -- Found rclcpp: 16.0.17 (/opt/ros/humble/share/rclcpp/cmake)
[0.172s] -- Found rosidl_generator_c: 3.1.8 (/opt/ros/humble/share/rosidl_generator_c/cmake)
[0.173s] -- Found rosidl_adapter: 3.1.8 (/opt/ros/humble/share/rosidl_adapter/cmake)
[0.178s] -- Found rosidl_generator_cpp: 3.1.8 (/opt/ros/humble/share/rosidl_generator_cpp/cmake)
[0.185s] -- Using all available rosidl_typesupport_c: rosidl_typesupport_fastrtps_c;rosidl_typesupport_introspection_c
[0.193s] -- Using all available rosidl_typesupport_cpp: rosidl_typesupport_fastrtps_cpp;rosidl_typesupport_introspection_cpp
[0.222s] -- Found rmw_implementation_cmake: 6.1.2 (/opt/ros/humble/share/rmw_implementation_cmake/cmake)
[0.222s] -- Found rmw_fastrtps_cpp: 6.2.9 (/opt/ros/humble/share/rmw_fastrtps_cpp/cmake)
[0.288s] -- Using RMW implementation 'rmw_fastrtps_cpp' as default
[0.321s] -- Found sensor_msgs: 4.9.0 (/opt/ros/humble/share/sensor_msgs/cmake)
[0.371s] Traceback (most recent call last):
[0.372s]   File "/opt/ros/humble/share/ament_cmake_core/cmake/core/package_xml_2_cmake.py", line 22, in <module>
[0.372s]     from catkin_pkg.package import parse_package_string
[0.372s] ModuleNotFoundError: No module named 'catkin_pkg'
[0.382s] CMake Error at /opt/ros/humble/share/ament_cmake_core/cmake/core/ament_package_xml.cmake:95 (message):
[0.382s]   execute_process(/home/ilex/miniforge3/envs/robot_env/bin/python3
[0.382s]   /opt/ros/humble/share/ament_cmake_core/cmake/core/package_xml_2_cmake.py
[0.382s]   /home/ilex/Dev/VIST/src/robot/sdk/arm_teleop/src/linkerta/package.xml
[0.383s]   /home/ilex/Dev/VIST/src/robot/sdk/arm_teleop/build/linkerta/ament_cmake_core/package.cmake)
[0.383s]   returned error code 1
[0.383s] Call Stack (most recent call first):
[0.383s]   /opt/ros/humble/share/ament_cmake_core/cmake/core/ament_package_xml.cmake:49 (_ament_package_xml)
[0.383s]   /opt/ros/humble/share/ament_cmake_core/cmake/core/ament_package.cmake:63 (ament_package_xml)
[0.383s]   CMakeLists.txt:54 (ament_package)
[0.383s] 
[0.383s] 
[0.383s] -- Configuring incomplete, errors occurred!
[0.383s] See also "/home/ilex/Dev/VIST/src/robot/sdk/arm_teleop/build/linkerta/CMakeFiles/CMakeOutput.log".
