-- The C compiler identification is GNU 11.4.0
-- The CXX compiler identification is GNU 11.4.0
-- Detecting C compiler ABI info
-- Detecting C compiler ABI info - done
-- Check for working C compiler: /usr/bin/cc - skipped
-- Detecting C compile features
-- Detecting C compile features - done
-- Detecting CXX compiler ABI info
-- Detecting CXX compiler ABI info - done
-- Check for working CXX compiler: /usr/bin/c++ - skipped
-- Detecting CXX compile features
-- Detecting CXX compile features - done
-- Found ament_cmake: 1.3.12 (/opt/ros/humble/share/ament_cmake/cmake)
-- Found Python3: /home/ilex/miniforge3/envs/robot_env/bin/python3 (found version "3.10.19") found components: Interpreter 
-- Override CMake install command with custom implementation using symlinks instead of copying resources
-- Found rclcpp: 16.0.17 (/opt/ros/humble/share/rclcpp/cmake)
-- Found rosidl_generator_c: 3.1.8 (/opt/ros/humble/share/rosidl_generator_c/cmake)
-- Found rosidl_adapter: 3.1.8 (/opt/ros/humble/share/rosidl_adapter/cmake)
-- Found rosidl_generator_cpp: 3.1.8 (/opt/ros/humble/share/rosidl_generator_cpp/cmake)
-- Using all available rosidl_typesupport_c: rosidl_typesupport_fastrtps_c;rosidl_typesupport_introspection_c
-- Using all available rosidl_typesupport_cpp: rosidl_typesupport_fastrtps_cpp;rosidl_typesupport_introspection_cpp
-- Found rmw_implementation_cmake: 6.1.2 (/opt/ros/humble/share/rmw_implementation_cmake/cmake)
-- Found rmw_fastrtps_cpp: 6.2.9 (/opt/ros/humble/share/rmw_fastrtps_cpp/cmake)
-- Found OpenSSL: /usr/lib/x86_64-linux-gnu/libcrypto.so (found version "3.0.2")  
-- Found FastRTPS: /opt/ros/humble/include  
-- Using RMW implementation 'rmw_fastrtps_cpp' as default
-- Looking for pthread.h
-- Looking for pthread.h - found
-- Performing Test CMAKE_HAVE_LIBC_PTHREAD
-- Performing Test CMAKE_HAVE_LIBC_PTHREAD - Success
-- Found Threads: TRUE  
-- Found std_srvs: 4.9.0 (/opt/ros/humble/share/std_srvs/cmake)
-- Found sensor_msgs: 4.9.0 (/opt/ros/humble/share/sensor_msgs/cmake)
-- Found tf2: 0.25.18 (/opt/ros/humble/share/tf2/cmake)
-- Found tf2_geometry_msgs: 0.25.18 (/opt/ros/humble/share/tf2_geometry_msgs/cmake)
-- Found eigen3_cmake_module: 0.1.1 (/opt/ros/humble/share/eigen3_cmake_module/cmake)
-- Found Eigen3: TRUE (found version "3.4.0") 
-- Ensuring Eigen3 include directory is part of orocos-kdl CMake target
-- Found lbot_arm_interfaces: 0.0.0 (/home/ilex/Dev/VIST/src/robot/sdk/arm_teleop/install/lbot_arm_interfaces/share/lbot_arm_interfaces/cmake)
-- Found ament_lint_auto: 0.12.14 (/opt/ros/humble/share/ament_lint_auto/cmake)
-- Added test 'cppcheck' to perform static code analysis on C / C++ code
-- Configured cppcheck include dirs: /home/ilex/Dev/VIST/src/robot/sdk/arm_teleop/src/lbot_demo/include;/home/ilex/Dev/VIST/src/robot/sdk/arm_teleop/src/lbot_demo/include/lbot_demo
-- Configured cppcheck exclude dirs and/or files: 
-- Added test 'flake8' to check Python code syntax and style conventions
-- Added test 'lint_cmake' to check CMake code style
-- Added test 'pep257' to check Python code against some of the docstring style conventions in PEP 257
-- Added test 'uncrustify' to check C / C++ code style
-- Configured uncrustify additional arguments: 
-- Added test 'xmllint' to check XML markup files
-- Configuring done
CMake Warning at CMakeLists.txt:47 (add_executable):
  Cannot generate a safe runtime search path for target demo_lkrs_movej
  because files in some directories may conflict with libraries in implicit
  directories:

    runtime library [libpython3.10.so.1.0] in /usr/lib/x86_64-linux-gnu may be hidden by files in:
      /home/ilex/miniforge3/envs/robot_env/lib

  Some of these libraries may not be found correctly.


CMake Warning at CMakeLists.txt:50 (add_executable):
  Cannot generate a safe runtime search path for target demo_lkrs_movel
  because files in some directories may conflict with libraries in implicit
  directories:

    runtime library [libpython3.10.so.1.0] in /usr/lib/x86_64-linux-gnu may be hidden by files in:
      /home/ilex/miniforge3/envs/robot_env/lib

  Some of these libraries may not be found correctly.


CMake Warning at CMakeLists.txt:53 (add_executable):
  Cannot generate a safe runtime search path for target demo_lkrs_movejp
  because files in some directories may conflict with libraries in implicit
  directories:

    runtime library [libpython3.10.so.1.0] in /usr/lib/x86_64-linux-gnu may be hidden by files in:
      /home/ilex/miniforge3/envs/robot_env/lib

  Some of these libraries may not be found correctly.


CMake Warning at CMakeLists.txt:56 (add_executable):
  Cannot generate a safe runtime search path for target demo_lkls_movej
  because files in some directories may conflict with libraries in implicit
  directories:

    runtime library [libpython3.10.so.1.0] in /usr/lib/x86_64-linux-gnu may be hidden by files in:
      /home/ilex/miniforge3/envs/robot_env/lib

  Some of these libraries may not be found correctly.


CMake Warning at CMakeLists.txt:59 (add_executable):
  Cannot generate a safe runtime search path for target demo_lkls_movel
  because files in some directories may conflict with libraries in implicit
  directories:

    runtime library [libpython3.10.so.1.0] in /usr/lib/x86_64-linux-gnu may be hidden by files in:
      /home/ilex/miniforge3/envs/robot_env/lib

  Some of these libraries may not be found correctly.


CMake Warning at CMakeLists.txt:62 (add_executable):
  Cannot generate a safe runtime search path for target demo_lkls_movejp
  because files in some directories may conflict with libraries in implicit
  directories:

    runtime library [libpython3.10.so.1.0] in /usr/lib/x86_64-linux-gnu may be hidden by files in:
      /home/ilex/miniforge3/envs/robot_env/lib

  Some of these libraries may not be found correctly.


CMake Warning at CMakeLists.txt:65 (add_executable):
  Cannot generate a safe runtime search path for target demo_ik because files
  in some directories may conflict with libraries in implicit directories:

    runtime library [libpython3.10.so.1.0] in /usr/lib/x86_64-linux-gnu may be hidden by files in:
      /home/ilex/miniforge3/envs/robot_env/lib

  Some of these libraries may not be found correctly.


CMake Warning at CMakeLists.txt:68 (add_executable):
  Cannot generate a safe runtime search path for target demo_fk because files
  in some directories may conflict with libraries in implicit directories:

    runtime library [libpython3.10.so.1.0] in /usr/lib/x86_64-linux-gnu may be hidden by files in:
      /home/ilex/miniforge3/envs/robot_env/lib

  Some of these libraries may not be found correctly.


CMake Warning at CMakeLists.txt:71 (add_executable):
  Cannot generate a safe runtime search path for target demo_tool_frame
  because files in some directories may conflict with libraries in implicit
  directories:

    runtime library [libpython3.10.so.1.0] in /usr/lib/x86_64-linux-gnu may be hidden by files in:
      /home/ilex/miniforge3/envs/robot_env/lib

  Some of these libraries may not be found correctly.


CMake Warning at CMakeLists.txt:74 (add_executable):
  Cannot generate a safe runtime search path for target demo_emergency_enable
  because files in some directories may conflict with libraries in implicit
  directories:

    runtime library [libpython3.10.so.1.0] in /usr/lib/x86_64-linux-gnu may be hidden by files in:
      /home/ilex/miniforge3/envs/robot_env/lib

  Some of these libraries may not be found correctly.


CMake Warning at CMakeLists.txt:77 (add_executable):
  Cannot generate a safe runtime search path for target demo_hand_l6_control
  because files in some directories may conflict with libraries in implicit
  directories:

    runtime library [libpython3.10.so.1.0] in /usr/lib/x86_64-linux-gnu may be hidden by files in:
      /home/ilex/miniforge3/envs/robot_env/lib

  Some of these libraries may not be found correctly.


CMake Warning at CMakeLists.txt:80 (add_executable):
  Cannot generate a safe runtime search path for target demo_hand_l10_control
  because files in some directories may conflict with libraries in implicit
  directories:

    runtime library [libpython3.10.so.1.0] in /usr/lib/x86_64-linux-gnu may be hidden by files in:
      /home/ilex/miniforge3/envs/robot_env/lib

  Some of these libraries may not be found correctly.


CMake Warning at CMakeLists.txt:83 (add_executable):
  Cannot generate a safe runtime search path for target demo_joint_bridge
  because files in some directories may conflict with libraries in implicit
  directories:

    runtime library [libpython3.10.so.1.0] in /usr/lib/x86_64-linux-gnu may be hidden by files in:
      /home/ilex/miniforge3/envs/robot_env/lib

  Some of these libraries may not be found correctly.


-- Generating done
-- Build files have been written to: /home/ilex/Dev/VIST/src/robot/sdk/arm_teleop/build/lbot_demo
[  3%] Building CXX object CMakeFiles/demo_joint_bridge.dir/src/demo_joint_bridge.cpp.o
[  7%] Building CXX object CMakeFiles/demo_lkrs_movel.dir/src/demo_lkrs_movel.cpp.o
[ 11%] Building CXX object CMakeFiles/demo_lkrs_movejp.dir/src/demo_lkrs_movejp.cpp.o
[ 19%] Building CXX object CMakeFiles/demo_lkls_movel.dir/src/demo_lkls_movel.cpp.o
[ 19%] Building CXX object CMakeFiles/demo_lkrs_movej.dir/src/demo_lkrs_movej.cpp.o
[ 23%] Building CXX object CMakeFiles/demo_lkls_movejp.dir/src/demo_lkls_movejp.cpp.o
[ 26%] Building CXX object CMakeFiles/demo_lkls_movej.dir/src/demo_lkls_movej.cpp.o
[ 30%] Building CXX object CMakeFiles/demo_tool_frame.dir/src/demo_tool_frame.cpp.o
[ 34%] Building CXX object CMakeFiles/demo_fk.dir/src/demo_fk.cpp.o
[ 38%] Building CXX object CMakeFiles/demo_ik.dir/src/demo_ik.cpp.o
[ 46%] Building CXX object CMakeFiles/demo_hand_l6_control.dir/src/demo_hand_l6_control.cpp.o
[ 46%] Building CXX object CMakeFiles/demo_emergency_enable.dir/src/demo_emergency_enable.cpp.o
[ 50%] Building CXX object CMakeFiles/demo_hand_l10_control.dir/src/demo_hand_l10_control.cpp.o
[ 53%] Linking CXX executable demo_lkls_movej
[ 57%] Linking CXX executable demo_lkrs_movejp
[ 57%] Built target demo_lkls_movej
[ 57%] Built target demo_lkrs_movejp
[ 61%] Linking CXX executable demo_fk
[ 65%] Linking CXX executable demo_ik
[ 69%] Linking CXX executable demo_lkls_movejp
[ 69%] Built target demo_ik
[ 69%] Built target demo_fk
[ 73%] Linking CXX executable demo_lkrs_movej
[ 76%] Linking CXX executable demo_lkls_movel
[ 76%] Built target demo_lkls_movejp
[ 76%] Built target demo_lkrs_movej
[ 80%] Linking CXX executable demo_lkrs_movel
[ 80%] Built target demo_lkls_movel
[ 80%] Built target demo_lkrs_movel
[ 84%] Linking CXX executable demo_hand_l6_control
[ 88%] Linking CXX executable demo_hand_l10_control
[ 88%] Built target demo_hand_l6_control
[ 88%] Built target demo_hand_l10_control
[ 92%] Linking CXX executable demo_emergency_enable
[ 92%] Built target demo_emergency_enable
[ 96%] Linking CXX executable demo_tool_frame
[ 96%] Built target demo_tool_frame
[100%] Linking CXX executable demo_joint_bridge
[100%] Built target demo_joint_bridge
