[0.006s] Invoking command in '/home/ilex/Dev/VIST/src/robot/sdk/arm_teleop/build/lbot_demo': AMENT_PREFIX_PATH=/home/ilex/Dev/VIST/src/robot/sdk/arm_teleop/install/lbot_arm_interfaces:${AMENT_PREFIX_PATH} CMAKE_PREFIX_PATH=/home/ilex/Dev/VIST/src/robot/sdk/arm_teleop/install/lbot_arm_interfaces:/opt/ros/humble CONDA_PROMPT_MODIFIER=(base) LD_LIBRARY_PATH=/home/ilex/Dev/VIST/src/robot/sdk/arm_teleop/install/lbot_arm_interfaces/lib:${LD_LIBRARY_PATH} PYTHONPATH=/home/ilex/Dev/VIST/src/robot/sdk/arm_teleop/install/lbot_arm_interfaces/lib/python3.10/site-packages:${PYTHONPATH} /usr/bin/cmake /home/ilex/Dev/VIST/src/robot/sdk/arm_teleop/src/lbot_demo -DAMENT_CMAKE_SYMLINK_INSTALL=1 -DCMAKE_INSTALL_PREFIX=/home/ilex/Dev/VIST/src/robot/sdk/arm_teleop/install/lbot_demo
[0.049s] -- The C compiler identification is GNU 11.4.0
[0.087s] -- The CXX compiler identification is GNU 11.4.0
[0.092s] -- Detecting C compiler ABI info
[0.151s] -- Detecting C compiler ABI info - done
[0.155s] -- Check for working C compiler: /usr/bin/cc - skipped
[0.155s] -- Detecting C compile features
[0.155s] -- Detecting C compile features - done
[0.157s] -- Detecting CXX compiler ABI info
[0.226s] -- Detecting CXX compiler ABI info - done
[0.231s] -- Check for working CXX compiler: /usr/bin/c++ - skipped
[0.232s] -- Detecting CXX compile features
[0.232s] -- Detecting CXX compile features - done
[0.234s] -- Found ament_cmake: 1.3.12 (/opt/ros/humble/share/ament_cmake/cmake)
[0.549s] -- Found Python3: /home/ilex/miniforge3/envs/robot_env/bin/python3 (found version "3.10.19") found components: Interpreter 
[0.602s] -- Override CMake install command with custom implementation using symlinks instead of copying resources
[0.621s] -- Found rclcpp: 16.0.17 (/opt/ros/humble/share/rclcpp/cmake)
[0.652s] -- Found rosidl_generator_c: 3.1.8 (/opt/ros/humble/share/rosidl_generator_c/cmake)
[0.656s] -- Found rosidl_adapter: 3.1.8 (/opt/ros/humble/share/rosidl_adapter/cmake)
[0.662s] -- Found rosidl_generator_cpp: 3.1.8 (/opt/ros/humble/share/rosidl_generator_cpp/cmake)
[0.671s] -- Using all available rosidl_typesupport_c: rosidl_typesupport_fastrtps_c;rosidl_typesupport_introspection_c
[0.684s] -- Using all available rosidl_typesupport_cpp: rosidl_typesupport_fastrtps_cpp;rosidl_typesupport_introspection_cpp
[0.718s] -- Found rmw_implementation_cmake: 6.1.2 (/opt/ros/humble/share/rmw_implementation_cmake/cmake)
[0.720s] -- Found rmw_fastrtps_cpp: 6.2.9 (/opt/ros/humble/share/rmw_fastrtps_cpp/cmake)
[0.788s] -- Found OpenSSL: /usr/lib/x86_64-linux-gnu/libcrypto.so (found version "3.0.2")  
[0.800s] -- Found FastRTPS: /opt/ros/humble/include  
[0.820s] -- Using RMW implementation 'rmw_fastrtps_cpp' as default
[0.826s] -- Looking for pthread.h
[0.890s] -- Looking for pthread.h - found
[0.890s] -- Performing Test CMAKE_HAVE_LIBC_PTHREAD
[0.954s] -- Performing Test CMAKE_HAVE_LIBC_PTHREAD - Success
[0.955s] -- Found Threads: TRUE  
[0.999s] -- Found std_srvs: 4.9.0 (/opt/ros/humble/share/std_srvs/cmake)
[1.010s] -- Found sensor_msgs: 4.9.0 (/opt/ros/humble/share/sensor_msgs/cmake)
[1.038s] -- Found tf2: 0.25.18 (/opt/ros/humble/share/tf2/cmake)
[1.046s] -- Found tf2_geometry_msgs: 0.25.18 (/opt/ros/humble/share/tf2_geometry_msgs/cmake)
[1.058s] -- Found eigen3_cmake_module: 0.1.1 (/opt/ros/humble/share/eigen3_cmake_module/cmake)
[1.059s] -- Found Eigen3: TRUE (found version "3.4.0") 
[1.059s] -- Ensuring Eigen3 include directory is part of orocos-kdl CMake target
[1.143s] -- Found lbot_arm_interfaces: 0.0.0 (/home/ilex/Dev/VIST/src/robot/sdk/arm_teleop/install/lbot_arm_interfaces/share/lbot_arm_interfaces/cmake)
[1.158s] -- Found ament_lint_auto: 0.12.14 (/opt/ros/humble/share/ament_lint_auto/cmake)
[1.265s] -- Added test 'cppcheck' to perform static code analysis on C / C++ code
[1.265s] -- Configured cppcheck include dirs: /home/ilex/Dev/VIST/src/robot/sdk/arm_teleop/src/lbot_demo/include;/home/ilex/Dev/VIST/src/robot/sdk/arm_teleop/src/lbot_demo/include/lbot_demo
[1.266s] -- Configured cppcheck exclude dirs and/or files: 
[1.266s] -- Added test 'flake8' to check Python code syntax and style conventions
[1.266s] -- Added test 'lint_cmake' to check CMake code style
[1.267s] -- Added test 'pep257' to check Python code against some of the docstring style conventions in PEP 257
[1.267s] -- Added test 'uncrustify' to check C / C++ code style
[1.267s] -- Configured uncrustify additional arguments: 
[1.268s] -- Added test 'xmllint' to check XML markup files
[1.269s] -- Configuring done
[1.278s] CMake Warning at CMakeLists.txt:47 (add_executable):
[1.278s]   Cannot generate a safe runtime search path for target demo_lkrs_movej
[1.278s]   because files in some directories may conflict with libraries in implicit
[1.278s]   directories:
[1.278s] 
[1.278s]     runtime library [libpython3.10.so.1.0] in /usr/lib/x86_64-linux-gnu may be hidden by files in:
[1.278s]       /home/ilex/miniforge3/envs/robot_env/lib
[1.278s] 
[1.278s]   Some of these libraries may not be found correctly.
[1.278s] 
[1.279s] 
[1.280s] CMake Warning at CMakeLists.txt:50 (add_executable):
[1.280s]   Cannot generate a safe runtime search path for target demo_lkrs_movel
[1.280s]   because files in some directories may conflict with libraries in implicit
[1.280s]   directories:
[1.281s] 
[1.281s]     runtime library [libpython3.10.so.1.0] in /usr/lib/x86_64-linux-gnu may be hidden by files in:
[1.281s]       /home/ilex/miniforge3/envs/robot_env/lib
[1.281s] 
[1.281s]   Some of these libraries may not be found correctly.
[1.281s] 
[1.281s] 
[1.283s] CMake Warning at CMakeLists.txt:53 (add_executable):
[1.283s]   Cannot generate a safe runtime search path for target demo_lkrs_movejp
[1.283s]   because files in some directories may conflict with libraries in implicit
[1.283s]   directories:
[1.283s] 
[1.283s]     runtime library [libpython3.10.so.1.0] in /usr/lib/x86_64-linux-gnu may be hidden by files in:
[1.283s]       /home/ilex/miniforge3/envs/robot_env/lib
[1.283s] 
[1.283s]   Some of these libraries may not be found correctly.
[1.283s] 
[1.284s] 
[1.285s] CMake Warning at CMakeLists.txt:56 (add_executable):
[1.285s]   Cannot generate a safe runtime search path for target demo_lkls_movej
[1.285s]   because files in some directories may conflict with libraries in implicit
[1.285s]   directories:
[1.286s] 
[1.286s]     runtime library [libpython3.10.so.1.0] in /usr/lib/x86_64-linux-gnu may be hidden by files in:
[1.286s]       /home/ilex/miniforge3/envs/robot_env/lib
[1.286s] 
[1.286s]   Some of these libraries may not be found correctly.
[1.286s] 
[1.286s] 
[1.288s] CMake Warning at CMakeLists.txt:59 (add_executable):
[1.288s]   Cannot generate a safe runtime search path for target demo_lkls_movel
[1.288s]   because files in some directories may conflict with libraries in implicit
[1.288s]   directories:
[1.288s] 
[1.288s]     runtime library [libpython3.10.so.1.0] in /usr/lib/x86_64-linux-gnu may be hidden by files in:
[1.288s]       /home/ilex/miniforge3/envs/robot_env/lib
[1.288s] 
[1.288s]   Some of these libraries may not be found correctly.
[1.288s] 
[1.288s] 
[1.290s] CMake Warning at CMakeLists.txt:62 (add_executable):
[1.290s]   Cannot generate a safe runtime search path for target demo_lkls_movejp
[1.290s]   because files in some directories may conflict with libraries in implicit
[1.290s]   directories:
[1.290s] 
[1.290s]     runtime library [libpython3.10.so.1.0] in /usr/lib/x86_64-linux-gnu may be hidden by files in:
[1.291s]       /home/ilex/miniforge3/envs/robot_env/lib
[1.291s] 
[1.291s]   Some of these libraries may not be found correctly.
[1.291s] 
[1.291s] 
[1.292s] CMake Warning at CMakeLists.txt:65 (add_executable):
[1.293s]   Cannot generate a safe runtime search path for target demo_ik because files
[1.293s]   in some directories may conflict with libraries in implicit directories:
[1.293s] 
[1.293s]     runtime library [libpython3.10.so.1.0] in /usr/lib/x86_64-linux-gnu may be hidden by files in:
[1.293s]       /home/ilex/miniforge3/envs/robot_env/lib
[1.293s] 
[1.293s]   Some of these libraries may not be found correctly.
[1.293s] 
[1.293s] 
[1.295s] CMake Warning at CMakeLists.txt:68 (add_executable):
[1.295s]   Cannot generate a safe runtime search path for target demo_fk because files
[1.295s]   in some directories may conflict with libraries in implicit directories:
[1.295s] 
[1.295s]     runtime library [libpython3.10.so.1.0] in /usr/lib/x86_64-linux-gnu may be hidden by files in:
[1.295s]       /home/ilex/miniforge3/envs/robot_env/lib
[1.295s] 
[1.295s]   Some of these libraries may not be found correctly.
[1.296s] 
[1.296s] 
[1.297s] CMake Warning at CMakeLists.txt:71 (add_executable):
[1.298s]   Cannot generate a safe runtime search path for target demo_tool_frame
[1.298s]   because files in some directories may conflict with libraries in implicit
[1.298s]   directories:
[1.298s] 
[1.298s]     runtime library [libpython3.10.so.1.0] in /usr/lib/x86_64-linux-gnu may be hidden by files in:
[1.298s]       /home/ilex/miniforge3/envs/robot_env/lib
[1.298s] 
[1.298s]   Some of these libraries may not be found correctly.
[1.298s] 
[1.298s] 
[1.300s] CMake Warning at CMakeLists.txt:74 (add_executable):
[1.300s]   Cannot generate a safe runtime search path for target demo_emergency_enable
[1.300s]   because files in some directories may conflict with libraries in implicit
[1.300s]   directories:
[1.300s] 
[1.300s]     runtime library [libpython3.10.so.1.0] in /usr/lib/x86_64-linux-gnu may be hidden by files in:
[1.300s]       /home/ilex/miniforge3/envs/robot_env/lib
[1.300s] 
[1.300s]   Some of these libraries may not be found correctly.
[1.301s] 
[1.301s] 
[1.302s] CMake Warning at CMakeLists.txt:77 (add_executable):
[1.303s]   Cannot generate a safe runtime search path for target demo_hand_l6_control
[1.303s]   because files in some directories may conflict with libraries in implicit
[1.303s]   directories:
[1.303s] 
[1.303s]     runtime library [libpython3.10.so.1.0] in /usr/lib/x86_64-linux-gnu may be hidden by files in:
[1.303s]       /home/ilex/miniforge3/envs/robot_env/lib
[1.303s] 
[1.303s]   Some of these libraries may not be found correctly.
[1.303s] 
[1.303s] 
[1.305s] CMake Warning at CMakeLists.txt:80 (add_executable):
[1.305s]   Cannot generate a safe runtime search path for target demo_hand_l10_control
[1.305s]   because files in some directories may conflict with libraries in implicit
[1.305s]   directories:
[1.305s] 
[1.305s]     runtime library [libpython3.10.so.1.0] in /usr/lib/x86_64-linux-gnu may be hidden by files in:
[1.305s]       /home/ilex/miniforge3/envs/robot_env/lib
[1.305s] 
[1.305s]   Some of these libraries may not be found correctly.
[1.305s] 
[1.305s] 
[1.307s] CMake Warning at CMakeLists.txt:83 (add_executable):
[1.307s]   Cannot generate a safe runtime search path for target demo_joint_bridge
[1.307s]   because files in some directories may conflict with libraries in implicit
[1.307s]   directories:
[1.308s] 
[1.308s]     runtime library [libpython3.10.so.1.0] in /usr/lib/x86_64-linux-gnu may be hidden by files in:
[1.308s]       /home/ilex/miniforge3/envs/robot_env/lib
[1.308s] 
[1.308s]   Some of these libraries may not be found correctly.
[1.308s] 
[1.308s] 
[1.308s] -- Generating done
[1.325s] -- Build files have been written to: /home/ilex/Dev/VIST/src/robot/sdk/arm_teleop/build/lbot_demo
[1.334s] Invoked command in '/home/ilex/Dev/VIST/src/robot/sdk/arm_teleop/build/lbot_demo' returned '0': AMENT_PREFIX_PATH=/home/ilex/Dev/VIST/src/robot/sdk/arm_teleop/install/lbot_arm_interfaces:${AMENT_PREFIX_PATH} CMAKE_PREFIX_PATH=/home/ilex/Dev/VIST/src/robot/sdk/arm_teleop/install/lbot_arm_interfaces:/opt/ros/humble CONDA_PROMPT_MODIFIER=(base) LD_LIBRARY_PATH=/home/ilex/Dev/VIST/src/robot/sdk/arm_teleop/install/lbot_arm_interfaces/lib:${LD_LIBRARY_PATH} PYTHONPATH=/home/ilex/Dev/VIST/src/robot/sdk/arm_teleop/install/lbot_arm_interfaces/lib/python3.10/site-packages:${PYTHONPATH} /usr/bin/cmake /home/ilex/Dev/VIST/src/robot/sdk/arm_teleop/src/lbot_demo -DAMENT_CMAKE_SYMLINK_INSTALL=1 -DCMAKE_INSTALL_PREFIX=/home/ilex/Dev/VIST/src/robot/sdk/arm_teleop/install/lbot_demo
[1.335s] Invoking command in '/home/ilex/Dev/VIST/src/robot/sdk/arm_teleop/build/lbot_demo': AMENT_PREFIX_PATH=/home/ilex/Dev/VIST/src/robot/sdk/arm_teleop/install/lbot_arm_interfaces:${AMENT_PREFIX_PATH} CMAKE_PREFIX_PATH=/home/ilex/Dev/VIST/src/robot/sdk/arm_teleop/install/lbot_arm_interfaces:/opt/ros/humble CONDA_PROMPT_MODIFIER=(base) LD_LIBRARY_PATH=/home/ilex/Dev/VIST/src/robot/sdk/arm_teleop/install/lbot_arm_interfaces/lib:${LD_LIBRARY_PATH} PYTHONPATH=/home/ilex/Dev/VIST/src/robot/sdk/arm_teleop/install/lbot_arm_interfaces/lib/python3.10/site-packages:${PYTHONPATH} /usr/bin/cmake --build /home/ilex/Dev/VIST/src/robot/sdk/arm_teleop/build/lbot_demo -- -j16 -l16
[1.396s] [  3%] Building CXX object CMakeFiles/demo_joint_bridge.dir/src/demo_joint_bridge.cpp.o
[1.396s] [  7%] Building CXX object CMakeFiles/demo_lkrs_movel.dir/src/demo_lkrs_movel.cpp.o
[1.396s] [ 11%] Building CXX object CMakeFiles/demo_lkrs_movejp.dir/src/demo_lkrs_movejp.cpp.o
[1.396s] [ 19%] Building CXX object CMakeFiles/demo_lkls_movel.dir/src/demo_lkls_movel.cpp.o
[1.396s] [ 19%] Building CXX object CMakeFiles/demo_lkrs_movej.dir/src/demo_lkrs_movej.cpp.o
[1.396s] [ 23%] Building CXX object CMakeFiles/demo_lkls_movejp.dir/src/demo_lkls_movejp.cpp.o
[1.396s] [ 26%] Building CXX object CMakeFiles/demo_lkls_movej.dir/src/demo_lkls_movej.cpp.o
[1.397s] [ 30%] Building CXX object CMakeFiles/demo_tool_frame.dir/src/demo_tool_frame.cpp.o
[1.397s] [ 34%] Building CXX object CMakeFiles/demo_fk.dir/src/demo_fk.cpp.o
[1.397s] [ 38%] Building CXX object CMakeFiles/demo_ik.dir/src/demo_ik.cpp.o
[1.397s] [ 46%] Building CXX object CMakeFiles/demo_hand_l6_control.dir/src/demo_hand_l6_control.cpp.o
[1.397s] [ 46%] Building CXX object CMakeFiles/demo_emergency_enable.dir/src/demo_emergency_enable.cpp.o
[1.400s] [ 50%] Building CXX object CMakeFiles/demo_hand_l10_control.dir/src/demo_hand_l10_control.cpp.o
[7.256s] [ 53%] Linking CXX executable demo_lkls_movej
[7.261s] [ 57%] Linking CXX executable demo_lkrs_movejp
[7.595s] [ 57%] Built target demo_lkls_movej
[7.598s] [ 57%] Built target demo_lkrs_movejp
[7.694s] [ 61%] Linking CXX executable demo_fk
[7.757s] [ 65%] Linking CXX executable demo_ik
[7.794s] [ 69%] Linking CXX executable demo_lkls_movejp
[7.971s] [ 69%] Built target demo_ik
[7.978s] [ 69%] Built target demo_fk
[8.032s] [ 73%] Linking CXX executable demo_lkrs_movej
[8.076s] [ 76%] Linking CXX executable demo_lkls_movel
[8.079s] [ 76%] Built target demo_lkls_movejp
[8.212s] [ 76%] Built target demo_lkrs_movej
[8.262s] [ 80%] Linking CXX executable demo_lkrs_movel
[8.274s] [ 80%] Built target demo_lkls_movel
[8.453s] [ 80%] Built target demo_lkrs_movel
[8.688s] [ 84%] Linking CXX executable demo_hand_l6_control
[8.780s] [ 88%] Linking CXX executable demo_hand_l10_control
[8.936s] [ 88%] Built target demo_hand_l6_control
[8.977s] [ 88%] Built target demo_hand_l10_control
[9.075s] [ 92%] Linking CXX executable demo_emergency_enable
[9.278s] [ 92%] Built target demo_emergency_enable
[10.878s] [ 96%] Linking CXX executable demo_tool_frame
[11.151s] [ 96%] Built target demo_tool_frame
[12.270s] [100%] Linking CXX executable demo_joint_bridge
[12.614s] [100%] Built target demo_joint_bridge
