[0.011s] Invoking command in '/home/ilex/Dev/VIST/src/robot/sdk/arm_teleop/build/lbot_arm_interfaces': CMAKE_PREFIX_PATH=/opt/ros/humble CONDA_PROMPT_MODIFIER=(base) /usr/bin/cmake /home/ilex/Dev/VIST/src/robot/sdk/arm_teleop/src/lbot_arm_interfaces -DAMENT_CMAKE_SYMLINK_INSTALL=1 -DCMAKE_INSTALL_PREFIX=/home/ilex/Dev/VIST/src/robot/sdk/arm_teleop/install/lbot_arm_interfaces
[0.021s] -- Found ament_cmake: 1.3.12 (/opt/ros/humble/share/ament_cmake/cmake)
[0.151s] -- Override CMake install command with custom implementation using symlinks instead of copying resources
[0.160s] -- Found geometry_msgs: 4.9.0 (/opt/ros/humble/share/geometry_msgs/cmake)
[0.178s] -- Found rosidl_generator_c: 3.1.8 (/opt/ros/humble/share/rosidl_generator_c/cmake)
[0.179s] -- Found rosidl_adapter: 3.1.8 (/opt/ros/humble/share/rosidl_adapter/cmake)
[0.183s] -- Found rosidl_generator_cpp: 3.1.8 (/opt/ros/humble/share/rosidl_generator_cpp/cmake)
[0.190s] -- Using all available rosidl_typesupport_c: rosidl_typesupport_fastrtps_c;rosidl_typesupport_introspection_c
[0.199s] -- Using all available rosidl_typesupport_cpp: rosidl_typesupport_fastrtps_cpp;rosidl_typesupport_introspection_cpp
[0.227s] -- Found sensor_msgs: 4.9.0 (/opt/ros/humble/share/sensor_msgs/cmake)
[0.238s] -- Found rosidl_default_generators: 1.2.0 (/opt/ros/humble/share/rosidl_default_generators/cmake)
[0.358s] CMake Error at /opt/ros/humble/share/rosidl_adapter/cmake/rosidl_adapt_interfaces.cmake:59 (message):
[0.358s]   execute_process(/home/ilex/miniforge3/envs/robot_env/bin/python3 -m
[0.358s]   rosidl_adapter --package-name lbot_arm_interfaces --arguments-file
[0.358s]   /home/ilex/Dev/VIST/src/robot/sdk/arm_teleop/build/lbot_arm_interfaces/rosidl_adapter__arguments__lbot_arm_interfaces.json
[0.358s]   --output-dir
[0.358s]   /home/ilex/Dev/VIST/src/robot/sdk/arm_teleop/build/lbot_arm_interfaces/rosidl_adapter/lbot_arm_interfaces
[0.358s]   --output-file
[0.358s]   /home/ilex/Dev/VIST/src/robot/sdk/arm_teleop/build/lbot_arm_interfaces/rosidl_adapter/lbot_arm_interfaces.idls)
[0.359s]   returned error code 1:
[0.359s] 
[0.359s]   AttributeError processing template 'srv.idl.em'
[0.359s] 
[0.359s]   Traceback (most recent call last):
[0.359s] 
[0.359s]     File "/opt/ros/humble/local/lib/python3.10/dist-packages/rosidl_adapter/resource/__init__.py", line 51, in evaluate_template
[0.359s]       em.BUFFERED_OPT: True,
[0.359s] 
[0.359s]   AttributeError: module 'em' has no attribute 'BUFFERED_OPT'
[0.359s] 
[0.359s]   
[0.359s] 
[0.359s]   During handling of the above exception, another exception occurred:
[0.359s] 
[0.359s]   
[0.360s] 
[0.360s]   Traceback (most recent call last):
[0.360s] 
[0.360s]     File "/home/ilex/miniforge3/envs/robot_env/lib/python3.10/runpy.py", line 196, in _run_module_as_main
[0.360s]       return _run_code(code, main_globals, None,
[0.360s]     File "/home/ilex/miniforge3/envs/robot_env/lib/python3.10/runpy.py", line 86, in _run_code
[0.360s]       exec(code, run_globals)
[0.360s]     File "/opt/ros/humble/local/lib/python3.10/dist-packages/rosidl_adapter/__main__.py", line 19, in <module>
[0.360s]       sys.exit(main())
[0.360s]     File "/opt/ros/humble/local/lib/python3.10/dist-packages/rosidl_adapter/main.py", line 53, in main
[0.360s]       abs_idl_file = convert_to_idl(
[0.360s]     File "/opt/ros/humble/local/lib/python3.10/dist-packages/rosidl_adapter/__init__.py", line 24, in convert_to_idl
[0.360s]       return convert_srv_to_idl(
[0.360s]     File "/opt/ros/humble/local/lib/python3.10/dist-packages/rosidl_adapter/srv/__init__.py", line 39, in convert_srv_to_idl
[0.360s]       expand_template('srv.idl.em', data, output_file, encoding='iso-8859-1')
[0.360s]     File "/opt/ros/humble/local/lib/python3.10/dist-packages/rosidl_adapter/resource/__init__.py", line 23, in expand_template
[0.361s]       content = evaluate_template(template_name, data)
[0.361s]     File "/opt/ros/humble/local/lib/python3.10/dist-packages/rosidl_adapter/resource/__init__.py", line 69, in evaluate_template
[0.361s]       _interpreter.shutdown()
[0.361s] 
[0.361s]   AttributeError: 'NoneType' object has no attribute 'shutdown'
[0.361s] 
[0.361s] Call Stack (most recent call first):
[0.361s]   /opt/ros/humble/share/rosidl_cmake/cmake/rosidl_generate_interfaces.cmake:130 (rosidl_adapt_interfaces)
[0.361s]   CMakeLists.txt:26 (rosidl_generate_interfaces)
[0.361s] 
[0.361s] 
[0.361s] -- Configuring incomplete, errors occurred!
[0.361s] See also "/home/ilex/Dev/VIST/src/robot/sdk/arm_teleop/build/lbot_arm_interfaces/CMakeFiles/CMakeOutput.log".
[0.366s] Invoked command in '/home/ilex/Dev/VIST/src/robot/sdk/arm_teleop/build/lbot_arm_interfaces' returned '1': CMAKE_PREFIX_PATH=/opt/ros/humble CONDA_PROMPT_MODIFIER=(base) /usr/bin/cmake /home/ilex/Dev/VIST/src/robot/sdk/arm_teleop/src/lbot_arm_interfaces -DAMENT_CMAKE_SYMLINK_INSTALL=1 -DCMAKE_INSTALL_PREFIX=/home/ilex/Dev/VIST/src/robot/sdk/arm_teleop/install/lbot_arm_interfaces
