[100%] Built target teleop_bridge_node
-- Install configuration: ""
-- Execute custom install script
-- Up-to-date symlink: /home/ilex/Dev/VIST/src/robot/sdk/arm_teleop/install/lbot_teleop/lib/lbot_teleop/teleop_bridge_node
-- Up-to-date symlink: /home/ilex/Dev/VIST/src/robot/sdk/arm_teleop/install/lbot_teleop/share/lbot_teleop/launch/teleop.launch.py
-- Up-to-date symlink: /home/ilex/Dev/VIST/src/robot/sdk/arm_teleop/install/lbot_teleop/share/lbot_teleop/config/teleop_config.yaml
-- Up-to-date symlink: /home/ilex/Dev/VIST/src/robot/sdk/arm_teleop/install/lbot_teleop/share/ament_index/resource_index/package_run_dependencies/lbot_teleop
-- Up-to-date symlink: /home/ilex/Dev/VIST/src/robot/sdk/arm_teleop/install/lbot_teleop/share/ament_index/resource_index/parent_prefix_path/lbot_teleop
-- Up-to-date symlink: /home/ilex/Dev/VIST/src/robot/sdk/arm_teleop/install/lbot_teleop/share/lbot_teleop/environment/ament_prefix_path.sh
-- Up-to-date symlink: /home/ilex/Dev/VIST/src/robot/sdk/arm_teleop/install/lbot_teleop/share/lbot_teleop/environment/ament_prefix_path.dsv
-- Up-to-date symlink: /home/ilex/Dev/VIST/src/robot/sdk/arm_teleop/install/lbot_teleop/share/lbot_teleop/environment/path.sh
-- Up-to-date symlink: /home/ilex/Dev/VIST/src/robot/sdk/arm_teleop/install/lbot_teleop/share/lbot_teleop/environment/path.dsv
-- Up-to-date symlink: /home/ilex/Dev/VIST/src/robot/sdk/arm_teleop/install/lbot_teleop/share/lbot_teleop/local_setup.bash
-- Up-to-date symlink: /home/ilex/Dev/VIST/src/robot/sdk/arm_teleop/install/lbot_teleop/share/lbot_teleop/local_setup.sh
-- Up-to-date symlink: /home/ilex/Dev/VIST/src/robot/sdk/arm_teleop/install/lbot_teleop/share/lbot_teleop/local_setup.zsh
-- Up-to-date symlink: /home/ilex/Dev/VIST/src/robot/sdk/arm_teleop/install/lbot_teleop/share/lbot_teleop/local_setup.dsv
-- Symlinking: /home/ilex/Dev/VIST/src/robot/sdk/arm_teleop/install/lbot_teleop/share/lbot_teleop/package.dsv
-- Up-to-date symlink: /home/ilex/Dev/VIST/src/robot/sdk/arm_teleop/install/lbot_teleop/share/ament_index/resource_index/packages/lbot_teleop
-- Up-to-date symlink: /home/ilex/Dev/VIST/src/robot/sdk/arm_teleop/install/lbot_teleop/share/lbot_teleop/cmake/lbot_teleopConfig.cmake
-- Up-to-date symlink: /home/ilex/Dev/VIST/src/robot/sdk/arm_teleop/install/lbot_teleop/share/lbot_teleop/cmake/lbot_teleopConfig-version.cmake
-- Up-to-date symlink: /home/ilex/Dev/VIST/src/robot/sdk/arm_teleop/install/lbot_teleop/share/lbot_teleop/package.xml
