CMake Warning at CMakeLists.txt:47 (add_executable):
  Cannot generate a safe runtime search path for target demo_lkrs_movej
  because files in some directories may conflict with libraries in implicit
  directories:

    runtime library [libpython3.10.so.1.0] in /usr/lib/x86_64-linux-gnu may be hidden by files in:
      /home/ilex/miniforge3/envs/robot_env/lib

  Some of these libraries may not be found correctly.


CMake Warning at CMakeLists.txt:50 (add_executable):
  Cannot generate a safe runtime search path for target demo_lkrs_movel
  because files in some directories may conflict with libraries in implicit
  directories:

    runtime library [libpython3.10.so.1.0] in /usr/lib/x86_64-linux-gnu may be hidden by files in:
      /home/ilex/miniforge3/envs/robot_env/lib

  Some of these libraries may not be found correctly.


CMake Warning at CMakeLists.txt:53 (add_executable):
  Cannot generate a safe runtime search path for target demo_lkrs_movejp
  because files in some directories may conflict with libraries in implicit
  directories:

    runtime library [libpython3.10.so.1.0] in /usr/lib/x86_64-linux-gnu may be hidden by files in:
      /home/ilex/miniforge3/envs/robot_env/lib

  Some of these libraries may not be found correctly.


CMake Warning at CMakeLists.txt:56 (add_executable):
  Cannot generate a safe runtime search path for target demo_lkls_movej
  because files in some directories may conflict with libraries in implicit
  directories:

    runtime library [libpython3.10.so.1.0] in /usr/lib/x86_64-linux-gnu may be hidden by files in:
      /home/ilex/miniforge3/envs/robot_env/lib

  Some of these libraries may not be found correctly.


CMake Warning at CMakeLists.txt:59 (add_executable):
  Cannot generate a safe runtime search path for target demo_lkls_movel
  because files in some directories may conflict with libraries in implicit
  directories:

    runtime library [libpython3.10.so.1.0] in /usr/lib/x86_64-linux-gnu may be hidden by files in:
      /home/ilex/miniforge3/envs/robot_env/lib

  Some of these libraries may not be found correctly.


CMake Warning at CMakeLists.txt:62 (add_executable):
  Cannot generate a safe runtime search path for target demo_lkls_movejp
  because files in some directories may conflict with libraries in implicit
  directories:

    runtime library [libpython3.10.so.1.0] in /usr/lib/x86_64-linux-gnu may be hidden by files in:
      /home/ilex/miniforge3/envs/robot_env/lib

  Some of these libraries may not be found correctly.


CMake Warning at CMakeLists.txt:65 (add_executable):
  Cannot generate a safe runtime search path for target demo_ik because files
  in some directories may conflict with libraries in implicit directories:

    runtime library [libpython3.10.so.1.0] in /usr/lib/x86_64-linux-gnu may be hidden by files in:
      /home/ilex/miniforge3/envs/robot_env/lib

  Some of these libraries may not be found correctly.


CMake Warning at CMakeLists.txt:68 (add_executable):
  Cannot generate a safe runtime search path for target demo_fk because files
  in some directories may conflict with libraries in implicit directories:

    runtime library [libpython3.10.so.1.0] in /usr/lib/x86_64-linux-gnu may be hidden by files in:
      /home/ilex/miniforge3/envs/robot_env/lib

  Some of these libraries may not be found correctly.


CMake Warning at CMakeLists.txt:71 (add_executable):
  Cannot generate a safe runtime search path for target demo_tool_frame
  because files in some directories may conflict with libraries in implicit
  directories:

    runtime library [libpython3.10.so.1.0] in /usr/lib/x86_64-linux-gnu may be hidden by files in:
      /home/ilex/miniforge3/envs/robot_env/lib

  Some of these libraries may not be found correctly.


CMake Warning at CMakeLists.txt:74 (add_executable):
  Cannot generate a safe runtime search path for target demo_emergency_enable
  because files in some directories may conflict with libraries in implicit
  directories:

    runtime library [libpython3.10.so.1.0] in /usr/lib/x86_64-linux-gnu may be hidden by files in:
      /home/ilex/miniforge3/envs/robot_env/lib

  Some of these libraries may not be found correctly.


CMake Warning at CMakeLists.txt:77 (add_executable):
  Cannot generate a safe runtime search path for target demo_hand_l6_control
  because files in some directories may conflict with libraries in implicit
  directories:

    runtime library [libpython3.10.so.1.0] in /usr/lib/x86_64-linux-gnu may be hidden by files in:
      /home/ilex/miniforge3/envs/robot_env/lib

  Some of these libraries may not be found correctly.


CMake Warning at CMakeLists.txt:80 (add_executable):
  Cannot generate a safe runtime search path for target demo_hand_l10_control
  because files in some directories may conflict with libraries in implicit
  directories:

    runtime library [libpython3.10.so.1.0] in /usr/lib/x86_64-linux-gnu may be hidden by files in:
      /home/ilex/miniforge3/envs/robot_env/lib

  Some of these libraries may not be found correctly.


CMake Warning at CMakeLists.txt:83 (add_executable):
  Cannot generate a safe runtime search path for target demo_joint_bridge
  because files in some directories may conflict with libraries in implicit
  directories:

    runtime library [libpython3.10.so.1.0] in /usr/lib/x86_64-linux-gnu may be hidden by files in:
      /home/ilex/miniforge3/envs/robot_env/lib

  Some of these libraries may not be found correctly.


