[0.080s] DEBUG:colcon:Command line arguments: ['/usr/bin/colcon', 'build', '--symlink-install']
[0.080s] DEBUG:colcon:Parsed command line arguments: Namespace(log_base=None, log_level=None, verb_name='build', build_base='build', install_base='install', merge_install=False, symlink_install=True, test_result_base=None, continue_on_error=False, executor='parallel', parallel_workers=16, event_handlers=None, ignore_user_meta=False, metas=['./colcon.meta'], base_paths=['.'], packages_ignore=None, packages_ignore_regex=None, paths=None, packages_up_to=None, packages_up_to_regex=None, packages_above=None, packages_above_and_dependencies=None, packages_above_depth=None, packages_select_by_dep=None, packages_skip_by_dep=None, packages_skip_up_to=None, packages_select_build_failed=False, packages_skip_build_finished=False, packages_select_test_failures=False, packages_skip_test_passed=False, packages_select=None, packages_skip=None, packages_select_regex=None, packages_skip_regex=None, packages_start=None, packages_end=None, allow_overriding=[], cmake_args=None, cmake_target=None, cmake_target_skip_unavailable=False, cmake_clean_cache=False, cmake_clean_first=False, cmake_force_configure=False, ament_cmake_args=None, catkin_cmake_args=None, catkin_skip_building_tests=False, verb_parser=<colcon_defaults.argument_parser.defaults.DefaultArgumentsDecorator object at 0x70c8db12f8e0>, verb_extension=<colcon_core.verb.build.BuildVerb object at 0x70c8db274e20>, main=<bound method BuildVerb.main of <colcon_core.verb.build.BuildVerb object at 0x70c8db274e20>>)
[0.183s] Level 1:colcon.colcon_core.package_discovery:discover_packages(colcon_meta) check parameters
[0.184s] Level 1:colcon.colcon_core.package_discovery:discover_packages(recursive) check parameters
[0.184s] Level 1:colcon.colcon_core.package_discovery:discover_packages(ignore) check parameters
[0.184s] Level 1:colcon.colcon_core.package_discovery:discover_packages(path) check parameters
[0.184s] Level 1:colcon.colcon_core.package_discovery:discover_packages(colcon_meta) discover
[0.184s] Level 1:colcon.colcon_core.package_discovery:discover_packages(recursive) discover
[0.184s] INFO:colcon.colcon_core.package_discovery:Crawling recursively for packages in '/home/ilex/Dev/VIST/src/robot/sdk/arm_teleop'
[0.184s] Level 1:colcon.colcon_core.package_identification:_identify(.) by extensions ['ignore', 'ignore_ament_install']
[0.184s] Level 1:colcon.colcon_core.package_identification:_identify(.) by extension 'ignore'
[0.184s] Level 1:colcon.colcon_core.package_identification:_identify(.) by extension 'ignore_ament_install'
[0.184s] Level 1:colcon.colcon_core.package_identification:_identify(.) by extensions ['colcon_pkg']
[0.184s] Level 1:colcon.colcon_core.package_identification:_identify(.) by extension 'colcon_pkg'
[0.184s] Level 1:colcon.colcon_core.package_identification:_identify(.) by extensions ['colcon_meta']
[0.184s] Level 1:colcon.colcon_core.package_identification:_identify(.) by extension 'colcon_meta'
[0.184s] Level 1:colcon.colcon_core.package_identification:_identify(.) by extensions ['ros']
[0.184s] Level 1:colcon.colcon_core.package_identification:_identify(.) by extension 'ros'
[0.193s] Level 1:colcon.colcon_core.package_identification:_identify(.) by extensions ['cmake', 'python']
[0.193s] Level 1:colcon.colcon_core.package_identification:_identify(.) by extension 'cmake'
[0.193s] Level 1:colcon.colcon_core.package_identification:_identify(.) by extension 'python'
[0.193s] Level 1:colcon.colcon_core.package_identification:_identify(.) by extensions ['python_setup_py']
[0.193s] Level 1:colcon.colcon_core.package_identification:_identify(.) by extension 'python_setup_py'
[0.193s] Level 1:colcon.colcon_core.package_identification:_identify(build) by extensions ['ignore', 'ignore_ament_install']
[0.193s] Level 1:colcon.colcon_core.package_identification:_identify(build) by extension 'ignore'
[0.193s] Level 1:colcon.colcon_core.package_identification:_identify(build) ignored
[0.193s] Level 1:colcon.colcon_core.package_identification:_identify(install) by extensions ['ignore', 'ignore_ament_install']
[0.194s] Level 1:colcon.colcon_core.package_identification:_identify(install) by extension 'ignore'
[0.194s] Level 1:colcon.colcon_core.package_identification:_identify(install) ignored
[0.194s] Level 1:colcon.colcon_core.package_identification:_identify(log) by extensions ['ignore', 'ignore_ament_install']
[0.194s] Level 1:colcon.colcon_core.package_identification:_identify(log) by extension 'ignore'
[0.194s] Level 1:colcon.colcon_core.package_identification:_identify(log) ignored
[0.194s] Level 1:colcon.colcon_core.package_identification:_identify(src) by extensions ['ignore', 'ignore_ament_install']
[0.194s] Level 1:colcon.colcon_core.package_identification:_identify(src) by extension 'ignore'
[0.194s] Level 1:colcon.colcon_core.package_identification:_identify(src) by extension 'ignore_ament_install'
[0.194s] Level 1:colcon.colcon_core.package_identification:_identify(src) by extensions ['colcon_pkg']
[0.194s] Level 1:colcon.colcon_core.package_identification:_identify(src) by extension 'colcon_pkg'
[0.194s] Level 1:colcon.colcon_core.package_identification:_identify(src) by extensions ['colcon_meta']
[0.194s] Level 1:colcon.colcon_core.package_identification:_identify(src) by extension 'colcon_meta'
[0.194s] Level 1:colcon.colcon_core.package_identification:_identify(src) by extensions ['ros']
[0.194s] Level 1:colcon.colcon_core.package_identification:_identify(src) by extension 'ros'
[0.194s] Level 1:colcon.colcon_core.package_identification:_identify(src) by extensions ['cmake', 'python']
[0.194s] Level 1:colcon.colcon_core.package_identification:_identify(src) by extension 'cmake'
[0.194s] Level 1:colcon.colcon_core.package_identification:_identify(src) by extension 'python'
[0.194s] Level 1:colcon.colcon_core.package_identification:_identify(src) by extensions ['python_setup_py']
[0.194s] Level 1:colcon.colcon_core.package_identification:_identify(src) by extension 'python_setup_py'
[0.194s] Level 1:colcon.colcon_core.package_identification:_identify(src/lbot_arm_interfaces) by extensions ['ignore', 'ignore_ament_install']
[0.194s] Level 1:colcon.colcon_core.package_identification:_identify(src/lbot_arm_interfaces) by extension 'ignore'
[0.194s] Level 1:colcon.colcon_core.package_identification:_identify(src/lbot_arm_interfaces) by extension 'ignore_ament_install'
[0.194s] Level 1:colcon.colcon_core.package_identification:_identify(src/lbot_arm_interfaces) by extensions ['colcon_pkg']
[0.194s] Level 1:colcon.colcon_core.package_identification:_identify(src/lbot_arm_interfaces) by extension 'colcon_pkg'
[0.194s] Level 1:colcon.colcon_core.package_identification:_identify(src/lbot_arm_interfaces) by extensions ['colcon_meta']
[0.194s] Level 1:colcon.colcon_core.package_identification:_identify(src/lbot_arm_interfaces) by extension 'colcon_meta'
[0.194s] Level 1:colcon.colcon_core.package_identification:_identify(src/lbot_arm_interfaces) by extensions ['ros']
[0.194s] Level 1:colcon.colcon_core.package_identification:_identify(src/lbot_arm_interfaces) by extension 'ros'
[0.196s] DEBUG:colcon.colcon_core.package_identification:Package 'src/lbot_arm_interfaces' with type 'ros.ament_cmake' and name 'lbot_arm_interfaces'
[0.197s] Level 1:colcon.colcon_core.package_identification:_identify(src/lbot_demo) by extensions ['ignore', 'ignore_ament_install']
[0.197s] Level 1:colcon.colcon_core.package_identification:_identify(src/lbot_demo) by extension 'ignore'
[0.197s] Level 1:colcon.colcon_core.package_identification:_identify(src/lbot_demo) by extension 'ignore_ament_install'
[0.197s] Level 1:colcon.colcon_core.package_identification:_identify(src/lbot_demo) by extensions ['colcon_pkg']
[0.197s] Level 1:colcon.colcon_core.package_identification:_identify(src/lbot_demo) by extension 'colcon_pkg'
[0.197s] Level 1:colcon.colcon_core.package_identification:_identify(src/lbot_demo) by extensions ['colcon_meta']
[0.197s] Level 1:colcon.colcon_core.package_identification:_identify(src/lbot_demo) by extension 'colcon_meta'
[0.197s] Level 1:colcon.colcon_core.package_identification:_identify(src/lbot_demo) by extensions ['ros']
[0.197s] Level 1:colcon.colcon_core.package_identification:_identify(src/lbot_demo) by extension 'ros'
[0.198s] DEBUG:colcon.colcon_core.package_identification:Package 'src/lbot_demo' with type 'ros.ament_cmake' and name 'lbot_demo'
[0.198s] Level 1:colcon.colcon_core.package_identification:_identify(src/lbot_driver) by extensions ['ignore', 'ignore_ament_install']
[0.198s] Level 1:colcon.colcon_core.package_identification:_identify(src/lbot_driver) by extension 'ignore'
[0.198s] Level 1:colcon.colcon_core.package_identification:_identify(src/lbot_driver) by extension 'ignore_ament_install'
[0.198s] Level 1:colcon.colcon_core.package_identification:_identify(src/lbot_driver) by extensions ['colcon_pkg']
[0.198s] Level 1:colcon.colcon_core.package_identification:_identify(src/lbot_driver) by extension 'colcon_pkg'
[0.198s] Level 1:colcon.colcon_core.package_identification:_identify(src/lbot_driver) by extensions ['colcon_meta']
[0.198s] Level 1:colcon.colcon_core.package_identification:_identify(src/lbot_driver) by extension 'colcon_meta'
[0.198s] Level 1:colcon.colcon_core.package_identification:_identify(src/lbot_driver) by extensions ['ros']
[0.198s] Level 1:colcon.colcon_core.package_identification:_identify(src/lbot_driver) by extension 'ros'
[0.199s] DEBUG:colcon.colcon_core.package_identification:Package 'src/lbot_driver' with type 'ros.ament_cmake' and name 'lbot_driver'
[0.199s] Level 1:colcon.colcon_core.package_identification:_identify(src/lbot_teleop) by extensions ['ignore', 'ignore_ament_install']
[0.199s] Level 1:colcon.colcon_core.package_identification:_identify(src/lbot_teleop) by extension 'ignore'
[0.199s] Level 1:colcon.colcon_core.package_identification:_identify(src/lbot_teleop) by extension 'ignore_ament_install'
[0.199s] Level 1:colcon.colcon_core.package_identification:_identify(src/lbot_teleop) by extensions ['colcon_pkg']
[0.199s] Level 1:colcon.colcon_core.package_identification:_identify(src/lbot_teleop) by extension 'colcon_pkg'
[0.199s] Level 1:colcon.colcon_core.package_identification:_identify(src/lbot_teleop) by extensions ['colcon_meta']
[0.199s] Level 1:colcon.colcon_core.package_identification:_identify(src/lbot_teleop) by extension 'colcon_meta'
[0.199s] Level 1:colcon.colcon_core.package_identification:_identify(src/lbot_teleop) by extensions ['ros']
[0.199s] Level 1:colcon.colcon_core.package_identification:_identify(src/lbot_teleop) by extension 'ros'
[0.200s] DEBUG:colcon.colcon_core.package_identification:Package 'src/lbot_teleop' with type 'ros.ament_cmake' and name 'lbot_teleop'
[0.200s] Level 1:colcon.colcon_core.package_identification:_identify(src/linkerta) by extensions ['ignore', 'ignore_ament_install']
[0.200s] Level 1:colcon.colcon_core.package_identification:_identify(src/linkerta) by extension 'ignore'
[0.200s] Level 1:colcon.colcon_core.package_identification:_identify(src/linkerta) by extension 'ignore_ament_install'
[0.200s] Level 1:colcon.colcon_core.package_identification:_identify(src/linkerta) by extensions ['colcon_pkg']
[0.200s] Level 1:colcon.colcon_core.package_identification:_identify(src/linkerta) by extension 'colcon_pkg'
[0.200s] Level 1:colcon.colcon_core.package_identification:_identify(src/linkerta) by extensions ['colcon_meta']
[0.200s] Level 1:colcon.colcon_core.package_identification:_identify(src/linkerta) by extension 'colcon_meta'
[0.200s] Level 1:colcon.colcon_core.package_identification:_identify(src/linkerta) by extensions ['ros']
[0.200s] Level 1:colcon.colcon_core.package_identification:_identify(src/linkerta) by extension 'ros'
[0.200s] DEBUG:colcon.colcon_core.package_identification:Package 'src/linkerta' with type 'ros.ament_cmake' and name 'linkerta'
[0.200s] Level 1:colcon.colcon_core.package_discovery:discover_packages(recursive) using defaults
[0.200s] Level 1:colcon.colcon_core.package_discovery:discover_packages(ignore) discover
[0.201s] Level 1:colcon.colcon_core.package_discovery:discover_packages(ignore) using defaults
[0.201s] Level 1:colcon.colcon_core.package_discovery:discover_packages(path) discover
[0.201s] Level 1:colcon.colcon_core.package_discovery:discover_packages(path) using defaults
[0.218s] Level 1:colcon.colcon_core.package_discovery:discover_packages(prefix_path) check parameters
[0.218s] Level 1:colcon.colcon_core.package_discovery:discover_packages(prefix_path) discover
[0.219s] DEBUG:colcon.colcon_installed_package_information.package_discovery:Found 325 installed packages in /opt/ros/humble
[0.232s] Level 1:colcon.colcon_core.package_discovery:discover_packages(prefix_path) using defaults
[0.258s] Level 5:colcon.colcon_core.verb:set package 'lbot_arm_interfaces' build argument 'cmake_args' from command line to 'None'
[0.258s] Level 5:colcon.colcon_core.verb:set package 'lbot_arm_interfaces' build argument 'cmake_target' from command line to 'None'
[0.258s] Level 5:colcon.colcon_core.verb:set package 'lbot_arm_interfaces' build argument 'cmake_target_skip_unavailable' from command line to 'False'
[0.258s] Level 5:colcon.colcon_core.verb:set package 'lbot_arm_interfaces' build argument 'cmake_clean_cache' from command line to 'False'
[0.258s] Level 5:colcon.colcon_core.verb:set package 'lbot_arm_interfaces' build argument 'cmake_clean_first' from command line to 'False'
[0.258s] Level 5:colcon.colcon_core.verb:set package 'lbot_arm_interfaces' build argument 'cmake_force_configure' from command line to 'False'
[0.258s] Level 5:colcon.colcon_core.verb:set package 'lbot_arm_interfaces' build argument 'ament_cmake_args' from command line to 'None'
[0.258s] Level 5:colcon.colcon_core.verb:set package 'lbot_arm_interfaces' build argument 'catkin_cmake_args' from command line to 'None'
[0.258s] Level 5:colcon.colcon_core.verb:set package 'lbot_arm_interfaces' build argument 'catkin_skip_building_tests' from command line to 'False'
[0.258s] DEBUG:colcon.colcon_core.verb:Building package 'lbot_arm_interfaces' with the following arguments: {'ament_cmake_args': None, 'build_base': '/home/ilex/Dev/VIST/src/robot/sdk/arm_teleop/build/lbot_arm_interfaces', 'catkin_cmake_args': None, 'catkin_skip_building_tests': False, 'cmake_args': None, 'cmake_clean_cache': False, 'cmake_clean_first': False, 'cmake_force_configure': False, 'cmake_target': None, 'cmake_target_skip_unavailable': False, 'install_base': '/home/ilex/Dev/VIST/src/robot/sdk/arm_teleop/install/lbot_arm_interfaces', 'merge_install': False, 'path': '/home/ilex/Dev/VIST/src/robot/sdk/arm_teleop/src/lbot_arm_interfaces', 'symlink_install': True, 'test_result_base': None}
[0.259s] Level 5:colcon.colcon_core.verb:set package 'linkerta' build argument 'cmake_args' from command line to 'None'
[0.259s] Level 5:colcon.colcon_core.verb:set package 'linkerta' build argument 'cmake_target' from command line to 'None'
[0.259s] Level 5:colcon.colcon_core.verb:set package 'linkerta' build argument 'cmake_target_skip_unavailable' from command line to 'False'
[0.259s] Level 5:colcon.colcon_core.verb:set package 'linkerta' build argument 'cmake_clean_cache' from command line to 'False'
[0.259s] Level 5:colcon.colcon_core.verb:set package 'linkerta' build argument 'cmake_clean_first' from command line to 'False'
[0.259s] Level 5:colcon.colcon_core.verb:set package 'linkerta' build argument 'cmake_force_configure' from command line to 'False'
[0.259s] Level 5:colcon.colcon_core.verb:set package 'linkerta' build argument 'ament_cmake_args' from command line to 'None'
[0.259s] Level 5:colcon.colcon_core.verb:set package 'linkerta' build argument 'catkin_cmake_args' from command line to 'None'
[0.259s] Level 5:colcon.colcon_core.verb:set package 'linkerta' build argument 'catkin_skip_building_tests' from command line to 'False'
[0.259s] DEBUG:colcon.colcon_core.verb:Building package 'linkerta' with the following arguments: {'ament_cmake_args': None, 'build_base': '/home/ilex/Dev/VIST/src/robot/sdk/arm_teleop/build/linkerta', 'catkin_cmake_args': None, 'catkin_skip_building_tests': False, 'cmake_args': None, 'cmake_clean_cache': False, 'cmake_clean_first': False, 'cmake_force_configure': False, 'cmake_target': None, 'cmake_target_skip_unavailable': False, 'install_base': '/home/ilex/Dev/VIST/src/robot/sdk/arm_teleop/install/linkerta', 'merge_install': False, 'path': '/home/ilex/Dev/VIST/src/robot/sdk/arm_teleop/src/linkerta', 'symlink_install': True, 'test_result_base': None}
[0.259s] Level 5:colcon.colcon_core.verb:set package 'lbot_demo' build argument 'cmake_args' from command line to 'None'
[0.259s] Level 5:colcon.colcon_core.verb:set package 'lbot_demo' build argument 'cmake_target' from command line to 'None'
[0.259s] Level 5:colcon.colcon_core.verb:set package 'lbot_demo' build argument 'cmake_target_skip_unavailable' from command line to 'False'
[0.259s] Level 5:colcon.colcon_core.verb:set package 'lbot_demo' build argument 'cmake_clean_cache' from command line to 'False'
[0.259s] Level 5:colcon.colcon_core.verb:set package 'lbot_demo' build argument 'cmake_clean_first' from command line to 'False'
[0.259s] Level 5:colcon.colcon_core.verb:set package 'lbot_demo' build argument 'cmake_force_configure' from command line to 'False'
[0.259s] Level 5:colcon.colcon_core.verb:set package 'lbot_demo' build argument 'ament_cmake_args' from command line to 'None'
[0.259s] Level 5:colcon.colcon_core.verb:set package 'lbot_demo' build argument 'catkin_cmake_args' from command line to 'None'
[0.259s] Level 5:colcon.colcon_core.verb:set package 'lbot_demo' build argument 'catkin_skip_building_tests' from command line to 'False'
[0.259s] DEBUG:colcon.colcon_core.verb:Building package 'lbot_demo' with the following arguments: {'ament_cmake_args': None, 'build_base': '/home/ilex/Dev/VIST/src/robot/sdk/arm_teleop/build/lbot_demo', 'catkin_cmake_args': None, 'catkin_skip_building_tests': False, 'cmake_args': None, 'cmake_clean_cache': False, 'cmake_clean_first': False, 'cmake_force_configure': False, 'cmake_target': None, 'cmake_target_skip_unavailable': False, 'install_base': '/home/ilex/Dev/VIST/src/robot/sdk/arm_teleop/install/lbot_demo', 'merge_install': False, 'path': '/home/ilex/Dev/VIST/src/robot/sdk/arm_teleop/src/lbot_demo', 'symlink_install': True, 'test_result_base': None}
[0.259s] Level 5:colcon.colcon_core.verb:set package 'lbot_driver' build argument 'cmake_args' from command line to 'None'
[0.259s] Level 5:colcon.colcon_core.verb:set package 'lbot_driver' build argument 'cmake_target' from command line to 'None'
[0.259s] Level 5:colcon.colcon_core.verb:set package 'lbot_driver' build argument 'cmake_target_skip_unavailable' from command line to 'False'
[0.259s] Level 5:colcon.colcon_core.verb:set package 'lbot_driver' build argument 'cmake_clean_cache' from command line to 'False'
[0.259s] Level 5:colcon.colcon_core.verb:set package 'lbot_driver' build argument 'cmake_clean_first' from command line to 'False'
[0.259s] Level 5:colcon.colcon_core.verb:set package 'lbot_driver' build argument 'cmake_force_configure' from command line to 'False'
[0.259s] Level 5:colcon.colcon_core.verb:set package 'lbot_driver' build argument 'ament_cmake_args' from command line to 'None'
[0.259s] Level 5:colcon.colcon_core.verb:set package 'lbot_driver' build argument 'catkin_cmake_args' from command line to 'None'
[0.259s] Level 5:colcon.colcon_core.verb:set package 'lbot_driver' build argument 'catkin_skip_building_tests' from command line to 'False'
[0.259s] DEBUG:colcon.colcon_core.verb:Building package 'lbot_driver' with the following arguments: {'ament_cmake_args': None, 'build_base': '/home/ilex/Dev/VIST/src/robot/sdk/arm_teleop/build/lbot_driver', 'catkin_cmake_args': None, 'catkin_skip_building_tests': False, 'cmake_args': None, 'cmake_clean_cache': False, 'cmake_clean_first': False, 'cmake_force_configure': False, 'cmake_target': None, 'cmake_target_skip_unavailable': False, 'install_base': '/home/ilex/Dev/VIST/src/robot/sdk/arm_teleop/install/lbot_driver', 'merge_install': False, 'path': '/home/ilex/Dev/VIST/src/robot/sdk/arm_teleop/src/lbot_driver', 'symlink_install': True, 'test_result_base': None}
[0.260s] Level 5:colcon.colcon_core.verb:set package 'lbot_teleop' build argument 'cmake_args' from command line to 'None'
[0.260s] Level 5:colcon.colcon_core.verb:set package 'lbot_teleop' build argument 'cmake_target' from command line to 'None'
[0.260s] Level 5:colcon.colcon_core.verb:set package 'lbot_teleop' build argument 'cmake_target_skip_unavailable' from command line to 'False'
[0.260s] Level 5:colcon.colcon_core.verb:set package 'lbot_teleop' build argument 'cmake_clean_cache' from command line to 'False'
[0.260s] Level 5:colcon.colcon_core.verb:set package 'lbot_teleop' build argument 'cmake_clean_first' from command line to 'False'
[0.260s] Level 5:colcon.colcon_core.verb:set package 'lbot_teleop' build argument 'cmake_force_configure' from command line to 'False'
[0.260s] Level 5:colcon.colcon_core.verb:set package 'lbot_teleop' build argument 'ament_cmake_args' from command line to 'None'
[0.260s] Level 5:colcon.colcon_core.verb:set package 'lbot_teleop' build argument 'catkin_cmake_args' from command line to 'None'
[0.260s] Level 5:colcon.colcon_core.verb:set package 'lbot_teleop' build argument 'catkin_skip_building_tests' from command line to 'False'
[0.260s] DEBUG:colcon.colcon_core.verb:Building package 'lbot_teleop' with the following arguments: {'ament_cmake_args': None, 'build_base': '/home/ilex/Dev/VIST/src/robot/sdk/arm_teleop/build/lbot_teleop', 'catkin_cmake_args': None, 'catkin_skip_building_tests': False, 'cmake_args': None, 'cmake_clean_cache': False, 'cmake_clean_first': False, 'cmake_force_configure': False, 'cmake_target': None, 'cmake_target_skip_unavailable': False, 'install_base': '/home/ilex/Dev/VIST/src/robot/sdk/arm_teleop/install/lbot_teleop', 'merge_install': False, 'path': '/home/ilex/Dev/VIST/src/robot/sdk/arm_teleop/src/lbot_teleop', 'symlink_install': True, 'test_result_base': None}
[0.260s] INFO:colcon.colcon_core.executor:Executing jobs using 'parallel' executor
[0.261s] DEBUG:colcon.colcon_parallel_executor.executor.parallel:run_until_complete
[0.261s] INFO:colcon.colcon_ros.task.ament_cmake.build:Building ROS package in '/home/ilex/Dev/VIST/src/robot/sdk/arm_teleop/src/lbot_arm_interfaces' with build type 'ament_cmake'
[0.261s] INFO:colcon.colcon_cmake.task.cmake.build:Building CMake package in '/home/ilex/Dev/VIST/src/robot/sdk/arm_teleop/src/lbot_arm_interfaces'
[0.262s] INFO:colcon.colcon_core.plugin_system:Skipping extension 'colcon_core.shell.bat': Not used on non-Windows systems
[0.262s] INFO:colcon.colcon_core.shell:Skip shell extension 'powershell' for command environment: Not usable outside of PowerShell
[0.263s] DEBUG:colcon.colcon_core.shell:Skip shell extension 'dsv' for command environment
[0.264s] INFO:colcon.colcon_ros.task.ament_cmake.build:Building ROS package in '/home/ilex/Dev/VIST/src/robot/sdk/arm_teleop/src/linkerta' with build type 'ament_cmake'
[0.265s] INFO:colcon.colcon_cmake.task.cmake.build:Building CMake package in '/home/ilex/Dev/VIST/src/robot/sdk/arm_teleop/src/linkerta'
[0.265s] INFO:colcon.colcon_core.shell:Skip shell extension 'powershell' for command environment: Not usable outside of PowerShell
[0.265s] DEBUG:colcon.colcon_core.shell:Skip shell extension 'dsv' for command environment
[0.269s] DEBUG:colcon.colcon_core.event_handler.log_command:Invoking command in '/home/ilex/Dev/VIST/src/robot/sdk/arm_teleop/build/lbot_arm_interfaces': CMAKE_PREFIX_PATH=/opt/ros/humble CONDA_PROMPT_MODIFIER=(base) /usr/bin/cmake /home/ilex/Dev/VIST/src/robot/sdk/arm_teleop/src/lbot_arm_interfaces -DAMENT_CMAKE_SYMLINK_INSTALL=1 -DCMAKE_INSTALL_PREFIX=/home/ilex/Dev/VIST/src/robot/sdk/arm_teleop/install/lbot_arm_interfaces
[0.271s] DEBUG:colcon.colcon_core.event_handler.log_command:Invoking command in '/home/ilex/Dev/VIST/src/robot/sdk/arm_teleop/build/linkerta': CMAKE_PREFIX_PATH=/opt/ros/humble CONDA_PROMPT_MODIFIER=(base) /usr/bin/cmake /home/ilex/Dev/VIST/src/robot/sdk/arm_teleop/src/linkerta -DAMENT_CMAKE_SYMLINK_INSTALL=1 -DCMAKE_INSTALL_PREFIX=/home/ilex/Dev/VIST/src/robot/sdk/arm_teleop/install/linkerta
[0.616s] DEBUG:colcon.colcon_core.event_handler.log_command:Invoked command in '/home/ilex/Dev/VIST/src/robot/sdk/arm_teleop/build/linkerta' returned '1': CMAKE_PREFIX_PATH=/opt/ros/humble CONDA_PROMPT_MODIFIER=(base) /usr/bin/cmake /home/ilex/Dev/VIST/src/robot/sdk/arm_teleop/src/linkerta -DAMENT_CMAKE_SYMLINK_INSTALL=1 -DCMAKE_INSTALL_PREFIX=/home/ilex/Dev/VIST/src/robot/sdk/arm_teleop/install/linkerta
[0.625s] Level 1:colcon.colcon_core.environment:create_environment_scripts_only(linkerta)
[0.627s] Level 1:colcon.colcon_core.environment:checking '/home/ilex/Dev/VIST/src/robot/sdk/arm_teleop/install/linkerta' for CMake module files
[0.627s] Level 1:colcon.colcon_core.environment:checking '/home/ilex/Dev/VIST/src/robot/sdk/arm_teleop/install/linkerta' for CMake config files
[0.627s] Level 1:colcon.colcon_core.environment:checking '/home/ilex/Dev/VIST/src/robot/sdk/arm_teleop/install/linkerta/bin'
[0.627s] Level 1:colcon.colcon_core.environment:checking '/home/ilex/Dev/VIST/src/robot/sdk/arm_teleop/install/linkerta/lib/pkgconfig/linkerta.pc'
[0.628s] Level 1:colcon.colcon_core.environment:checking '/home/ilex/Dev/VIST/src/robot/sdk/arm_teleop/install/linkerta/lib/python3.10/site-packages'
[0.628s] Level 1:colcon.colcon_core.environment:checking '/home/ilex/Dev/VIST/src/robot/sdk/arm_teleop/install/linkerta/bin'
[0.628s] INFO:colcon.colcon_core.shell:Creating package script '/home/ilex/Dev/VIST/src/robot/sdk/arm_teleop/install/linkerta/share/linkerta/package.ps1'
[0.628s] INFO:colcon.colcon_core.shell:Creating package descriptor '/home/ilex/Dev/VIST/src/robot/sdk/arm_teleop/install/linkerta/share/linkerta/package.dsv'
[0.629s] INFO:colcon.colcon_core.shell:Creating package script '/home/ilex/Dev/VIST/src/robot/sdk/arm_teleop/install/linkerta/share/linkerta/package.sh'
[0.629s] INFO:colcon.colcon_core.shell:Creating package script '/home/ilex/Dev/VIST/src/robot/sdk/arm_teleop/install/linkerta/share/linkerta/package.bash'
[0.629s] INFO:colcon.colcon_core.shell:Creating package script '/home/ilex/Dev/VIST/src/robot/sdk/arm_teleop/install/linkerta/share/linkerta/package.zsh'
[0.630s] Level 1:colcon.colcon_core.environment:create_file_with_runtime_dependencies(/home/ilex/Dev/VIST/src/robot/sdk/arm_teleop/install/linkerta/share/colcon-core/packages/linkerta)
[0.756s] DEBUG:colcon.colcon_parallel_executor.executor.parallel:closing loop
[0.756s] DEBUG:colcon.colcon_parallel_executor.executor.parallel:loop closed
[0.756s] DEBUG:colcon.colcon_parallel_executor.executor.parallel:run_until_complete finished with '1'
[0.756s] DEBUG:colcon.colcon_core.event_reactor:joining thread
[0.761s] INFO:colcon.colcon_core.plugin_system:Skipping extension 'colcon_notification.desktop_notification.terminal_notifier': Not used on non-Darwin systems
[0.761s] INFO:colcon.colcon_core.plugin_system:Skipping extension 'colcon_notification.desktop_notification.win32': Not used on non-Windows systems
[0.762s] INFO:colcon.colcon_notification.desktop_notification:Sending desktop notification using 'notify2'
[0.777s] DEBUG:colcon.colcon_core.event_reactor:joined thread
[0.778s] INFO:colcon.colcon_core.shell:Creating prefix script '/home/ilex/Dev/VIST/src/robot/sdk/arm_teleop/install/local_setup.ps1'
[0.779s] INFO:colcon.colcon_core.shell:Creating prefix util module '/home/ilex/Dev/VIST/src/robot/sdk/arm_teleop/install/_local_setup_util_ps1.py'
[0.780s] INFO:colcon.colcon_core.shell:Creating prefix chain script '/home/ilex/Dev/VIST/src/robot/sdk/arm_teleop/install/setup.ps1'
[0.780s] INFO:colcon.colcon_core.shell:Creating prefix script '/home/ilex/Dev/VIST/src/robot/sdk/arm_teleop/install/local_setup.sh'
[0.781s] INFO:colcon.colcon_core.shell:Creating prefix util module '/home/ilex/Dev/VIST/src/robot/sdk/arm_teleop/install/_local_setup_util_sh.py'
[0.781s] INFO:colcon.colcon_core.shell:Creating prefix chain script '/home/ilex/Dev/VIST/src/robot/sdk/arm_teleop/install/setup.sh'
[0.781s] INFO:colcon.colcon_core.shell:Creating prefix script '/home/ilex/Dev/VIST/src/robot/sdk/arm_teleop/install/local_setup.bash'
[0.782s] INFO:colcon.colcon_core.shell:Creating prefix chain script '/home/ilex/Dev/VIST/src/robot/sdk/arm_teleop/install/setup.bash'
[0.782s] INFO:colcon.colcon_core.shell:Creating prefix script '/home/ilex/Dev/VIST/src/robot/sdk/arm_teleop/install/local_setup.zsh'
[0.783s] INFO:colcon.colcon_core.shell:Creating prefix chain script '/home/ilex/Dev/VIST/src/robot/sdk/arm_teleop/install/setup.zsh'
