[0.170s] DEBUG:colcon:Command line arguments: ['/usr/bin/colcon', 'build', '--symlink-install']
[0.170s] DEBUG:colcon:Parsed command line arguments: Namespace(log_base=None, log_level=None, verb_name='build', build_base='build', install_base='install', merge_install=False, symlink_install=True, test_result_base=None, continue_on_error=False, executor='parallel', parallel_workers=16, event_handlers=None, ignore_user_meta=False, metas=['./colcon.meta'], base_paths=['.'], packages_ignore=None, packages_ignore_regex=None, paths=None, packages_up_to=None, packages_up_to_regex=None, packages_above=None, packages_above_and_dependencies=None, packages_above_depth=None, packages_select_by_dep=None, packages_skip_by_dep=None, packages_skip_up_to=None, packages_select_build_failed=False, packages_skip_build_finished=False, packages_select_test_failures=False, packages_skip_test_passed=False, packages_select=None, packages_skip=None, packages_select_regex=None, packages_skip_regex=None, packages_start=None, packages_end=None, allow_overriding=[], cmake_args=None, cmake_target=None, cmake_target_skip_unavailable=False, cmake_clean_cache=False, cmake_clean_first=False, cmake_force_configure=False, ament_cmake_args=None, catkin_cmake_args=None, catkin_skip_building_tests=False, verb_parser=<colcon_defaults.argument_parser.defaults.DefaultArgumentsDecorator object at 0x76e1a261f8e0>, verb_extension=<colcon_core.verb.build.BuildVerb object at 0x76e1a2768e20>, main=<bound method BuildVerb.main of <colcon_core.verb.build.BuildVerb object at 0x76e1a2768e20>>)
[0.428s] Level 1:colcon.colcon_core.package_discovery:discover_packages(colcon_meta) check parameters
[0.428s] Level 1:colcon.colcon_core.package_discovery:discover_packages(recursive) check parameters
[0.428s] Level 1:colcon.colcon_core.package_discovery:discover_packages(ignore) check parameters
[0.428s] Level 1:colcon.colcon_core.package_discovery:discover_packages(path) check parameters
[0.428s] Level 1:colcon.colcon_core.package_discovery:discover_packages(colcon_meta) discover
[0.429s] Level 1:colcon.colcon_core.package_discovery:discover_packages(recursive) discover
[0.429s] INFO:colcon.colcon_core.package_discovery:Crawling recursively for packages in '/home/ilex/Dev/VIST/src/robot/sdk/linkerhand-ros-teleop-main'
[0.429s] Level 1:colcon.colcon_core.package_identification:_identify(.) by extensions ['ignore', 'ignore_ament_install']
[0.429s] Level 1:colcon.colcon_core.package_identification:_identify(.) by extension 'ignore'
[0.429s] Level 1:colcon.colcon_core.package_identification:_identify(.) by extension 'ignore_ament_install'
[0.429s] Level 1:colcon.colcon_core.package_identification:_identify(.) by extensions ['colcon_pkg']
[0.429s] Level 1:colcon.colcon_core.package_identification:_identify(.) by extension 'colcon_pkg'
[0.429s] Level 1:colcon.colcon_core.package_identification:_identify(.) by extensions ['colcon_meta']
[0.429s] Level 1:colcon.colcon_core.package_identification:_identify(.) by extension 'colcon_meta'
[0.429s] Level 1:colcon.colcon_core.package_identification:_identify(.) by extensions ['ros']
[0.429s] Level 1:colcon.colcon_core.package_identification:_identify(.) by extension 'ros'
[0.443s] Level 1:colcon.colcon_core.package_identification:_identify(.) by extensions ['cmake', 'python']
[0.443s] Level 1:colcon.colcon_core.package_identification:_identify(.) by extension 'cmake'
[0.443s] Level 1:colcon.colcon_core.package_identification:_identify(.) by extension 'python'
[0.443s] Level 1:colcon.colcon_core.package_identification:_identify(.) by extensions ['python_setup_py']
[0.443s] Level 1:colcon.colcon_core.package_identification:_identify(.) by extension 'python_setup_py'
[0.443s] Level 1:colcon.colcon_core.package_identification:_identify(build) by extensions ['ignore', 'ignore_ament_install']
[0.443s] Level 1:colcon.colcon_core.package_identification:_identify(build) by extension 'ignore'
[0.443s] Level 1:colcon.colcon_core.package_identification:_identify(build) ignored
[0.443s] Level 1:colcon.colcon_core.package_identification:_identify(install) by extensions ['ignore', 'ignore_ament_install']
[0.443s] Level 1:colcon.colcon_core.package_identification:_identify(install) by extension 'ignore'
[0.443s] Level 1:colcon.colcon_core.package_identification:_identify(install) ignored
[0.444s] Level 1:colcon.colcon_core.package_identification:_identify(linkertelopsdk) by extensions ['ignore', 'ignore_ament_install']
[0.444s] Level 1:colcon.colcon_core.package_identification:_identify(linkertelopsdk) by extension 'ignore'
[0.444s] Level 1:colcon.colcon_core.package_identification:_identify(linkertelopsdk) by extension 'ignore_ament_install'
[0.444s] Level 1:colcon.colcon_core.package_identification:_identify(linkertelopsdk) by extensions ['colcon_pkg']
[0.444s] Level 1:colcon.colcon_core.package_identification:_identify(linkertelopsdk) by extension 'colcon_pkg'
[0.444s] Level 1:colcon.colcon_core.package_identification:_identify(linkertelopsdk) by extensions ['colcon_meta']
[0.444s] Level 1:colcon.colcon_core.package_identification:_identify(linkertelopsdk) by extension 'colcon_meta'
[0.444s] Level 1:colcon.colcon_core.package_identification:_identify(linkertelopsdk) by extensions ['ros']
[0.444s] Level 1:colcon.colcon_core.package_identification:_identify(linkertelopsdk) by extension 'ros'
[0.444s] Level 1:colcon.colcon_core.package_identification:_identify(linkertelopsdk) by extensions ['cmake', 'python']
[0.444s] Level 1:colcon.colcon_core.package_identification:_identify(linkertelopsdk) by extension 'cmake'
[0.444s] Level 1:colcon.colcon_core.package_identification:_identify(linkertelopsdk) by extension 'python'
[0.444s] Level 1:colcon.colcon_core.package_identification:_identify(linkertelopsdk) by extensions ['python_setup_py']
[0.444s] Level 1:colcon.colcon_core.package_identification:_identify(linkertelopsdk) by extension 'python_setup_py'
[0.444s] Level 1:colcon.colcon_core.package_identification:_identify(linkertelopsdk/ros2) by extensions ['ignore', 'ignore_ament_install']
[0.444s] Level 1:colcon.colcon_core.package_identification:_identify(linkertelopsdk/ros2) by extension 'ignore'
[0.444s] Level 1:colcon.colcon_core.package_identification:_identify(linkertelopsdk/ros2) by extension 'ignore_ament_install'
[0.444s] Level 1:colcon.colcon_core.package_identification:_identify(linkertelopsdk/ros2) by extensions ['colcon_pkg']
[0.444s] Level 1:colcon.colcon_core.package_identification:_identify(linkertelopsdk/ros2) by extension 'colcon_pkg'
[0.444s] Level 1:colcon.colcon_core.package_identification:_identify(linkertelopsdk/ros2) by extensions ['colcon_meta']
[0.444s] Level 1:colcon.colcon_core.package_identification:_identify(linkertelopsdk/ros2) by extension 'colcon_meta'
[0.444s] Level 1:colcon.colcon_core.package_identification:_identify(linkertelopsdk/ros2) by extensions ['ros']
[0.444s] Level 1:colcon.colcon_core.package_identification:_identify(linkertelopsdk/ros2) by extension 'ros'
[0.444s] Level 1:colcon.colcon_core.package_identification:_identify(linkertelopsdk/ros2) by extensions ['cmake', 'python']
[0.444s] Level 1:colcon.colcon_core.package_identification:_identify(linkertelopsdk/ros2) by extension 'cmake'
[0.444s] Level 1:colcon.colcon_core.package_identification:_identify(linkertelopsdk/ros2) by extension 'python'
[0.444s] Level 1:colcon.colcon_core.package_identification:_identify(linkertelopsdk/ros2) by extensions ['python_setup_py']
[0.444s] Level 1:colcon.colcon_core.package_identification:_identify(linkertelopsdk/ros2) by extension 'python_setup_py'
[0.444s] Level 1:colcon.colcon_core.package_identification:_identify(linkertelopsdk/ros2/build) by extensions ['ignore', 'ignore_ament_install']
[0.444s] Level 1:colcon.colcon_core.package_identification:_identify(linkertelopsdk/ros2/build) by extension 'ignore'
[0.445s] Level 1:colcon.colcon_core.package_identification:_identify(linkertelopsdk/ros2/build) ignored
[0.445s] Level 1:colcon.colcon_core.package_identification:_identify(linkertelopsdk/ros2/install) by extensions ['ignore', 'ignore_ament_install']
[0.445s] Level 1:colcon.colcon_core.package_identification:_identify(linkertelopsdk/ros2/install) by extension 'ignore'
[0.445s] Level 1:colcon.colcon_core.package_identification:_identify(linkertelopsdk/ros2/install) ignored
[0.445s] Level 1:colcon.colcon_core.package_identification:_identify(linkertelopsdk/ros2/log) by extensions ['ignore', 'ignore_ament_install']
[0.445s] Level 1:colcon.colcon_core.package_identification:_identify(linkertelopsdk/ros2/log) by extension 'ignore'
[0.445s] Level 1:colcon.colcon_core.package_identification:_identify(linkertelopsdk/ros2/log) ignored
[0.445s] Level 1:colcon.colcon_core.package_identification:_identify(linkertelopsdk/ros2/src) by extensions ['ignore', 'ignore_ament_install']
[0.445s] Level 1:colcon.colcon_core.package_identification:_identify(linkertelopsdk/ros2/src) by extension 'ignore'
[0.445s] Level 1:colcon.colcon_core.package_identification:_identify(linkertelopsdk/ros2/src) by extension 'ignore_ament_install'
[0.445s] Level 1:colcon.colcon_core.package_identification:_identify(linkertelopsdk/ros2/src) by extensions ['colcon_pkg']
[0.445s] Level 1:colcon.colcon_core.package_identification:_identify(linkertelopsdk/ros2/src) by extension 'colcon_pkg'
[0.445s] Level 1:colcon.colcon_core.package_identification:_identify(linkertelopsdk/ros2/src) by extensions ['colcon_meta']
[0.445s] Level 1:colcon.colcon_core.package_identification:_identify(linkertelopsdk/ros2/src) by extension 'colcon_meta'
[0.445s] Level 1:colcon.colcon_core.package_identification:_identify(linkertelopsdk/ros2/src) by extensions ['ros']
[0.445s] Level 1:colcon.colcon_core.package_identification:_identify(linkertelopsdk/ros2/src) by extension 'ros'
[0.445s] Level 1:colcon.colcon_core.package_identification:_identify(linkertelopsdk/ros2/src) by extensions ['cmake', 'python']
[0.445s] Level 1:colcon.colcon_core.package_identification:_identify(linkertelopsdk/ros2/src) by extension 'cmake'
[0.445s] Level 1:colcon.colcon_core.package_identification:_identify(linkertelopsdk/ros2/src) by extension 'python'
[0.445s] Level 1:colcon.colcon_core.package_identification:_identify(linkertelopsdk/ros2/src) by extensions ['python_setup_py']
[0.445s] Level 1:colcon.colcon_core.package_identification:_identify(linkertelopsdk/ros2/src) by extension 'python_setup_py'
[0.445s] Level 1:colcon.colcon_core.package_identification:_identify(linkertelopsdk/ros2/src/linkerhand_retarget) by extensions ['ignore', 'ignore_ament_install']
[0.445s] Level 1:colcon.colcon_core.package_identification:_identify(linkertelopsdk/ros2/src/linkerhand_retarget) by extension 'ignore'
[0.445s] Level 1:colcon.colcon_core.package_identification:_identify(linkertelopsdk/ros2/src/linkerhand_retarget) by extension 'ignore_ament_install'
[0.445s] Level 1:colcon.colcon_core.package_identification:_identify(linkertelopsdk/ros2/src/linkerhand_retarget) by extensions ['colcon_pkg']
[0.445s] Level 1:colcon.colcon_core.package_identification:_identify(linkertelopsdk/ros2/src/linkerhand_retarget) by extension 'colcon_pkg'
[0.446s] Level 1:colcon.colcon_core.package_identification:_identify(linkertelopsdk/ros2/src/linkerhand_retarget) by extensions ['colcon_meta']
[0.446s] Level 1:colcon.colcon_core.package_identification:_identify(linkertelopsdk/ros2/src/linkerhand_retarget) by extension 'colcon_meta'
[0.446s] Level 1:colcon.colcon_core.package_identification:_identify(linkertelopsdk/ros2/src/linkerhand_retarget) by extensions ['ros']
[0.446s] Level 1:colcon.colcon_core.package_identification:_identify(linkertelopsdk/ros2/src/linkerhand_retarget) by extension 'ros'
[0.449s] DEBUG:colcon.colcon_core.package_identification:Package 'linkertelopsdk/ros2/src/linkerhand_retarget' with type 'ros.ament_python' and name 'linkerhand_retarget'
[0.449s] Level 1:colcon.colcon_core.package_identification:_identify(log) by extensions ['ignore', 'ignore_ament_install']
[0.449s] Level 1:colcon.colcon_core.package_identification:_identify(log) by extension 'ignore'
[0.449s] Level 1:colcon.colcon_core.package_identification:_identify(log) ignored
[0.449s] Level 1:colcon.colcon_core.package_discovery:discover_packages(recursive) using defaults
[0.449s] Level 1:colcon.colcon_core.package_discovery:discover_packages(ignore) discover
[0.449s] Level 1:colcon.colcon_core.package_discovery:discover_packages(ignore) using defaults
[0.449s] Level 1:colcon.colcon_core.package_discovery:discover_packages(path) discover
[0.449s] Level 1:colcon.colcon_core.package_discovery:discover_packages(path) using defaults
[0.473s] Level 1:colcon.colcon_core.package_discovery:discover_packages(prefix_path) check parameters
[0.473s] Level 1:colcon.colcon_core.package_discovery:discover_packages(prefix_path) discover
[0.475s] DEBUG:colcon.colcon_installed_package_information.package_discovery:Found 325 installed packages in /opt/ros/humble
[0.497s] Level 1:colcon.colcon_core.package_discovery:discover_packages(prefix_path) using defaults
[0.533s] Level 5:colcon.colcon_core.verb:set package 'linkerhand_retarget' build argument 'cmake_args' from command line to 'None'
[0.534s] Level 5:colcon.colcon_core.verb:set package 'linkerhand_retarget' build argument 'cmake_target' from command line to 'None'
[0.534s] Level 5:colcon.colcon_core.verb:set package 'linkerhand_retarget' build argument 'cmake_target_skip_unavailable' from command line to 'False'
[0.534s] Level 5:colcon.colcon_core.verb:set package 'linkerhand_retarget' build argument 'cmake_clean_cache' from command line to 'False'
[0.534s] Level 5:colcon.colcon_core.verb:set package 'linkerhand_retarget' build argument 'cmake_clean_first' from command line to 'False'
[0.534s] Level 5:colcon.colcon_core.verb:set package 'linkerhand_retarget' build argument 'cmake_force_configure' from command line to 'False'
[0.534s] Level 5:colcon.colcon_core.verb:set package 'linkerhand_retarget' build argument 'ament_cmake_args' from command line to 'None'
[0.534s] Level 5:colcon.colcon_core.verb:set package 'linkerhand_retarget' build argument 'catkin_cmake_args' from command line to 'None'
[0.534s] Level 5:colcon.colcon_core.verb:set package 'linkerhand_retarget' build argument 'catkin_skip_building_tests' from command line to 'False'
[0.534s] DEBUG:colcon.colcon_core.verb:Building package 'linkerhand_retarget' with the following arguments: {'ament_cmake_args': None, 'build_base': '/home/ilex/Dev/VIST/src/robot/sdk/linkerhand-ros-teleop-main/build/linkerhand_retarget', 'catkin_cmake_args': None, 'catkin_skip_building_tests': False, 'cmake_args': None, 'cmake_clean_cache': False, 'cmake_clean_first': False, 'cmake_force_configure': False, 'cmake_target': None, 'cmake_target_skip_unavailable': False, 'install_base': '/home/ilex/Dev/VIST/src/robot/sdk/linkerhand-ros-teleop-main/install/linkerhand_retarget', 'merge_install': False, 'path': '/home/ilex/Dev/VIST/src/robot/sdk/linkerhand-ros-teleop-main/linkertelopsdk/ros2/src/linkerhand_retarget', 'symlink_install': True, 'test_result_base': None}
[0.534s] INFO:colcon.colcon_core.executor:Executing jobs using 'parallel' executor
[0.535s] DEBUG:colcon.colcon_parallel_executor.executor.parallel:run_until_complete
[0.536s] INFO:colcon.colcon_ros.task.ament_python.build:Building ROS package in '/home/ilex/Dev/VIST/src/robot/sdk/linkerhand-ros-teleop-main/linkertelopsdk/ros2/src/linkerhand_retarget' with build type 'ament_python'
[0.536s] Level 1:colcon.colcon_core.shell:create_environment_hook('linkerhand_retarget', 'ament_prefix_path')
[0.540s] INFO:colcon.colcon_core.plugin_system:Skipping extension 'colcon_core.shell.bat': Not used on non-Windows systems
[0.540s] INFO:colcon.colcon_core.shell:Creating environment hook '/home/ilex/Dev/VIST/src/robot/sdk/linkerhand-ros-teleop-main/install/linkerhand_retarget/share/linkerhand_retarget/hook/ament_prefix_path.ps1'
[0.541s] INFO:colcon.colcon_core.shell:Creating environment descriptor '/home/ilex/Dev/VIST/src/robot/sdk/linkerhand-ros-teleop-main/install/linkerhand_retarget/share/linkerhand_retarget/hook/ament_prefix_path.dsv'
[0.542s] INFO:colcon.colcon_core.shell:Creating environment hook '/home/ilex/Dev/VIST/src/robot/sdk/linkerhand-ros-teleop-main/install/linkerhand_retarget/share/linkerhand_retarget/hook/ament_prefix_path.sh'
[0.543s] INFO:colcon.colcon_core.shell:Skip shell extension 'powershell' for command environment: Not usable outside of PowerShell
[0.543s] DEBUG:colcon.colcon_core.shell:Skip shell extension 'dsv' for command environment
[0.836s] WARNING:colcon.colcon_ros.task.ament_python.build:Package 'linkerhand_retarget' doesn't explicitly install a marker in the package index (colcon-ros currently does it implicitly but that fallback will be removed in the future)
[0.837s] INFO:colcon.colcon_core.task.python.build:Building Python package in '/home/ilex/Dev/VIST/src/robot/sdk/linkerhand-ros-teleop-main/linkertelopsdk/ros2/src/linkerhand_retarget'
[0.837s] INFO:colcon.colcon_core.shell:Skip shell extension 'powershell' for command environment: Not usable outside of PowerShell
[0.837s] DEBUG:colcon.colcon_core.shell:Skip shell extension 'dsv' for command environment
[1.160s] DEBUG:colcon.colcon_core.event_handler.log_command:Invoking command in '/home/ilex/Dev/VIST/src/robot/sdk/linkerhand-ros-teleop-main/build/linkerhand_retarget': CONDA_PROMPT_MODIFIER=(base) PYTHONPATH=/home/ilex/Dev/VIST/src/robot/sdk/linkerhand-ros-teleop-main/build/linkerhand_retarget/prefix_override:/usr/lib/python3/dist-packages/colcon_core/task/python/colcon_distutils_commands:/home/ilex/Dev/VIST/src/robot/sdk/linkerhand-ros-teleop-main/install/linkerhand_retarget/lib/python3.10/site-packages:${PYTHONPATH} /usr/bin/python3 -W ignore:setup.py install is deprecated -W ignore:easy_install command is deprecated setup.py develop --editable --build-directory /home/ilex/Dev/VIST/src/robot/sdk/linkerhand-ros-teleop-main/build/linkerhand_retarget/build --no-deps symlink_data
[1.486s] Level 1:colcon.colcon_core.shell:create_environment_hook('linkerhand_retarget', 'pythonpath_develop')
[1.487s] INFO:colcon.colcon_core.shell:Creating environment hook '/home/ilex/Dev/VIST/src/robot/sdk/linkerhand-ros-teleop-main/build/linkerhand_retarget/share/linkerhand_retarget/hook/pythonpath_develop.ps1'
[1.487s] DEBUG:colcon.colcon_core.event_handler.log_command:Invoked command in '/home/ilex/Dev/VIST/src/robot/sdk/linkerhand-ros-teleop-main/build/linkerhand_retarget' returned '0': CONDA_PROMPT_MODIFIER=(base) PYTHONPATH=/home/ilex/Dev/VIST/src/robot/sdk/linkerhand-ros-teleop-main/build/linkerhand_retarget/prefix_override:/usr/lib/python3/dist-packages/colcon_core/task/python/colcon_distutils_commands:/home/ilex/Dev/VIST/src/robot/sdk/linkerhand-ros-teleop-main/install/linkerhand_retarget/lib/python3.10/site-packages:${PYTHONPATH} /usr/bin/python3 -W ignore:setup.py install is deprecated -W ignore:easy_install command is deprecated setup.py develop --editable --build-directory /home/ilex/Dev/VIST/src/robot/sdk/linkerhand-ros-teleop-main/build/linkerhand_retarget/build --no-deps symlink_data
[1.488s] INFO:colcon.colcon_core.shell:Creating environment descriptor '/home/ilex/Dev/VIST/src/robot/sdk/linkerhand-ros-teleop-main/build/linkerhand_retarget/share/linkerhand_retarget/hook/pythonpath_develop.dsv'
[1.489s] INFO:colcon.colcon_core.shell:Creating environment hook '/home/ilex/Dev/VIST/src/robot/sdk/linkerhand-ros-teleop-main/build/linkerhand_retarget/share/linkerhand_retarget/hook/pythonpath_develop.sh'
[1.494s] Level 1:colcon.colcon_core.environment:checking '/home/ilex/Dev/VIST/src/robot/sdk/linkerhand-ros-teleop-main/install/linkerhand_retarget' for CMake module files
[1.495s] Level 1:colcon.colcon_core.environment:checking '/home/ilex/Dev/VIST/src/robot/sdk/linkerhand-ros-teleop-main/install/linkerhand_retarget' for CMake config files
[1.495s] Level 1:colcon.colcon_core.environment:checking '/home/ilex/Dev/VIST/src/robot/sdk/linkerhand-ros-teleop-main/install/linkerhand_retarget/lib'
[1.495s] Level 1:colcon.colcon_core.environment:checking '/home/ilex/Dev/VIST/src/robot/sdk/linkerhand-ros-teleop-main/install/linkerhand_retarget/bin'
[1.495s] Level 1:colcon.colcon_core.environment:checking '/home/ilex/Dev/VIST/src/robot/sdk/linkerhand-ros-teleop-main/install/linkerhand_retarget/lib/pkgconfig/linkerhand_retarget.pc'
[1.496s] Level 1:colcon.colcon_core.environment:checking '/home/ilex/Dev/VIST/src/robot/sdk/linkerhand-ros-teleop-main/install/linkerhand_retarget/lib/python3.10/site-packages'
[1.496s] Level 1:colcon.colcon_core.shell:create_environment_hook('linkerhand_retarget', 'pythonpath')
[1.496s] INFO:colcon.colcon_core.shell:Creating environment hook '/home/ilex/Dev/VIST/src/robot/sdk/linkerhand-ros-teleop-main/install/linkerhand_retarget/share/linkerhand_retarget/hook/pythonpath.ps1'
[1.497s] INFO:colcon.colcon_core.shell:Creating environment descriptor '/home/ilex/Dev/VIST/src/robot/sdk/linkerhand-ros-teleop-main/install/linkerhand_retarget/share/linkerhand_retarget/hook/pythonpath.dsv'
[1.497s] INFO:colcon.colcon_core.shell:Creating environment hook '/home/ilex/Dev/VIST/src/robot/sdk/linkerhand-ros-teleop-main/install/linkerhand_retarget/share/linkerhand_retarget/hook/pythonpath.sh'
[1.498s] Level 1:colcon.colcon_core.environment:checking '/home/ilex/Dev/VIST/src/robot/sdk/linkerhand-ros-teleop-main/install/linkerhand_retarget/bin'
[1.498s] Level 1:colcon.colcon_core.environment:create_environment_scripts_only(linkerhand_retarget)
[1.498s] INFO:colcon.colcon_core.shell:Creating package script '/home/ilex/Dev/VIST/src/robot/sdk/linkerhand-ros-teleop-main/install/linkerhand_retarget/share/linkerhand_retarget/package.ps1'
[1.499s] INFO:colcon.colcon_core.shell:Creating package descriptor '/home/ilex/Dev/VIST/src/robot/sdk/linkerhand-ros-teleop-main/install/linkerhand_retarget/share/linkerhand_retarget/package.dsv'
[1.499s] INFO:colcon.colcon_core.shell:Creating package script '/home/ilex/Dev/VIST/src/robot/sdk/linkerhand-ros-teleop-main/install/linkerhand_retarget/share/linkerhand_retarget/package.sh'
[1.500s] INFO:colcon.colcon_core.shell:Creating package script '/home/ilex/Dev/VIST/src/robot/sdk/linkerhand-ros-teleop-main/install/linkerhand_retarget/share/linkerhand_retarget/package.bash'
[1.501s] INFO:colcon.colcon_core.shell:Creating package script '/home/ilex/Dev/VIST/src/robot/sdk/linkerhand-ros-teleop-main/install/linkerhand_retarget/share/linkerhand_retarget/package.zsh'
[1.501s] Level 1:colcon.colcon_core.environment:create_file_with_runtime_dependencies(/home/ilex/Dev/VIST/src/robot/sdk/linkerhand-ros-teleop-main/install/linkerhand_retarget/share/colcon-core/packages/linkerhand_retarget)
[1.502s] DEBUG:colcon.colcon_parallel_executor.executor.parallel:closing loop
[1.502s] DEBUG:colcon.colcon_parallel_executor.executor.parallel:loop closed
[1.502s] DEBUG:colcon.colcon_parallel_executor.executor.parallel:run_until_complete finished with '0'
[1.502s] DEBUG:colcon.colcon_core.event_reactor:joining thread
[1.511s] INFO:colcon.colcon_core.plugin_system:Skipping extension 'colcon_notification.desktop_notification.terminal_notifier': Not used on non-Darwin systems
[1.511s] INFO:colcon.colcon_core.plugin_system:Skipping extension 'colcon_notification.desktop_notification.win32': Not used on non-Windows systems
[1.511s] INFO:colcon.colcon_notification.desktop_notification:Sending desktop notification using 'notify2'
[1.539s] DEBUG:colcon.colcon_core.event_reactor:joined thread
[1.540s] INFO:colcon.colcon_core.shell:Creating prefix script '/home/ilex/Dev/VIST/src/robot/sdk/linkerhand-ros-teleop-main/install/local_setup.ps1'
[1.542s] INFO:colcon.colcon_core.shell:Creating prefix util module '/home/ilex/Dev/VIST/src/robot/sdk/linkerhand-ros-teleop-main/install/_local_setup_util_ps1.py'
[1.544s] INFO:colcon.colcon_core.shell:Creating prefix chain script '/home/ilex/Dev/VIST/src/robot/sdk/linkerhand-ros-teleop-main/install/setup.ps1'
[1.546s] INFO:colcon.colcon_core.shell:Creating prefix script '/home/ilex/Dev/VIST/src/robot/sdk/linkerhand-ros-teleop-main/install/local_setup.sh'
[1.548s] INFO:colcon.colcon_core.shell:Creating prefix util module '/home/ilex/Dev/VIST/src/robot/sdk/linkerhand-ros-teleop-main/install/_local_setup_util_sh.py'
[1.549s] INFO:colcon.colcon_core.shell:Creating prefix chain script '/home/ilex/Dev/VIST/src/robot/sdk/linkerhand-ros-teleop-main/install/setup.sh'
[1.550s] INFO:colcon.colcon_core.shell:Creating prefix script '/home/ilex/Dev/VIST/src/robot/sdk/linkerhand-ros-teleop-main/install/local_setup.bash'
[1.551s] INFO:colcon.colcon_core.shell:Creating prefix chain script '/home/ilex/Dev/VIST/src/robot/sdk/linkerhand-ros-teleop-main/install/setup.bash'
[1.553s] INFO:colcon.colcon_core.shell:Creating prefix script '/home/ilex/Dev/VIST/src/robot/sdk/linkerhand-ros-teleop-main/install/local_setup.zsh'
[1.554s] INFO:colcon.colcon_core.shell:Creating prefix chain script '/home/ilex/Dev/VIST/src/robot/sdk/linkerhand-ros-teleop-main/install/setup.zsh'
