[0.075s] DEBUG:colcon:Command line arguments: ['/usr/bin/colcon', 'build', '--symlink-install']
[0.075s] DEBUG:colcon:Parsed command line arguments: Namespace(log_base=None, log_level=None, verb_name='build', build_base='build', install_base='install', merge_install=False, symlink_install=True, test_result_base=None, continue_on_error=False, executor='parallel', parallel_workers=16, event_handlers=None, ignore_user_meta=False, metas=['./colcon.meta'], base_paths=['.'], packages_ignore=None, packages_ignore_regex=None, paths=None, packages_up_to=None, packages_up_to_regex=None, packages_above=None, packages_above_and_dependencies=None, packages_above_depth=None, packages_select_by_dep=None, packages_skip_by_dep=None, packages_skip_up_to=None, packages_select_build_failed=False, packages_skip_build_finished=False, packages_select_test_failures=False, packages_skip_test_passed=False, packages_select=None, packages_skip=None, packages_select_regex=None, packages_skip_regex=None, packages_start=None, packages_end=None, allow_overriding=[], cmake_args=None, cmake_target=None, cmake_target_skip_unavailable=False, cmake_clean_cache=False, cmake_clean_first=False, cmake_force_configure=False, ament_cmake_args=None, catkin_cmake_args=None, catkin_skip_building_tests=False, verb_parser=<colcon_defaults.argument_parser.defaults.DefaultArgumentsDecorator object at 0x7e70c58338e0>, verb_extension=<colcon_core.verb.build.BuildVerb object at 0x7e70c597ce20>, main=<bound method BuildVerb.main of <colcon_core.verb.build.BuildVerb object at 0x7e70c597ce20>>)
[0.170s] Level 1:colcon.colcon_core.package_discovery:discover_packages(colcon_meta) check parameters
[0.171s] Level 1:colcon.colcon_core.package_discovery:discover_packages(recursive) check parameters
[0.171s] Level 1:colcon.colcon_core.package_discovery:discover_packages(ignore) check parameters
[0.171s] Level 1:colcon.colcon_core.package_discovery:discover_packages(path) check parameters
[0.171s] Level 1:colcon.colcon_core.package_discovery:discover_packages(colcon_meta) discover
[0.171s] Level 1:colcon.colcon_core.package_discovery:discover_packages(recursive) discover
[0.171s] INFO:colcon.colcon_core.package_discovery:Crawling recursively for packages in '/home/ilex/Dev/VIST/src/robot/sdk/arm_teleop'
[0.171s] Level 1:colcon.colcon_core.package_identification:_identify(.) by extensions ['ignore', 'ignore_ament_install']
[0.171s] Level 1:colcon.colcon_core.package_identification:_identify(.) by extension 'ignore'
[0.171s] Level 1:colcon.colcon_core.package_identification:_identify(.) by extension 'ignore_ament_install'
[0.171s] Level 1:colcon.colcon_core.package_identification:_identify(.) by extensions ['colcon_pkg']
[0.171s] Level 1:colcon.colcon_core.package_identification:_identify(.) by extension 'colcon_pkg'
[0.171s] Level 1:colcon.colcon_core.package_identification:_identify(.) by extensions ['colcon_meta']
[0.171s] Level 1:colcon.colcon_core.package_identification:_identify(.) by extension 'colcon_meta'
[0.171s] Level 1:colcon.colcon_core.package_identification:_identify(.) by extensions ['ros']
[0.171s] Level 1:colcon.colcon_core.package_identification:_identify(.) by extension 'ros'
[0.182s] Level 1:colcon.colcon_core.package_identification:_identify(.) by extensions ['cmake', 'python']
[0.183s] Level 1:colcon.colcon_core.package_identification:_identify(.) by extension 'cmake'
[0.183s] Level 1:colcon.colcon_core.package_identification:_identify(.) by extension 'python'
[0.183s] Level 1:colcon.colcon_core.package_identification:_identify(.) by extensions ['python_setup_py']
[0.183s] Level 1:colcon.colcon_core.package_identification:_identify(.) by extension 'python_setup_py'
[0.183s] Level 1:colcon.colcon_core.package_identification:_identify(build) by extensions ['ignore', 'ignore_ament_install']
[0.183s] Level 1:colcon.colcon_core.package_identification:_identify(build) by extension 'ignore'
[0.183s] Level 1:colcon.colcon_core.package_identification:_identify(build) ignored
[0.183s] Level 1:colcon.colcon_core.package_identification:_identify(install) by extensions ['ignore', 'ignore_ament_install']
[0.183s] Level 1:colcon.colcon_core.package_identification:_identify(install) by extension 'ignore'
[0.183s] Level 1:colcon.colcon_core.package_identification:_identify(install) ignored
[0.183s] Level 1:colcon.colcon_core.package_identification:_identify(log) by extensions ['ignore', 'ignore_ament_install']
[0.183s] Level 1:colcon.colcon_core.package_identification:_identify(log) by extension 'ignore'
[0.183s] Level 1:colcon.colcon_core.package_identification:_identify(log) ignored
[0.183s] Level 1:colcon.colcon_core.package_identification:_identify(src) by extensions ['ignore', 'ignore_ament_install']
[0.183s] Level 1:colcon.colcon_core.package_identification:_identify(src) by extension 'ignore'
[0.184s] Level 1:colcon.colcon_core.package_identification:_identify(src) by extension 'ignore_ament_install'
[0.184s] Level 1:colcon.colcon_core.package_identification:_identify(src) by extensions ['colcon_pkg']
[0.184s] Level 1:colcon.colcon_core.package_identification:_identify(src) by extension 'colcon_pkg'
[0.184s] Level 1:colcon.colcon_core.package_identification:_identify(src) by extensions ['colcon_meta']
[0.184s] Level 1:colcon.colcon_core.package_identification:_identify(src) by extension 'colcon_meta'
[0.184s] Level 1:colcon.colcon_core.package_identification:_identify(src) by extensions ['ros']
[0.184s] Level 1:colcon.colcon_core.package_identification:_identify(src) by extension 'ros'
[0.184s] Level 1:colcon.colcon_core.package_identification:_identify(src) by extensions ['cmake', 'python']
[0.184s] Level 1:colcon.colcon_core.package_identification:_identify(src) by extension 'cmake'
[0.184s] Level 1:colcon.colcon_core.package_identification:_identify(src) by extension 'python'
[0.184s] Level 1:colcon.colcon_core.package_identification:_identify(src) by extensions ['python_setup_py']
[0.184s] Level 1:colcon.colcon_core.package_identification:_identify(src) by extension 'python_setup_py'
[0.184s] Level 1:colcon.colcon_core.package_identification:_identify(src/lbot_arm_interfaces) by extensions ['ignore', 'ignore_ament_install']
[0.184s] Level 1:colcon.colcon_core.package_identification:_identify(src/lbot_arm_interfaces) by extension 'ignore'
[0.184s] Level 1:colcon.colcon_core.package_identification:_identify(src/lbot_arm_interfaces) by extension 'ignore_ament_install'
[0.184s] Level 1:colcon.colcon_core.package_identification:_identify(src/lbot_arm_interfaces) by extensions ['colcon_pkg']
[0.184s] Level 1:colcon.colcon_core.package_identification:_identify(src/lbot_arm_interfaces) by extension 'colcon_pkg'
[0.184s] Level 1:colcon.colcon_core.package_identification:_identify(src/lbot_arm_interfaces) by extensions ['colcon_meta']
[0.184s] Level 1:colcon.colcon_core.package_identification:_identify(src/lbot_arm_interfaces) by extension 'colcon_meta'
[0.184s] Level 1:colcon.colcon_core.package_identification:_identify(src/lbot_arm_interfaces) by extensions ['ros']
[0.184s] Level 1:colcon.colcon_core.package_identification:_identify(src/lbot_arm_interfaces) by extension 'ros'
[0.187s] DEBUG:colcon.colcon_core.package_identification:Package 'src/lbot_arm_interfaces' with type 'ros.ament_cmake' and name 'lbot_arm_interfaces'
[0.187s] Level 1:colcon.colcon_core.package_identification:_identify(src/lbot_demo) by extensions ['ignore', 'ignore_ament_install']
[0.187s] Level 1:colcon.colcon_core.package_identification:_identify(src/lbot_demo) by extension 'ignore'
[0.187s] Level 1:colcon.colcon_core.package_identification:_identify(src/lbot_demo) by extension 'ignore_ament_install'
[0.188s] Level 1:colcon.colcon_core.package_identification:_identify(src/lbot_demo) by extensions ['colcon_pkg']
[0.188s] Level 1:colcon.colcon_core.package_identification:_identify(src/lbot_demo) by extension 'colcon_pkg'
[0.188s] Level 1:colcon.colcon_core.package_identification:_identify(src/lbot_demo) by extensions ['colcon_meta']
[0.188s] Level 1:colcon.colcon_core.package_identification:_identify(src/lbot_demo) by extension 'colcon_meta'
[0.188s] Level 1:colcon.colcon_core.package_identification:_identify(src/lbot_demo) by extensions ['ros']
[0.188s] Level 1:colcon.colcon_core.package_identification:_identify(src/lbot_demo) by extension 'ros'
[0.189s] DEBUG:colcon.colcon_core.package_identification:Package 'src/lbot_demo' with type 'ros.ament_cmake' and name 'lbot_demo'
[0.189s] Level 1:colcon.colcon_core.package_identification:_identify(src/lbot_driver) by extensions ['ignore', 'ignore_ament_install']
[0.189s] Level 1:colcon.colcon_core.package_identification:_identify(src/lbot_driver) by extension 'ignore'
[0.189s] Level 1:colcon.colcon_core.package_identification:_identify(src/lbot_driver) by extension 'ignore_ament_install'
[0.189s] Level 1:colcon.colcon_core.package_identification:_identify(src/lbot_driver) by extensions ['colcon_pkg']
[0.189s] Level 1:colcon.colcon_core.package_identification:_identify(src/lbot_driver) by extension 'colcon_pkg'
[0.189s] Level 1:colcon.colcon_core.package_identification:_identify(src/lbot_driver) by extensions ['colcon_meta']
[0.189s] Level 1:colcon.colcon_core.package_identification:_identify(src/lbot_driver) by extension 'colcon_meta'
[0.189s] Level 1:colcon.colcon_core.package_identification:_identify(src/lbot_driver) by extensions ['ros']
[0.189s] Level 1:colcon.colcon_core.package_identification:_identify(src/lbot_driver) by extension 'ros'
[0.190s] DEBUG:colcon.colcon_core.package_identification:Package 'src/lbot_driver' with type 'ros.ament_cmake' and name 'lbot_driver'
[0.190s] Level 1:colcon.colcon_core.package_identification:_identify(src/lbot_teleop) by extensions ['ignore', 'ignore_ament_install']
[0.190s] Level 1:colcon.colcon_core.package_identification:_identify(src/lbot_teleop) by extension 'ignore'
[0.191s] Level 1:colcon.colcon_core.package_identification:_identify(src/lbot_teleop) by extension 'ignore_ament_install'
[0.191s] Level 1:colcon.colcon_core.package_identification:_identify(src/lbot_teleop) by extensions ['colcon_pkg']
[0.191s] Level 1:colcon.colcon_core.package_identification:_identify(src/lbot_teleop) by extension 'colcon_pkg'
[0.191s] Level 1:colcon.colcon_core.package_identification:_identify(src/lbot_teleop) by extensions ['colcon_meta']
[0.191s] Level 1:colcon.colcon_core.package_identification:_identify(src/lbot_teleop) by extension 'colcon_meta'
[0.191s] Level 1:colcon.colcon_core.package_identification:_identify(src/lbot_teleop) by extensions ['ros']
[0.191s] Level 1:colcon.colcon_core.package_identification:_identify(src/lbot_teleop) by extension 'ros'
[0.191s] DEBUG:colcon.colcon_core.package_identification:Package 'src/lbot_teleop' with type 'ros.ament_cmake' and name 'lbot_teleop'
[0.191s] Level 1:colcon.colcon_core.package_identification:_identify(src/linkerta) by extensions ['ignore', 'ignore_ament_install']
[0.191s] Level 1:colcon.colcon_core.package_identification:_identify(src/linkerta) by extension 'ignore'
[0.191s] Level 1:colcon.colcon_core.package_identification:_identify(src/linkerta) by extension 'ignore_ament_install'
[0.191s] Level 1:colcon.colcon_core.package_identification:_identify(src/linkerta) by extensions ['colcon_pkg']
[0.191s] Level 1:colcon.colcon_core.package_identification:_identify(src/linkerta) by extension 'colcon_pkg'
[0.191s] Level 1:colcon.colcon_core.package_identification:_identify(src/linkerta) by extensions ['colcon_meta']
[0.191s] Level 1:colcon.colcon_core.package_identification:_identify(src/linkerta) by extension 'colcon_meta'
[0.191s] Level 1:colcon.colcon_core.package_identification:_identify(src/linkerta) by extensions ['ros']
[0.192s] Level 1:colcon.colcon_core.package_identification:_identify(src/linkerta) by extension 'ros'
[0.192s] DEBUG:colcon.colcon_core.package_identification:Package 'src/linkerta' with type 'ros.ament_cmake' and name 'linkerta'
[0.192s] Level 1:colcon.colcon_core.package_discovery:discover_packages(recursive) using defaults
[0.192s] Level 1:colcon.colcon_core.package_discovery:discover_packages(ignore) discover
[0.192s] Level 1:colcon.colcon_core.package_discovery:discover_packages(ignore) using defaults
[0.192s] Level 1:colcon.colcon_core.package_discovery:discover_packages(path) discover
[0.192s] Level 1:colcon.colcon_core.package_discovery:discover_packages(path) using defaults
[0.211s] Level 1:colcon.colcon_core.package_discovery:discover_packages(prefix_path) check parameters
[0.212s] Level 1:colcon.colcon_core.package_discovery:discover_packages(prefix_path) discover
[0.213s] DEBUG:colcon.colcon_installed_package_information.package_discovery:Found 325 installed packages in /opt/ros/humble
[0.242s] Level 1:colcon.colcon_core.package_discovery:discover_packages(prefix_path) using defaults
[0.270s] Level 5:colcon.colcon_core.verb:set package 'lbot_arm_interfaces' build argument 'cmake_args' from command line to 'None'
[0.270s] Level 5:colcon.colcon_core.verb:set package 'lbot_arm_interfaces' build argument 'cmake_target' from command line to 'None'
[0.270s] Level 5:colcon.colcon_core.verb:set package 'lbot_arm_interfaces' build argument 'cmake_target_skip_unavailable' from command line to 'False'
[0.270s] Level 5:colcon.colcon_core.verb:set package 'lbot_arm_interfaces' build argument 'cmake_clean_cache' from command line to 'False'
[0.270s] Level 5:colcon.colcon_core.verb:set package 'lbot_arm_interfaces' build argument 'cmake_clean_first' from command line to 'False'
[0.270s] Level 5:colcon.colcon_core.verb:set package 'lbot_arm_interfaces' build argument 'cmake_force_configure' from command line to 'False'
[0.270s] Level 5:colcon.colcon_core.verb:set package 'lbot_arm_interfaces' build argument 'ament_cmake_args' from command line to 'None'
[0.270s] Level 5:colcon.colcon_core.verb:set package 'lbot_arm_interfaces' build argument 'catkin_cmake_args' from command line to 'None'
[0.270s] Level 5:colcon.colcon_core.verb:set package 'lbot_arm_interfaces' build argument 'catkin_skip_building_tests' from command line to 'False'
[0.270s] DEBUG:colcon.colcon_core.verb:Building package 'lbot_arm_interfaces' with the following arguments: {'ament_cmake_args': None, 'build_base': '/home/ilex/Dev/VIST/src/robot/sdk/arm_teleop/build/lbot_arm_interfaces', 'catkin_cmake_args': None, 'catkin_skip_building_tests': False, 'cmake_args': None, 'cmake_clean_cache': False, 'cmake_clean_first': False, 'cmake_force_configure': False, 'cmake_target': None, 'cmake_target_skip_unavailable': False, 'install_base': '/home/ilex/Dev/VIST/src/robot/sdk/arm_teleop/install/lbot_arm_interfaces', 'merge_install': False, 'path': '/home/ilex/Dev/VIST/src/robot/sdk/arm_teleop/src/lbot_arm_interfaces', 'symlink_install': True, 'test_result_base': None}
[0.270s] Level 5:colcon.colcon_core.verb:set package 'linkerta' build argument 'cmake_args' from command line to 'None'
[0.271s] Level 5:colcon.colcon_core.verb:set package 'linkerta' build argument 'cmake_target' from command line to 'None'
[0.271s] Level 5:colcon.colcon_core.verb:set package 'linkerta' build argument 'cmake_target_skip_unavailable' from command line to 'False'
[0.271s] Level 5:colcon.colcon_core.verb:set package 'linkerta' build argument 'cmake_clean_cache' from command line to 'False'
[0.271s] Level 5:colcon.colcon_core.verb:set package 'linkerta' build argument 'cmake_clean_first' from command line to 'False'
[0.271s] Level 5:colcon.colcon_core.verb:set package 'linkerta' build argument 'cmake_force_configure' from command line to 'False'
[0.271s] Level 5:colcon.colcon_core.verb:set package 'linkerta' build argument 'ament_cmake_args' from command line to 'None'
[0.271s] Level 5:colcon.colcon_core.verb:set package 'linkerta' build argument 'catkin_cmake_args' from command line to 'None'
[0.271s] Level 5:colcon.colcon_core.verb:set package 'linkerta' build argument 'catkin_skip_building_tests' from command line to 'False'
[0.271s] DEBUG:colcon.colcon_core.verb:Building package 'linkerta' with the following arguments: {'ament_cmake_args': None, 'build_base': '/home/ilex/Dev/VIST/src/robot/sdk/arm_teleop/build/linkerta', 'catkin_cmake_args': None, 'catkin_skip_building_tests': False, 'cmake_args': None, 'cmake_clean_cache': False, 'cmake_clean_first': False, 'cmake_force_configure': False, 'cmake_target': None, 'cmake_target_skip_unavailable': False, 'install_base': '/home/ilex/Dev/VIST/src/robot/sdk/arm_teleop/install/linkerta', 'merge_install': False, 'path': '/home/ilex/Dev/VIST/src/robot/sdk/arm_teleop/src/linkerta', 'symlink_install': True, 'test_result_base': None}
[0.271s] Level 5:colcon.colcon_core.verb:set package 'lbot_demo' build argument 'cmake_args' from command line to 'None'
[0.271s] Level 5:colcon.colcon_core.verb:set package 'lbot_demo' build argument 'cmake_target' from command line to 'None'
[0.271s] Level 5:colcon.colcon_core.verb:set package 'lbot_demo' build argument 'cmake_target_skip_unavailable' from command line to 'False'
[0.271s] Level 5:colcon.colcon_core.verb:set package 'lbot_demo' build argument 'cmake_clean_cache' from command line to 'False'
[0.271s] Level 5:colcon.colcon_core.verb:set package 'lbot_demo' build argument 'cmake_clean_first' from command line to 'False'
[0.271s] Level 5:colcon.colcon_core.verb:set package 'lbot_demo' build argument 'cmake_force_configure' from command line to 'False'
[0.271s] Level 5:colcon.colcon_core.verb:set package 'lbot_demo' build argument 'ament_cmake_args' from command line to 'None'
[0.271s] Level 5:colcon.colcon_core.verb:set package 'lbot_demo' build argument 'catkin_cmake_args' from command line to 'None'
[0.271s] Level 5:colcon.colcon_core.verb:set package 'lbot_demo' build argument 'catkin_skip_building_tests' from command line to 'False'
[0.271s] DEBUG:colcon.colcon_core.verb:Building package 'lbot_demo' with the following arguments: {'ament_cmake_args': None, 'build_base': '/home/ilex/Dev/VIST/src/robot/sdk/arm_teleop/build/lbot_demo', 'catkin_cmake_args': None, 'catkin_skip_building_tests': False, 'cmake_args': None, 'cmake_clean_cache': False, 'cmake_clean_first': False, 'cmake_force_configure': False, 'cmake_target': None, 'cmake_target_skip_unavailable': False, 'install_base': '/home/ilex/Dev/VIST/src/robot/sdk/arm_teleop/install/lbot_demo', 'merge_install': False, 'path': '/home/ilex/Dev/VIST/src/robot/sdk/arm_teleop/src/lbot_demo', 'symlink_install': True, 'test_result_base': None}
[0.271s] Level 5:colcon.colcon_core.verb:set package 'lbot_driver' build argument 'cmake_args' from command line to 'None'
[0.271s] Level 5:colcon.colcon_core.verb:set package 'lbot_driver' build argument 'cmake_target' from command line to 'None'
[0.271s] Level 5:colcon.colcon_core.verb:set package 'lbot_driver' build argument 'cmake_target_skip_unavailable' from command line to 'False'
[0.271s] Level 5:colcon.colcon_core.verb:set package 'lbot_driver' build argument 'cmake_clean_cache' from command line to 'False'
[0.271s] Level 5:colcon.colcon_core.verb:set package 'lbot_driver' build argument 'cmake_clean_first' from command line to 'False'
[0.271s] Level 5:colcon.colcon_core.verb:set package 'lbot_driver' build argument 'cmake_force_configure' from command line to 'False'
[0.271s] Level 5:colcon.colcon_core.verb:set package 'lbot_driver' build argument 'ament_cmake_args' from command line to 'None'
[0.271s] Level 5:colcon.colcon_core.verb:set package 'lbot_driver' build argument 'catkin_cmake_args' from command line to 'None'
[0.271s] Level 5:colcon.colcon_core.verb:set package 'lbot_driver' build argument 'catkin_skip_building_tests' from command line to 'False'
[0.271s] DEBUG:colcon.colcon_core.verb:Building package 'lbot_driver' with the following arguments: {'ament_cmake_args': None, 'build_base': '/home/ilex/Dev/VIST/src/robot/sdk/arm_teleop/build/lbot_driver', 'catkin_cmake_args': None, 'catkin_skip_building_tests': False, 'cmake_args': None, 'cmake_clean_cache': False, 'cmake_clean_first': False, 'cmake_force_configure': False, 'cmake_target': None, 'cmake_target_skip_unavailable': False, 'install_base': '/home/ilex/Dev/VIST/src/robot/sdk/arm_teleop/install/lbot_driver', 'merge_install': False, 'path': '/home/ilex/Dev/VIST/src/robot/sdk/arm_teleop/src/lbot_driver', 'symlink_install': True, 'test_result_base': None}
[0.271s] Level 5:colcon.colcon_core.verb:set package 'lbot_teleop' build argument 'cmake_args' from command line to 'None'
[0.271s] Level 5:colcon.colcon_core.verb:set package 'lbot_teleop' build argument 'cmake_target' from command line to 'None'
[0.272s] Level 5:colcon.colcon_core.verb:set package 'lbot_teleop' build argument 'cmake_target_skip_unavailable' from command line to 'False'
[0.272s] Level 5:colcon.colcon_core.verb:set package 'lbot_teleop' build argument 'cmake_clean_cache' from command line to 'False'
[0.272s] Level 5:colcon.colcon_core.verb:set package 'lbot_teleop' build argument 'cmake_clean_first' from command line to 'False'
[0.272s] Level 5:colcon.colcon_core.verb:set package 'lbot_teleop' build argument 'cmake_force_configure' from command line to 'False'
[0.272s] Level 5:colcon.colcon_core.verb:set package 'lbot_teleop' build argument 'ament_cmake_args' from command line to 'None'
[0.272s] Level 5:colcon.colcon_core.verb:set package 'lbot_teleop' build argument 'catkin_cmake_args' from command line to 'None'
[0.272s] Level 5:colcon.colcon_core.verb:set package 'lbot_teleop' build argument 'catkin_skip_building_tests' from command line to 'False'
[0.272s] DEBUG:colcon.colcon_core.verb:Building package 'lbot_teleop' with the following arguments: {'ament_cmake_args': None, 'build_base': '/home/ilex/Dev/VIST/src/robot/sdk/arm_teleop/build/lbot_teleop', 'catkin_cmake_args': None, 'catkin_skip_building_tests': False, 'cmake_args': None, 'cmake_clean_cache': False, 'cmake_clean_first': False, 'cmake_force_configure': False, 'cmake_target': None, 'cmake_target_skip_unavailable': False, 'install_base': '/home/ilex/Dev/VIST/src/robot/sdk/arm_teleop/install/lbot_teleop', 'merge_install': False, 'path': '/home/ilex/Dev/VIST/src/robot/sdk/arm_teleop/src/lbot_teleop', 'symlink_install': True, 'test_result_base': None}
[0.272s] INFO:colcon.colcon_core.executor:Executing jobs using 'parallel' executor
[0.273s] DEBUG:colcon.colcon_parallel_executor.executor.parallel:run_until_complete
[0.274s] INFO:colcon.colcon_ros.task.ament_cmake.build:Building ROS package in '/home/ilex/Dev/VIST/src/robot/sdk/arm_teleop/src/lbot_arm_interfaces' with build type 'ament_cmake'
[0.274s] INFO:colcon.colcon_cmake.task.cmake.build:Building CMake package in '/home/ilex/Dev/VIST/src/robot/sdk/arm_teleop/src/lbot_arm_interfaces'
[0.276s] INFO:colcon.colcon_core.plugin_system:Skipping extension 'colcon_core.shell.bat': Not used on non-Windows systems
[0.276s] INFO:colcon.colcon_core.shell:Skip shell extension 'powershell' for command environment: Not usable outside of PowerShell
[0.276s] DEBUG:colcon.colcon_core.shell:Skip shell extension 'dsv' for command environment
[0.279s] INFO:colcon.colcon_ros.task.ament_cmake.build:Building ROS package in '/home/ilex/Dev/VIST/src/robot/sdk/arm_teleop/src/linkerta' with build type 'ament_cmake'
[0.279s] INFO:colcon.colcon_cmake.task.cmake.build:Building CMake package in '/home/ilex/Dev/VIST/src/robot/sdk/arm_teleop/src/linkerta'
[0.279s] INFO:colcon.colcon_core.shell:Skip shell extension 'powershell' for command environment: Not usable outside of PowerShell
[0.279s] DEBUG:colcon.colcon_core.shell:Skip shell extension 'dsv' for command environment
[0.290s] DEBUG:colcon.colcon_core.event_handler.log_command:Invoking command in '/home/ilex/Dev/VIST/src/robot/sdk/arm_teleop/build/lbot_arm_interfaces': CMAKE_PREFIX_PATH=/opt/ros/humble CONDA_PROMPT_MODIFIER=(robot_env) /usr/bin/cmake --build /home/ilex/Dev/VIST/src/robot/sdk/arm_teleop/build/lbot_arm_interfaces -- -j16 -l16
[0.297s] DEBUG:colcon.colcon_core.event_handler.log_command:Invoking command in '/home/ilex/Dev/VIST/src/robot/sdk/arm_teleop/build/linkerta': CMAKE_PREFIX_PATH=/opt/ros/humble CONDA_PROMPT_MODIFIER=(robot_env) /usr/bin/cmake --build /home/ilex/Dev/VIST/src/robot/sdk/arm_teleop/build/linkerta -- -j16 -l16
[0.382s] DEBUG:colcon.colcon_core.event_handler.log_command:Invoked command in '/home/ilex/Dev/VIST/src/robot/sdk/arm_teleop/build/linkerta' returned '0': CMAKE_PREFIX_PATH=/opt/ros/humble CONDA_PROMPT_MODIFIER=(robot_env) /usr/bin/cmake --build /home/ilex/Dev/VIST/src/robot/sdk/arm_teleop/build/linkerta -- -j16 -l16
[0.396s] DEBUG:colcon.colcon_core.event_handler.log_command:Invoking command in '/home/ilex/Dev/VIST/src/robot/sdk/arm_teleop/build/linkerta': CMAKE_PREFIX_PATH=/opt/ros/humble CONDA_PROMPT_MODIFIER=(robot_env) /usr/bin/cmake --install /home/ilex/Dev/VIST/src/robot/sdk/arm_teleop/build/linkerta
[0.422s] Level 1:colcon.colcon_core.environment:create_environment_scripts_only(linkerta)
[0.423s] DEBUG:colcon.colcon_core.event_handler.log_command:Invoked command in '/home/ilex/Dev/VIST/src/robot/sdk/arm_teleop/build/linkerta' returned '0': CMAKE_PREFIX_PATH=/opt/ros/humble CONDA_PROMPT_MODIFIER=(robot_env) /usr/bin/cmake --install /home/ilex/Dev/VIST/src/robot/sdk/arm_teleop/build/linkerta
[0.426s] Level 1:colcon.colcon_core.environment:checking '/home/ilex/Dev/VIST/src/robot/sdk/arm_teleop/install/linkerta' for CMake module files
[0.426s] Level 1:colcon.colcon_core.environment:checking '/home/ilex/Dev/VIST/src/robot/sdk/arm_teleop/install/linkerta' for CMake config files
[0.426s] Level 1:colcon.colcon_core.shell:create_environment_hook('linkerta', 'cmake_prefix_path')
[0.427s] INFO:colcon.colcon_core.shell:Creating environment hook '/home/ilex/Dev/VIST/src/robot/sdk/arm_teleop/install/linkerta/share/linkerta/hook/cmake_prefix_path.ps1'
[0.428s] INFO:colcon.colcon_core.shell:Creating environment descriptor '/home/ilex/Dev/VIST/src/robot/sdk/arm_teleop/install/linkerta/share/linkerta/hook/cmake_prefix_path.dsv'
[0.428s] INFO:colcon.colcon_core.shell:Creating environment hook '/home/ilex/Dev/VIST/src/robot/sdk/arm_teleop/install/linkerta/share/linkerta/hook/cmake_prefix_path.sh'
[0.429s] Level 1:colcon.colcon_core.environment:checking '/home/ilex/Dev/VIST/src/robot/sdk/arm_teleop/install/linkerta/lib'
[0.429s] Level 1:colcon.colcon_core.environment:checking '/home/ilex/Dev/VIST/src/robot/sdk/arm_teleop/install/linkerta/bin'
[0.429s] Level 1:colcon.colcon_core.environment:checking '/home/ilex/Dev/VIST/src/robot/sdk/arm_teleop/install/linkerta/lib/pkgconfig/linkerta.pc'
[0.430s] Level 1:colcon.colcon_core.environment:checking '/home/ilex/Dev/VIST/src/robot/sdk/arm_teleop/install/linkerta/lib/python3.10/site-packages'
[0.430s] Level 1:colcon.colcon_core.environment:checking '/home/ilex/Dev/VIST/src/robot/sdk/arm_teleop/install/linkerta/bin'
[0.431s] INFO:colcon.colcon_core.shell:Creating package script '/home/ilex/Dev/VIST/src/robot/sdk/arm_teleop/install/linkerta/share/linkerta/package.ps1'
[0.432s] INFO:colcon.colcon_core.shell:Creating package descriptor '/home/ilex/Dev/VIST/src/robot/sdk/arm_teleop/install/linkerta/share/linkerta/package.dsv'
[0.432s] INFO:colcon.colcon_core.shell:Creating package script '/home/ilex/Dev/VIST/src/robot/sdk/arm_teleop/install/linkerta/share/linkerta/package.sh'
[0.433s] INFO:colcon.colcon_core.shell:Creating package script '/home/ilex/Dev/VIST/src/robot/sdk/arm_teleop/install/linkerta/share/linkerta/package.bash'
[0.434s] INFO:colcon.colcon_core.shell:Creating package script '/home/ilex/Dev/VIST/src/robot/sdk/arm_teleop/install/linkerta/share/linkerta/package.zsh'
[0.435s] Level 1:colcon.colcon_core.environment:create_file_with_runtime_dependencies(/home/ilex/Dev/VIST/src/robot/sdk/arm_teleop/install/linkerta/share/colcon-core/packages/linkerta)
[0.436s] Level 1:colcon.colcon_core.environment:create_environment_scripts_only(linkerta)
[0.437s] Level 1:colcon.colcon_core.environment:checking '/home/ilex/Dev/VIST/src/robot/sdk/arm_teleop/install/linkerta' for CMake module files
[0.437s] Level 1:colcon.colcon_core.environment:checking '/home/ilex/Dev/VIST/src/robot/sdk/arm_teleop/install/linkerta' for CMake config files
[0.437s] Level 1:colcon.colcon_core.shell:create_environment_hook('linkerta', 'cmake_prefix_path')
[0.437s] INFO:colcon.colcon_core.shell:Creating environment hook '/home/ilex/Dev/VIST/src/robot/sdk/arm_teleop/install/linkerta/share/linkerta/hook/cmake_prefix_path.ps1'
[0.438s] INFO:colcon.colcon_core.shell:Creating environment descriptor '/home/ilex/Dev/VIST/src/robot/sdk/arm_teleop/install/linkerta/share/linkerta/hook/cmake_prefix_path.dsv'
[0.438s] INFO:colcon.colcon_core.shell:Creating environment hook '/home/ilex/Dev/VIST/src/robot/sdk/arm_teleop/install/linkerta/share/linkerta/hook/cmake_prefix_path.sh'
[0.439s] Level 1:colcon.colcon_core.environment:checking '/home/ilex/Dev/VIST/src/robot/sdk/arm_teleop/install/linkerta/lib'
[0.439s] Level 1:colcon.colcon_core.environment:checking '/home/ilex/Dev/VIST/src/robot/sdk/arm_teleop/install/linkerta/bin'
[0.439s] Level 1:colcon.colcon_core.environment:checking '/home/ilex/Dev/VIST/src/robot/sdk/arm_teleop/install/linkerta/lib/pkgconfig/linkerta.pc'
[0.439s] Level 1:colcon.colcon_core.environment:checking '/home/ilex/Dev/VIST/src/robot/sdk/arm_teleop/install/linkerta/lib/python3.10/site-packages'
[0.440s] Level 1:colcon.colcon_core.environment:checking '/home/ilex/Dev/VIST/src/robot/sdk/arm_teleop/install/linkerta/bin'
[0.440s] INFO:colcon.colcon_core.shell:Creating package script '/home/ilex/Dev/VIST/src/robot/sdk/arm_teleop/install/linkerta/share/linkerta/package.ps1'
[0.440s] INFO:colcon.colcon_core.shell:Creating package descriptor '/home/ilex/Dev/VIST/src/robot/sdk/arm_teleop/install/linkerta/share/linkerta/package.dsv'
[0.441s] INFO:colcon.colcon_core.shell:Creating package script '/home/ilex/Dev/VIST/src/robot/sdk/arm_teleop/install/linkerta/share/linkerta/package.sh'
[0.441s] INFO:colcon.colcon_core.shell:Creating package script '/home/ilex/Dev/VIST/src/robot/sdk/arm_teleop/install/linkerta/share/linkerta/package.bash'
[0.441s] INFO:colcon.colcon_core.shell:Creating package script '/home/ilex/Dev/VIST/src/robot/sdk/arm_teleop/install/linkerta/share/linkerta/package.zsh'
[0.442s] Level 1:colcon.colcon_core.environment:create_file_with_runtime_dependencies(/home/ilex/Dev/VIST/src/robot/sdk/arm_teleop/install/linkerta/share/colcon-core/packages/linkerta)
[0.673s] DEBUG:colcon.colcon_core.event_handler.log_command:Invoked command in '/home/ilex/Dev/VIST/src/robot/sdk/arm_teleop/build/lbot_arm_interfaces' returned '0': CMAKE_PREFIX_PATH=/opt/ros/humble CONDA_PROMPT_MODIFIER=(robot_env) /usr/bin/cmake --build /home/ilex/Dev/VIST/src/robot/sdk/arm_teleop/build/lbot_arm_interfaces -- -j16 -l16
[0.676s] DEBUG:colcon.colcon_core.event_handler.log_command:Invoking command in '/home/ilex/Dev/VIST/src/robot/sdk/arm_teleop/build/lbot_arm_interfaces': CMAKE_PREFIX_PATH=/opt/ros/humble CONDA_PROMPT_MODIFIER=(robot_env) /usr/bin/cmake --install /home/ilex/Dev/VIST/src/robot/sdk/arm_teleop/build/lbot_arm_interfaces
[0.812s] Level 1:colcon.colcon_core.environment:create_environment_scripts_only(lbot_arm_interfaces)
[0.813s] Level 1:colcon.colcon_core.environment:checking '/home/ilex/Dev/VIST/src/robot/sdk/arm_teleop/install/lbot_arm_interfaces' for CMake module files
[0.814s] DEBUG:colcon.colcon_core.event_handler.log_command:Invoked command in '/home/ilex/Dev/VIST/src/robot/sdk/arm_teleop/build/lbot_arm_interfaces' returned '0': CMAKE_PREFIX_PATH=/opt/ros/humble CONDA_PROMPT_MODIFIER=(robot_env) /usr/bin/cmake --install /home/ilex/Dev/VIST/src/robot/sdk/arm_teleop/build/lbot_arm_interfaces
[0.815s] Level 1:colcon.colcon_core.environment:checking '/home/ilex/Dev/VIST/src/robot/sdk/arm_teleop/install/lbot_arm_interfaces' for CMake config files
[0.819s] Level 1:colcon.colcon_core.shell:create_environment_hook('lbot_arm_interfaces', 'cmake_prefix_path')
[0.820s] INFO:colcon.colcon_core.shell:Creating environment hook '/home/ilex/Dev/VIST/src/robot/sdk/arm_teleop/install/lbot_arm_interfaces/share/lbot_arm_interfaces/hook/cmake_prefix_path.ps1'
[0.821s] INFO:colcon.colcon_core.shell:Creating environment descriptor '/home/ilex/Dev/VIST/src/robot/sdk/arm_teleop/install/lbot_arm_interfaces/share/lbot_arm_interfaces/hook/cmake_prefix_path.dsv'
[0.822s] INFO:colcon.colcon_core.shell:Creating environment hook '/home/ilex/Dev/VIST/src/robot/sdk/arm_teleop/install/lbot_arm_interfaces/share/lbot_arm_interfaces/hook/cmake_prefix_path.sh'
[0.823s] Level 1:colcon.colcon_core.environment:checking '/home/ilex/Dev/VIST/src/robot/sdk/arm_teleop/install/lbot_arm_interfaces/lib'
[0.823s] Level 1:colcon.colcon_core.shell:create_environment_hook('lbot_arm_interfaces', 'ld_library_path_lib')
[0.823s] INFO:colcon.colcon_core.shell:Creating environment hook '/home/ilex/Dev/VIST/src/robot/sdk/arm_teleop/install/lbot_arm_interfaces/share/lbot_arm_interfaces/hook/ld_library_path_lib.ps1'
[0.824s] INFO:colcon.colcon_core.shell:Creating environment descriptor '/home/ilex/Dev/VIST/src/robot/sdk/arm_teleop/install/lbot_arm_interfaces/share/lbot_arm_interfaces/hook/ld_library_path_lib.dsv'
[0.824s] INFO:colcon.colcon_core.shell:Creating environment hook '/home/ilex/Dev/VIST/src/robot/sdk/arm_teleop/install/lbot_arm_interfaces/share/lbot_arm_interfaces/hook/ld_library_path_lib.sh'
[0.825s] Level 1:colcon.colcon_core.environment:checking '/home/ilex/Dev/VIST/src/robot/sdk/arm_teleop/install/lbot_arm_interfaces/bin'
[0.825s] Level 1:colcon.colcon_core.environment:checking '/home/ilex/Dev/VIST/src/robot/sdk/arm_teleop/install/lbot_arm_interfaces/lib/pkgconfig/lbot_arm_interfaces.pc'
[0.825s] Level 1:colcon.colcon_core.environment:checking '/home/ilex/Dev/VIST/src/robot/sdk/arm_teleop/install/lbot_arm_interfaces/lib/python3.10/site-packages'
[0.825s] Level 1:colcon.colcon_core.shell:create_environment_hook('lbot_arm_interfaces', 'pythonpath')
[0.826s] INFO:colcon.colcon_core.shell:Creating environment hook '/home/ilex/Dev/VIST/src/robot/sdk/arm_teleop/install/lbot_arm_interfaces/share/lbot_arm_interfaces/hook/pythonpath.ps1'
[0.827s] INFO:colcon.colcon_core.shell:Creating environment descriptor '/home/ilex/Dev/VIST/src/robot/sdk/arm_teleop/install/lbot_arm_interfaces/share/lbot_arm_interfaces/hook/pythonpath.dsv'
[0.827s] INFO:colcon.colcon_core.shell:Creating environment hook '/home/ilex/Dev/VIST/src/robot/sdk/arm_teleop/install/lbot_arm_interfaces/share/lbot_arm_interfaces/hook/pythonpath.sh'
[0.828s] Level 1:colcon.colcon_core.environment:checking '/home/ilex/Dev/VIST/src/robot/sdk/arm_teleop/install/lbot_arm_interfaces/bin'
[0.829s] INFO:colcon.colcon_core.shell:Creating package script '/home/ilex/Dev/VIST/src/robot/sdk/arm_teleop/install/lbot_arm_interfaces/share/lbot_arm_interfaces/package.ps1'
[0.830s] INFO:colcon.colcon_core.shell:Creating package descriptor '/home/ilex/Dev/VIST/src/robot/sdk/arm_teleop/install/lbot_arm_interfaces/share/lbot_arm_interfaces/package.dsv'
[0.831s] INFO:colcon.colcon_core.shell:Creating package script '/home/ilex/Dev/VIST/src/robot/sdk/arm_teleop/install/lbot_arm_interfaces/share/lbot_arm_interfaces/package.sh'
[0.832s] INFO:colcon.colcon_core.shell:Creating package script '/home/ilex/Dev/VIST/src/robot/sdk/arm_teleop/install/lbot_arm_interfaces/share/lbot_arm_interfaces/package.bash'
[0.832s] INFO:colcon.colcon_core.shell:Creating package script '/home/ilex/Dev/VIST/src/robot/sdk/arm_teleop/install/lbot_arm_interfaces/share/lbot_arm_interfaces/package.zsh'
[0.833s] Level 1:colcon.colcon_core.environment:create_file_with_runtime_dependencies(/home/ilex/Dev/VIST/src/robot/sdk/arm_teleop/install/lbot_arm_interfaces/share/colcon-core/packages/lbot_arm_interfaces)
[0.834s] Level 1:colcon.colcon_core.environment:create_environment_scripts_only(lbot_arm_interfaces)
[0.834s] Level 1:colcon.colcon_core.environment:checking '/home/ilex/Dev/VIST/src/robot/sdk/arm_teleop/install/lbot_arm_interfaces' for CMake module files
[0.835s] Level 1:colcon.colcon_core.environment:checking '/home/ilex/Dev/VIST/src/robot/sdk/arm_teleop/install/lbot_arm_interfaces' for CMake config files
[0.838s] Level 1:colcon.colcon_core.shell:create_environment_hook('lbot_arm_interfaces', 'cmake_prefix_path')
[0.838s] INFO:colcon.colcon_core.shell:Creating environment hook '/home/ilex/Dev/VIST/src/robot/sdk/arm_teleop/install/lbot_arm_interfaces/share/lbot_arm_interfaces/hook/cmake_prefix_path.ps1'
[0.839s] INFO:colcon.colcon_core.shell:Creating environment descriptor '/home/ilex/Dev/VIST/src/robot/sdk/arm_teleop/install/lbot_arm_interfaces/share/lbot_arm_interfaces/hook/cmake_prefix_path.dsv'
[0.839s] INFO:colcon.colcon_core.shell:Creating environment hook '/home/ilex/Dev/VIST/src/robot/sdk/arm_teleop/install/lbot_arm_interfaces/share/lbot_arm_interfaces/hook/cmake_prefix_path.sh'
[0.840s] Level 1:colcon.colcon_core.environment:checking '/home/ilex/Dev/VIST/src/robot/sdk/arm_teleop/install/lbot_arm_interfaces/lib'
[0.840s] Level 1:colcon.colcon_core.shell:create_environment_hook('lbot_arm_interfaces', 'ld_library_path_lib')
[0.840s] INFO:colcon.colcon_core.shell:Creating environment hook '/home/ilex/Dev/VIST/src/robot/sdk/arm_teleop/install/lbot_arm_interfaces/share/lbot_arm_interfaces/hook/ld_library_path_lib.ps1'
[0.841s] INFO:colcon.colcon_core.shell:Creating environment descriptor '/home/ilex/Dev/VIST/src/robot/sdk/arm_teleop/install/lbot_arm_interfaces/share/lbot_arm_interfaces/hook/ld_library_path_lib.dsv'
[0.841s] INFO:colcon.colcon_core.shell:Creating environment hook '/home/ilex/Dev/VIST/src/robot/sdk/arm_teleop/install/lbot_arm_interfaces/share/lbot_arm_interfaces/hook/ld_library_path_lib.sh'
[0.841s] Level 1:colcon.colcon_core.environment:checking '/home/ilex/Dev/VIST/src/robot/sdk/arm_teleop/install/lbot_arm_interfaces/bin'
[0.841s] Level 1:colcon.colcon_core.environment:checking '/home/ilex/Dev/VIST/src/robot/sdk/arm_teleop/install/lbot_arm_interfaces/lib/pkgconfig/lbot_arm_interfaces.pc'
[0.842s] Level 1:colcon.colcon_core.environment:checking '/home/ilex/Dev/VIST/src/robot/sdk/arm_teleop/install/lbot_arm_interfaces/lib/python3.10/site-packages'
[0.842s] Level 1:colcon.colcon_core.shell:create_environment_hook('lbot_arm_interfaces', 'pythonpath')
[0.842s] INFO:colcon.colcon_core.shell:Creating environment hook '/home/ilex/Dev/VIST/src/robot/sdk/arm_teleop/install/lbot_arm_interfaces/share/lbot_arm_interfaces/hook/pythonpath.ps1'
[0.843s] INFO:colcon.colcon_core.shell:Creating environment descriptor '/home/ilex/Dev/VIST/src/robot/sdk/arm_teleop/install/lbot_arm_interfaces/share/lbot_arm_interfaces/hook/pythonpath.dsv'
[0.844s] INFO:colcon.colcon_core.shell:Creating environment hook '/home/ilex/Dev/VIST/src/robot/sdk/arm_teleop/install/lbot_arm_interfaces/share/lbot_arm_interfaces/hook/pythonpath.sh'
[0.844s] Level 1:colcon.colcon_core.environment:checking '/home/ilex/Dev/VIST/src/robot/sdk/arm_teleop/install/lbot_arm_interfaces/bin'
[0.845s] INFO:colcon.colcon_core.shell:Creating package script '/home/ilex/Dev/VIST/src/robot/sdk/arm_teleop/install/lbot_arm_interfaces/share/lbot_arm_interfaces/package.ps1'
[0.845s] INFO:colcon.colcon_core.shell:Creating package descriptor '/home/ilex/Dev/VIST/src/robot/sdk/arm_teleop/install/lbot_arm_interfaces/share/lbot_arm_interfaces/package.dsv'
[0.846s] INFO:colcon.colcon_core.shell:Creating package script '/home/ilex/Dev/VIST/src/robot/sdk/arm_teleop/install/lbot_arm_interfaces/share/lbot_arm_interfaces/package.sh'
[0.846s] INFO:colcon.colcon_core.shell:Creating package script '/home/ilex/Dev/VIST/src/robot/sdk/arm_teleop/install/lbot_arm_interfaces/share/lbot_arm_interfaces/package.bash'
[0.847s] INFO:colcon.colcon_core.shell:Creating package script '/home/ilex/Dev/VIST/src/robot/sdk/arm_teleop/install/lbot_arm_interfaces/share/lbot_arm_interfaces/package.zsh'
[0.847s] Level 1:colcon.colcon_core.environment:create_file_with_runtime_dependencies(/home/ilex/Dev/VIST/src/robot/sdk/arm_teleop/install/lbot_arm_interfaces/share/colcon-core/packages/lbot_arm_interfaces)
[0.848s] INFO:colcon.colcon_ros.task.ament_cmake.build:Building ROS package in '/home/ilex/Dev/VIST/src/robot/sdk/arm_teleop/src/lbot_demo' with build type 'ament_cmake'
[0.848s] INFO:colcon.colcon_cmake.task.cmake.build:Building CMake package in '/home/ilex/Dev/VIST/src/robot/sdk/arm_teleop/src/lbot_demo'
[0.848s] INFO:colcon.colcon_core.shell:Skip shell extension 'powershell' for command environment: Not usable outside of PowerShell
[0.849s] DEBUG:colcon.colcon_core.shell:Skip shell extension 'dsv' for command environment
[0.852s] INFO:colcon.colcon_ros.task.ament_cmake.build:Building ROS package in '/home/ilex/Dev/VIST/src/robot/sdk/arm_teleop/src/lbot_driver' with build type 'ament_cmake'
[0.852s] INFO:colcon.colcon_cmake.task.cmake.build:Building CMake package in '/home/ilex/Dev/VIST/src/robot/sdk/arm_teleop/src/lbot_driver'
[0.853s] INFO:colcon.colcon_core.shell:Skip shell extension 'powershell' for command environment: Not usable outside of PowerShell
[0.853s] DEBUG:colcon.colcon_core.shell:Skip shell extension 'dsv' for command environment
[0.855s] INFO:colcon.colcon_ros.task.ament_cmake.build:Building ROS package in '/home/ilex/Dev/VIST/src/robot/sdk/arm_teleop/src/lbot_teleop' with build type 'ament_cmake'
[0.856s] INFO:colcon.colcon_cmake.task.cmake.build:Building CMake package in '/home/ilex/Dev/VIST/src/robot/sdk/arm_teleop/src/lbot_teleop'
[0.856s] INFO:colcon.colcon_core.shell:Skip shell extension 'powershell' for command environment: Not usable outside of PowerShell
[0.856s] DEBUG:colcon.colcon_core.shell:Skip shell extension 'dsv' for command environment
[0.863s] DEBUG:colcon.colcon_core.event_handler.log_command:Invoking command in '/home/ilex/Dev/VIST/src/robot/sdk/arm_teleop/build/lbot_demo': AMENT_PREFIX_PATH=/home/ilex/Dev/VIST/src/robot/sdk/arm_teleop/install/lbot_arm_interfaces:${AMENT_PREFIX_PATH} CMAKE_PREFIX_PATH=/home/ilex/Dev/VIST/src/robot/sdk/arm_teleop/install/lbot_arm_interfaces:/opt/ros/humble CONDA_PROMPT_MODIFIER=(robot_env) LD_LIBRARY_PATH=/home/ilex/Dev/VIST/src/robot/sdk/arm_teleop/install/lbot_arm_interfaces/lib:${LD_LIBRARY_PATH} PYTHONPATH=/home/ilex/Dev/VIST/src/robot/sdk/arm_teleop/install/lbot_arm_interfaces/lib/python3.10/site-packages:${PYTHONPATH} /usr/bin/cmake --build /home/ilex/Dev/VIST/src/robot/sdk/arm_teleop/build/lbot_demo -- -j16 -l16
[0.867s] DEBUG:colcon.colcon_core.event_handler.log_command:Invoking command in '/home/ilex/Dev/VIST/src/robot/sdk/arm_teleop/build/lbot_driver': AMENT_PREFIX_PATH=/home/ilex/Dev/VIST/src/robot/sdk/arm_teleop/install/lbot_arm_interfaces:${AMENT_PREFIX_PATH} CMAKE_PREFIX_PATH=/home/ilex/Dev/VIST/src/robot/sdk/arm_teleop/install/lbot_arm_interfaces:/opt/ros/humble CONDA_PROMPT_MODIFIER=(robot_env) LD_LIBRARY_PATH=/home/ilex/Dev/VIST/src/robot/sdk/arm_teleop/install/lbot_arm_interfaces/lib:${LD_LIBRARY_PATH} PYTHONPATH=/home/ilex/Dev/VIST/src/robot/sdk/arm_teleop/install/lbot_arm_interfaces/lib/python3.10/site-packages:${PYTHONPATH} /usr/bin/cmake --build /home/ilex/Dev/VIST/src/robot/sdk/arm_teleop/build/lbot_driver -- -j16 -l16
[0.870s] DEBUG:colcon.colcon_core.event_handler.log_command:Invoking command in '/home/ilex/Dev/VIST/src/robot/sdk/arm_teleop/build/lbot_teleop': AMENT_PREFIX_PATH=/home/ilex/Dev/VIST/src/robot/sdk/arm_teleop/install/lbot_arm_interfaces:${AMENT_PREFIX_PATH} CMAKE_PREFIX_PATH=/home/ilex/Dev/VIST/src/robot/sdk/arm_teleop/install/lbot_arm_interfaces:/opt/ros/humble CONDA_PROMPT_MODIFIER=(robot_env) LD_LIBRARY_PATH=/home/ilex/Dev/VIST/src/robot/sdk/arm_teleop/install/lbot_arm_interfaces/lib:${LD_LIBRARY_PATH} PYTHONPATH=/home/ilex/Dev/VIST/src/robot/sdk/arm_teleop/install/lbot_arm_interfaces/lib/python3.10/site-packages:${PYTHONPATH} /usr/bin/cmake --build /home/ilex/Dev/VIST/src/robot/sdk/arm_teleop/build/lbot_teleop -- -j16 -l16
[0.966s] DEBUG:colcon.colcon_core.event_handler.log_command:Invoked command in '/home/ilex/Dev/VIST/src/robot/sdk/arm_teleop/build/lbot_teleop' returned '0': AMENT_PREFIX_PATH=/home/ilex/Dev/VIST/src/robot/sdk/arm_teleop/install/lbot_arm_interfaces:${AMENT_PREFIX_PATH} CMAKE_PREFIX_PATH=/home/ilex/Dev/VIST/src/robot/sdk/arm_teleop/install/lbot_arm_interfaces:/opt/ros/humble CONDA_PROMPT_MODIFIER=(robot_env) LD_LIBRARY_PATH=/home/ilex/Dev/VIST/src/robot/sdk/arm_teleop/install/lbot_arm_interfaces/lib:${LD_LIBRARY_PATH} PYTHONPATH=/home/ilex/Dev/VIST/src/robot/sdk/arm_teleop/install/lbot_arm_interfaces/lib/python3.10/site-packages:${PYTHONPATH} /usr/bin/cmake --build /home/ilex/Dev/VIST/src/robot/sdk/arm_teleop/build/lbot_teleop -- -j16 -l16
[0.969s] DEBUG:colcon.colcon_core.event_handler.log_command:Invoking command in '/home/ilex/Dev/VIST/src/robot/sdk/arm_teleop/build/lbot_teleop': AMENT_PREFIX_PATH=/home/ilex/Dev/VIST/src/robot/sdk/arm_teleop/install/lbot_arm_interfaces:${AMENT_PREFIX_PATH} CMAKE_PREFIX_PATH=/home/ilex/Dev/VIST/src/robot/sdk/arm_teleop/install/lbot_arm_interfaces:/opt/ros/humble CONDA_PROMPT_MODIFIER=(robot_env) LD_LIBRARY_PATH=/home/ilex/Dev/VIST/src/robot/sdk/arm_teleop/install/lbot_arm_interfaces/lib:${LD_LIBRARY_PATH} PYTHONPATH=/home/ilex/Dev/VIST/src/robot/sdk/arm_teleop/install/lbot_arm_interfaces/lib/python3.10/site-packages:${PYTHONPATH} /usr/bin/cmake --install /home/ilex/Dev/VIST/src/robot/sdk/arm_teleop/build/lbot_teleop
[0.972s] DEBUG:colcon.colcon_core.event_handler.log_command:Invoked command in '/home/ilex/Dev/VIST/src/robot/sdk/arm_teleop/build/lbot_demo' returned '0': AMENT_PREFIX_PATH=/home/ilex/Dev/VIST/src/robot/sdk/arm_teleop/install/lbot_arm_interfaces:${AMENT_PREFIX_PATH} CMAKE_PREFIX_PATH=/home/ilex/Dev/VIST/src/robot/sdk/arm_teleop/install/lbot_arm_interfaces:/opt/ros/humble CONDA_PROMPT_MODIFIER=(robot_env) LD_LIBRARY_PATH=/home/ilex/Dev/VIST/src/robot/sdk/arm_teleop/install/lbot_arm_interfaces/lib:${LD_LIBRARY_PATH} PYTHONPATH=/home/ilex/Dev/VIST/src/robot/sdk/arm_teleop/install/lbot_arm_interfaces/lib/python3.10/site-packages:${PYTHONPATH} /usr/bin/cmake --build /home/ilex/Dev/VIST/src/robot/sdk/arm_teleop/build/lbot_demo -- -j16 -l16
[0.974s] DEBUG:colcon.colcon_core.event_handler.log_command:Invoking command in '/home/ilex/Dev/VIST/src/robot/sdk/arm_teleop/build/lbot_demo': AMENT_PREFIX_PATH=/home/ilex/Dev/VIST/src/robot/sdk/arm_teleop/install/lbot_arm_interfaces:${AMENT_PREFIX_PATH} CMAKE_PREFIX_PATH=/home/ilex/Dev/VIST/src/robot/sdk/arm_teleop/install/lbot_arm_interfaces:/opt/ros/humble CONDA_PROMPT_MODIFIER=(robot_env) LD_LIBRARY_PATH=/home/ilex/Dev/VIST/src/robot/sdk/arm_teleop/install/lbot_arm_interfaces/lib:${LD_LIBRARY_PATH} PYTHONPATH=/home/ilex/Dev/VIST/src/robot/sdk/arm_teleop/install/lbot_arm_interfaces/lib/python3.10/site-packages:${PYTHONPATH} /usr/bin/cmake --install /home/ilex/Dev/VIST/src/robot/sdk/arm_teleop/build/lbot_demo
[1.003s] Level 1:colcon.colcon_core.environment:create_environment_scripts_only(lbot_demo)
[1.003s] Level 1:colcon.colcon_core.environment:checking '/home/ilex/Dev/VIST/src/robot/sdk/arm_teleop/install/lbot_demo' for CMake module files
[1.004s] DEBUG:colcon.colcon_core.event_handler.log_command:Invoked command in '/home/ilex/Dev/VIST/src/robot/sdk/arm_teleop/build/lbot_demo' returned '0': AMENT_PREFIX_PATH=/home/ilex/Dev/VIST/src/robot/sdk/arm_teleop/install/lbot_arm_interfaces:${AMENT_PREFIX_PATH} CMAKE_PREFIX_PATH=/home/ilex/Dev/VIST/src/robot/sdk/arm_teleop/install/lbot_arm_interfaces:/opt/ros/humble CONDA_PROMPT_MODIFIER=(robot_env) LD_LIBRARY_PATH=/home/ilex/Dev/VIST/src/robot/sdk/arm_teleop/install/lbot_arm_interfaces/lib:${LD_LIBRARY_PATH} PYTHONPATH=/home/ilex/Dev/VIST/src/robot/sdk/arm_teleop/install/lbot_arm_interfaces/lib/python3.10/site-packages:${PYTHONPATH} /usr/bin/cmake --install /home/ilex/Dev/VIST/src/robot/sdk/arm_teleop/build/lbot_demo
[1.005s] Level 1:colcon.colcon_core.environment:checking '/home/ilex/Dev/VIST/src/robot/sdk/arm_teleop/install/lbot_demo' for CMake config files
[1.006s] Level 1:colcon.colcon_core.shell:create_environment_hook('lbot_demo', 'cmake_prefix_path')
[1.006s] INFO:colcon.colcon_core.shell:Creating environment hook '/home/ilex/Dev/VIST/src/robot/sdk/arm_teleop/install/lbot_demo/share/lbot_demo/hook/cmake_prefix_path.ps1'
[1.007s] INFO:colcon.colcon_core.shell:Creating environment descriptor '/home/ilex/Dev/VIST/src/robot/sdk/arm_teleop/install/lbot_demo/share/lbot_demo/hook/cmake_prefix_path.dsv'
[1.008s] INFO:colcon.colcon_core.shell:Creating environment hook '/home/ilex/Dev/VIST/src/robot/sdk/arm_teleop/install/lbot_demo/share/lbot_demo/hook/cmake_prefix_path.sh'
[1.009s] Level 1:colcon.colcon_core.environment:checking '/home/ilex/Dev/VIST/src/robot/sdk/arm_teleop/install/lbot_demo/lib'
[1.009s] Level 1:colcon.colcon_core.environment:checking '/home/ilex/Dev/VIST/src/robot/sdk/arm_teleop/install/lbot_demo/bin'
[1.009s] Level 1:colcon.colcon_core.environment:checking '/home/ilex/Dev/VIST/src/robot/sdk/arm_teleop/install/lbot_demo/lib/pkgconfig/lbot_demo.pc'
[1.010s] Level 1:colcon.colcon_core.environment:checking '/home/ilex/Dev/VIST/src/robot/sdk/arm_teleop/install/lbot_demo/lib/python3.10/site-packages'
[1.010s] Level 1:colcon.colcon_core.environment:checking '/home/ilex/Dev/VIST/src/robot/sdk/arm_teleop/install/lbot_demo/bin'
[1.010s] INFO:colcon.colcon_core.shell:Creating package script '/home/ilex/Dev/VIST/src/robot/sdk/arm_teleop/install/lbot_demo/share/lbot_demo/package.ps1'
[1.011s] INFO:colcon.colcon_core.shell:Creating package descriptor '/home/ilex/Dev/VIST/src/robot/sdk/arm_teleop/install/lbot_demo/share/lbot_demo/package.dsv'
[1.011s] INFO:colcon.colcon_core.shell:Creating package script '/home/ilex/Dev/VIST/src/robot/sdk/arm_teleop/install/lbot_demo/share/lbot_demo/package.sh'
[1.011s] INFO:colcon.colcon_core.shell:Creating package script '/home/ilex/Dev/VIST/src/robot/sdk/arm_teleop/install/lbot_demo/share/lbot_demo/package.bash'
[1.012s] INFO:colcon.colcon_core.shell:Creating package script '/home/ilex/Dev/VIST/src/robot/sdk/arm_teleop/install/lbot_demo/share/lbot_demo/package.zsh'
[1.012s] Level 1:colcon.colcon_core.environment:create_file_with_runtime_dependencies(/home/ilex/Dev/VIST/src/robot/sdk/arm_teleop/install/lbot_demo/share/colcon-core/packages/lbot_demo)
[1.012s] Level 1:colcon.colcon_core.environment:create_environment_scripts_only(lbot_demo)
[1.013s] Level 1:colcon.colcon_core.environment:checking '/home/ilex/Dev/VIST/src/robot/sdk/arm_teleop/install/lbot_demo' for CMake module files
[1.013s] Level 1:colcon.colcon_core.environment:checking '/home/ilex/Dev/VIST/src/robot/sdk/arm_teleop/install/lbot_demo' for CMake config files
[1.013s] Level 1:colcon.colcon_core.shell:create_environment_hook('lbot_demo', 'cmake_prefix_path')
[1.014s] INFO:colcon.colcon_core.shell:Creating environment hook '/home/ilex/Dev/VIST/src/robot/sdk/arm_teleop/install/lbot_demo/share/lbot_demo/hook/cmake_prefix_path.ps1'
[1.014s] INFO:colcon.colcon_core.shell:Creating environment descriptor '/home/ilex/Dev/VIST/src/robot/sdk/arm_teleop/install/lbot_demo/share/lbot_demo/hook/cmake_prefix_path.dsv'
[1.014s] INFO:colcon.colcon_core.shell:Creating environment hook '/home/ilex/Dev/VIST/src/robot/sdk/arm_teleop/install/lbot_demo/share/lbot_demo/hook/cmake_prefix_path.sh'
[1.015s] Level 1:colcon.colcon_core.environment:checking '/home/ilex/Dev/VIST/src/robot/sdk/arm_teleop/install/lbot_demo/lib'
[1.015s] Level 1:colcon.colcon_core.environment:checking '/home/ilex/Dev/VIST/src/robot/sdk/arm_teleop/install/lbot_demo/bin'
[1.015s] Level 1:colcon.colcon_core.environment:checking '/home/ilex/Dev/VIST/src/robot/sdk/arm_teleop/install/lbot_demo/lib/pkgconfig/lbot_demo.pc'
[1.015s] Level 1:colcon.colcon_core.environment:checking '/home/ilex/Dev/VIST/src/robot/sdk/arm_teleop/install/lbot_demo/lib/python3.10/site-packages'
[1.015s] Level 1:colcon.colcon_core.environment:checking '/home/ilex/Dev/VIST/src/robot/sdk/arm_teleop/install/lbot_demo/bin'
[1.015s] INFO:colcon.colcon_core.shell:Creating package script '/home/ilex/Dev/VIST/src/robot/sdk/arm_teleop/install/lbot_demo/share/lbot_demo/package.ps1'
[1.016s] INFO:colcon.colcon_core.shell:Creating package descriptor '/home/ilex/Dev/VIST/src/robot/sdk/arm_teleop/install/lbot_demo/share/lbot_demo/package.dsv'
[1.017s] INFO:colcon.colcon_core.shell:Creating package script '/home/ilex/Dev/VIST/src/robot/sdk/arm_teleop/install/lbot_demo/share/lbot_demo/package.sh'
[1.017s] INFO:colcon.colcon_core.shell:Creating package script '/home/ilex/Dev/VIST/src/robot/sdk/arm_teleop/install/lbot_demo/share/lbot_demo/package.bash'
[1.017s] INFO:colcon.colcon_core.shell:Creating package script '/home/ilex/Dev/VIST/src/robot/sdk/arm_teleop/install/lbot_demo/share/lbot_demo/package.zsh'
[1.018s] Level 1:colcon.colcon_core.environment:create_file_with_runtime_dependencies(/home/ilex/Dev/VIST/src/robot/sdk/arm_teleop/install/lbot_demo/share/colcon-core/packages/lbot_demo)
[1.019s] Level 1:colcon.colcon_core.environment:create_environment_scripts_only(lbot_teleop)
[1.019s] Level 1:colcon.colcon_core.environment:checking '/home/ilex/Dev/VIST/src/robot/sdk/arm_teleop/install/lbot_teleop' for CMake module files
[1.020s] DEBUG:colcon.colcon_core.event_handler.log_command:Invoked command in '/home/ilex/Dev/VIST/src/robot/sdk/arm_teleop/build/lbot_teleop' returned '0': AMENT_PREFIX_PATH=/home/ilex/Dev/VIST/src/robot/sdk/arm_teleop/install/lbot_arm_interfaces:${AMENT_PREFIX_PATH} CMAKE_PREFIX_PATH=/home/ilex/Dev/VIST/src/robot/sdk/arm_teleop/install/lbot_arm_interfaces:/opt/ros/humble CONDA_PROMPT_MODIFIER=(robot_env) LD_LIBRARY_PATH=/home/ilex/Dev/VIST/src/robot/sdk/arm_teleop/install/lbot_arm_interfaces/lib:${LD_LIBRARY_PATH} PYTHONPATH=/home/ilex/Dev/VIST/src/robot/sdk/arm_teleop/install/lbot_arm_interfaces/lib/python3.10/site-packages:${PYTHONPATH} /usr/bin/cmake --install /home/ilex/Dev/VIST/src/robot/sdk/arm_teleop/build/lbot_teleop
[1.021s] Level 1:colcon.colcon_core.environment:checking '/home/ilex/Dev/VIST/src/robot/sdk/arm_teleop/install/lbot_teleop' for CMake config files
[1.021s] Level 1:colcon.colcon_core.shell:create_environment_hook('lbot_teleop', 'cmake_prefix_path')
[1.022s] INFO:colcon.colcon_core.shell:Creating environment hook '/home/ilex/Dev/VIST/src/robot/sdk/arm_teleop/install/lbot_teleop/share/lbot_teleop/hook/cmake_prefix_path.ps1'
[1.022s] INFO:colcon.colcon_core.shell:Creating environment descriptor '/home/ilex/Dev/VIST/src/robot/sdk/arm_teleop/install/lbot_teleop/share/lbot_teleop/hook/cmake_prefix_path.dsv'
[1.023s] INFO:colcon.colcon_core.shell:Creating environment hook '/home/ilex/Dev/VIST/src/robot/sdk/arm_teleop/install/lbot_teleop/share/lbot_teleop/hook/cmake_prefix_path.sh'
[1.023s] Level 1:colcon.colcon_core.environment:checking '/home/ilex/Dev/VIST/src/robot/sdk/arm_teleop/install/lbot_teleop/lib'
[1.023s] Level 1:colcon.colcon_core.environment:checking '/home/ilex/Dev/VIST/src/robot/sdk/arm_teleop/install/lbot_teleop/bin'
[1.023s] Level 1:colcon.colcon_core.environment:checking '/home/ilex/Dev/VIST/src/robot/sdk/arm_teleop/install/lbot_teleop/lib/pkgconfig/lbot_teleop.pc'
[1.024s] Level 1:colcon.colcon_core.environment:checking '/home/ilex/Dev/VIST/src/robot/sdk/arm_teleop/install/lbot_teleop/lib/python3.10/site-packages'
[1.024s] Level 1:colcon.colcon_core.environment:checking '/home/ilex/Dev/VIST/src/robot/sdk/arm_teleop/install/lbot_teleop/bin'
[1.024s] INFO:colcon.colcon_core.shell:Creating package script '/home/ilex/Dev/VIST/src/robot/sdk/arm_teleop/install/lbot_teleop/share/lbot_teleop/package.ps1'
[1.024s] INFO:colcon.colcon_core.shell:Creating package descriptor '/home/ilex/Dev/VIST/src/robot/sdk/arm_teleop/install/lbot_teleop/share/lbot_teleop/package.dsv'
[1.025s] INFO:colcon.colcon_core.shell:Creating package script '/home/ilex/Dev/VIST/src/robot/sdk/arm_teleop/install/lbot_teleop/share/lbot_teleop/package.sh'
[1.025s] INFO:colcon.colcon_core.shell:Creating package script '/home/ilex/Dev/VIST/src/robot/sdk/arm_teleop/install/lbot_teleop/share/lbot_teleop/package.bash'
[1.026s] INFO:colcon.colcon_core.shell:Creating package script '/home/ilex/Dev/VIST/src/robot/sdk/arm_teleop/install/lbot_teleop/share/lbot_teleop/package.zsh'
[1.026s] Level 1:colcon.colcon_core.environment:create_file_with_runtime_dependencies(/home/ilex/Dev/VIST/src/robot/sdk/arm_teleop/install/lbot_teleop/share/colcon-core/packages/lbot_teleop)
[1.027s] Level 1:colcon.colcon_core.environment:create_environment_scripts_only(lbot_teleop)
[1.027s] Level 1:colcon.colcon_core.environment:checking '/home/ilex/Dev/VIST/src/robot/sdk/arm_teleop/install/lbot_teleop' for CMake module files
[1.027s] Level 1:colcon.colcon_core.environment:checking '/home/ilex/Dev/VIST/src/robot/sdk/arm_teleop/install/lbot_teleop' for CMake config files
[1.028s] Level 1:colcon.colcon_core.shell:create_environment_hook('lbot_teleop', 'cmake_prefix_path')
[1.028s] INFO:colcon.colcon_core.shell:Creating environment hook '/home/ilex/Dev/VIST/src/robot/sdk/arm_teleop/install/lbot_teleop/share/lbot_teleop/hook/cmake_prefix_path.ps1'
[1.028s] INFO:colcon.colcon_core.shell:Creating environment descriptor '/home/ilex/Dev/VIST/src/robot/sdk/arm_teleop/install/lbot_teleop/share/lbot_teleop/hook/cmake_prefix_path.dsv'
[1.029s] INFO:colcon.colcon_core.shell:Creating environment hook '/home/ilex/Dev/VIST/src/robot/sdk/arm_teleop/install/lbot_teleop/share/lbot_teleop/hook/cmake_prefix_path.sh'
[1.029s] Level 1:colcon.colcon_core.environment:checking '/home/ilex/Dev/VIST/src/robot/sdk/arm_teleop/install/lbot_teleop/lib'
[1.029s] Level 1:colcon.colcon_core.environment:checking '/home/ilex/Dev/VIST/src/robot/sdk/arm_teleop/install/lbot_teleop/bin'
[1.029s] Level 1:colcon.colcon_core.environment:checking '/home/ilex/Dev/VIST/src/robot/sdk/arm_teleop/install/lbot_teleop/lib/pkgconfig/lbot_teleop.pc'
[1.030s] Level 1:colcon.colcon_core.environment:checking '/home/ilex/Dev/VIST/src/robot/sdk/arm_teleop/install/lbot_teleop/lib/python3.10/site-packages'
[1.030s] Level 1:colcon.colcon_core.environment:checking '/home/ilex/Dev/VIST/src/robot/sdk/arm_teleop/install/lbot_teleop/bin'
[1.030s] INFO:colcon.colcon_core.shell:Creating package script '/home/ilex/Dev/VIST/src/robot/sdk/arm_teleop/install/lbot_teleop/share/lbot_teleop/package.ps1'
[1.031s] INFO:colcon.colcon_core.shell:Creating package descriptor '/home/ilex/Dev/VIST/src/robot/sdk/arm_teleop/install/lbot_teleop/share/lbot_teleop/package.dsv'
[1.031s] INFO:colcon.colcon_core.shell:Creating package script '/home/ilex/Dev/VIST/src/robot/sdk/arm_teleop/install/lbot_teleop/share/lbot_teleop/package.sh'
[1.032s] INFO:colcon.colcon_core.shell:Creating package script '/home/ilex/Dev/VIST/src/robot/sdk/arm_teleop/install/lbot_teleop/share/lbot_teleop/package.bash'
[1.032s] INFO:colcon.colcon_core.shell:Creating package script '/home/ilex/Dev/VIST/src/robot/sdk/arm_teleop/install/lbot_teleop/share/lbot_teleop/package.zsh'
[1.032s] Level 1:colcon.colcon_core.environment:create_file_with_runtime_dependencies(/home/ilex/Dev/VIST/src/robot/sdk/arm_teleop/install/lbot_teleop/share/colcon-core/packages/lbot_teleop)
[18.832s] DEBUG:colcon.colcon_core.event_handler.log_command:Invoked command in '/home/ilex/Dev/VIST/src/robot/sdk/arm_teleop/build/lbot_driver' returned '0': AMENT_PREFIX_PATH=/home/ilex/Dev/VIST/src/robot/sdk/arm_teleop/install/lbot_arm_interfaces:${AMENT_PREFIX_PATH} CMAKE_PREFIX_PATH=/home/ilex/Dev/VIST/src/robot/sdk/arm_teleop/install/lbot_arm_interfaces:/opt/ros/humble CONDA_PROMPT_MODIFIER=(robot_env) LD_LIBRARY_PATH=/home/ilex/Dev/VIST/src/robot/sdk/arm_teleop/install/lbot_arm_interfaces/lib:${LD_LIBRARY_PATH} PYTHONPATH=/home/ilex/Dev/VIST/src/robot/sdk/arm_teleop/install/lbot_arm_interfaces/lib/python3.10/site-packages:${PYTHONPATH} /usr/bin/cmake --build /home/ilex/Dev/VIST/src/robot/sdk/arm_teleop/build/lbot_driver -- -j16 -l16
[18.833s] DEBUG:colcon.colcon_core.event_handler.log_command:Invoking command in '/home/ilex/Dev/VIST/src/robot/sdk/arm_teleop/build/lbot_driver': AMENT_PREFIX_PATH=/home/ilex/Dev/VIST/src/robot/sdk/arm_teleop/install/lbot_arm_interfaces:${AMENT_PREFIX_PATH} CMAKE_PREFIX_PATH=/home/ilex/Dev/VIST/src/robot/sdk/arm_teleop/install/lbot_arm_interfaces:/opt/ros/humble CONDA_PROMPT_MODIFIER=(robot_env) LD_LIBRARY_PATH=/home/ilex/Dev/VIST/src/robot/sdk/arm_teleop/install/lbot_arm_interfaces/lib:${LD_LIBRARY_PATH} PYTHONPATH=/home/ilex/Dev/VIST/src/robot/sdk/arm_teleop/install/lbot_arm_interfaces/lib/python3.10/site-packages:${PYTHONPATH} /usr/bin/cmake --install /home/ilex/Dev/VIST/src/robot/sdk/arm_teleop/build/lbot_driver
[19.174s] Level 1:colcon.colcon_core.environment:create_environment_scripts_only(lbot_driver)
[19.175s] Level 1:colcon.colcon_core.environment:checking '/home/ilex/Dev/VIST/src/robot/sdk/arm_teleop/install/lbot_driver' for CMake module files
[19.176s] DEBUG:colcon.colcon_core.event_handler.log_command:Invoked command in '/home/ilex/Dev/VIST/src/robot/sdk/arm_teleop/build/lbot_driver' returned '0': AMENT_PREFIX_PATH=/home/ilex/Dev/VIST/src/robot/sdk/arm_teleop/install/lbot_arm_interfaces:${AMENT_PREFIX_PATH} CMAKE_PREFIX_PATH=/home/ilex/Dev/VIST/src/robot/sdk/arm_teleop/install/lbot_arm_interfaces:/opt/ros/humble CONDA_PROMPT_MODIFIER=(robot_env) LD_LIBRARY_PATH=/home/ilex/Dev/VIST/src/robot/sdk/arm_teleop/install/lbot_arm_interfaces/lib:${LD_LIBRARY_PATH} PYTHONPATH=/home/ilex/Dev/VIST/src/robot/sdk/arm_teleop/install/lbot_arm_interfaces/lib/python3.10/site-packages:${PYTHONPATH} /usr/bin/cmake --install /home/ilex/Dev/VIST/src/robot/sdk/arm_teleop/build/lbot_driver
[19.176s] Level 1:colcon.colcon_core.environment:checking '/home/ilex/Dev/VIST/src/robot/sdk/arm_teleop/install/lbot_driver' for CMake config files
[19.177s] Level 1:colcon.colcon_core.shell:create_environment_hook('lbot_driver', 'cmake_prefix_path')
[19.177s] INFO:colcon.colcon_core.shell:Creating environment hook '/home/ilex/Dev/VIST/src/robot/sdk/arm_teleop/install/lbot_driver/share/lbot_driver/hook/cmake_prefix_path.ps1'
[19.178s] INFO:colcon.colcon_core.shell:Creating environment descriptor '/home/ilex/Dev/VIST/src/robot/sdk/arm_teleop/install/lbot_driver/share/lbot_driver/hook/cmake_prefix_path.dsv'
[19.178s] INFO:colcon.colcon_core.shell:Creating environment hook '/home/ilex/Dev/VIST/src/robot/sdk/arm_teleop/install/lbot_driver/share/lbot_driver/hook/cmake_prefix_path.sh'
[19.179s] Level 1:colcon.colcon_core.environment:checking '/home/ilex/Dev/VIST/src/robot/sdk/arm_teleop/install/lbot_driver/lib'
[19.179s] Level 1:colcon.colcon_core.shell:create_environment_hook('lbot_driver', 'ld_library_path_lib')
[19.179s] INFO:colcon.colcon_core.shell:Creating environment hook '/home/ilex/Dev/VIST/src/robot/sdk/arm_teleop/install/lbot_driver/share/lbot_driver/hook/ld_library_path_lib.ps1'
[19.180s] INFO:colcon.colcon_core.shell:Creating environment descriptor '/home/ilex/Dev/VIST/src/robot/sdk/arm_teleop/install/lbot_driver/share/lbot_driver/hook/ld_library_path_lib.dsv'
[19.180s] INFO:colcon.colcon_core.shell:Creating environment hook '/home/ilex/Dev/VIST/src/robot/sdk/arm_teleop/install/lbot_driver/share/lbot_driver/hook/ld_library_path_lib.sh'
[19.181s] Level 1:colcon.colcon_core.environment:checking '/home/ilex/Dev/VIST/src/robot/sdk/arm_teleop/install/lbot_driver/bin'
[19.181s] Level 1:colcon.colcon_core.environment:checking '/home/ilex/Dev/VIST/src/robot/sdk/arm_teleop/install/lbot_driver/lib/pkgconfig/lbot_driver.pc'
[19.181s] Level 1:colcon.colcon_core.environment:checking '/home/ilex/Dev/VIST/src/robot/sdk/arm_teleop/install/lbot_driver/lib/python3.10/site-packages'
[19.181s] Level 1:colcon.colcon_core.environment:checking '/home/ilex/Dev/VIST/src/robot/sdk/arm_teleop/install/lbot_driver/bin'
[19.182s] INFO:colcon.colcon_core.shell:Creating package script '/home/ilex/Dev/VIST/src/robot/sdk/arm_teleop/install/lbot_driver/share/lbot_driver/package.ps1'
[19.182s] INFO:colcon.colcon_core.shell:Creating package descriptor '/home/ilex/Dev/VIST/src/robot/sdk/arm_teleop/install/lbot_driver/share/lbot_driver/package.dsv'
[19.183s] INFO:colcon.colcon_core.shell:Creating package script '/home/ilex/Dev/VIST/src/robot/sdk/arm_teleop/install/lbot_driver/share/lbot_driver/package.sh'
[19.183s] INFO:colcon.colcon_core.shell:Creating package script '/home/ilex/Dev/VIST/src/robot/sdk/arm_teleop/install/lbot_driver/share/lbot_driver/package.bash'
[19.183s] INFO:colcon.colcon_core.shell:Creating package script '/home/ilex/Dev/VIST/src/robot/sdk/arm_teleop/install/lbot_driver/share/lbot_driver/package.zsh'
[19.184s] Level 1:colcon.colcon_core.environment:create_file_with_runtime_dependencies(/home/ilex/Dev/VIST/src/robot/sdk/arm_teleop/install/lbot_driver/share/colcon-core/packages/lbot_driver)
[19.184s] Level 1:colcon.colcon_core.environment:create_environment_scripts_only(lbot_driver)
[19.184s] Level 1:colcon.colcon_core.environment:checking '/home/ilex/Dev/VIST/src/robot/sdk/arm_teleop/install/lbot_driver' for CMake module files
[19.184s] Level 1:colcon.colcon_core.environment:checking '/home/ilex/Dev/VIST/src/robot/sdk/arm_teleop/install/lbot_driver' for CMake config files
[19.185s] Level 1:colcon.colcon_core.shell:create_environment_hook('lbot_driver', 'cmake_prefix_path')
[19.185s] INFO:colcon.colcon_core.shell:Creating environment hook '/home/ilex/Dev/VIST/src/robot/sdk/arm_teleop/install/lbot_driver/share/lbot_driver/hook/cmake_prefix_path.ps1'
[19.185s] INFO:colcon.colcon_core.shell:Creating environment descriptor '/home/ilex/Dev/VIST/src/robot/sdk/arm_teleop/install/lbot_driver/share/lbot_driver/hook/cmake_prefix_path.dsv'
[19.185s] INFO:colcon.colcon_core.shell:Creating environment hook '/home/ilex/Dev/VIST/src/robot/sdk/arm_teleop/install/lbot_driver/share/lbot_driver/hook/cmake_prefix_path.sh'
[19.186s] Level 1:colcon.colcon_core.environment:checking '/home/ilex/Dev/VIST/src/robot/sdk/arm_teleop/install/lbot_driver/lib'
[19.186s] Level 1:colcon.colcon_core.shell:create_environment_hook('lbot_driver', 'ld_library_path_lib')
[19.186s] INFO:colcon.colcon_core.shell:Creating environment hook '/home/ilex/Dev/VIST/src/robot/sdk/arm_teleop/install/lbot_driver/share/lbot_driver/hook/ld_library_path_lib.ps1'
[19.186s] INFO:colcon.colcon_core.shell:Creating environment descriptor '/home/ilex/Dev/VIST/src/robot/sdk/arm_teleop/install/lbot_driver/share/lbot_driver/hook/ld_library_path_lib.dsv'
[19.186s] INFO:colcon.colcon_core.shell:Creating environment hook '/home/ilex/Dev/VIST/src/robot/sdk/arm_teleop/install/lbot_driver/share/lbot_driver/hook/ld_library_path_lib.sh'
[19.187s] Level 1:colcon.colcon_core.environment:checking '/home/ilex/Dev/VIST/src/robot/sdk/arm_teleop/install/lbot_driver/bin'
[19.187s] Level 1:colcon.colcon_core.environment:checking '/home/ilex/Dev/VIST/src/robot/sdk/arm_teleop/install/lbot_driver/lib/pkgconfig/lbot_driver.pc'
[19.187s] Level 1:colcon.colcon_core.environment:checking '/home/ilex/Dev/VIST/src/robot/sdk/arm_teleop/install/lbot_driver/lib/python3.10/site-packages'
[19.187s] Level 1:colcon.colcon_core.environment:checking '/home/ilex/Dev/VIST/src/robot/sdk/arm_teleop/install/lbot_driver/bin'
[19.187s] INFO:colcon.colcon_core.shell:Creating package script '/home/ilex/Dev/VIST/src/robot/sdk/arm_teleop/install/lbot_driver/share/lbot_driver/package.ps1'
[19.188s] INFO:colcon.colcon_core.shell:Creating package descriptor '/home/ilex/Dev/VIST/src/robot/sdk/arm_teleop/install/lbot_driver/share/lbot_driver/package.dsv'
[19.188s] INFO:colcon.colcon_core.shell:Creating package script '/home/ilex/Dev/VIST/src/robot/sdk/arm_teleop/install/lbot_driver/share/lbot_driver/package.sh'
[19.189s] INFO:colcon.colcon_core.shell:Creating package script '/home/ilex/Dev/VIST/src/robot/sdk/arm_teleop/install/lbot_driver/share/lbot_driver/package.bash'
[19.189s] INFO:colcon.colcon_core.shell:Creating package script '/home/ilex/Dev/VIST/src/robot/sdk/arm_teleop/install/lbot_driver/share/lbot_driver/package.zsh'
[19.189s] Level 1:colcon.colcon_core.environment:create_file_with_runtime_dependencies(/home/ilex/Dev/VIST/src/robot/sdk/arm_teleop/install/lbot_driver/share/colcon-core/packages/lbot_driver)
[19.189s] DEBUG:colcon.colcon_parallel_executor.executor.parallel:closing loop
[19.189s] DEBUG:colcon.colcon_parallel_executor.executor.parallel:loop closed
[19.190s] DEBUG:colcon.colcon_parallel_executor.executor.parallel:run_until_complete finished with '0'
[19.190s] DEBUG:colcon.colcon_core.event_reactor:joining thread
[19.195s] INFO:colcon.colcon_core.plugin_system:Skipping extension 'colcon_notification.desktop_notification.terminal_notifier': Not used on non-Darwin systems
[19.195s] INFO:colcon.colcon_core.plugin_system:Skipping extension 'colcon_notification.desktop_notification.win32': Not used on non-Windows systems
[19.195s] INFO:colcon.colcon_notification.desktop_notification:Sending desktop notification using 'notify2'
[19.211s] DEBUG:colcon.colcon_core.event_reactor:joined thread
[19.211s] INFO:colcon.colcon_core.shell:Creating prefix script '/home/ilex/Dev/VIST/src/robot/sdk/arm_teleop/install/local_setup.ps1'
[19.213s] INFO:colcon.colcon_core.shell:Creating prefix util module '/home/ilex/Dev/VIST/src/robot/sdk/arm_teleop/install/_local_setup_util_ps1.py'
[19.214s] INFO:colcon.colcon_core.shell:Creating prefix chain script '/home/ilex/Dev/VIST/src/robot/sdk/arm_teleop/install/setup.ps1'
[19.215s] INFO:colcon.colcon_core.shell:Creating prefix script '/home/ilex/Dev/VIST/src/robot/sdk/arm_teleop/install/local_setup.sh'
[19.216s] INFO:colcon.colcon_core.shell:Creating prefix util module '/home/ilex/Dev/VIST/src/robot/sdk/arm_teleop/install/_local_setup_util_sh.py'
[19.216s] INFO:colcon.colcon_core.shell:Creating prefix chain script '/home/ilex/Dev/VIST/src/robot/sdk/arm_teleop/install/setup.sh'
[19.217s] INFO:colcon.colcon_core.shell:Creating prefix script '/home/ilex/Dev/VIST/src/robot/sdk/arm_teleop/install/local_setup.bash'
[19.217s] INFO:colcon.colcon_core.shell:Creating prefix chain script '/home/ilex/Dev/VIST/src/robot/sdk/arm_teleop/install/setup.bash'
[19.218s] INFO:colcon.colcon_core.shell:Creating prefix script '/home/ilex/Dev/VIST/src/robot/sdk/arm_teleop/install/local_setup.zsh'
[19.218s] INFO:colcon.colcon_core.shell:Creating prefix chain script '/home/ilex/Dev/VIST/src/robot/sdk/arm_teleop/install/setup.zsh'
