-- Found ament_cmake: 1.3.12 (/opt/ros/humble/share/ament_cmake/cmake)
-- Override CMake install command with custom implementation using symlinks instead of copying resources
-- Found rclcpp: 16.0.17 (/opt/ros/humble/share/rclcpp/cmake)
-- Found rosidl_generator_c: 3.1.8 (/opt/ros/humble/share/rosidl_generator_c/cmake)
-- Found rosidl_adapter: 3.1.8 (/opt/ros/humble/share/rosidl_adapter/cmake)
-- Found rosidl_generator_cpp: 3.1.8 (/opt/ros/humble/share/rosidl_generator_cpp/cmake)
-- Using all available rosidl_typesupport_c: rosidl_typesupport_fastrtps_c;rosidl_typesupport_introspection_c
-- Using all available rosidl_typesupport_cpp: rosidl_typesupport_fastrtps_cpp;rosidl_typesupport_introspection_cpp
-- Found rmw_implementation_cmake: 6.1.2 (/opt/ros/humble/share/rmw_implementation_cmake/cmake)
-- Found rmw_fastrtps_cpp: 6.2.9 (/opt/ros/humble/share/rmw_fastrtps_cpp/cmake)
-- Using RMW implementation 'rmw_fastrtps_cpp' as default
-- Found sensor_msgs: 4.9.0 (/opt/ros/humble/share/sensor_msgs/cmake)
-- Configuring done
-- Generating done
-- Build files have been written to: /home/ilex/Dev/VIST/src/robot/sdk/arm_teleop/build/linkerta
[ 25%] Building CXX object CMakeFiles/linkerta_node.dir/src/LinkerArm.cpp.o
[ 75%] Building CXX object CMakeFiles/linkerta_node.dir/src/main_ros2.cpp.o
[ 75%] Building CXX object CMakeFiles/linkerta_node.dir/src/CanBus.cpp.o
[100%] Linking CXX executable linkerta_node
[100%] Built target linkerta_node
-- Install configuration: ""
-- Execute custom install script
-- Symlinking: /home/ilex/Dev/VIST/src/robot/sdk/arm_teleop/install/linkerta/lib/linkerta/linkerta_node
-- Symlinking: /home/ilex/Dev/VIST/src/robot/sdk/arm_teleop/install/linkerta/share/linkerta/launch/run.launch.py
-- Symlinking: /home/ilex/Dev/VIST/src/robot/sdk/arm_teleop/install/linkerta/share/linkerta/config/lta.yaml
-- Symlinking: /home/ilex/Dev/VIST/src/robot/sdk/arm_teleop/install/linkerta/share/ament_index/resource_index/package_run_dependencies/linkerta
-- Symlinking: /home/ilex/Dev/VIST/src/robot/sdk/arm_teleop/install/linkerta/share/ament_index/resource_index/parent_prefix_path/linkerta
-- Symlinking: /home/ilex/Dev/VIST/src/robot/sdk/arm_teleop/install/linkerta/share/linkerta/environment/ament_prefix_path.sh
-- Symlinking: /home/ilex/Dev/VIST/src/robot/sdk/arm_teleop/install/linkerta/share/linkerta/environment/ament_prefix_path.dsv
-- Symlinking: /home/ilex/Dev/VIST/src/robot/sdk/arm_teleop/install/linkerta/share/linkerta/environment/path.sh
-- Symlinking: /home/ilex/Dev/VIST/src/robot/sdk/arm_teleop/install/linkerta/share/linkerta/environment/path.dsv
-- Symlinking: /home/ilex/Dev/VIST/src/robot/sdk/arm_teleop/install/linkerta/share/linkerta/local_setup.bash
-- Symlinking: /home/ilex/Dev/VIST/src/robot/sdk/arm_teleop/install/linkerta/share/linkerta/local_setup.sh
-- Symlinking: /home/ilex/Dev/VIST/src/robot/sdk/arm_teleop/install/linkerta/share/linkerta/local_setup.zsh
-- Symlinking: /home/ilex/Dev/VIST/src/robot/sdk/arm_teleop/install/linkerta/share/linkerta/local_setup.dsv
-- Symlinking: /home/ilex/Dev/VIST/src/robot/sdk/arm_teleop/install/linkerta/share/linkerta/package.dsv
-- Symlinking: /home/ilex/Dev/VIST/src/robot/sdk/arm_teleop/install/linkerta/share/ament_index/resource_index/packages/linkerta
-- Symlinking: /home/ilex/Dev/VIST/src/robot/sdk/arm_teleop/install/linkerta/share/linkerta/cmake/linkertaConfig.cmake
-- Symlinking: /home/ilex/Dev/VIST/src/robot/sdk/arm_teleop/install/linkerta/share/linkerta/cmake/linkertaConfig-version.cmake
-- Symlinking: /home/ilex/Dev/VIST/src/robot/sdk/arm_teleop/install/linkerta/share/linkerta/package.xml
