[0.006s] Invoking command in '/home/ilex/Dev/VIST/src/robot/sdk/arm_teleop/build/linkerta': CMAKE_PREFIX_PATH=/opt/ros/humble CONDA_PROMPT_MODIFIER=(base) /usr/bin/cmake /home/ilex/Dev/VIST/src/robot/sdk/arm_teleop/src/linkerta -DAMENT_CMAKE_SYMLINK_INSTALL=1 -DCMAKE_INSTALL_PREFIX=/home/ilex/Dev/VIST/src/robot/sdk/arm_teleop/install/linkerta
[0.018s] -- Found ament_cmake: 1.3.12 (/opt/ros/humble/share/ament_cmake/cmake)
[0.117s] -- Override CMake install command with custom implementation using symlinks instead of copying resources
[0.123s] -- Found rclcpp: 16.0.17 (/opt/ros/humble/share/rclcpp/cmake)
[0.143s] -- Found rosidl_generator_c: 3.1.8 (/opt/ros/humble/share/rosidl_generator_c/cmake)
[0.145s] -- Found rosidl_adapter: 3.1.8 (/opt/ros/humble/share/rosidl_adapter/cmake)
[0.149s] -- Found rosidl_generator_cpp: 3.1.8 (/opt/ros/humble/share/rosidl_generator_cpp/cmake)
[0.156s] -- Using all available rosidl_typesupport_c: rosidl_typesupport_fastrtps_c;rosidl_typesupport_introspection_c
[0.167s] -- Using all available rosidl_typesupport_cpp: rosidl_typesupport_fastrtps_cpp;rosidl_typesupport_introspection_cpp
[0.192s] -- Found rmw_implementation_cmake: 6.1.2 (/opt/ros/humble/share/rmw_implementation_cmake/cmake)
[0.192s] -- Found rmw_fastrtps_cpp: 6.2.9 (/opt/ros/humble/share/rmw_fastrtps_cpp/cmake)
[0.245s] -- Using RMW implementation 'rmw_fastrtps_cpp' as default
[0.283s] -- Found sensor_msgs: 4.9.0 (/opt/ros/humble/share/sensor_msgs/cmake)
[0.402s] -- Configuring done
[0.409s] -- Generating done
[0.412s] -- Build files have been written to: /home/ilex/Dev/VIST/src/robot/sdk/arm_teleop/build/linkerta
[0.417s] Invoked command in '/home/ilex/Dev/VIST/src/robot/sdk/arm_teleop/build/linkerta' returned '0': CMAKE_PREFIX_PATH=/opt/ros/humble CONDA_PROMPT_MODIFIER=(base) /usr/bin/cmake /home/ilex/Dev/VIST/src/robot/sdk/arm_teleop/src/linkerta -DAMENT_CMAKE_SYMLINK_INSTALL=1 -DCMAKE_INSTALL_PREFIX=/home/ilex/Dev/VIST/src/robot/sdk/arm_teleop/install/linkerta
[0.419s] Invoking command in '/home/ilex/Dev/VIST/src/robot/sdk/arm_teleop/build/linkerta': CMAKE_PREFIX_PATH=/opt/ros/humble CONDA_PROMPT_MODIFIER=(base) /usr/bin/cmake --build /home/ilex/Dev/VIST/src/robot/sdk/arm_teleop/build/linkerta -- -j16 -l16
[0.467s] [ 25%] Building CXX object CMakeFiles/linkerta_node.dir/src/LinkerArm.cpp.o
[0.469s] [ 75%] Building CXX object CMakeFiles/linkerta_node.dir/src/main_ros2.cpp.o
[0.469s] [ 75%] Building CXX object CMakeFiles/linkerta_node.dir/src/CanBus.cpp.o
[4.887s] [100%] Linking CXX executable linkerta_node
[5.547s] [100%] Built target linkerta_node
[5.587s] Invoked command in '/home/ilex/Dev/VIST/src/robot/sdk/arm_teleop/build/linkerta' returned '0': CMAKE_PREFIX_PATH=/opt/ros/humble CONDA_PROMPT_MODIFIER=(base) /usr/bin/cmake --build /home/ilex/Dev/VIST/src/robot/sdk/arm_teleop/build/linkerta -- -j16 -l16
[5.613s] Invoking command in '/home/ilex/Dev/VIST/src/robot/sdk/arm_teleop/build/linkerta': CMAKE_PREFIX_PATH=/opt/ros/humble CONDA_PROMPT_MODIFIER=(base) /usr/bin/cmake --install /home/ilex/Dev/VIST/src/robot/sdk/arm_teleop/build/linkerta
[5.629s] -- Install configuration: ""
[5.629s] -- Execute custom install script
[5.630s] -- Symlinking: /home/ilex/Dev/VIST/src/robot/sdk/arm_teleop/install/linkerta/lib/linkerta/linkerta_node
[5.642s] -- Symlinking: /home/ilex/Dev/VIST/src/robot/sdk/arm_teleop/install/linkerta/share/linkerta/launch/run.launch.py
[5.657s] -- Symlinking: /home/ilex/Dev/VIST/src/robot/sdk/arm_teleop/install/linkerta/share/linkerta/config/lta.yaml
[5.670s] -- Symlinking: /home/ilex/Dev/VIST/src/robot/sdk/arm_teleop/install/linkerta/share/ament_index/resource_index/package_run_dependencies/linkerta
[5.685s] -- Symlinking: /home/ilex/Dev/VIST/src/robot/sdk/arm_teleop/install/linkerta/share/ament_index/resource_index/parent_prefix_path/linkerta
[5.700s] -- Symlinking: /home/ilex/Dev/VIST/src/robot/sdk/arm_teleop/install/linkerta/share/linkerta/environment/ament_prefix_path.sh
[5.715s] -- Symlinking: /home/ilex/Dev/VIST/src/robot/sdk/arm_teleop/install/linkerta/share/linkerta/environment/ament_prefix_path.dsv
[5.736s] -- Symlinking: /home/ilex/Dev/VIST/src/robot/sdk/arm_teleop/install/linkerta/share/linkerta/environment/path.sh
[5.756s] -- Symlinking: /home/ilex/Dev/VIST/src/robot/sdk/arm_teleop/install/linkerta/share/linkerta/environment/path.dsv
[5.765s] -- Symlinking: /home/ilex/Dev/VIST/src/robot/sdk/arm_teleop/install/linkerta/share/linkerta/local_setup.bash
[5.781s] -- Symlinking: /home/ilex/Dev/VIST/src/robot/sdk/arm_teleop/install/linkerta/share/linkerta/local_setup.sh
[5.793s] -- Symlinking: /home/ilex/Dev/VIST/src/robot/sdk/arm_teleop/install/linkerta/share/linkerta/local_setup.zsh
[5.808s] -- Symlinking: /home/ilex/Dev/VIST/src/robot/sdk/arm_teleop/install/linkerta/share/linkerta/local_setup.dsv
[5.824s] -- Symlinking: /home/ilex/Dev/VIST/src/robot/sdk/arm_teleop/install/linkerta/share/linkerta/package.dsv
[5.858s] -- Symlinking: /home/ilex/Dev/VIST/src/robot/sdk/arm_teleop/install/linkerta/share/ament_index/resource_index/packages/linkerta
[5.880s] -- Symlinking: /home/ilex/Dev/VIST/src/robot/sdk/arm_teleop/install/linkerta/share/linkerta/cmake/linkertaConfig.cmake
[5.903s] -- Symlinking: /home/ilex/Dev/VIST/src/robot/sdk/arm_teleop/install/linkerta/share/linkerta/cmake/linkertaConfig-version.cmake
[5.916s] -- Symlinking: /home/ilex/Dev/VIST/src/robot/sdk/arm_teleop/install/linkerta/share/linkerta/package.xml
[5.936s] Invoked command in '/home/ilex/Dev/VIST/src/robot/sdk/arm_teleop/build/linkerta' returned '0': CMAKE_PREFIX_PATH=/opt/ros/humble CONDA_PROMPT_MODIFIER=(base) /usr/bin/cmake --install /home/ilex/Dev/VIST/src/robot/sdk/arm_teleop/build/linkerta
