CMake Warning at CMakeLists.txt:30 (add_executable):
  Cannot generate a safe runtime search path for target lbot_driver because
  files in some directories may conflict with libraries in implicit
  directories:

    runtime library [libpython3.10.so.1.0] in /usr/lib/x86_64-linux-gnu may be hidden by files in:
      /home/ilex/miniforge3/envs/robot_env/lib

  Some of these libraries may not be found correctly.


/home/ilex/Dev/VIST/src/robot/sdk/arm_teleop/src/lbot_driver/src/lbot_driver.cpp: In member function ‘void lbot_driver::LeftArmServiceNode::create_services()’:
/home/ilex/Dev/VIST/src/robot/sdk/arm_teleop/src/lbot_driver/src/lbot_driver.cpp:410:80: error: no matching function for call to ‘lbot_driver::LeftArmServiceNode::create_service<lbot_arm_interfaces::srv::MoveJ>(const char [20], std::_Bind_helper<false, void (lbot_driver::LeftArmServiceNode::*)(std::shared_ptr<lbot_arm_interfaces::srv::MoveJ_Request_<std::allocator<void> > >, std::shared_ptr<lbot_arm_interfaces::srv::MoveJ_Response_<std::allocator<void> > >), lbot_driver::LeftArmServiceNode*, const std::_Placeholder<1>&, const std::_Placeholder<2>&>::type, rclcpp::QoS&, rclcpp::CallbackGroup::SharedPtr&)’
  410 |     move_joint_service_ = this->create_service<lbot_arm_interfaces::srv::MoveJ>(
      |                           ~~~~~~~~~~~~~~~~~~~~~~~~~~~~~~~~~~~~~~~~~~~~~~~~~~~~~^
  411 |         "left_arm/move_joint",
      |         ~~~~~~~~~~~~~~~~~~~~~~                                                  
  412 |         std::bind(&LeftArmServiceNode::move_joint_callback, this, std::placeholders::_1, std::placeholders::_2),
      |         ~~~~~~~~~~~~~~~~~~~~~~~~~~~~~~~~~~~~~~~~~~~~~~~~~~~~~~~~~~~~~~~~~~~~~~~~~~~~~~~~~~~~~~~~~~~~~~~~~~~~~~~~
  413 |         service_qos, callback_group_);
      |         ~~~~~~~~~~~~~~~~~~~~~~~~~~~~~                                           
In file included from /opt/ros/humble/include/rclcpp/rclcpp/executors/single_threaded_executor.hpp:28,
                 from /opt/ros/humble/include/rclcpp/rclcpp/executors.hpp:22,
                 from /opt/ros/humble/include/rclcpp/rclcpp/rclcpp.hpp:155,
                 from /home/ilex/Dev/VIST/src/robot/sdk/arm_teleop/src/lbot_driver/include/lbot_driver/lbot_driver.h:19,
                 from /home/ilex/Dev/VIST/src/robot/sdk/arm_teleop/src/lbot_driver/src/lbot_driver.cpp:15:
/opt/ros/humble/include/rclcpp/rclcpp/node.hpp:267:3: note: candidate: ‘template<class ServiceT, class CallbackT> typename rclcpp::Service<ServiceT>::SharedPtr rclcpp::Node::create_service(const string&, CallbackT&&, const rmw_qos_profile_t&, rclcpp::CallbackGroup::SharedPtr)’
  267 |   create_service(
      |   ^~~~~~~~~~~~~~
/opt/ros/humble/include/rclcpp/rclcpp/node.hpp:267:3: note:   template argument deduction/substitution failed:
/home/ilex/Dev/VIST/src/robot/sdk/arm_teleop/src/lbot_driver/src/lbot_driver.cpp:413:9: note:   cannot convert ‘service_qos’ (type ‘rclcpp::QoS’) to type ‘const rmw_qos_profile_t&’ {aka ‘const rmw_qos_profile_s&’}
  413 |         service_qos, callback_group_);
      |         ^~~~~~~~~~~
/home/ilex/Dev/VIST/src/robot/sdk/arm_teleop/src/lbot_driver/src/lbot_driver.cpp:415:80: error: no matching function for call to ‘lbot_driver::LeftArmServiceNode::create_service<lbot_arm_interfaces::srv::MoveJP>(const char [19], std::_Bind_helper<false, void (lbot_driver::LeftArmServiceNode::*)(std::shared_ptr<lbot_arm_interfaces::srv::MoveJP_Request_<std::allocator<void> > >, std::shared_ptr<lbot_arm_interfaces::srv::MoveJP_Response_<std::allocator<void> > >), lbot_driver::LeftArmServiceNode*, const std::_Placeholder<1>&, const std::_Placeholder<2>&>::type, rclcpp::QoS&, rclcpp::CallbackGroup::SharedPtr&)’
  415 |     move_pose_service_ = this->create_service<lbot_arm_interfaces::srv::MoveJP>(
      |                          ~~~~~~~~~~~~~~~~~~~~~~~~~~~~~~~~~~~~~~~~~~~~~~~~~~~~~~^
  416 |         "left_arm/move_pose",
      |         ~~~~~~~~~~~~~~~~~~~~~                                                   
  417 |         std::bind(&LeftArmServiceNode::move_pose_callback, this, std::placeholders::_1, std::placeholders::_2),
      |         ~~~~~~~~~~~~~~~~~~~~~~~~~~~~~~~~~~~~~~~~~~~~~~~~~~~~~~~~~~~~~~~~~~~~~~~~~~~~~~~~~~~~~~~~~~~~~~~~~~~~~~~
  418 |         service_qos, callback_group_);
      |         ~~~~~~~~~~~~~~~~~~~~~~~~~~~~~                                           
In file included from /opt/ros/humble/include/rclcpp/rclcpp/executors/single_threaded_executor.hpp:28,
                 from /opt/ros/humble/include/rclcpp/rclcpp/executors.hpp:22,
                 from /opt/ros/humble/include/rclcpp/rclcpp/rclcpp.hpp:155,
                 from /home/ilex/Dev/VIST/src/robot/sdk/arm_teleop/src/lbot_driver/include/lbot_driver/lbot_driver.h:19,
                 from /home/ilex/Dev/VIST/src/robot/sdk/arm_teleop/src/lbot_driver/src/lbot_driver.cpp:15:
/opt/ros/humble/include/rclcpp/rclcpp/node.hpp:267:3: note: candidate: ‘template<class ServiceT, class CallbackT> typename rclcpp::Service<ServiceT>::SharedPtr rclcpp::Node::create_service(const string&, CallbackT&&, const rmw_qos_profile_t&, rclcpp::CallbackGroup::SharedPtr)’
  267 |   create_service(
      |   ^~~~~~~~~~~~~~
/opt/ros/humble/include/rclcpp/rclcpp/node.hpp:267:3: note:   template argument deduction/substitution failed:
/home/ilex/Dev/VIST/src/robot/sdk/arm_teleop/src/lbot_driver/src/lbot_driver.cpp:418:9: note:   cannot convert ‘service_qos’ (type ‘rclcpp::QoS’) to type ‘const rmw_qos_profile_t&’ {aka ‘const rmw_qos_profile_s&’}
  418 |         service_qos, callback_group_);
      |         ^~~~~~~~~~~
/home/ilex/Dev/VIST/src/robot/sdk/arm_teleop/src/lbot_driver/src/lbot_driver.cpp:420:81: error: no matching function for call to ‘lbot_driver::LeftArmServiceNode::create_service<lbot_arm_interfaces::srv::MoveL>(const char [21], std::_Bind_helper<false, void (lbot_driver::LeftArmServiceNode::*)(std::shared_ptr<lbot_arm_interfaces::srv::MoveL_Request_<std::allocator<void> > >, std::shared_ptr<lbot_arm_interfaces::srv::MoveL_Response_<std::allocator<void> > >), lbot_driver::LeftArmServiceNode*, const std::_Placeholder<1>&, const std::_Placeholder<2>&>::type, rclcpp::QoS&, rclcpp::CallbackGroup::SharedPtr&)’
  420 |     move_linear_service_ = this->create_service<lbot_arm_interfaces::srv::MoveL>(
      |                            ~~~~~~~~~~~~~~~~~~~~~~~~~~~~~~~~~~~~~~~~~~~~~~~~~~~~~^
  421 |         "left_arm/move_linear",
      |         ~~~~~~~~~~~~~~~~~~~~~~~                                                  
  422 |         std::bind(&LeftArmServiceNode::move_linear_callback, this, std::placeholders::_1, std::placeholders::_2),
      |         ~~~~~~~~~~~~~~~~~~~~~~~~~~~~~~~~~~~~~~~~~~~~~~~~~~~~~~~~~~~~~~~~~~~~~~~~~~~~~~~~~~~~~~~~~~~~~~~~~~~~~~~~~
  423 |         service_qos, callback_group_);
      |         ~~~~~~~~~~~~~~~~~~~~~~~~~~~~~                                            
In file included from /opt/ros/humble/include/rclcpp/rclcpp/executors/single_threaded_executor.hpp:28,
                 from /opt/ros/humble/include/rclcpp/rclcpp/executors.hpp:22,
                 from /opt/ros/humble/include/rclcpp/rclcpp/rclcpp.hpp:155,
                 from /home/ilex/Dev/VIST/src/robot/sdk/arm_teleop/src/lbot_driver/include/lbot_driver/lbot_driver.h:19,
                 from /home/ilex/Dev/VIST/src/robot/sdk/arm_teleop/src/lbot_driver/src/lbot_driver.cpp:15:
/opt/ros/humble/include/rclcpp/rclcpp/node.hpp:267:3: note: candidate: ‘template<class ServiceT, class CallbackT> typename rclcpp::Service<ServiceT>::SharedPtr rclcpp::Node::create_service(const string&, CallbackT&&, const rmw_qos_profile_t&, rclcpp::CallbackGroup::SharedPtr)’
  267 |   create_service(
      |   ^~~~~~~~~~~~~~
/opt/ros/humble/include/rclcpp/rclcpp/node.hpp:267:3: note:   template argument deduction/substitution failed:
/home/ilex/Dev/VIST/src/robot/sdk/arm_teleop/src/lbot_driver/src/lbot_driver.cpp:423:9: note:   cannot convert ‘service_qos’ (type ‘rclcpp::QoS’) to type ‘const rmw_qos_profile_t&’ {aka ‘const rmw_qos_profile_s&’}
  423 |         service_qos, callback_group_);
      |         ^~~~~~~~~~~
/home/ilex/Dev/VIST/src/robot/sdk/arm_teleop/src/lbot_driver/src/lbot_driver.cpp:426:100: error: no matching function for call to ‘lbot_driver::LeftArmServiceNode::create_service<lbot_arm_interfaces::srv::ForwardKinematics>(const char [28], std::_Bind_helper<false, void (lbot_driver::LeftArmServiceNode::*)(std::shared_ptr<lbot_arm_interfaces::srv::ForwardKinematics_Request_<std::allocator<void> > >, std::shared_ptr<lbot_arm_interfaces::srv::ForwardKinematics_Response_<std::allocator<void> > >), lbot_driver::LeftArmServiceNode*, const std::_Placeholder<1>&, const std::_Placeholder<2>&>::type, rclcpp::QoS&, rclcpp::CallbackGroup::SharedPtr&)’
  426 |     forward_kinematics_service_ = this->create_service<lbot_arm_interfaces::srv::ForwardKinematics>(
      |                                   ~~~~~~~~~~~~~~~~~~~~~~~~~~~~~~~~~~~~~~~~~~~~~~~~~~~~~~~~~~~~~~~~~^
  427 |         "left_arm/forward_kinematics",
      |         ~~~~~~~~~~~~~~~~~~~~~~~~~~~~~~                                                              
  428 |         std::bind(&LeftArmServiceNode::forward_kinematics_callback, this, std::placeholders::_1, std::placeholders::_2),
      |         ~~~~~~~~~~~~~~~~~~~~~~~~~~~~~~~~~~~~~~~~~~~~~~~~~~~~~~~~~~~~~~~~~~~~~~~~~~~~~~~~~~~~~~~~~~~~~~~~~~~~~~~~~~~~~~~~
  429 |         service_qos, callback_group_);
      |         ~~~~~~~~~~~~~~~~~~~~~~~~~~~~~                                                               
In file included from /opt/ros/humble/include/rclcpp/rclcpp/executors/single_threaded_executor.hpp:28,
                 from /opt/ros/humble/include/rclcpp/rclcpp/executors.hpp:22,
                 from /opt/ros/humble/include/rclcpp/rclcpp/rclcpp.hpp:155,
                 from /home/ilex/Dev/VIST/src/robot/sdk/arm_teleop/src/lbot_driver/include/lbot_driver/lbot_driver.h:19,
                 from /home/ilex/Dev/VIST/src/robot/sdk/arm_teleop/src/lbot_driver/src/lbot_driver.cpp:15:
/opt/ros/humble/include/rclcpp/rclcpp/node.hpp:267:3: note: candidate: ‘template<class ServiceT, class CallbackT> typename rclcpp::Service<ServiceT>::SharedPtr rclcpp::Node::create_service(const string&, CallbackT&&, const rmw_qos_profile_t&, rclcpp::CallbackGroup::SharedPtr)’
  267 |   create_service(
      |   ^~~~~~~~~~~~~~
/opt/ros/humble/include/rclcpp/rclcpp/node.hpp:267:3: note:   template argument deduction/substitution failed:
/home/ilex/Dev/VIST/src/robot/sdk/arm_teleop/src/lbot_driver/src/lbot_driver.cpp:429:9: note:   cannot convert ‘service_qos’ (type ‘rclcpp::QoS’) to type ‘const rmw_qos_profile_t&’ {aka ‘const rmw_qos_profile_s&’}
  429 |         service_qos, callback_group_);
      |         ^~~~~~~~~~~
/home/ilex/Dev/VIST/src/robot/sdk/arm_teleop/src/lbot_driver/src/lbot_driver.cpp:431:100: error: no matching function for call to ‘lbot_driver::LeftArmServiceNode::create_service<lbot_arm_interfaces::srv::InverseKinematics>(const char [28], std::_Bind_helper<false, void (lbot_driver::LeftArmServiceNode::*)(std::shared_ptr<lbot_arm_interfaces::srv::InverseKinematics_Request_<std::allocator<void> > >, std::shared_ptr<lbot_arm_interfaces::srv::InverseKinematics_Response_<std::allocator<void> > >), lbot_driver::LeftArmServiceNode*, const std::_Placeholder<1>&, const std::_Placeholder<2>&>::type, rclcpp::QoS&, rclcpp::CallbackGroup::SharedPtr&)’
  431 |     inverse_kinematics_service_ = this->create_service<lbot_arm_interfaces::srv::InverseKinematics>(
      |                                   ~~~~~~~~~~~~~~~~~~~~~~~~~~~~~~~~~~~~~~~~~~~~~~~~~~~~~~~~~~~~~~~~~^
  432 |         "left_arm/inverse_kinematics",
      |         ~~~~~~~~~~~~~~~~~~~~~~~~~~~~~~                                                              
  433 |         std::bind(&LeftArmServiceNode::inverse_kinematics_callback, this, std::placeholders::_1, std::placeholders::_2),
      |         ~~~~~~~~~~~~~~~~~~~~~~~~~~~~~~~~~~~~~~~~~~~~~~~~~~~~~~~~~~~~~~~~~~~~~~~~~~~~~~~~~~~~~~~~~~~~~~~~~~~~~~~~~~~~~~~~
  434 |         service_qos, callback_group_);
      |         ~~~~~~~~~~~~~~~~~~~~~~~~~~~~~                                                               
In file included from /opt/ros/humble/include/rclcpp/rclcpp/executors/single_threaded_executor.hpp:28,
                 from /opt/ros/humble/include/rclcpp/rclcpp/executors.hpp:22,
                 from /opt/ros/humble/include/rclcpp/rclcpp/rclcpp.hpp:155,
                 from /home/ilex/Dev/VIST/src/robot/sdk/arm_teleop/src/lbot_driver/include/lbot_driver/lbot_driver.h:19,
                 from /home/ilex/Dev/VIST/src/robot/sdk/arm_teleop/src/lbot_driver/src/lbot_driver.cpp:15:
/opt/ros/humble/include/rclcpp/rclcpp/node.hpp:267:3: note: candidate: ‘template<class ServiceT, class CallbackT> typename rclcpp::Service<ServiceT>::SharedPtr rclcpp::Node::create_service(const string&, CallbackT&&, const rmw_qos_profile_t&, rclcpp::CallbackGroup::SharedPtr)’
  267 |   create_service(
      |   ^~~~~~~~~~~~~~
/opt/ros/humble/include/rclcpp/rclcpp/node.hpp:267:3: note:   template argument deduction/substitution failed:
/home/ilex/Dev/VIST/src/robot/sdk/arm_teleop/src/lbot_driver/src/lbot_driver.cpp:434:9: note:   cannot convert ‘service_qos’ (type ‘rclcpp::QoS’) to type ‘const rmw_qos_profile_t&’ {aka ‘const rmw_qos_profile_s&’}
  434 |         service_qos, callback_group_);
      |         ^~~~~~~~~~~
/home/ilex/Dev/VIST/src/robot/sdk/arm_teleop/src/lbot_driver/src/lbot_driver.cpp:437:87: error: no matching function for call to ‘lbot_driver::LeftArmServiceNode::create_service<lbot_arm_interfaces::srv::SetFrame>(const char [24], std::_Bind_helper<false, void (lbot_driver::LeftArmServiceNode::*)(std::shared_ptr<lbot_arm_interfaces::srv::SetFrame_Request_<std::allocator<void> > >, std::shared_ptr<lbot_arm_interfaces::srv::SetFrame_Response_<std::allocator<void> > >), lbot_driver::LeftArmServiceNode*, const std::_Placeholder<1>&, const std::_Placeholder<2>&>::type, rclcpp::QoS&, rclcpp::CallbackGroup::SharedPtr&)’
  437 |     set_tool_frame_service_ = this->create_service<lbot_arm_interfaces::srv::SetFrame>(
      |                               ~~~~~~~~~~~~~~~~~~~~~~~~~~~~~~~~~~~~~~~~~~~~~~~~~~~~~~~~^
  438 |         "left_arm/set_tool_frame",
      |         ~~~~~~~~~~~~~~~~~~~~~~~~~~                                                     
  439 |         std::bind(&LeftArmServiceNode::set_tool_frame_callback, this, std::placeholders::_1, std::placeholders::_2),
      |         ~~~~~~~~~~~~~~~~~~~~~~~~~~~~~~~~~~~~~~~~~~~~~~~~~~~~~~~~~~~~~~~~~~~~~~~~~~~~~~~~~~~~~~~~~~~~~~~~~~~~~~~~~~~~
  440 |         service_qos, callback_group_);
      |         ~~~~~~~~~~~~~~~~~~~~~~~~~~~~~                                                  
In file included from /opt/ros/humble/include/rclcpp/rclcpp/executors/single_threaded_executor.hpp:28,
                 from /opt/ros/humble/include/rclcpp/rclcpp/executors.hpp:22,
                 from /opt/ros/humble/include/rclcpp/rclcpp/rclcpp.hpp:155,
                 from /home/ilex/Dev/VIST/src/robot/sdk/arm_teleop/src/lbot_driver/include/lbot_driver/lbot_driver.h:19,
                 from /home/ilex/Dev/VIST/src/robot/sdk/arm_teleop/src/lbot_driver/src/lbot_driver.cpp:15:
/opt/ros/humble/include/rclcpp/rclcpp/node.hpp:267:3: note: candidate: ‘template<class ServiceT, class CallbackT> typename rclcpp::Service<ServiceT>::SharedPtr rclcpp::Node::create_service(const string&, CallbackT&&, const rmw_qos_profile_t&, rclcpp::CallbackGroup::SharedPtr)’
  267 |   create_service(
      |   ^~~~~~~~~~~~~~
/opt/ros/humble/include/rclcpp/rclcpp/node.hpp:267:3: note:   template argument deduction/substitution failed:
/home/ilex/Dev/VIST/src/robot/sdk/arm_teleop/src/lbot_driver/src/lbot_driver.cpp:440:9: note:   cannot convert ‘service_qos’ (type ‘rclcpp::QoS’) to type ‘const rmw_qos_profile_t&’ {aka ‘const rmw_qos_profile_s&’}
  440 |         service_qos, callback_group_);
      |         ^~~~~~~~~~~
/home/ilex/Dev/VIST/src/robot/sdk/arm_teleop/src/lbot_driver/src/lbot_driver.cpp:442:87: error: no matching function for call to ‘lbot_driver::LeftArmServiceNode::create_service<lbot_arm_interfaces::srv::GetFrame>(const char [24], std::_Bind_helper<false, void (lbot_driver::LeftArmServiceNode::*)(std::shared_ptr<lbot_arm_interfaces::srv::GetFrame_Request_<std::allocator<void> > >, std::shared_ptr<lbot_arm_interfaces::srv::GetFrame_Response_<std::allocator<void> > >), lbot_driver::LeftArmServiceNode*, const std::_Placeholder<1>&, const std::_Placeholder<2>&>::type, rclcpp::QoS&, rclcpp::CallbackGroup::SharedPtr&)’
  442 |     get_tool_frame_service_ = this->create_service<lbot_arm_interfaces::srv::GetFrame>(
      |                               ~~~~~~~~~~~~~~~~~~~~~~~~~~~~~~~~~~~~~~~~~~~~~~~~~~~~~~~~^
  443 |         "left_arm/get_tool_frame",
      |         ~~~~~~~~~~~~~~~~~~~~~~~~~~                                                     
  444 |         std::bind(&LeftArmServiceNode::get_tool_frame_callback, this, std::placeholders::_1, std::placeholders::_2),
      |         ~~~~~~~~~~~~~~~~~~~~~~~~~~~~~~~~~~~~~~~~~~~~~~~~~~~~~~~~~~~~~~~~~~~~~~~~~~~~~~~~~~~~~~~~~~~~~~~~~~~~~~~~~~~~
  445 |         service_qos, callback_group_);
      |         ~~~~~~~~~~~~~~~~~~~~~~~~~~~~~                                                  
In file included from /opt/ros/humble/include/rclcpp/rclcpp/executors/single_threaded_executor.hpp:28,
                 from /opt/ros/humble/include/rclcpp/rclcpp/executors.hpp:22,
                 from /opt/ros/humble/include/rclcpp/rclcpp/rclcpp.hpp:155,
                 from /home/ilex/Dev/VIST/src/robot/sdk/arm_teleop/src/lbot_driver/include/lbot_driver/lbot_driver.h:19,
                 from /home/ilex/Dev/VIST/src/robot/sdk/arm_teleop/src/lbot_driver/src/lbot_driver.cpp:15:
/opt/ros/humble/include/rclcpp/rclcpp/node.hpp:267:3: note: candidate: ‘template<class ServiceT, class CallbackT> typename rclcpp::Service<ServiceT>::SharedPtr rclcpp::Node::create_service(const string&, CallbackT&&, const rmw_qos_profile_t&, rclcpp::CallbackGroup::SharedPtr)’
  267 |   create_service(
      |   ^~~~~~~~~~~~~~
/opt/ros/humble/include/rclcpp/rclcpp/node.hpp:267:3: note:   template argument deduction/substitution failed:
/home/ilex/Dev/VIST/src/robot/sdk/arm_teleop/src/lbot_driver/src/lbot_driver.cpp:445:9: note:   cannot convert ‘service_qos’ (type ‘rclcpp::QoS’) to type ‘const rmw_qos_profile_t&’ {aka ‘const rmw_qos_profile_s&’}
  445 |         service_qos, callback_group_);
      |         ^~~~~~~~~~~
/home/ilex/Dev/VIST/src/robot/sdk/arm_teleop/src/lbot_driver/src/lbot_driver.cpp:447:102: error: no matching function for call to ‘lbot_driver::LeftArmServiceNode::create_service<lbot_arm_interfaces::srv::GetCurrentFrame>(const char [32], std::_Bind_helper<false, void (lbot_driver::LeftArmServiceNode::*)(std::shared_ptr<lbot_arm_interfaces::srv::GetCurrentFrame_Request_<std::allocator<void> > >, std::shared_ptr<lbot_arm_interfaces::srv::GetCurrentFrame_Response_<std::allocator<void> > >), lbot_driver::LeftArmServiceNode*, const std::_Placeholder<1>&, const std::_Placeholder<2>&>::type, rclcpp::QoS&, rclcpp::CallbackGroup::SharedPtr&)’
  447 |     get_current_tool_frame_service_ = this->create_service<lbot_arm_interfaces::srv::GetCurrentFrame>(
      |                                       ~~~~~~~~~~~~~~~~~~~~~~~~~~~~~~~~~~~~~~~~~~~~~~~~~~~~~~~~~~~~~~~^
  448 |         "left_arm/get_current_tool_frame",
      |         ~~~~~~~~~~~~~~~~~~~~~~~~~~~~~~~~~~                                                            
  449 |         std::bind(&LeftArmServiceNode::get_current_tool_frame_callback, this, std::placeholders::_1, std::placeholders::_2),
      |         ~~~~~~~~~~~~~~~~~~~~~~~~~~~~~~~~~~~~~~~~~~~~~~~~~~~~~~~~~~~~~~~~~~~~~~~~~~~~~~~~~~~~~~~~~~~~~~~~~~~~~~~~~~~~~~~~~~~~
  450 |         service_qos, callback_group_);
      |         ~~~~~~~~~~~~~~~~~~~~~~~~~~~~~                                                                 
In file included from /opt/ros/humble/include/rclcpp/rclcpp/executors/single_threaded_executor.hpp:28,
                 from /opt/ros/humble/include/rclcpp/rclcpp/executors.hpp:22,
                 from /opt/ros/humble/include/rclcpp/rclcpp/rclcpp.hpp:155,
                 from /home/ilex/Dev/VIST/src/robot/sdk/arm_teleop/src/lbot_driver/include/lbot_driver/lbot_driver.h:19,
                 from /home/ilex/Dev/VIST/src/robot/sdk/arm_teleop/src/lbot_driver/src/lbot_driver.cpp:15:
/opt/ros/humble/include/rclcpp/rclcpp/node.hpp:267:3: note: candidate: ‘template<class ServiceT, class CallbackT> typename rclcpp::Service<ServiceT>::SharedPtr rclcpp::Node::create_service(const string&, CallbackT&&, const rmw_qos_profile_t&, rclcpp::CallbackGroup::SharedPtr)’
  267 |   create_service(
      |   ^~~~~~~~~~~~~~
/opt/ros/humble/include/rclcpp/rclcpp/node.hpp:267:3: note:   template argument deduction/substitution failed:
/home/ilex/Dev/VIST/src/robot/sdk/arm_teleop/src/lbot_driver/src/lbot_driver.cpp:450:9: note:   cannot convert ‘service_qos’ (type ‘rclcpp::QoS’) to type ‘const rmw_qos_profile_t&’ {aka ‘const rmw_qos_profile_s&’}
  450 |         service_qos, callback_group_);
      |         ^~~~~~~~~~~
/home/ilex/Dev/VIST/src/robot/sdk/arm_teleop/src/lbot_driver/src/lbot_driver.cpp:452:93: error: no matching function for call to ‘lbot_driver::LeftArmServiceNode::create_service<lbot_arm_interfaces::srv::ChangeFrame>(const char [27], std::_Bind_helper<false, void (lbot_driver::LeftArmServiceNode::*)(std::shared_ptr<lbot_arm_interfaces::srv::ChangeFrame_Request_<std::allocator<void> > >, std::shared_ptr<lbot_arm_interfaces::srv::ChangeFrame_Response_<std::allocator<void> > >), lbot_driver::LeftArmServiceNode*, const std::_Placeholder<1>&, const std::_Placeholder<2>&>::type, rclcpp::QoS&, rclcpp::CallbackGroup::SharedPtr&)’
  452 |     change_tool_frame_service_ = this->create_service<lbot_arm_interfaces::srv::ChangeFrame>(
      |                                  ~~~~~~~~~~~~~~~~~~~~~~~~~~~~~~~~~~~~~~~~~~~~~~~~~~~~~~~~~~~^
  453 |         "left_arm/change_tool_frame",
      |         ~~~~~~~~~~~~~~~~~~~~~~~~~~~~~                                                        
  454 |         std::bind(&LeftArmServiceNode::change_tool_frame_callback, this, std::placeholders::_1, std::placeholders::_2),
      |         ~~~~~~~~~~~~~~~~~~~~~~~~~~~~~~~~~~~~~~~~~~~~~~~~~~~~~~~~~~~~~~~~~~~~~~~~~~~~~~~~~~~~~~~~~~~~~~~~~~~~~~~~~~~~~~~
  455 |         service_qos, callback_group_);
      |         ~~~~~~~~~~~~~~~~~~~~~~~~~~~~~                                                        
In file included from /opt/ros/humble/include/rclcpp/rclcpp/executors/single_threaded_executor.hpp:28,
                 from /opt/ros/humble/include/rclcpp/rclcpp/executors.hpp:22,
                 from /opt/ros/humble/include/rclcpp/rclcpp/rclcpp.hpp:155,
                 from /home/ilex/Dev/VIST/src/robot/sdk/arm_teleop/src/lbot_driver/include/lbot_driver/lbot_driver.h:19,
                 from /home/ilex/Dev/VIST/src/robot/sdk/arm_teleop/src/lbot_driver/src/lbot_driver.cpp:15:
/opt/ros/humble/include/rclcpp/rclcpp/node.hpp:267:3: note: candidate: ‘template<class ServiceT, class CallbackT> typename rclcpp::Service<ServiceT>::SharedPtr rclcpp::Node::create_service(const string&, CallbackT&&, const rmw_qos_profile_t&, rclcpp::CallbackGroup::SharedPtr)’
  267 |   create_service(
      |   ^~~~~~~~~~~~~~
/opt/ros/humble/include/rclcpp/rclcpp/node.hpp:267:3: note:   template argument deduction/substitution failed:
/home/ilex/Dev/VIST/src/robot/sdk/arm_teleop/src/lbot_driver/src/lbot_driver.cpp:455:9: note:   cannot convert ‘service_qos’ (type ‘rclcpp::QoS’) to type ‘const rmw_qos_profile_t&’ {aka ‘const rmw_qos_profile_s&’}
  455 |         service_qos, callback_group_);
      |         ^~~~~~~~~~~
/home/ilex/Dev/VIST/src/robot/sdk/arm_teleop/src/lbot_driver/src/lbot_driver.cpp:457:93: error: no matching function for call to ‘lbot_driver::LeftArmServiceNode::create_service<lbot_arm_interfaces::srv::DeleteFrame>(const char [27], std::_Bind_helper<false, void (lbot_driver::LeftArmServiceNode::*)(std::shared_ptr<lbot_arm_interfaces::srv::DeleteFrame_Request_<std::allocator<void> > >, std::shared_ptr<lbot_arm_interfaces::srv::DeleteFrame_Response_<std::allocator<void> > >), lbot_driver::LeftArmServiceNode*, const std::_Placeholder<1>&, const std::_Placeholder<2>&>::type, rclcpp::QoS&, rclcpp::CallbackGroup::SharedPtr&)’
  457 |     delete_tool_frame_service_ = this->create_service<lbot_arm_interfaces::srv::DeleteFrame>(
      |                                  ~~~~~~~~~~~~~~~~~~~~~~~~~~~~~~~~~~~~~~~~~~~~~~~~~~~~~~~~~~~^
  458 |         "left_arm/delete_tool_frame",
      |         ~~~~~~~~~~~~~~~~~~~~~~~~~~~~~                                                        
  459 |         std::bind(&LeftArmServiceNode::delete_tool_frame_callback, this, std::placeholders::_1, std::placeholders::_2),
      |         ~~~~~~~~~~~~~~~~~~~~~~~~~~~~~~~~~~~~~~~~~~~~~~~~~~~~~~~~~~~~~~~~~~~~~~~~~~~~~~~~~~~~~~~~~~~~~~~~~~~~~~~~~~~~~~~
  460 |         service_qos, callback_group_);
      |         ~~~~~~~~~~~~~~~~~~~~~~~~~~~~~                                                        
In file included from /opt/ros/humble/include/rclcpp/rclcpp/executors/single_threaded_executor.hpp:28,
                 from /opt/ros/humble/include/rclcpp/rclcpp/executors.hpp:22,
                 from /opt/ros/humble/include/rclcpp/rclcpp/rclcpp.hpp:155,
                 from /home/ilex/Dev/VIST/src/robot/sdk/arm_teleop/src/lbot_driver/include/lbot_driver/lbot_driver.h:19,
                 from /home/ilex/Dev/VIST/src/robot/sdk/arm_teleop/src/lbot_driver/src/lbot_driver.cpp:15:
/opt/ros/humble/include/rclcpp/rclcpp/node.hpp:267:3: note: candidate: ‘template<class ServiceT, class CallbackT> typename rclcpp::Service<ServiceT>::SharedPtr rclcpp::Node::create_service(const string&, CallbackT&&, const rmw_qos_profile_t&, rclcpp::CallbackGroup::SharedPtr)’
  267 |   create_service(
      |   ^~~~~~~~~~~~~~
/opt/ros/humble/include/rclcpp/rclcpp/node.hpp:267:3: note:   template argument deduction/substitution failed:
/home/ilex/Dev/VIST/src/robot/sdk/arm_teleop/src/lbot_driver/src/lbot_driver.cpp:460:9: note:   cannot convert ‘service_qos’ (type ‘rclcpp::QoS’) to type ‘const rmw_qos_profile_t&’ {aka ‘const rmw_qos_profile_s&’}
  460 |         service_qos, callback_group_);
      |         ^~~~~~~~~~~
/home/ilex/Dev/VIST/src/robot/sdk/arm_teleop/src/lbot_driver/src/lbot_driver.cpp:462:96: error: no matching function for call to ‘lbot_driver::LeftArmServiceNode::create_service<lbot_arm_interfaces::srv::GetAllFrames>(const char [29], std::_Bind_helper<false, void (lbot_driver::LeftArmServiceNode::*)(std::shared_ptr<lbot_arm_interfaces::srv::GetAllFrames_Request_<std::allocator<void> > >, std::shared_ptr<lbot_arm_interfaces::srv::GetAllFrames_Response_<std::allocator<void> > >), lbot_driver::LeftArmServiceNode*, const std::_Placeholder<1>&, const std::_Placeholder<2>&>::type, rclcpp::QoS&, rclcpp::CallbackGroup::SharedPtr&)’
  462 |     get_all_tool_frames_service_ = this->create_service<lbot_arm_interfaces::srv::GetAllFrames>(
      |                                    ~~~~~~~~~~~~~~~~~~~~~~~~~~~~~~~~~~~~~~~~~~~~~~~~~~~~~~~~~~~~^
  463 |         "left_arm/get_all_tool_frames",
      |         ~~~~~~~~~~~~~~~~~~~~~~~~~~~~~~~                                                         
  464 |         std::bind(&LeftArmServiceNode::get_all_tool_frames_callback, this, std::placeholders::_1, std::placeholders::_2),
      |         ~~~~~~~~~~~~~~~~~~~~~~~~~~~~~~~~~~~~~~~~~~~~~~~~~~~~~~~~~~~~~~~~~~~~~~~~~~~~~~~~~~~~~~~~~~~~~~~~~~~~~~~~~~~~~~~~~
  465 |         service_qos, callback_group_);
      |         ~~~~~~~~~~~~~~~~~~~~~~~~~~~~~                                                           
In file included from /opt/ros/humble/include/rclcpp/rclcpp/executors/single_threaded_executor.hpp:28,
                 from /opt/ros/humble/include/rclcpp/rclcpp/executors.hpp:22,
                 from /opt/ros/humble/include/rclcpp/rclcpp/rclcpp.hpp:155,
                 from /home/ilex/Dev/VIST/src/robot/sdk/arm_teleop/src/lbot_driver/include/lbot_driver/lbot_driver.h:19,
                 from /home/ilex/Dev/VIST/src/robot/sdk/arm_teleop/src/lbot_driver/src/lbot_driver.cpp:15:
/opt/ros/humble/include/rclcpp/rclcpp/node.hpp:267:3: note: candidate: ‘template<class ServiceT, class CallbackT> typename rclcpp::Service<ServiceT>::SharedPtr rclcpp::Node::create_service(const string&, CallbackT&&, const rmw_qos_profile_t&, rclcpp::CallbackGroup::SharedPtr)’
  267 |   create_service(
      |   ^~~~~~~~~~~~~~
/opt/ros/humble/include/rclcpp/rclcpp/node.hpp:267:3: note:   template argument deduction/substitution failed:
/home/ilex/Dev/VIST/src/robot/sdk/arm_teleop/src/lbot_driver/src/lbot_driver.cpp:465:9: note:   cannot convert ‘service_qos’ (type ‘rclcpp::QoS’) to type ‘const rmw_qos_profile_t&’ {aka ‘const rmw_qos_profile_s&’}
  465 |         service_qos, callback_group_);
      |         ^~~~~~~~~~~
/home/ilex/Dev/VIST/src/robot/sdk/arm_teleop/src/lbot_driver/src/lbot_driver.cpp:468:80: error: no matching function for call to ‘lbot_driver::LeftArmServiceNode::create_service<lbot_arm_interfaces::srv::SetZero>(const char [18], std::_Bind_helper<false, void (lbot_driver::LeftArmServiceNode::*)(std::shared_ptr<lbot_arm_interfaces::srv::SetZero_Request_<std::allocator<void> > >, std::shared_ptr<lbot_arm_interfaces::srv::SetZero_Response_<std::allocator<void> > >), lbot_driver::LeftArmServiceNode*, const std::_Placeholder<1>&, const std::_Placeholder<2>&>::type, rclcpp::QoS&, rclcpp::CallbackGroup::SharedPtr&)’
  468 |     set_zero_service_ = this->create_service<lbot_arm_interfaces::srv::SetZero>(
      |                         ~~~~~~~~~~~~~~~~~~~~~~~~~~~~~~~~~~~~~~~~~~~~~~~~~~~~~~~^
  469 |         "left_arm/set_zero",
      |         ~~~~~~~~~~~~~~~~~~~~                                                    
  470 |         std::bind(&LeftArmServiceNode::set_zero_callback, this, std::placeholders::_1, std::placeholders::_2),
      |         ~~~~~~~~~~~~~~~~~~~~~~~~~~~~~~~~~~~~~~~~~~~~~~~~~~~~~~~~~~~~~~~~~~~~~~~~~~~~~~~~~~~~~~~~~~~~~~~~~~~~~~
  471 |         service_qos, callback_group_);
      |         ~~~~~~~~~~~~~~~~~~~~~~~~~~~~~                                           
In file included from /opt/ros/humble/include/rclcpp/rclcpp/executors/single_threaded_executor.hpp:28,
                 from /opt/ros/humble/include/rclcpp/rclcpp/executors.hpp:22,
                 from /opt/ros/humble/include/rclcpp/rclcpp/rclcpp.hpp:155,
                 from /home/ilex/Dev/VIST/src/robot/sdk/arm_teleop/src/lbot_driver/include/lbot_driver/lbot_driver.h:19,
                 from /home/ilex/Dev/VIST/src/robot/sdk/arm_teleop/src/lbot_driver/src/lbot_driver.cpp:15:
/opt/ros/humble/include/rclcpp/rclcpp/node.hpp:267:3: note: candidate: ‘template<class ServiceT, class CallbackT> typename rclcpp::Service<ServiceT>::SharedPtr rclcpp::Node::create_service(const string&, CallbackT&&, const rmw_qos_profile_t&, rclcpp::CallbackGroup::SharedPtr)’
  267 |   create_service(
      |   ^~~~~~~~~~~~~~
/opt/ros/humble/include/rclcpp/rclcpp/node.hpp:267:3: note:   template argument deduction/substitution failed:
/home/ilex/Dev/VIST/src/robot/sdk/arm_teleop/src/lbot_driver/src/lbot_driver.cpp:471:9: note:   cannot convert ‘service_qos’ (type ‘rclcpp::QoS’) to type ‘const rmw_qos_profile_t&’ {aka ‘const rmw_qos_profile_s&’}
  471 |         service_qos, callback_group_);
      |         ^~~~~~~~~~~
/home/ilex/Dev/VIST/src/robot/sdk/arm_teleop/src/lbot_driver/src/lbot_driver.cpp:472:84: error: no matching function for call to ‘lbot_driver::LeftArmServiceNode::create_service<lbot_arm_interfaces::srv::SetEnable>(const char [20], std::_Bind_helper<false, void (lbot_driver::LeftArmServiceNode::*)(std::shared_ptr<lbot_arm_interfaces::srv::SetEnable_Request_<std::allocator<void> > >, std::shared_ptr<lbot_arm_interfaces::srv::SetEnable_Response_<std::allocator<void> > >), lbot_driver::LeftArmServiceNode*, const std::_Placeholder<1>&, const std::_Placeholder<2>&>::type, rclcpp::QoS&, rclcpp::CallbackGroup::SharedPtr&)’
  472 |     set_enable_service_ = this->create_service<lbot_arm_interfaces::srv::SetEnable>(
      |                           ~~~~~~~~~~~~~~~~~~~~~~~~~~~~~~~~~~~~~~~~~~~~~~~~~~~~~~~~~^
  473 |         "left_arm/set_enable",
      |         ~~~~~~~~~~~~~~~~~~~~~~                                                      
  474 |         std::bind(&LeftArmServiceNode::set_enable_callback, this, std::placeholders::_1, std::placeholders::_2),
      |         ~~~~~~~~~~~~~~~~~~~~~~~~~~~~~~~~~~~~~~~~~~~~~~~~~~~~~~~~~~~~~~~~~~~~~~~~~~~~~~~~~~~~~~~~~~~~~~~~~~~~~~~~
  475 |         service_qos, callback_group_);
      |         ~~~~~~~~~~~~~~~~~~~~~~~~~~~~~                                               
In file included from /opt/ros/humble/include/rclcpp/rclcpp/executors/single_threaded_executor.hpp:28,
                 from /opt/ros/humble/include/rclcpp/rclcpp/executors.hpp:22,
                 from /opt/ros/humble/include/rclcpp/rclcpp/rclcpp.hpp:155,
                 from /home/ilex/Dev/VIST/src/robot/sdk/arm_teleop/src/lbot_driver/include/lbot_driver/lbot_driver.h:19,
                 from /home/ilex/Dev/VIST/src/robot/sdk/arm_teleop/src/lbot_driver/src/lbot_driver.cpp:15:
/opt/ros/humble/include/rclcpp/rclcpp/node.hpp:267:3: note: candidate: ‘template<class ServiceT, class CallbackT> typename rclcpp::Service<ServiceT>::SharedPtr rclcpp::Node::create_service(const string&, CallbackT&&, const rmw_qos_profile_t&, rclcpp::CallbackGroup::SharedPtr)’
  267 |   create_service(
      |   ^~~~~~~~~~~~~~
/opt/ros/humble/include/rclcpp/rclcpp/node.hpp:267:3: note:   template argument deduction/substitution failed:
/home/ilex/Dev/VIST/src/robot/sdk/arm_teleop/src/lbot_driver/src/lbot_driver.cpp:475:9: note:   cannot convert ‘service_qos’ (type ‘rclcpp::QoS’) to type ‘const rmw_qos_profile_t&’ {aka ‘const rmw_qos_profile_s&’}
  475 |         service_qos, callback_group_);
      |         ^~~~~~~~~~~
/home/ilex/Dev/VIST/src/robot/sdk/arm_teleop/src/lbot_driver/src/lbot_driver.cpp:476:90: error: no matching function for call to ‘lbot_driver::LeftArmServiceNode::create_service<lbot_arm_interfaces::srv::SetEmergency>(const char [28], std::_Bind_helper<false, void (lbot_driver::LeftArmServiceNode::*)(std::shared_ptr<lbot_arm_interfaces::srv::SetEmergency_Request_<std::allocator<void> > >, std::shared_ptr<lbot_arm_interfaces::srv::SetEmergency_Response_<std::allocator<void> > >), lbot_driver::LeftArmServiceNode*, const std::_Placeholder<1>&, const std::_Placeholder<2>&>::type, rclcpp::QoS&, rclcpp::CallbackGroup::SharedPtr&)’
  476 |     set_emergency_service_ = this->create_service<lbot_arm_interfaces::srv::SetEmergency>(
      |                              ~~~~~~~~~~~~~~~~~~~~~~~~~~~~~~~~~~~~~~~~~~~~~~~~~~~~~~~~~~~~^
  477 |         "left_arm/set_emergency_stop",
      |         ~~~~~~~~~~~~~~~~~~~~~~~~~~~~~~                                                    
  478 |         std::bind(&LeftArmServiceNode::set_emergency_callback, this, std::placeholders::_1, std::placeholders::_2),
      |         ~~~~~~~~~~~~~~~~~~~~~~~~~~~~~~~~~~~~~~~~~~~~~~~~~~~~~~~~~~~~~~~~~~~~~~~~~~~~~~~~~~~~~~~~~~~~~~~~~~~~~~~~~~~
  479 |         service_qos, callback_group_);
      |         ~~~~~~~~~~~~~~~~~~~~~~~~~~~~~                                                     
In file included from /opt/ros/humble/include/rclcpp/rclcpp/executors/single_threaded_executor.hpp:28,
                 from /opt/ros/humble/include/rclcpp/rclcpp/executors.hpp:22,
                 from /opt/ros/humble/include/rclcpp/rclcpp/rclcpp.hpp:155,
                 from /home/ilex/Dev/VIST/src/robot/sdk/arm_teleop/src/lbot_driver/include/lbot_driver/lbot_driver.h:19,
                 from /home/ilex/Dev/VIST/src/robot/sdk/arm_teleop/src/lbot_driver/src/lbot_driver.cpp:15:
/opt/ros/humble/include/rclcpp/rclcpp/node.hpp:267:3: note: candidate: ‘template<class ServiceT, class CallbackT> typename rclcpp::Service<ServiceT>::SharedPtr rclcpp::Node::create_service(const string&, CallbackT&&, const rmw_qos_profile_t&, rclcpp::CallbackGroup::SharedPtr)’
  267 |   create_service(
      |   ^~~~~~~~~~~~~~
/opt/ros/humble/include/rclcpp/rclcpp/node.hpp:267:3: note:   template argument deduction/substitution failed:
/home/ilex/Dev/VIST/src/robot/sdk/arm_teleop/src/lbot_driver/src/lbot_driver.cpp:479:9: note:   cannot convert ‘service_qos’ (type ‘rclcpp::QoS’) to type ‘const rmw_qos_profile_t&’ {aka ‘const rmw_qos_profile_s&’}
  479 |         service_qos, callback_group_);
      |         ^~~~~~~~~~~
/home/ilex/Dev/VIST/src/robot/sdk/arm_teleop/src/lbot_driver/src/lbot_driver.cpp: In member function ‘void lbot_driver::RightArmServiceNode::create_services()’:
/home/ilex/Dev/VIST/src/robot/sdk/arm_teleop/src/lbot_driver/src/lbot_driver.cpp:1038:80: error: no matching function for call to ‘lbot_driver::RightArmServiceNode::create_service<lbot_arm_interfaces::srv::MoveJ>(const char [21], std::_Bind_helper<false, void (lbot_driver::RightArmServiceNode::*)(std::shared_ptr<lbot_arm_interfaces::srv::MoveJ_Request_<std::allocator<void> > >, std::shared_ptr<lbot_arm_interfaces::srv::MoveJ_Response_<std::allocator<void> > >), lbot_driver::RightArmServiceNode*, const std::_Placeholder<1>&, const std::_Placeholder<2>&>::type, rclcpp::QoS&, rclcpp::CallbackGroup::SharedPtr&)’
 1038 |     move_joint_service_ = this->create_service<lbot_arm_interfaces::srv::MoveJ>(
      |                           ~~~~~~~~~~~~~~~~~~~~~~~~~~~~~~~~~~~~~~~~~~~~~~~~~~~~~^
 1039 |         "right_arm/move_joint",
      |         ~~~~~~~~~~~~~~~~~~~~~~~                                                 
 1040 |         std::bind(&RightArmServiceNode::move_joint_callback, this, std::placeholders::_1, std::placeholders::_2),
      |         ~~~~~~~~~~~~~~~~~~~~~~~~~~~~~~~~~~~~~~~~~~~~~~~~~~~~~~~~~~~~~~~~~~~~~~~~~~~~~~~~~~~~~~~~~~~~~~~~~~~~~~~~~
 1041 |         service_qos, callback_group_);
      |         ~~~~~~~~~~~~~~~~~~~~~~~~~~~~~                                           
In file included from /opt/ros/humble/include/rclcpp/rclcpp/executors/single_threaded_executor.hpp:28,
                 from /opt/ros/humble/include/rclcpp/rclcpp/executors.hpp:22,
                 from /opt/ros/humble/include/rclcpp/rclcpp/rclcpp.hpp:155,
                 from /home/ilex/Dev/VIST/src/robot/sdk/arm_teleop/src/lbot_driver/include/lbot_driver/lbot_driver.h:19,
                 from /home/ilex/Dev/VIST/src/robot/sdk/arm_teleop/src/lbot_driver/src/lbot_driver.cpp:15:
/opt/ros/humble/include/rclcpp/rclcpp/node.hpp:267:3: note: candidate: ‘template<class ServiceT, class CallbackT> typename rclcpp::Service<ServiceT>::SharedPtr rclcpp::Node::create_service(const string&, CallbackT&&, const rmw_qos_profile_t&, rclcpp::CallbackGroup::SharedPtr)’
  267 |   create_service(
      |   ^~~~~~~~~~~~~~
/opt/ros/humble/include/rclcpp/rclcpp/node.hpp:267:3: note:   template argument deduction/substitution failed:
/home/ilex/Dev/VIST/src/robot/sdk/arm_teleop/src/lbot_driver/src/lbot_driver.cpp:1041:9: note:   cannot convert ‘service_qos’ (type ‘rclcpp::QoS’) to type ‘const rmw_qos_profile_t&’ {aka ‘const rmw_qos_profile_s&’}
 1041 |         service_qos, callback_group_);
      |         ^~~~~~~~~~~
/home/ilex/Dev/VIST/src/robot/sdk/arm_teleop/src/lbot_driver/src/lbot_driver.cpp:1043:80: error: no matching function for call to ‘lbot_driver::RightArmServiceNode::create_service<lbot_arm_interfaces::srv::MoveJP>(const char [20], std::_Bind_helper<false, void (lbot_driver::RightArmServiceNode::*)(std::shared_ptr<lbot_arm_interfaces::srv::MoveJP_Request_<std::allocator<void> > >, std::shared_ptr<lbot_arm_interfaces::srv::MoveJP_Response_<std::allocator<void> > >), lbot_driver::RightArmServiceNode*, const std::_Placeholder<1>&, const std::_Placeholder<2>&>::type, rclcpp::QoS&, rclcpp::CallbackGroup::SharedPtr&)’
 1043 |     move_pose_service_ = this->create_service<lbot_arm_interfaces::srv::MoveJP>(
      |                          ~~~~~~~~~~~~~~~~~~~~~~~~~~~~~~~~~~~~~~~~~~~~~~~~~~~~~~^
 1044 |         "right_arm/move_pose",
      |         ~~~~~~~~~~~~~~~~~~~~~~                                                  
 1045 |         std::bind(&RightArmServiceNode::move_pose_callback, this, std::placeholders::_1, std::placeholders::_2),
      |         ~~~~~~~~~~~~~~~~~~~~~~~~~~~~~~~~~~~~~~~~~~~~~~~~~~~~~~~~~~~~~~~~~~~~~~~~~~~~~~~~~~~~~~~~~~~~~~~~~~~~~~~~
 1046 |         service_qos, callback_group_);
      |         ~~~~~~~~~~~~~~~~~~~~~~~~~~~~~                                           
In file included from /opt/ros/humble/include/rclcpp/rclcpp/executors/single_threaded_executor.hpp:28,
                 from /opt/ros/humble/include/rclcpp/rclcpp/executors.hpp:22,
                 from /opt/ros/humble/include/rclcpp/rclcpp/rclcpp.hpp:155,
                 from /home/ilex/Dev/VIST/src/robot/sdk/arm_teleop/src/lbot_driver/include/lbot_driver/lbot_driver.h:19,
                 from /home/ilex/Dev/VIST/src/robot/sdk/arm_teleop/src/lbot_driver/src/lbot_driver.cpp:15:
/opt/ros/humble/include/rclcpp/rclcpp/node.hpp:267:3: note: candidate: ‘template<class ServiceT, class CallbackT> typename rclcpp::Service<ServiceT>::SharedPtr rclcpp::Node::create_service(const string&, CallbackT&&, const rmw_qos_profile_t&, rclcpp::CallbackGroup::SharedPtr)’
  267 |   create_service(
      |   ^~~~~~~~~~~~~~
/opt/ros/humble/include/rclcpp/rclcpp/node.hpp:267:3: note:   template argument deduction/substitution failed:
/home/ilex/Dev/VIST/src/robot/sdk/arm_teleop/src/lbot_driver/src/lbot_driver.cpp:1046:9: note:   cannot convert ‘service_qos’ (type ‘rclcpp::QoS’) to type ‘const rmw_qos_profile_t&’ {aka ‘const rmw_qos_profile_s&’}
 1046 |         service_qos, callback_group_);
      |         ^~~~~~~~~~~
/home/ilex/Dev/VIST/src/robot/sdk/arm_teleop/src/lbot_driver/src/lbot_driver.cpp:1048:81: error: no matching function for call to ‘lbot_driver::RightArmServiceNode::create_service<lbot_arm_interfaces::srv::MoveL>(const char [22], std::_Bind_helper<false, void (lbot_driver::RightArmServiceNode::*)(std::shared_ptr<lbot_arm_interfaces::srv::MoveL_Request_<std::allocator<void> > >, std::shared_ptr<lbot_arm_interfaces::srv::MoveL_Response_<std::allocator<void> > >), lbot_driver::RightArmServiceNode*, const std::_Placeholder<1>&, const std::_Placeholder<2>&>::type, rclcpp::QoS&, rclcpp::CallbackGroup::SharedPtr&)’
 1048 |     move_linear_service_ = this->create_service<lbot_arm_interfaces::srv::MoveL>(
      |                            ~~~~~~~~~~~~~~~~~~~~~~~~~~~~~~~~~~~~~~~~~~~~~~~~~~~~~^
 1049 |         "right_arm/move_linear",
      |         ~~~~~~~~~~~~~~~~~~~~~~~~                                                 
 1050 |         std::bind(&RightArmServiceNode::move_linear_callback, this, std::placeholders::_1, std::placeholders::_2),
      |         ~~~~~~~~~~~~~~~~~~~~~~~~~~~~~~~~~~~~~~~~~~~~~~~~~~~~~~~~~~~~~~~~~~~~~~~~~~~~~~~~~~~~~~~~~~~~~~~~~~~~~~~~~~
 1051 |         service_qos, callback_group_);
      |         ~~~~~~~~~~~~~~~~~~~~~~~~~~~~~                                            
In file included from /opt/ros/humble/include/rclcpp/rclcpp/executors/single_threaded_executor.hpp:28,
                 from /opt/ros/humble/include/rclcpp/rclcpp/executors.hpp:22,
                 from /opt/ros/humble/include/rclcpp/rclcpp/rclcpp.hpp:155,
                 from /home/ilex/Dev/VIST/src/robot/sdk/arm_teleop/src/lbot_driver/include/lbot_driver/lbot_driver.h:19,
                 from /home/ilex/Dev/VIST/src/robot/sdk/arm_teleop/src/lbot_driver/src/lbot_driver.cpp:15:
/opt/ros/humble/include/rclcpp/rclcpp/node.hpp:267:3: note: candidate: ‘template<class ServiceT, class CallbackT> typename rclcpp::Service<ServiceT>::SharedPtr rclcpp::Node::create_service(const string&, CallbackT&&, const rmw_qos_profile_t&, rclcpp::CallbackGroup::SharedPtr)’
  267 |   create_service(
      |   ^~~~~~~~~~~~~~
/opt/ros/humble/include/rclcpp/rclcpp/node.hpp:267:3: note:   template argument deduction/substitution failed:
/home/ilex/Dev/VIST/src/robot/sdk/arm_teleop/src/lbot_driver/src/lbot_driver.cpp:1051:9: note:   cannot convert ‘service_qos’ (type ‘rclcpp::QoS’) to type ‘const rmw_qos_profile_t&’ {aka ‘const rmw_qos_profile_s&’}
 1051 |         service_qos, callback_group_);
      |         ^~~~~~~~~~~
/home/ilex/Dev/VIST/src/robot/sdk/arm_teleop/src/lbot_driver/src/lbot_driver.cpp:1054:100: error: no matching function for call to ‘lbot_driver::RightArmServiceNode::create_service<lbot_arm_interfaces::srv::ForwardKinematics>(const char [29], std::_Bind_helper<false, void (lbot_driver::RightArmServiceNode::*)(std::shared_ptr<lbot_arm_interfaces::srv::ForwardKinematics_Request_<std::allocator<void> > >, std::shared_ptr<lbot_arm_interfaces::srv::ForwardKinematics_Response_<std::allocator<void> > >), lbot_driver::RightArmServiceNode*, const std::_Placeholder<1>&, const std::_Placeholder<2>&>::type, rclcpp::QoS&, rclcpp::CallbackGroup::SharedPtr&)’
 1054 |     forward_kinematics_service_ = this->create_service<lbot_arm_interfaces::srv::ForwardKinematics>(
      |                                   ~~~~~~~~~~~~~~~~~~~~~~~~~~~~~~~~~~~~~~~~~~~~~~~~~~~~~~~~~~~~~~~~~^
 1055 |         "right_arm/forward_kinematics",
      |         ~~~~~~~~~~~~~~~~~~~~~~~~~~~~~~~                                                             
 1056 |         std::bind(&RightArmServiceNode::forward_kinematics_callback, this, std::placeholders::_1, std::placeholders::_2),
      |         ~~~~~~~~~~~~~~~~~~~~~~~~~~~~~~~~~~~~~~~~~~~~~~~~~~~~~~~~~~~~~~~~~~~~~~~~~~~~~~~~~~~~~~~~~~~~~~~~~~~~~~~~~~~~~~~~~
 1057 |         service_qos, callback_group_);
      |         ~~~~~~~~~~~~~~~~~~~~~~~~~~~~~                                                               
In file included from /opt/ros/humble/include/rclcpp/rclcpp/executors/single_threaded_executor.hpp:28,
                 from /opt/ros/humble/include/rclcpp/rclcpp/executors.hpp:22,
                 from /opt/ros/humble/include/rclcpp/rclcpp/rclcpp.hpp:155,
                 from /home/ilex/Dev/VIST/src/robot/sdk/arm_teleop/src/lbot_driver/include/lbot_driver/lbot_driver.h:19,
                 from /home/ilex/Dev/VIST/src/robot/sdk/arm_teleop/src/lbot_driver/src/lbot_driver.cpp:15:
/opt/ros/humble/include/rclcpp/rclcpp/node.hpp:267:3: note: candidate: ‘template<class ServiceT, class CallbackT> typename rclcpp::Service<ServiceT>::SharedPtr rclcpp::Node::create_service(const string&, CallbackT&&, const rmw_qos_profile_t&, rclcpp::CallbackGroup::SharedPtr)’
  267 |   create_service(
      |   ^~~~~~~~~~~~~~
/opt/ros/humble/include/rclcpp/rclcpp/node.hpp:267:3: note:   template argument deduction/substitution failed:
/home/ilex/Dev/VIST/src/robot/sdk/arm_teleop/src/lbot_driver/src/lbot_driver.cpp:1057:9: note:   cannot convert ‘service_qos’ (type ‘rclcpp::QoS’) to type ‘const rmw_qos_profile_t&’ {aka ‘const rmw_qos_profile_s&’}
 1057 |         service_qos, callback_group_);
      |         ^~~~~~~~~~~
/home/ilex/Dev/VIST/src/robot/sdk/arm_teleop/src/lbot_driver/src/lbot_driver.cpp:1059:100: error: no matching function for call to ‘lbot_driver::RightArmServiceNode::create_service<lbot_arm_interfaces::srv::InverseKinematics>(const char [29], std::_Bind_helper<false, void (lbot_driver::RightArmServiceNode::*)(std::shared_ptr<lbot_arm_interfaces::srv::InverseKinematics_Request_<std::allocator<void> > >, std::shared_ptr<lbot_arm_interfaces::srv::InverseKinematics_Response_<std::allocator<void> > >), lbot_driver::RightArmServiceNode*, const std::_Placeholder<1>&, const std::_Placeholder<2>&>::type, rclcpp::QoS&, rclcpp::CallbackGroup::SharedPtr&)’
 1059 |     inverse_kinematics_service_ = this->create_service<lbot_arm_interfaces::srv::InverseKinematics>(
      |                                   ~~~~~~~~~~~~~~~~~~~~~~~~~~~~~~~~~~~~~~~~~~~~~~~~~~~~~~~~~~~~~~~~~^
 1060 |         "right_arm/inverse_kinematics",
      |         ~~~~~~~~~~~~~~~~~~~~~~~~~~~~~~~                                                             
 1061 |         std::bind(&RightArmServiceNode::inverse_kinematics_callback, this, std::placeholders::_1, std::placeholders::_2),
      |         ~~~~~~~~~~~~~~~~~~~~~~~~~~~~~~~~~~~~~~~~~~~~~~~~~~~~~~~~~~~~~~~~~~~~~~~~~~~~~~~~~~~~~~~~~~~~~~~~~~~~~~~~~~~~~~~~~
 1062 |         service_qos, callback_group_);
      |         ~~~~~~~~~~~~~~~~~~~~~~~~~~~~~                                                               
In file included from /opt/ros/humble/include/rclcpp/rclcpp/executors/single_threaded_executor.hpp:28,
                 from /opt/ros/humble/include/rclcpp/rclcpp/executors.hpp:22,
                 from /opt/ros/humble/include/rclcpp/rclcpp/rclcpp.hpp:155,
                 from /home/ilex/Dev/VIST/src/robot/sdk/arm_teleop/src/lbot_driver/include/lbot_driver/lbot_driver.h:19,
                 from /home/ilex/Dev/VIST/src/robot/sdk/arm_teleop/src/lbot_driver/src/lbot_driver.cpp:15:
/opt/ros/humble/include/rclcpp/rclcpp/node.hpp:267:3: note: candidate: ‘template<class ServiceT, class CallbackT> typename rclcpp::Service<ServiceT>::SharedPtr rclcpp::Node::create_service(const string&, CallbackT&&, const rmw_qos_profile_t&, rclcpp::CallbackGroup::SharedPtr)’
  267 |   create_service(
      |   ^~~~~~~~~~~~~~
/opt/ros/humble/include/rclcpp/rclcpp/node.hpp:267:3: note:   template argument deduction/substitution failed:
/home/ilex/Dev/VIST/src/robot/sdk/arm_teleop/src/lbot_driver/src/lbot_driver.cpp:1062:9: note:   cannot convert ‘service_qos’ (type ‘rclcpp::QoS’) to type ‘const rmw_qos_profile_t&’ {aka ‘const rmw_qos_profile_s&’}
 1062 |         service_qos, callback_group_);
      |         ^~~~~~~~~~~
/home/ilex/Dev/VIST/src/robot/sdk/arm_teleop/src/lbot_driver/src/lbot_driver.cpp:1065:87: error: no matching function for call to ‘lbot_driver::RightArmServiceNode::create_service<lbot_arm_interfaces::srv::SetFrame>(const char [25], std::_Bind_helper<false, void (lbot_driver::RightArmServiceNode::*)(std::shared_ptr<lbot_arm_interfaces::srv::SetFrame_Request_<std::allocator<void> > >, std::shared_ptr<lbot_arm_interfaces::srv::SetFrame_Response_<std::allocator<void> > >), lbot_driver::RightArmServiceNode*, const std::_Placeholder<1>&, const std::_Placeholder<2>&>::type, rclcpp::QoS&, rclcpp::CallbackGroup::SharedPtr&)’
 1065 |     set_tool_frame_service_ = this->create_service<lbot_arm_interfaces::srv::SetFrame>(
      |                               ~~~~~~~~~~~~~~~~~~~~~~~~~~~~~~~~~~~~~~~~~~~~~~~~~~~~~~~~^
 1066 |         "right_arm/set_tool_frame",
      |         ~~~~~~~~~~~~~~~~~~~~~~~~~~~                                                    
 1067 |         std::bind(&RightArmServiceNode::set_tool_frame_callback, this, std::placeholders::_1, std::placeholders::_2),
      |         ~~~~~~~~~~~~~~~~~~~~~~~~~~~~~~~~~~~~~~~~~~~~~~~~~~~~~~~~~~~~~~~~~~~~~~~~~~~~~~~~~~~~~~~~~~~~~~~~~~~~~~~~~~~~~
 1068 |         service_qos, callback_group_);
      |         ~~~~~~~~~~~~~~~~~~~~~~~~~~~~~                                                  
In file included from /opt/ros/humble/include/rclcpp/rclcpp/executors/single_threaded_executor.hpp:28,
                 from /opt/ros/humble/include/rclcpp/rclcpp/executors.hpp:22,
                 from /opt/ros/humble/include/rclcpp/rclcpp/rclcpp.hpp:155,
                 from /home/ilex/Dev/VIST/src/robot/sdk/arm_teleop/src/lbot_driver/include/lbot_driver/lbot_driver.h:19,
                 from /home/ilex/Dev/VIST/src/robot/sdk/arm_teleop/src/lbot_driver/src/lbot_driver.cpp:15:
/opt/ros/humble/include/rclcpp/rclcpp/node.hpp:267:3: note: candidate: ‘template<class ServiceT, class CallbackT> typename rclcpp::Service<ServiceT>::SharedPtr rclcpp::Node::create_service(const string&, CallbackT&&, const rmw_qos_profile_t&, rclcpp::CallbackGroup::SharedPtr)’
  267 |   create_service(
      |   ^~~~~~~~~~~~~~
/opt/ros/humble/include/rclcpp/rclcpp/node.hpp:267:3: note:   template argument deduction/substitution failed:
/home/ilex/Dev/VIST/src/robot/sdk/arm_teleop/src/lbot_driver/src/lbot_driver.cpp:1068:9: note:   cannot convert ‘service_qos’ (type ‘rclcpp::QoS’) to type ‘const rmw_qos_profile_t&’ {aka ‘const rmw_qos_profile_s&’}
 1068 |         service_qos, callback_group_);
      |         ^~~~~~~~~~~
/home/ilex/Dev/VIST/src/robot/sdk/arm_teleop/src/lbot_driver/src/lbot_driver.cpp:1070:87: error: no matching function for call to ‘lbot_driver::RightArmServiceNode::create_service<lbot_arm_interfaces::srv::GetFrame>(const char [25], std::_Bind_helper<false, void (lbot_driver::RightArmServiceNode::*)(std::shared_ptr<lbot_arm_interfaces::srv::GetFrame_Request_<std::allocator<void> > >, std::shared_ptr<lbot_arm_interfaces::srv::GetFrame_Response_<std::allocator<void> > >), lbot_driver::RightArmServiceNode*, const std::_Placeholder<1>&, const std::_Placeholder<2>&>::type, rclcpp::QoS&, rclcpp::CallbackGroup::SharedPtr&)’
 1070 |     get_tool_frame_service_ = this->create_service<lbot_arm_interfaces::srv::GetFrame>(
      |                               ~~~~~~~~~~~~~~~~~~~~~~~~~~~~~~~~~~~~~~~~~~~~~~~~~~~~~~~~^
 1071 |         "right_arm/get_tool_frame",
      |         ~~~~~~~~~~~~~~~~~~~~~~~~~~~                                                    
 1072 |         std::bind(&RightArmServiceNode::get_tool_frame_callback, this, std::placeholders::_1, std::placeholders::_2),
      |         ~~~~~~~~~~~~~~~~~~~~~~~~~~~~~~~~~~~~~~~~~~~~~~~~~~~~~~~~~~~~~~~~~~~~~~~~~~~~~~~~~~~~~~~~~~~~~~~~~~~~~~~~~~~~~
 1073 |         service_qos, callback_group_);
      |         ~~~~~~~~~~~~~~~~~~~~~~~~~~~~~                                                  
In file included from /opt/ros/humble/include/rclcpp/rclcpp/executors/single_threaded_executor.hpp:28,
                 from /opt/ros/humble/include/rclcpp/rclcpp/executors.hpp:22,
                 from /opt/ros/humble/include/rclcpp/rclcpp/rclcpp.hpp:155,
                 from /home/ilex/Dev/VIST/src/robot/sdk/arm_teleop/src/lbot_driver/include/lbot_driver/lbot_driver.h:19,
                 from /home/ilex/Dev/VIST/src/robot/sdk/arm_teleop/src/lbot_driver/src/lbot_driver.cpp:15:
/opt/ros/humble/include/rclcpp/rclcpp/node.hpp:267:3: note: candidate: ‘template<class ServiceT, class CallbackT> typename rclcpp::Service<ServiceT>::SharedPtr rclcpp::Node::create_service(const string&, CallbackT&&, const rmw_qos_profile_t&, rclcpp::CallbackGroup::SharedPtr)’
  267 |   create_service(
      |   ^~~~~~~~~~~~~~
/opt/ros/humble/include/rclcpp/rclcpp/node.hpp:267:3: note:   template argument deduction/substitution failed:
/home/ilex/Dev/VIST/src/robot/sdk/arm_teleop/src/lbot_driver/src/lbot_driver.cpp:1073:9: note:   cannot convert ‘service_qos’ (type ‘rclcpp::QoS’) to type ‘const rmw_qos_profile_t&’ {aka ‘const rmw_qos_profile_s&’}
 1073 |         service_qos, callback_group_);
      |         ^~~~~~~~~~~
/home/ilex/Dev/VIST/src/robot/sdk/arm_teleop/src/lbot_driver/src/lbot_driver.cpp:1075:102: error: no matching function for call to ‘lbot_driver::RightArmServiceNode::create_service<lbot_arm_interfaces::srv::GetCurrentFrame>(const char [33], std::_Bind_helper<false, void (lbot_driver::RightArmServiceNode::*)(std::shared_ptr<lbot_arm_interfaces::srv::GetCurrentFrame_Request_<std::allocator<void> > >, std::shared_ptr<lbot_arm_interfaces::srv::GetCurrentFrame_Response_<std::allocator<void> > >), lbot_driver::RightArmServiceNode*, const std::_Placeholder<1>&, const std::_Placeholder<2>&>::type, rclcpp::QoS&, rclcpp::CallbackGroup::SharedPtr&)’
 1075 |     get_current_tool_frame_service_ = this->create_service<lbot_arm_interfaces::srv::GetCurrentFrame>(
      |                                       ~~~~~~~~~~~~~~~~~~~~~~~~~~~~~~~~~~~~~~~~~~~~~~~~~~~~~~~~~~~~~~~^
 1076 |         "right_arm/get_current_tool_frame",
      |         ~~~~~~~~~~~~~~~~~~~~~~~~~~~~~~~~~~~                                                           
 1077 |         std::bind(&RightArmServiceNode::get_current_tool_frame_callback, this, std::placeholders::_1, std::placeholders::_2),
      |         ~~~~~~~~~~~~~~~~~~~~~~~~~~~~~~~~~~~~~~~~~~~~~~~~~~~~~~~~~~~~~~~~~~~~~~~~~~~~~~~~~~~~~~~~~~~~~~~~~~~~~~~~~~~~~~~~~~~~~
 1078 |         service_qos, callback_group_);
      |         ~~~~~~~~~~~~~~~~~~~~~~~~~~~~~                                                                 
In file included from /opt/ros/humble/include/rclcpp/rclcpp/executors/single_threaded_executor.hpp:28,
                 from /opt/ros/humble/include/rclcpp/rclcpp/executors.hpp:22,
                 from /opt/ros/humble/include/rclcpp/rclcpp/rclcpp.hpp:155,
                 from /home/ilex/Dev/VIST/src/robot/sdk/arm_teleop/src/lbot_driver/include/lbot_driver/lbot_driver.h:19,
                 from /home/ilex/Dev/VIST/src/robot/sdk/arm_teleop/src/lbot_driver/src/lbot_driver.cpp:15:
/opt/ros/humble/include/rclcpp/rclcpp/node.hpp:267:3: note: candidate: ‘template<class ServiceT, class CallbackT> typename rclcpp::Service<ServiceT>::SharedPtr rclcpp::Node::create_service(const string&, CallbackT&&, const rmw_qos_profile_t&, rclcpp::CallbackGroup::SharedPtr)’
  267 |   create_service(
      |   ^~~~~~~~~~~~~~
/opt/ros/humble/include/rclcpp/rclcpp/node.hpp:267:3: note:   template argument deduction/substitution failed:
/home/ilex/Dev/VIST/src/robot/sdk/arm_teleop/src/lbot_driver/src/lbot_driver.cpp:1078:9: note:   cannot convert ‘service_qos’ (type ‘rclcpp::QoS’) to type ‘const rmw_qos_profile_t&’ {aka ‘const rmw_qos_profile_s&’}
 1078 |         service_qos, callback_group_);
      |         ^~~~~~~~~~~
/home/ilex/Dev/VIST/src/robot/sdk/arm_teleop/src/lbot_driver/src/lbot_driver.cpp:1080:93: error: no matching function for call to ‘lbot_driver::RightArmServiceNode::create_service<lbot_arm_interfaces::srv::ChangeFrame>(const char [28], std::_Bind_helper<false, void (lbot_driver::RightArmServiceNode::*)(std::shared_ptr<lbot_arm_interfaces::srv::ChangeFrame_Request_<std::allocator<void> > >, std::shared_ptr<lbot_arm_interfaces::srv::ChangeFrame_Response_<std::allocator<void> > >), lbot_driver::RightArmServiceNode*, const std::_Placeholder<1>&, const std::_Placeholder<2>&>::type, rclcpp::QoS&, rclcpp::CallbackGroup::SharedPtr&)’
 1080 |     change_tool_frame_service_ = this->create_service<lbot_arm_interfaces::srv::ChangeFrame>(
      |                                  ~~~~~~~~~~~~~~~~~~~~~~~~~~~~~~~~~~~~~~~~~~~~~~~~~~~~~~~~~~~^
 1081 |         "right_arm/change_tool_frame",
      |         ~~~~~~~~~~~~~~~~~~~~~~~~~~~~~~                                                       
 1082 |         std::bind(&RightArmServiceNode::change_tool_frame_callback, this, std::placeholders::_1, std::placeholders::_2),
      |         ~~~~~~~~~~~~~~~~~~~~~~~~~~~~~~~~~~~~~~~~~~~~~~~~~~~~~~~~~~~~~~~~~~~~~~~~~~~~~~~~~~~~~~~~~~~~~~~~~~~~~~~~~~~~~~~~
 1083 |         service_qos, callback_group_);
      |         ~~~~~~~~~~~~~~~~~~~~~~~~~~~~~                                                        
In file included from /opt/ros/humble/include/rclcpp/rclcpp/executors/single_threaded_executor.hpp:28,
                 from /opt/ros/humble/include/rclcpp/rclcpp/executors.hpp:22,
                 from /opt/ros/humble/include/rclcpp/rclcpp/rclcpp.hpp:155,
                 from /home/ilex/Dev/VIST/src/robot/sdk/arm_teleop/src/lbot_driver/include/lbot_driver/lbot_driver.h:19,
                 from /home/ilex/Dev/VIST/src/robot/sdk/arm_teleop/src/lbot_driver/src/lbot_driver.cpp:15:
/opt/ros/humble/include/rclcpp/rclcpp/node.hpp:267:3: note: candidate: ‘template<class ServiceT, class CallbackT> typename rclcpp::Service<ServiceT>::SharedPtr rclcpp::Node::create_service(const string&, CallbackT&&, const rmw_qos_profile_t&, rclcpp::CallbackGroup::SharedPtr)’
  267 |   create_service(
      |   ^~~~~~~~~~~~~~
/opt/ros/humble/include/rclcpp/rclcpp/node.hpp:267:3: note:   template argument deduction/substitution failed:
/home/ilex/Dev/VIST/src/robot/sdk/arm_teleop/src/lbot_driver/src/lbot_driver.cpp:1083:9: note:   cannot convert ‘service_qos’ (type ‘rclcpp::QoS’) to type ‘const rmw_qos_profile_t&’ {aka ‘const rmw_qos_profile_s&’}
 1083 |         service_qos, callback_group_);
      |         ^~~~~~~~~~~
/home/ilex/Dev/VIST/src/robot/sdk/arm_teleop/src/lbot_driver/src/lbot_driver.cpp:1085:93: error: no matching function for call to ‘lbot_driver::RightArmServiceNode::create_service<lbot_arm_interfaces::srv::DeleteFrame>(const char [28], std::_Bind_helper<false, void (lbot_driver::RightArmServiceNode::*)(std::shared_ptr<lbot_arm_interfaces::srv::DeleteFrame_Request_<std::allocator<void> > >, std::shared_ptr<lbot_arm_interfaces::srv::DeleteFrame_Response_<std::allocator<void> > >), lbot_driver::RightArmServiceNode*, const std::_Placeholder<1>&, const std::_Placeholder<2>&>::type, rclcpp::QoS&, rclcpp::CallbackGroup::SharedPtr&)’
 1085 |     delete_tool_frame_service_ = this->create_service<lbot_arm_interfaces::srv::DeleteFrame>(
      |                                  ~~~~~~~~~~~~~~~~~~~~~~~~~~~~~~~~~~~~~~~~~~~~~~~~~~~~~~~~~~~^
 1086 |         "right_arm/delete_tool_frame",
      |         ~~~~~~~~~~~~~~~~~~~~~~~~~~~~~~                                                       
 1087 |         std::bind(&RightArmServiceNode::delete_tool_frame_callback, this, std::placeholders::_1, std::placeholders::_2),
      |         ~~~~~~~~~~~~~~~~~~~~~~~~~~~~~~~~~~~~~~~~~~~~~~~~~~~~~~~~~~~~~~~~~~~~~~~~~~~~~~~~~~~~~~~~~~~~~~~~~~~~~~~~~~~~~~~~
 1088 |         service_qos, callback_group_);
      |         ~~~~~~~~~~~~~~~~~~~~~~~~~~~~~                                                        
In file included from /opt/ros/humble/include/rclcpp/rclcpp/executors/single_threaded_executor.hpp:28,
                 from /opt/ros/humble/include/rclcpp/rclcpp/executors.hpp:22,
                 from /opt/ros/humble/include/rclcpp/rclcpp/rclcpp.hpp:155,
                 from /home/ilex/Dev/VIST/src/robot/sdk/arm_teleop/src/lbot_driver/include/lbot_driver/lbot_driver.h:19,
                 from /home/ilex/Dev/VIST/src/robot/sdk/arm_teleop/src/lbot_driver/src/lbot_driver.cpp:15:
/opt/ros/humble/include/rclcpp/rclcpp/node.hpp:267:3: note: candidate: ‘template<class ServiceT, class CallbackT> typename rclcpp::Service<ServiceT>::SharedPtr rclcpp::Node::create_service(const string&, CallbackT&&, const rmw_qos_profile_t&, rclcpp::CallbackGroup::SharedPtr)’
  267 |   create_service(
      |   ^~~~~~~~~~~~~~
/opt/ros/humble/include/rclcpp/rclcpp/node.hpp:267:3: note:   template argument deduction/substitution failed:
/home/ilex/Dev/VIST/src/robot/sdk/arm_teleop/src/lbot_driver/src/lbot_driver.cpp:1088:9: note:   cannot convert ‘service_qos’ (type ‘rclcpp::QoS’) to type ‘const rmw_qos_profile_t&’ {aka ‘const rmw_qos_profile_s&’}
 1088 |         service_qos, callback_group_);
      |         ^~~~~~~~~~~
/home/ilex/Dev/VIST/src/robot/sdk/arm_teleop/src/lbot_driver/src/lbot_driver.cpp:1090:96: error: no matching function for call to ‘lbot_driver::RightArmServiceNode::create_service<lbot_arm_interfaces::srv::GetAllFrames>(const char [30], std::_Bind_helper<false, void (lbot_driver::RightArmServiceNode::*)(std::shared_ptr<lbot_arm_interfaces::srv::GetAllFrames_Request_<std::allocator<void> > >, std::shared_ptr<lbot_arm_interfaces::srv::GetAllFrames_Response_<std::allocator<void> > >), lbot_driver::RightArmServiceNode*, const std::_Placeholder<1>&, const std::_Placeholder<2>&>::type, rclcpp::QoS&, rclcpp::CallbackGroup::SharedPtr&)’
 1090 |     get_all_tool_frames_service_ = this->create_service<lbot_arm_interfaces::srv::GetAllFrames>(
      |                                    ~~~~~~~~~~~~~~~~~~~~~~~~~~~~~~~~~~~~~~~~~~~~~~~~~~~~~~~~~~~~^
 1091 |         "right_arm/get_all_tool_frames",
      |         ~~~~~~~~~~~~~~~~~~~~~~~~~~~~~~~~                                                        
 1092 |         std::bind(&RightArmServiceNode::get_all_tool_frames_callback, this, std::placeholders::_1, std::placeholders::_2),
      |         ~~~~~~~~~~~~~~~~~~~~~~~~~~~~~~~~~~~~~~~~~~~~~~~~~~~~~~~~~~~~~~~~~~~~~~~~~~~~~~~~~~~~~~~~~~~~~~~~~~~~~~~~~~~~~~~~~~
 1093 |         service_qos, callback_group_);
      |         ~~~~~~~~~~~~~~~~~~~~~~~~~~~~~                                                           
In file included from /opt/ros/humble/include/rclcpp/rclcpp/executors/single_threaded_executor.hpp:28,
                 from /opt/ros/humble/include/rclcpp/rclcpp/executors.hpp:22,
                 from /opt/ros/humble/include/rclcpp/rclcpp/rclcpp.hpp:155,
                 from /home/ilex/Dev/VIST/src/robot/sdk/arm_teleop/src/lbot_driver/include/lbot_driver/lbot_driver.h:19,
                 from /home/ilex/Dev/VIST/src/robot/sdk/arm_teleop/src/lbot_driver/src/lbot_driver.cpp:15:
/opt/ros/humble/include/rclcpp/rclcpp/node.hpp:267:3: note: candidate: ‘template<class ServiceT, class CallbackT> typename rclcpp::Service<ServiceT>::SharedPtr rclcpp::Node::create_service(const string&, CallbackT&&, const rmw_qos_profile_t&, rclcpp::CallbackGroup::SharedPtr)’
  267 |   create_service(
      |   ^~~~~~~~~~~~~~
/opt/ros/humble/include/rclcpp/rclcpp/node.hpp:267:3: note:   template argument deduction/substitution failed:
/home/ilex/Dev/VIST/src/robot/sdk/arm_teleop/src/lbot_driver/src/lbot_driver.cpp:1093:9: note:   cannot convert ‘service_qos’ (type ‘rclcpp::QoS’) to type ‘const rmw_qos_profile_t&’ {aka ‘const rmw_qos_profile_s&’}
 1093 |         service_qos, callback_group_);
      |         ^~~~~~~~~~~
/home/ilex/Dev/VIST/src/robot/sdk/arm_teleop/src/lbot_driver/src/lbot_driver.cpp:1096:80: error: no matching function for call to ‘lbot_driver::RightArmServiceNode::create_service<lbot_arm_interfaces::srv::SetZero>(const char [19], std::_Bind_helper<false, void (lbot_driver::RightArmServiceNode::*)(std::shared_ptr<lbot_arm_interfaces::srv::SetZero_Request_<std::allocator<void> > >, std::shared_ptr<lbot_arm_interfaces::srv::SetZero_Response_<std::allocator<void> > >), lbot_driver::RightArmServiceNode*, const std::_Placeholder<1>&, const std::_Placeholder<2>&>::type, rclcpp::QoS&, rclcpp::CallbackGroup::SharedPtr&)’
 1096 |     set_zero_service_ = this->create_service<lbot_arm_interfaces::srv::SetZero>(
      |                         ~~~~~~~~~~~~~~~~~~~~~~~~~~~~~~~~~~~~~~~~~~~~~~~~~~~~~~~^
 1097 |         "right_arm/set_zero",
      |         ~~~~~~~~~~~~~~~~~~~~~                                                   
 1098 |         std::bind(&RightArmServiceNode::set_zero_callback, this, std::placeholders::_1, std::placeholders::_2),
      |         ~~~~~~~~~~~~~~~~~~~~~~~~~~~~~~~~~~~~~~~~~~~~~~~~~~~~~~~~~~~~~~~~~~~~~~~~~~~~~~~~~~~~~~~~~~~~~~~~~~~~~~~
 1099 |         service_qos, callback_group_);
      |         ~~~~~~~~~~~~~~~~~~~~~~~~~~~~~                                           
In file included from /opt/ros/humble/include/rclcpp/rclcpp/executors/single_threaded_executor.hpp:28,
                 from /opt/ros/humble/include/rclcpp/rclcpp/executors.hpp:22,
                 from /opt/ros/humble/include/rclcpp/rclcpp/rclcpp.hpp:155,
                 from /home/ilex/Dev/VIST/src/robot/sdk/arm_teleop/src/lbot_driver/include/lbot_driver/lbot_driver.h:19,
                 from /home/ilex/Dev/VIST/src/robot/sdk/arm_teleop/src/lbot_driver/src/lbot_driver.cpp:15:
/opt/ros/humble/include/rclcpp/rclcpp/node.hpp:267:3: note: candidate: ‘template<class ServiceT, class CallbackT> typename rclcpp::Service<ServiceT>::SharedPtr rclcpp::Node::create_service(const string&, CallbackT&&, const rmw_qos_profile_t&, rclcpp::CallbackGroup::SharedPtr)’
  267 |   create_service(
      |   ^~~~~~~~~~~~~~
/opt/ros/humble/include/rclcpp/rclcpp/node.hpp:267:3: note:   template argument deduction/substitution failed:
/home/ilex/Dev/VIST/src/robot/sdk/arm_teleop/src/lbot_driver/src/lbot_driver.cpp:1099:9: note:   cannot convert ‘service_qos’ (type ‘rclcpp::QoS’) to type ‘const rmw_qos_profile_t&’ {aka ‘const rmw_qos_profile_s&’}
 1099 |         service_qos, callback_group_);
      |         ^~~~~~~~~~~
/home/ilex/Dev/VIST/src/robot/sdk/arm_teleop/src/lbot_driver/src/lbot_driver.cpp:1100:84: error: no matching function for call to ‘lbot_driver::RightArmServiceNode::create_service<lbot_arm_interfaces::srv::SetEnable>(const char [21], std::_Bind_helper<false, void (lbot_driver::RightArmServiceNode::*)(std::shared_ptr<lbot_arm_interfaces::srv::SetEnable_Request_<std::allocator<void> > >, std::shared_ptr<lbot_arm_interfaces::srv::SetEnable_Response_<std::allocator<void> > >), lbot_driver::RightArmServiceNode*, const std::_Placeholder<1>&, const std::_Placeholder<2>&>::type, rclcpp::QoS&, rclcpp::CallbackGroup::SharedPtr&)’
 1100 |     set_enable_service_ = this->create_service<lbot_arm_interfaces::srv::SetEnable>(
      |                           ~~~~~~~~~~~~~~~~~~~~~~~~~~~~~~~~~~~~~~~~~~~~~~~~~~~~~~~~~^
 1101 |         "right_arm/set_enable",
      |         ~~~~~~~~~~~~~~~~~~~~~~~                                                     
 1102 |         std::bind(&RightArmServiceNode::set_enable_callback, this, std::placeholders::_1, std::placeholders::_2),
      |         ~~~~~~~~~~~~~~~~~~~~~~~~~~~~~~~~~~~~~~~~~~~~~~~~~~~~~~~~~~~~~~~~~~~~~~~~~~~~~~~~~~~~~~~~~~~~~~~~~~~~~~~~~
 1103 |         service_qos, callback_group_);
      |         ~~~~~~~~~~~~~~~~~~~~~~~~~~~~~                                               
In file included from /opt/ros/humble/include/rclcpp/rclcpp/executors/single_threaded_executor.hpp:28,
                 from /opt/ros/humble/include/rclcpp/rclcpp/executors.hpp:22,
                 from /opt/ros/humble/include/rclcpp/rclcpp/rclcpp.hpp:155,
                 from /home/ilex/Dev/VIST/src/robot/sdk/arm_teleop/src/lbot_driver/include/lbot_driver/lbot_driver.h:19,
                 from /home/ilex/Dev/VIST/src/robot/sdk/arm_teleop/src/lbot_driver/src/lbot_driver.cpp:15:
/opt/ros/humble/include/rclcpp/rclcpp/node.hpp:267:3: note: candidate: ‘template<class ServiceT, class CallbackT> typename rclcpp::Service<ServiceT>::SharedPtr rclcpp::Node::create_service(const string&, CallbackT&&, const rmw_qos_profile_t&, rclcpp::CallbackGroup::SharedPtr)’
  267 |   create_service(
      |   ^~~~~~~~~~~~~~
/opt/ros/humble/include/rclcpp/rclcpp/node.hpp:267:3: note:   template argument deduction/substitution failed:
/home/ilex/Dev/VIST/src/robot/sdk/arm_teleop/src/lbot_driver/src/lbot_driver.cpp:1103:9: note:   cannot convert ‘service_qos’ (type ‘rclcpp::QoS’) to type ‘const rmw_qos_profile_t&’ {aka ‘const rmw_qos_profile_s&’}
 1103 |         service_qos, callback_group_);
      |         ^~~~~~~~~~~
/home/ilex/Dev/VIST/src/robot/sdk/arm_teleop/src/lbot_driver/src/lbot_driver.cpp:1104:90: error: no matching function for call to ‘lbot_driver::RightArmServiceNode::create_service<lbot_arm_interfaces::srv::SetEmergency>(const char [29], std::_Bind_helper<false, void (lbot_driver::RightArmServiceNode::*)(std::shared_ptr<lbot_arm_interfaces::srv::SetEmergency_Request_<std::allocator<void> > >, std::shared_ptr<lbot_arm_interfaces::srv::SetEmergency_Response_<std::allocator<void> > >), lbot_driver::RightArmServiceNode*, const std::_Placeholder<1>&, const std::_Placeholder<2>&>::type, rclcpp::QoS&, rclcpp::CallbackGroup::SharedPtr&)’
 1104 |     set_emergency_service_ = this->create_service<lbot_arm_interfaces::srv::SetEmergency>(
      |                              ~~~~~~~~~~~~~~~~~~~~~~~~~~~~~~~~~~~~~~~~~~~~~~~~~~~~~~~~~~~~^
 1105 |         "right_arm/set_emergency_stop",
      |         ~~~~~~~~~~~~~~~~~~~~~~~~~~~~~~~                                                   
 1106 |         std::bind(&RightArmServiceNode::set_emergency_callback, this, std::placeholders::_1, std::placeholders::_2),
      |         ~~~~~~~~~~~~~~~~~~~~~~~~~~~~~~~~~~~~~~~~~~~~~~~~~~~~~~~~~~~~~~~~~~~~~~~~~~~~~~~~~~~~~~~~~~~~~~~~~~~~~~~~~~~~
 1107 |         service_qos, callback_group_);
      |         ~~~~~~~~~~~~~~~~~~~~~~~~~~~~~                                                     
In file included from /opt/ros/humble/include/rclcpp/rclcpp/executors/single_threaded_executor.hpp:28,
                 from /opt/ros/humble/include/rclcpp/rclcpp/executors.hpp:22,
                 from /opt/ros/humble/include/rclcpp/rclcpp/rclcpp.hpp:155,
                 from /home/ilex/Dev/VIST/src/robot/sdk/arm_teleop/src/lbot_driver/include/lbot_driver/lbot_driver.h:19,
                 from /home/ilex/Dev/VIST/src/robot/sdk/arm_teleop/src/lbot_driver/src/lbot_driver.cpp:15:
/opt/ros/humble/include/rclcpp/rclcpp/node.hpp:267:3: note: candidate: ‘template<class ServiceT, class CallbackT> typename rclcpp::Service<ServiceT>::SharedPtr rclcpp::Node::create_service(const string&, CallbackT&&, const rmw_qos_profile_t&, rclcpp::CallbackGroup::SharedPtr)’
  267 |   create_service(
      |   ^~~~~~~~~~~~~~
/opt/ros/humble/include/rclcpp/rclcpp/node.hpp:267:3: note:   template argument deduction/substitution failed:
/home/ilex/Dev/VIST/src/robot/sdk/arm_teleop/src/lbot_driver/src/lbot_driver.cpp:1107:9: note:   cannot convert ‘service_qos’ (type ‘rclcpp::QoS’) to type ‘const rmw_qos_profile_t&’ {aka ‘const rmw_qos_profile_s&’}
 1107 |         service_qos, callback_group_);
      |         ^~~~~~~~~~~
gmake[2]: *** [CMakeFiles/lbot_driver.dir/build.make:76：CMakeFiles/lbot_driver.dir/src/lbot_driver.cpp.o] 错误 1
gmake[1]: *** [CMakeFiles/Makefile2:137：CMakeFiles/lbot_driver.dir/all] 错误 2
gmake: *** [Makefile:146：all] 错误 2
