[0.006s] Invoking command in '/home/ilex/Dev/VIST/src/robot/sdk/arm_teleop/build/lbot_driver': AMENT_PREFIX_PATH=/home/ilex/Dev/VIST/src/robot/sdk/arm_teleop/install/lbot_arm_interfaces:${AMENT_PREFIX_PATH} CMAKE_PREFIX_PATH=/home/ilex/Dev/VIST/src/robot/sdk/arm_teleop/install/lbot_arm_interfaces:/opt/ros/humble CONDA_PROMPT_MODIFIER=(base) LD_LIBRARY_PATH=/home/ilex/Dev/VIST/src/robot/sdk/arm_teleop/install/lbot_arm_interfaces/lib:${LD_LIBRARY_PATH} PYTHONPATH=/home/ilex/Dev/VIST/src/robot/sdk/arm_teleop/install/lbot_arm_interfaces/lib/python3.10/site-packages:${PYTHONPATH} /usr/bin/cmake /home/ilex/Dev/VIST/src/robot/sdk/arm_teleop/src/lbot_driver -DAMENT_CMAKE_SYMLINK_INSTALL=1 -DCMAKE_INSTALL_PREFIX=/home/ilex/Dev/VIST/src/robot/sdk/arm_teleop/install/lbot_driver
[0.048s] -- The C compiler identification is GNU 11.4.0
[0.094s] -- The CXX compiler identification is GNU 11.4.0
[0.100s] -- Detecting C compiler ABI info
[0.156s] -- Detecting C compiler ABI info - done
[0.161s] -- Check for working C compiler: /usr/bin/cc - skipped
[0.161s] -- Detecting C compile features
[0.161s] -- Detecting C compile features - done
[0.163s] -- Detecting CXX compiler ABI info
[0.224s] -- Detecting CXX compiler ABI info - done
[0.229s] -- Check for working CXX compiler: /usr/bin/c++ - skipped
[0.230s] -- Detecting CXX compile features
[0.230s] -- Detecting CXX compile features - done
[0.231s] -- Found ament_cmake: 1.3.12 (/opt/ros/humble/share/ament_cmake/cmake)
[0.552s] -- Found Python3: /home/ilex/miniforge3/envs/robot_env/bin/python3 (found version "3.10.19") found components: Interpreter 
[0.607s] -- Override CMake install command with custom implementation using symlinks instead of copying resources
[0.634s] -- Found rclcpp: 16.0.17 (/opt/ros/humble/share/rclcpp/cmake)
[0.666s] -- Found rosidl_generator_c: 3.1.8 (/opt/ros/humble/share/rosidl_generator_c/cmake)
[0.669s] -- Found rosidl_adapter: 3.1.8 (/opt/ros/humble/share/rosidl_adapter/cmake)
[0.676s] -- Found rosidl_generator_cpp: 3.1.8 (/opt/ros/humble/share/rosidl_generator_cpp/cmake)
[0.685s] -- Using all available rosidl_typesupport_c: rosidl_typesupport_fastrtps_c;rosidl_typesupport_introspection_c
[0.697s] -- Using all available rosidl_typesupport_cpp: rosidl_typesupport_fastrtps_cpp;rosidl_typesupport_introspection_cpp
[0.731s] -- Found rmw_implementation_cmake: 6.1.2 (/opt/ros/humble/share/rmw_implementation_cmake/cmake)
[0.733s] -- Found rmw_fastrtps_cpp: 6.2.9 (/opt/ros/humble/share/rmw_fastrtps_cpp/cmake)
[0.799s] -- Found OpenSSL: /usr/lib/x86_64-linux-gnu/libcrypto.so (found version "3.0.2")  
[0.818s] -- Found FastRTPS: /opt/ros/humble/include  
[0.838s] -- Using RMW implementation 'rmw_fastrtps_cpp' as default
[0.844s] -- Looking for pthread.h
[0.908s] -- Looking for pthread.h - found
[0.908s] -- Performing Test CMAKE_HAVE_LIBC_PTHREAD
[0.976s] -- Performing Test CMAKE_HAVE_LIBC_PTHREAD - Success
[0.978s] -- Found Threads: TRUE  
[1.020s] -- Found std_srvs: 4.9.0 (/opt/ros/humble/share/std_srvs/cmake)
[1.028s] -- Found sensor_msgs: 4.9.0 (/opt/ros/humble/share/sensor_msgs/cmake)
[1.054s] -- Found tf2: 0.25.18 (/opt/ros/humble/share/tf2/cmake)
[1.059s] -- Found tf2_geometry_msgs: 0.25.18 (/opt/ros/humble/share/tf2_geometry_msgs/cmake)
[1.066s] -- Found eigen3_cmake_module: 0.1.1 (/opt/ros/humble/share/eigen3_cmake_module/cmake)
[1.067s] -- Found Eigen3: TRUE (found version "3.4.0") 
[1.067s] -- Ensuring Eigen3 include directory is part of orocos-kdl CMake target
[1.141s] -- Found lbot_arm_interfaces: 0.0.0 (/home/ilex/Dev/VIST/src/robot/sdk/arm_teleop/install/lbot_arm_interfaces/share/lbot_arm_interfaces/cmake)
[1.237s] -- Configuring done
[1.246s] CMake Warning at CMakeLists.txt:30 (add_executable):
[1.246s]   Cannot generate a safe runtime search path for target lbot_driver because
[1.247s]   files in some directories may conflict with libraries in implicit
[1.247s]   directories:
[1.247s] 
[1.247s]     runtime library [libpython3.10.so.1.0] in /usr/lib/x86_64-linux-gnu may be hidden by files in:
[1.247s]       /home/ilex/miniforge3/envs/robot_env/lib
[1.247s] 
[1.247s]   Some of these libraries may not be found correctly.
[1.247s] 
[1.247s] 
[1.247s] -- Generating done
[1.250s] -- Build files have been written to: /home/ilex/Dev/VIST/src/robot/sdk/arm_teleop/build/lbot_driver
[1.261s] Invoked command in '/home/ilex/Dev/VIST/src/robot/sdk/arm_teleop/build/lbot_driver' returned '0': AMENT_PREFIX_PATH=/home/ilex/Dev/VIST/src/robot/sdk/arm_teleop/install/lbot_arm_interfaces:${AMENT_PREFIX_PATH} CMAKE_PREFIX_PATH=/home/ilex/Dev/VIST/src/robot/sdk/arm_teleop/install/lbot_arm_interfaces:/opt/ros/humble CONDA_PROMPT_MODIFIER=(base) LD_LIBRARY_PATH=/home/ilex/Dev/VIST/src/robot/sdk/arm_teleop/install/lbot_arm_interfaces/lib:${LD_LIBRARY_PATH} PYTHONPATH=/home/ilex/Dev/VIST/src/robot/sdk/arm_teleop/install/lbot_arm_interfaces/lib/python3.10/site-packages:${PYTHONPATH} /usr/bin/cmake /home/ilex/Dev/VIST/src/robot/sdk/arm_teleop/src/lbot_driver -DAMENT_CMAKE_SYMLINK_INSTALL=1 -DCMAKE_INSTALL_PREFIX=/home/ilex/Dev/VIST/src/robot/sdk/arm_teleop/install/lbot_driver
[1.263s] Invoking command in '/home/ilex/Dev/VIST/src/robot/sdk/arm_teleop/build/lbot_driver': AMENT_PREFIX_PATH=/home/ilex/Dev/VIST/src/robot/sdk/arm_teleop/install/lbot_arm_interfaces:${AMENT_PREFIX_PATH} CMAKE_PREFIX_PATH=/home/ilex/Dev/VIST/src/robot/sdk/arm_teleop/install/lbot_arm_interfaces:/opt/ros/humble CONDA_PROMPT_MODIFIER=(base) LD_LIBRARY_PATH=/home/ilex/Dev/VIST/src/robot/sdk/arm_teleop/install/lbot_arm_interfaces/lib:${LD_LIBRARY_PATH} PYTHONPATH=/home/ilex/Dev/VIST/src/robot/sdk/arm_teleop/install/lbot_arm_interfaces/lib/python3.10/site-packages:${PYTHONPATH} /usr/bin/cmake --build /home/ilex/Dev/VIST/src/robot/sdk/arm_teleop/build/lbot_driver -- -j16 -l16
[1.313s] [ 50%] Building CXX object CMakeFiles/lbot_driver.dir/src/lbot_driver.cpp.o
[6.208s] /home/ilex/Dev/VIST/src/robot/sdk/arm_teleop/src/lbot_driver/src/lbot_driver.cpp: In member function ‘void lbot_driver::LeftArmServiceNode::create_services()’:
[6.209s] /home/ilex/Dev/VIST/src/robot/sdk/arm_teleop/src/lbot_driver/src/lbot_driver.cpp:410:80: error: no matching function for call to ‘lbot_driver::LeftArmServiceNode::create_service<lbot_arm_interfaces::srv::MoveJ>(const char [20], std::_Bind_helper<false, void (lbot_driver::LeftArmServiceNode::*)(std::shared_ptr<lbot_arm_interfaces::srv::MoveJ_Request_<std::allocator<void> > >, std::shared_ptr<lbot_arm_interfaces::srv::MoveJ_Response_<std::allocator<void> > >), lbot_driver::LeftArmServiceNode*, const std::_Placeholder<1>&, const std::_Placeholder<2>&>::type, rclcpp::QoS&, rclcpp::CallbackGroup::SharedPtr&)’
[6.209s]   410 |     move_joint_service_ = this->create_service<lbot_arm_interfaces::srv::MoveJ>(
[6.209s]       |                           ~~~~~~~~~~~~~~~~~~~~~~~~~~~~~~~~~~~~~~~~~~~~~~~~~~~~~^
[6.209s]   411 |         "left_arm/move_joint",
[6.209s]       |         ~~~~~~~~~~~~~~~~~~~~~~                                                  
[6.209s]   412 |         std::bind(&LeftArmServiceNode::move_joint_callback, this, std::placeholders::_1, std::placeholders::_2),
[6.209s]       |         ~~~~~~~~~~~~~~~~~~~~~~~~~~~~~~~~~~~~~~~~~~~~~~~~~~~~~~~~~~~~~~~~~~~~~~~~~~~~~~~~~~~~~~~~~~~~~~~~~~~~~~~~
[6.209s]   413 |         service_qos, callback_group_);
[6.209s]       |         ~~~~~~~~~~~~~~~~~~~~~~~~~~~~~                                           
[6.209s] In file included from /opt/ros/humble/include/rclcpp/rclcpp/executors/single_threaded_executor.hpp:28,
[6.209s]                  from /opt/ros/humble/include/rclcpp/rclcpp/executors.hpp:22,
[6.210s]                  from /opt/ros/humble/include/rclcpp/rclcpp/rclcpp.hpp:155,
[6.210s]                  from /home/ilex/Dev/VIST/src/robot/sdk/arm_teleop/src/lbot_driver/include/lbot_driver/lbot_driver.h:19,
[6.210s]                  from /home/ilex/Dev/VIST/src/robot/sdk/arm_teleop/src/lbot_driver/src/lbot_driver.cpp:15:
[6.210s] /opt/ros/humble/include/rclcpp/rclcpp/node.hpp:267:3: note: candidate: ‘template<class ServiceT, class CallbackT> typename rclcpp::Service<ServiceT>::SharedPtr rclcpp::Node::create_service(const string&, CallbackT&&, const rmw_qos_profile_t&, rclcpp::CallbackGroup::SharedPtr)’
[6.210s]   267 |   create_service(
[6.210s]       |   ^~~~~~~~~~~~~~
[6.210s] /opt/ros/humble/include/rclcpp/rclcpp/node.hpp:267:3: note:   template argument deduction/substitution failed:
[6.210s] /home/ilex/Dev/VIST/src/robot/sdk/arm_teleop/src/lbot_driver/src/lbot_driver.cpp:413:9: note:   cannot convert ‘service_qos’ (type ‘rclcpp::QoS’) to type ‘const rmw_qos_profile_t&’ {aka ‘const rmw_qos_profile_s&’}
[6.210s]   413 |         service_qos, callback_group_);
[6.210s]       |         ^~~~~~~~~~~
[6.211s] /home/ilex/Dev/VIST/src/robot/sdk/arm_teleop/src/lbot_driver/src/lbot_driver.cpp:415:80: error: no matching function for call to ‘lbot_driver::LeftArmServiceNode::create_service<lbot_arm_interfaces::srv::MoveJP>(const char [19], std::_Bind_helper<false, void (lbot_driver::LeftArmServiceNode::*)(std::shared_ptr<lbot_arm_interfaces::srv::MoveJP_Request_<std::allocator<void> > >, std::shared_ptr<lbot_arm_interfaces::srv::MoveJP_Response_<std::allocator<void> > >), lbot_driver::LeftArmServiceNode*, const std::_Placeholder<1>&, const std::_Placeholder<2>&>::type, rclcpp::QoS&, rclcpp::CallbackGroup::SharedPtr&)’
[6.211s]   415 |     move_pose_service_ = this->create_service<lbot_arm_interfaces::srv::MoveJP>(
[6.211s]       |                          ~~~~~~~~~~~~~~~~~~~~~~~~~~~~~~~~~~~~~~~~~~~~~~~~~~~~~~^
[6.211s]   416 |         "left_arm/move_pose",
[6.211s]       |         ~~~~~~~~~~~~~~~~~~~~~                                                   
[6.212s]   417 |         std::bind(&LeftArmServiceNode::move_pose_callback, this, std::placeholders::_1, std::placeholders::_2),
[6.212s]       |         ~~~~~~~~~~~~~~~~~~~~~~~~~~~~~~~~~~~~~~~~~~~~~~~~~~~~~~~~~~~~~~~~~~~~~~~~~~~~~~~~~~~~~~~~~~~~~~~~~~~~~~~
[6.212s]   418 |         service_qos, callback_group_);
[6.212s]       |         ~~~~~~~~~~~~~~~~~~~~~~~~~~~~~                                           
[6.212s] In file included from /opt/ros/humble/include/rclcpp/rclcpp/executors/single_threaded_executor.hpp:28,
[6.212s]                  from /opt/ros/humble/include/rclcpp/rclcpp/executors.hpp:22,
[6.212s]                  from /opt/ros/humble/include/rclcpp/rclcpp/rclcpp.hpp:155,
[6.212s]                  from /home/ilex/Dev/VIST/src/robot/sdk/arm_teleop/src/lbot_driver/include/lbot_driver/lbot_driver.h:19,
[6.212s]                  from /home/ilex/Dev/VIST/src/robot/sdk/arm_teleop/src/lbot_driver/src/lbot_driver.cpp:15:
[6.212s] /opt/ros/humble/include/rclcpp/rclcpp/node.hpp:267:3: note: candidate: ‘template<class ServiceT, class CallbackT> typename rclcpp::Service<ServiceT>::SharedPtr rclcpp::Node::create_service(const string&, CallbackT&&, const rmw_qos_profile_t&, rclcpp::CallbackGroup::SharedPtr)’
[6.212s]   267 |   create_service(
[6.212s]       |   ^~~~~~~~~~~~~~
[6.212s] /opt/ros/humble/include/rclcpp/rclcpp/node.hpp:267:3: note:   template argument deduction/substitution failed:
[6.212s] /home/ilex/Dev/VIST/src/robot/sdk/arm_teleop/src/lbot_driver/src/lbot_driver.cpp:418:9: note:   cannot convert ‘service_qos’ (type ‘rclcpp::QoS’) to type ‘const rmw_qos_profile_t&’ {aka ‘const rmw_qos_profile_s&’}
[6.213s]   418 |         service_qos, callback_group_);
[6.213s]       |         ^~~~~~~~~~~
[6.219s] /home/ilex/Dev/VIST/src/robot/sdk/arm_teleop/src/lbot_driver/src/lbot_driver.cpp:420:81: error: no matching function for call to ‘lbot_driver::LeftArmServiceNode::create_service<lbot_arm_interfaces::srv::MoveL>(const char [21], std::_Bind_helper<false, void (lbot_driver::LeftArmServiceNode::*)(std::shared_ptr<lbot_arm_interfaces::srv::MoveL_Request_<std::allocator<void> > >, std::shared_ptr<lbot_arm_interfaces::srv::MoveL_Response_<std::allocator<void> > >), lbot_driver::LeftArmServiceNode*, const std::_Placeholder<1>&, const std::_Placeholder<2>&>::type, rclcpp::QoS&, rclcpp::CallbackGroup::SharedPtr&)’
[6.219s]   420 |     move_linear_service_ = this->create_service<lbot_arm_interfaces::srv::MoveL>(
[6.219s]       |                            ~~~~~~~~~~~~~~~~~~~~~~~~~~~~~~~~~~~~~~~~~~~~~~~~~~~~~^
[6.220s]   421 |         "left_arm/move_linear",
[6.220s]       |         ~~~~~~~~~~~~~~~~~~~~~~~                                                  
[6.220s]   422 |         std::bind(&LeftArmServiceNode::move_linear_callback, this, std::placeholders::_1, std::placeholders::_2),
[6.220s]       |         ~~~~~~~~~~~~~~~~~~~~~~~~~~~~~~~~~~~~~~~~~~~~~~~~~~~~~~~~~~~~~~~~~~~~~~~~~~~~~~~~~~~~~~~~~~~~~~~~~~~~~~~~~
[6.220s]   423 |         service_qos, callback_group_);
[6.220s]       |         ~~~~~~~~~~~~~~~~~~~~~~~~~~~~~                                            
[6.220s] In file included from /opt/ros/humble/include/rclcpp/rclcpp/executors/single_threaded_executor.hpp:28,
[6.220s]                  from /opt/ros/humble/include/rclcpp/rclcpp/executors.hpp:22,
[6.220s]                  from /opt/ros/humble/include/rclcpp/rclcpp/rclcpp.hpp:155,
[6.220s]                  from /home/ilex/Dev/VIST/src/robot/sdk/arm_teleop/src/lbot_driver/include/lbot_driver/lbot_driver.h:19,
[6.220s]                  from /home/ilex/Dev/VIST/src/robot/sdk/arm_teleop/src/lbot_driver/src/lbot_driver.cpp:15:
[6.220s] /opt/ros/humble/include/rclcpp/rclcpp/node.hpp:267:3: note: candidate: ‘template<class ServiceT, class CallbackT> typename rclcpp::Service<ServiceT>::SharedPtr rclcpp::Node::create_service(const string&, CallbackT&&, const rmw_qos_profile_t&, rclcpp::CallbackGroup::SharedPtr)’
[6.220s]   267 |   create_service(
[6.220s]       |   ^~~~~~~~~~~~~~
[6.220s] /opt/ros/humble/include/rclcpp/rclcpp/node.hpp:267:3: note:   template argument deduction/substitution failed:
[6.220s] /home/ilex/Dev/VIST/src/robot/sdk/arm_teleop/src/lbot_driver/src/lbot_driver.cpp:423:9: note:   cannot convert ‘service_qos’ (type ‘rclcpp::QoS’) to type ‘const rmw_qos_profile_t&’ {aka ‘const rmw_qos_profile_s&’}
[6.221s]   423 |         service_qos, callback_group_);
[6.221s]       |         ^~~~~~~~~~~
[6.224s] /home/ilex/Dev/VIST/src/robot/sdk/arm_teleop/src/lbot_driver/src/lbot_driver.cpp:426:100: error: no matching function for call to ‘lbot_driver::LeftArmServiceNode::create_service<lbot_arm_interfaces::srv::ForwardKinematics>(const char [28], std::_Bind_helper<false, void (lbot_driver::LeftArmServiceNode::*)(std::shared_ptr<lbot_arm_interfaces::srv::ForwardKinematics_Request_<std::allocator<void> > >, std::shared_ptr<lbot_arm_interfaces::srv::ForwardKinematics_Response_<std::allocator<void> > >), lbot_driver::LeftArmServiceNode*, const std::_Placeholder<1>&, const std::_Placeholder<2>&>::type, rclcpp::QoS&, rclcpp::CallbackGroup::SharedPtr&)’
[6.224s]   426 |     forward_kinematics_service_ = this->create_service<lbot_arm_interfaces::srv::ForwardKinematics>(
[6.224s]       |                                   ~~~~~~~~~~~~~~~~~~~~~~~~~~~~~~~~~~~~~~~~~~~~~~~~~~~~~~~~~~~~~~~~~^
[6.224s]   427 |         "left_arm/forward_kinematics",
[6.224s]       |         ~~~~~~~~~~~~~~~~~~~~~~~~~~~~~~                                                              
[6.224s]   428 |         std::bind(&LeftArmServiceNode::forward_kinematics_callback, this, std::placeholders::_1, std::placeholders::_2),
[6.224s]       |         ~~~~~~~~~~~~~~~~~~~~~~~~~~~~~~~~~~~~~~~~~~~~~~~~~~~~~~~~~~~~~~~~~~~~~~~~~~~~~~~~~~~~~~~~~~~~~~~~~~~~~~~~~~~~~~~~
[6.224s]   429 |         service_qos, callback_group_);
[6.225s]       |         ~~~~~~~~~~~~~~~~~~~~~~~~~~~~~                                                               
[6.225s] In file included from /opt/ros/humble/include/rclcpp/rclcpp/executors/single_threaded_executor.hpp:28,
[6.225s]                  from /opt/ros/humble/include/rclcpp/rclcpp/executors.hpp:22,
[6.225s]                  from /opt/ros/humble/include/rclcpp/rclcpp/rclcpp.hpp:155,
[6.225s]                  from /home/ilex/Dev/VIST/src/robot/sdk/arm_teleop/src/lbot_driver/include/lbot_driver/lbot_driver.h:19,
[6.225s]                  from /home/ilex/Dev/VIST/src/robot/sdk/arm_teleop/src/lbot_driver/src/lbot_driver.cpp:15:
[6.225s] /opt/ros/humble/include/rclcpp/rclcpp/node.hpp:267:3: note: candidate: ‘template<class ServiceT, class CallbackT> typename rclcpp::Service<ServiceT>::SharedPtr rclcpp::Node::create_service(const string&, CallbackT&&, const rmw_qos_profile_t&, rclcpp::CallbackGroup::SharedPtr)’
[6.225s]   267 |   create_service(
[6.225s]       |   ^~~~~~~~~~~~~~
[6.225s] /opt/ros/humble/include/rclcpp/rclcpp/node.hpp:267:3: note:   template argument deduction/substitution failed:
[6.225s] /home/ilex/Dev/VIST/src/robot/sdk/arm_teleop/src/lbot_driver/src/lbot_driver.cpp:429:9: note:   cannot convert ‘service_qos’ (type ‘rclcpp::QoS’) to type ‘const rmw_qos_profile_t&’ {aka ‘const rmw_qos_profile_s&’}
[6.225s]   429 |         service_qos, callback_group_);
[6.225s]       |         ^~~~~~~~~~~
[6.231s] /home/ilex/Dev/VIST/src/robot/sdk/arm_teleop/src/lbot_driver/src/lbot_driver.cpp:431:100: error: no matching function for call to ‘lbot_driver::LeftArmServiceNode::create_service<lbot_arm_interfaces::srv::InverseKinematics>(const char [28], std::_Bind_helper<false, void (lbot_driver::LeftArmServiceNode::*)(std::shared_ptr<lbot_arm_interfaces::srv::InverseKinematics_Request_<std::allocator<void> > >, std::shared_ptr<lbot_arm_interfaces::srv::InverseKinematics_Response_<std::allocator<void> > >), lbot_driver::LeftArmServiceNode*, const std::_Placeholder<1>&, const std::_Placeholder<2>&>::type, rclcpp::QoS&, rclcpp::CallbackGroup::SharedPtr&)’
[6.231s]   431 |     inverse_kinematics_service_ = this->create_service<lbot_arm_interfaces::srv::InverseKinematics>(
[6.231s]       |                                   ~~~~~~~~~~~~~~~~~~~~~~~~~~~~~~~~~~~~~~~~~~~~~~~~~~~~~~~~~~~~~~~~~^
[6.231s]   432 |         "left_arm/inverse_kinematics",
[6.231s]       |         ~~~~~~~~~~~~~~~~~~~~~~~~~~~~~~                                                              
[6.232s]   433 |         std::bind(&LeftArmServiceNode::inverse_kinematics_callback, this, std::placeholders::_1, std::placeholders::_2),
[6.232s]       |         ~~~~~~~~~~~~~~~~~~~~~~~~~~~~~~~~~~~~~~~~~~~~~~~~~~~~~~~~~~~~~~~~~~~~~~~~~~~~~~~~~~~~~~~~~~~~~~~~~~~~~~~~~~~~~~~~
[6.232s]   434 |         service_qos, callback_group_);
[6.232s]       |         ~~~~~~~~~~~~~~~~~~~~~~~~~~~~~                                                               
[6.232s] In file included from /opt/ros/humble/include/rclcpp/rclcpp/executors/single_threaded_executor.hpp:28,
[6.232s]                  from /opt/ros/humble/include/rclcpp/rclcpp/executors.hpp:22,
[6.232s]                  from /opt/ros/humble/include/rclcpp/rclcpp/rclcpp.hpp:155,
[6.232s]                  from /home/ilex/Dev/VIST/src/robot/sdk/arm_teleop/src/lbot_driver/include/lbot_driver/lbot_driver.h:19,
[6.232s]                  from /home/ilex/Dev/VIST/src/robot/sdk/arm_teleop/src/lbot_driver/src/lbot_driver.cpp:15:
[6.232s] /opt/ros/humble/include/rclcpp/rclcpp/node.hpp:267:3: note: candidate: ‘template<class ServiceT, class CallbackT> typename rclcpp::Service<ServiceT>::SharedPtr rclcpp::Node::create_service(const string&, CallbackT&&, const rmw_qos_profile_t&, rclcpp::CallbackGroup::SharedPtr)’
[6.232s]   267 |   create_service(
[6.232s]       |   ^~~~~~~~~~~~~~
[6.232s] /opt/ros/humble/include/rclcpp/rclcpp/node.hpp:267:3: note:   template argument deduction/substitution failed:
[6.232s] /home/ilex/Dev/VIST/src/robot/sdk/arm_teleop/src/lbot_driver/src/lbot_driver.cpp:434:9: note:   cannot convert ‘service_qos’ (type ‘rclcpp::QoS’) to type ‘const rmw_qos_profile_t&’ {aka ‘const rmw_qos_profile_s&’}
[6.232s]   434 |         service_qos, callback_group_);
[6.232s]       |         ^~~~~~~~~~~
[6.238s] /home/ilex/Dev/VIST/src/robot/sdk/arm_teleop/src/lbot_driver/src/lbot_driver.cpp:437:87: error: no matching function for call to ‘lbot_driver::LeftArmServiceNode::create_service<lbot_arm_interfaces::srv::SetFrame>(const char [24], std::_Bind_helper<false, void (lbot_driver::LeftArmServiceNode::*)(std::shared_ptr<lbot_arm_interfaces::srv::SetFrame_Request_<std::allocator<void> > >, std::shared_ptr<lbot_arm_interfaces::srv::SetFrame_Response_<std::allocator<void> > >), lbot_driver::LeftArmServiceNode*, const std::_Placeholder<1>&, const std::_Placeholder<2>&>::type, rclcpp::QoS&, rclcpp::CallbackGroup::SharedPtr&)’
[6.238s]   437 |     set_tool_frame_service_ = this->create_service<lbot_arm_interfaces::srv::SetFrame>(
[6.238s]       |                               ~~~~~~~~~~~~~~~~~~~~~~~~~~~~~~~~~~~~~~~~~~~~~~~~~~~~~~~~^
[6.238s]   438 |         "left_arm/set_tool_frame",
[6.238s]       |         ~~~~~~~~~~~~~~~~~~~~~~~~~~                                                     
[6.238s]   439 |         std::bind(&LeftArmServiceNode::set_tool_frame_callback, this, std::placeholders::_1, std::placeholders::_2),
[6.239s]       |         ~~~~~~~~~~~~~~~~~~~~~~~~~~~~~~~~~~~~~~~~~~~~~~~~~~~~~~~~~~~~~~~~~~~~~~~~~~~~~~~~~~~~~~~~~~~~~~~~~~~~~~~~~~~~
[6.239s]   440 |         service_qos, callback_group_);
[6.239s]       |         ~~~~~~~~~~~~~~~~~~~~~~~~~~~~~                                                  
[6.239s] In file included from /opt/ros/humble/include/rclcpp/rclcpp/executors/single_threaded_executor.hpp:28,
[6.239s]                  from /opt/ros/humble/include/rclcpp/rclcpp/executors.hpp:22,
[6.239s]                  from /opt/ros/humble/include/rclcpp/rclcpp/rclcpp.hpp:155,
[6.239s]                  from /home/ilex/Dev/VIST/src/robot/sdk/arm_teleop/src/lbot_driver/include/lbot_driver/lbot_driver.h:19,
[6.239s]                  from /home/ilex/Dev/VIST/src/robot/sdk/arm_teleop/src/lbot_driver/src/lbot_driver.cpp:15:
[6.239s] /opt/ros/humble/include/rclcpp/rclcpp/node.hpp:267:3: note: candidate: ‘template<class ServiceT, class CallbackT> typename rclcpp::Service<ServiceT>::SharedPtr rclcpp::Node::create_service(const string&, CallbackT&&, const rmw_qos_profile_t&, rclcpp::CallbackGroup::SharedPtr)’
[6.239s]   267 |   create_service(
[6.239s]       |   ^~~~~~~~~~~~~~
[6.239s] /opt/ros/humble/include/rclcpp/rclcpp/node.hpp:267:3: note:   template argument deduction/substitution failed:
[6.240s] /home/ilex/Dev/VIST/src/robot/sdk/arm_teleop/src/lbot_driver/src/lbot_driver.cpp:440:9: note:   cannot convert ‘service_qos’ (type ‘rclcpp::QoS’) to type ‘const rmw_qos_profile_t&’ {aka ‘const rmw_qos_profile_s&’}
[6.240s]   440 |         service_qos, callback_group_);
[6.240s]       |         ^~~~~~~~~~~
[6.245s] /home/ilex/Dev/VIST/src/robot/sdk/arm_teleop/src/lbot_driver/src/lbot_driver.cpp:442:87: error: no matching function for call to ‘lbot_driver::LeftArmServiceNode::create_service<lbot_arm_interfaces::srv::GetFrame>(const char [24], std::_Bind_helper<false, void (lbot_driver::LeftArmServiceNode::*)(std::shared_ptr<lbot_arm_interfaces::srv::GetFrame_Request_<std::allocator<void> > >, std::shared_ptr<lbot_arm_interfaces::srv::GetFrame_Response_<std::allocator<void> > >), lbot_driver::LeftArmServiceNode*, const std::_Placeholder<1>&, const std::_Placeholder<2>&>::type, rclcpp::QoS&, rclcpp::CallbackGroup::SharedPtr&)’
[6.245s]   442 |     get_tool_frame_service_ = this->create_service<lbot_arm_interfaces::srv::GetFrame>(
[6.245s]       |                               ~~~~~~~~~~~~~~~~~~~~~~~~~~~~~~~~~~~~~~~~~~~~~~~~~~~~~~~~^
[6.245s]   443 |         "left_arm/get_tool_frame",
[6.245s]       |         ~~~~~~~~~~~~~~~~~~~~~~~~~~                                                     
[6.245s]   444 |         std::bind(&LeftArmServiceNode::get_tool_frame_callback, this, std::placeholders::_1, std::placeholders::_2),
[6.245s]       |         ~~~~~~~~~~~~~~~~~~~~~~~~~~~~~~~~~~~~~~~~~~~~~~~~~~~~~~~~~~~~~~~~~~~~~~~~~~~~~~~~~~~~~~~~~~~~~~~~~~~~~~~~~~~~
[6.245s]   445 |         service_qos, callback_group_);
[6.246s]       |         ~~~~~~~~~~~~~~~~~~~~~~~~~~~~~                                                  
[6.246s] In file included from /opt/ros/humble/include/rclcpp/rclcpp/executors/single_threaded_executor.hpp:28,
[6.246s]                  from /opt/ros/humble/include/rclcpp/rclcpp/executors.hpp:22,
[6.246s]                  from /opt/ros/humble/include/rclcpp/rclcpp/rclcpp.hpp:155,
[6.246s]                  from /home/ilex/Dev/VIST/src/robot/sdk/arm_teleop/src/lbot_driver/include/lbot_driver/lbot_driver.h:19,
[6.246s]                  from /home/ilex/Dev/VIST/src/robot/sdk/arm_teleop/src/lbot_driver/src/lbot_driver.cpp:15:
[6.246s] /opt/ros/humble/include/rclcpp/rclcpp/node.hpp:267:3: note: candidate: ‘template<class ServiceT, class CallbackT> typename rclcpp::Service<ServiceT>::SharedPtr rclcpp::Node::create_service(const string&, CallbackT&&, const rmw_qos_profile_t&, rclcpp::CallbackGroup::SharedPtr)’
[6.246s]   267 |   create_service(
[6.246s]       |   ^~~~~~~~~~~~~~
[6.246s] /opt/ros/humble/include/rclcpp/rclcpp/node.hpp:267:3: note:   template argument deduction/substitution failed:
[6.247s] /home/ilex/Dev/VIST/src/robot/sdk/arm_teleop/src/lbot_driver/src/lbot_driver.cpp:445:9: note:   cannot convert ‘service_qos’ (type ‘rclcpp::QoS’) to type ‘const rmw_qos_profile_t&’ {aka ‘const rmw_qos_profile_s&’}
[6.247s]   445 |         service_qos, callback_group_);
[6.247s]       |         ^~~~~~~~~~~
[6.253s] /home/ilex/Dev/VIST/src/robot/sdk/arm_teleop/src/lbot_driver/src/lbot_driver.cpp:447:102: error: no matching function for call to ‘lbot_driver::LeftArmServiceNode::create_service<lbot_arm_interfaces::srv::GetCurrentFrame>(const char [32], std::_Bind_helper<false, void (lbot_driver::LeftArmServiceNode::*)(std::shared_ptr<lbot_arm_interfaces::srv::GetCurrentFrame_Request_<std::allocator<void> > >, std::shared_ptr<lbot_arm_interfaces::srv::GetCurrentFrame_Response_<std::allocator<void> > >), lbot_driver::LeftArmServiceNode*, const std::_Placeholder<1>&, const std::_Placeholder<2>&>::type, rclcpp::QoS&, rclcpp::CallbackGroup::SharedPtr&)’
[6.254s]   447 |     get_current_tool_frame_service_ = this->create_service<lbot_arm_interfaces::srv::GetCurrentFrame>(
[6.254s]       |                                       ~~~~~~~~~~~~~~~~~~~~~~~~~~~~~~~~~~~~~~~~~~~~~~~~~~~~~~~~~~~~~~~^
[6.254s]   448 |         "left_arm/get_current_tool_frame",
[6.254s]       |         ~~~~~~~~~~~~~~~~~~~~~~~~~~~~~~~~~~                                                            
[6.254s]   449 |         std::bind(&LeftArmServiceNode::get_current_tool_frame_callback, this, std::placeholders::_1, std::placeholders::_2),
[6.254s]       |         ~~~~~~~~~~~~~~~~~~~~~~~~~~~~~~~~~~~~~~~~~~~~~~~~~~~~~~~~~~~~~~~~~~~~~~~~~~~~~~~~~~~~~~~~~~~~~~~~~~~~~~~~~~~~~~~~~~~~
[6.254s]   450 |         service_qos, callback_group_);
[6.254s]       |         ~~~~~~~~~~~~~~~~~~~~~~~~~~~~~                                                                 
[6.254s] In file included from /opt/ros/humble/include/rclcpp/rclcpp/executors/single_threaded_executor.hpp:28,
[6.254s]                  from /opt/ros/humble/include/rclcpp/rclcpp/executors.hpp:22,
[6.254s]                  from /opt/ros/humble/include/rclcpp/rclcpp/rclcpp.hpp:155,
[6.254s]                  from /home/ilex/Dev/VIST/src/robot/sdk/arm_teleop/src/lbot_driver/include/lbot_driver/lbot_driver.h:19,
[6.254s]                  from /home/ilex/Dev/VIST/src/robot/sdk/arm_teleop/src/lbot_driver/src/lbot_driver.cpp:15:
[6.254s] /opt/ros/humble/include/rclcpp/rclcpp/node.hpp:267:3: note: candidate: ‘template<class ServiceT, class CallbackT> typename rclcpp::Service<ServiceT>::SharedPtr rclcpp::Node::create_service(const string&, CallbackT&&, const rmw_qos_profile_t&, rclcpp::CallbackGroup::SharedPtr)’
[6.254s]   267 |   create_service(
[6.255s]       |   ^~~~~~~~~~~~~~
[6.255s] /opt/ros/humble/include/rclcpp/rclcpp/node.hpp:267:3: note:   template argument deduction/substitution failed:
[6.255s] /home/ilex/Dev/VIST/src/robot/sdk/arm_teleop/src/lbot_driver/src/lbot_driver.cpp:450:9: note:   cannot convert ‘service_qos’ (type ‘rclcpp::QoS’) to type ‘const rmw_qos_profile_t&’ {aka ‘const rmw_qos_profile_s&’}
[6.255s]   450 |         service_qos, callback_group_);
[6.255s]       |         ^~~~~~~~~~~
[6.257s] /home/ilex/Dev/VIST/src/robot/sdk/arm_teleop/src/lbot_driver/src/lbot_driver.cpp:452:93: error: no matching function for call to ‘lbot_driver::LeftArmServiceNode::create_service<lbot_arm_interfaces::srv::ChangeFrame>(const char [27], std::_Bind_helper<false, void (lbot_driver::LeftArmServiceNode::*)(std::shared_ptr<lbot_arm_interfaces::srv::ChangeFrame_Request_<std::allocator<void> > >, std::shared_ptr<lbot_arm_interfaces::srv::ChangeFrame_Response_<std::allocator<void> > >), lbot_driver::LeftArmServiceNode*, const std::_Placeholder<1>&, const std::_Placeholder<2>&>::type, rclcpp::QoS&, rclcpp::CallbackGroup::SharedPtr&)’
[6.257s]   452 |     change_tool_frame_service_ = this->create_service<lbot_arm_interfaces::srv::ChangeFrame>(
[6.257s]       |                                  ~~~~~~~~~~~~~~~~~~~~~~~~~~~~~~~~~~~~~~~~~~~~~~~~~~~~~~~~~~~^
[6.257s]   453 |         "left_arm/change_tool_frame",
[6.257s]       |         ~~~~~~~~~~~~~~~~~~~~~~~~~~~~~                                                        
[6.258s]   454 |         std::bind(&LeftArmServiceNode::change_tool_frame_callback, this, std::placeholders::_1, std::placeholders::_2),
[6.258s]       |         ~~~~~~~~~~~~~~~~~~~~~~~~~~~~~~~~~~~~~~~~~~~~~~~~~~~~~~~~~~~~~~~~~~~~~~~~~~~~~~~~~~~~~~~~~~~~~~~~~~~~~~~~~~~~~~~
[6.258s]   455 |         service_qos, callback_group_);
[6.258s]       |         ~~~~~~~~~~~~~~~~~~~~~~~~~~~~~                                                        
[6.258s] In file included from /opt/ros/humble/include/rclcpp/rclcpp/executors/single_threaded_executor.hpp:28,
[6.258s]                  from /opt/ros/humble/include/rclcpp/rclcpp/executors.hpp:22,
[6.258s]                  from /opt/ros/humble/include/rclcpp/rclcpp/rclcpp.hpp:155,
[6.258s]                  from /home/ilex/Dev/VIST/src/robot/sdk/arm_teleop/src/lbot_driver/include/lbot_driver/lbot_driver.h:19,
[6.258s]                  from /home/ilex/Dev/VIST/src/robot/sdk/arm_teleop/src/lbot_driver/src/lbot_driver.cpp:15:
[6.258s] /opt/ros/humble/include/rclcpp/rclcpp/node.hpp:267:3: note: candidate: ‘template<class ServiceT, class CallbackT> typename rclcpp::Service<ServiceT>::SharedPtr rclcpp::Node::create_service(const string&, CallbackT&&, const rmw_qos_profile_t&, rclcpp::CallbackGroup::SharedPtr)’
[6.258s]   267 |   create_service(
[6.258s]       |   ^~~~~~~~~~~~~~
[6.258s] /opt/ros/humble/include/rclcpp/rclcpp/node.hpp:267:3: note:   template argument deduction/substitution failed:
[6.258s] /home/ilex/Dev/VIST/src/robot/sdk/arm_teleop/src/lbot_driver/src/lbot_driver.cpp:455:9: note:   cannot convert ‘service_qos’ (type ‘rclcpp::QoS’) to type ‘const rmw_qos_profile_t&’ {aka ‘const rmw_qos_profile_s&’}
[6.258s]   455 |         service_qos, callback_group_);
[6.259s]       |         ^~~~~~~~~~~
[6.260s] /home/ilex/Dev/VIST/src/robot/sdk/arm_teleop/src/lbot_driver/src/lbot_driver.cpp:457:93: error: no matching function for call to ‘lbot_driver::LeftArmServiceNode::create_service<lbot_arm_interfaces::srv::DeleteFrame>(const char [27], std::_Bind_helper<false, void (lbot_driver::LeftArmServiceNode::*)(std::shared_ptr<lbot_arm_interfaces::srv::DeleteFrame_Request_<std::allocator<void> > >, std::shared_ptr<lbot_arm_interfaces::srv::DeleteFrame_Response_<std::allocator<void> > >), lbot_driver::LeftArmServiceNode*, const std::_Placeholder<1>&, const std::_Placeholder<2>&>::type, rclcpp::QoS&, rclcpp::CallbackGroup::SharedPtr&)’
[6.260s]   457 |     delete_tool_frame_service_ = this->create_service<lbot_arm_interfaces::srv::DeleteFrame>(
[6.261s]       |                                  ~~~~~~~~~~~~~~~~~~~~~~~~~~~~~~~~~~~~~~~~~~~~~~~~~~~~~~~~~~~^
[6.261s]   458 |         "left_arm/delete_tool_frame",
[6.261s]       |         ~~~~~~~~~~~~~~~~~~~~~~~~~~~~~                                                        
[6.261s]   459 |         std::bind(&LeftArmServiceNode::delete_tool_frame_callback, this, std::placeholders::_1, std::placeholders::_2),
[6.261s]       |         ~~~~~~~~~~~~~~~~~~~~~~~~~~~~~~~~~~~~~~~~~~~~~~~~~~~~~~~~~~~~~~~~~~~~~~~~~~~~~~~~~~~~~~~~~~~~~~~~~~~~~~~~~~~~~~~
[6.261s]   460 |         service_qos, callback_group_);
[6.261s]       |         ~~~~~~~~~~~~~~~~~~~~~~~~~~~~~                                                        
[6.261s] In file included from /opt/ros/humble/include/rclcpp/rclcpp/executors/single_threaded_executor.hpp:28,
[6.261s]                  from /opt/ros/humble/include/rclcpp/rclcpp/executors.hpp:22,
[6.261s]                  from /opt/ros/humble/include/rclcpp/rclcpp/rclcpp.hpp:155,
[6.261s]                  from /home/ilex/Dev/VIST/src/robot/sdk/arm_teleop/src/lbot_driver/include/lbot_driver/lbot_driver.h:19,
[6.261s]                  from /home/ilex/Dev/VIST/src/robot/sdk/arm_teleop/src/lbot_driver/src/lbot_driver.cpp:15:
[6.261s] /opt/ros/humble/include/rclcpp/rclcpp/node.hpp:267:3: note: candidate: ‘template<class ServiceT, class CallbackT> typename rclcpp::Service<ServiceT>::SharedPtr rclcpp::Node::create_service(const string&, CallbackT&&, const rmw_qos_profile_t&, rclcpp::CallbackGroup::SharedPtr)’
[6.261s]   267 |   create_service(
[6.262s]       |   ^~~~~~~~~~~~~~
[6.262s] /opt/ros/humble/include/rclcpp/rclcpp/node.hpp:267:3: note:   template argument deduction/substitution failed:
[6.262s] /home/ilex/Dev/VIST/src/robot/sdk/arm_teleop/src/lbot_driver/src/lbot_driver.cpp:460:9: note:   cannot convert ‘service_qos’ (type ‘rclcpp::QoS’) to type ‘const rmw_qos_profile_t&’ {aka ‘const rmw_qos_profile_s&’}
[6.262s]   460 |         service_qos, callback_group_);
[6.262s]       |         ^~~~~~~~~~~
[6.264s] /home/ilex/Dev/VIST/src/robot/sdk/arm_teleop/src/lbot_driver/src/lbot_driver.cpp:462:96: error: no matching function for call to ‘lbot_driver::LeftArmServiceNode::create_service<lbot_arm_interfaces::srv::GetAllFrames>(const char [29], std::_Bind_helper<false, void (lbot_driver::LeftArmServiceNode::*)(std::shared_ptr<lbot_arm_interfaces::srv::GetAllFrames_Request_<std::allocator<void> > >, std::shared_ptr<lbot_arm_interfaces::srv::GetAllFrames_Response_<std::allocator<void> > >), lbot_driver::LeftArmServiceNode*, const std::_Placeholder<1>&, const std::_Placeholder<2>&>::type, rclcpp::QoS&, rclcpp::CallbackGroup::SharedPtr&)’
[6.264s]   462 |     get_all_tool_frames_service_ = this->create_service<lbot_arm_interfaces::srv::GetAllFrames>(
[6.265s]       |                                    ~~~~~~~~~~~~~~~~~~~~~~~~~~~~~~~~~~~~~~~~~~~~~~~~~~~~~~~~~~~~^
[6.265s]   463 |         "left_arm/get_all_tool_frames",
[6.265s]       |         ~~~~~~~~~~~~~~~~~~~~~~~~~~~~~~~                                                         
[6.265s]   464 |         std::bind(&LeftArmServiceNode::get_all_tool_frames_callback, this, std::placeholders::_1, std::placeholders::_2),
[6.265s]       |         ~~~~~~~~~~~~~~~~~~~~~~~~~~~~~~~~~~~~~~~~~~~~~~~~~~~~~~~~~~~~~~~~~~~~~~~~~~~~~~~~~~~~~~~~~~~~~~~~~~~~~~~~~~~~~~~~~
[6.265s]   465 |         service_qos, callback_group_);
[6.265s]       |         ~~~~~~~~~~~~~~~~~~~~~~~~~~~~~                                                           
[6.265s] In file included from /opt/ros/humble/include/rclcpp/rclcpp/executors/single_threaded_executor.hpp:28,
[6.265s]                  from /opt/ros/humble/include/rclcpp/rclcpp/executors.hpp:22,
[6.265s]                  from /opt/ros/humble/include/rclcpp/rclcpp/rclcpp.hpp:155,
[6.265s]                  from /home/ilex/Dev/VIST/src/robot/sdk/arm_teleop/src/lbot_driver/include/lbot_driver/lbot_driver.h:19,
[6.265s]                  from /home/ilex/Dev/VIST/src/robot/sdk/arm_teleop/src/lbot_driver/src/lbot_driver.cpp:15:
[6.265s] /opt/ros/humble/include/rclcpp/rclcpp/node.hpp:267:3: note: candidate: ‘template<class ServiceT, class CallbackT> typename rclcpp::Service<ServiceT>::SharedPtr rclcpp::Node::create_service(const string&, CallbackT&&, const rmw_qos_profile_t&, rclcpp::CallbackGroup::SharedPtr)’
[6.266s]   267 |   create_service(
[6.266s]       |   ^~~~~~~~~~~~~~
[6.266s] /opt/ros/humble/include/rclcpp/rclcpp/node.hpp:267:3: note:   template argument deduction/substitution failed:
[6.266s] /home/ilex/Dev/VIST/src/robot/sdk/arm_teleop/src/lbot_driver/src/lbot_driver.cpp:465:9: note:   cannot convert ‘service_qos’ (type ‘rclcpp::QoS’) to type ‘const rmw_qos_profile_t&’ {aka ‘const rmw_qos_profile_s&’}
[6.266s]   465 |         service_qos, callback_group_);
[6.266s]       |         ^~~~~~~~~~~
[6.270s] /home/ilex/Dev/VIST/src/robot/sdk/arm_teleop/src/lbot_driver/src/lbot_driver.cpp:468:80: error: no matching function for call to ‘lbot_driver::LeftArmServiceNode::create_service<lbot_arm_interfaces::srv::SetZero>(const char [18], std::_Bind_helper<false, void (lbot_driver::LeftArmServiceNode::*)(std::shared_ptr<lbot_arm_interfaces::srv::SetZero_Request_<std::allocator<void> > >, std::shared_ptr<lbot_arm_interfaces::srv::SetZero_Response_<std::allocator<void> > >), lbot_driver::LeftArmServiceNode*, const std::_Placeholder<1>&, const std::_Placeholder<2>&>::type, rclcpp::QoS&, rclcpp::CallbackGroup::SharedPtr&)’
[6.270s]   468 |     set_zero_service_ = this->create_service<lbot_arm_interfaces::srv::SetZero>(
[6.270s]       |                         ~~~~~~~~~~~~~~~~~~~~~~~~~~~~~~~~~~~~~~~~~~~~~~~~~~~~~~~^
[6.270s]   469 |         "left_arm/set_zero",
[6.271s]       |         ~~~~~~~~~~~~~~~~~~~~                                                    
[6.271s]   470 |         std::bind(&LeftArmServiceNode::set_zero_callback, this, std::placeholders::_1, std::placeholders::_2),
[6.271s]       |         ~~~~~~~~~~~~~~~~~~~~~~~~~~~~~~~~~~~~~~~~~~~~~~~~~~~~~~~~~~~~~~~~~~~~~~~~~~~~~~~~~~~~~~~~~~~~~~~~~~~~~~
[6.271s]   471 |         service_qos, callback_group_);
[6.271s]       |         ~~~~~~~~~~~~~~~~~~~~~~~~~~~~~                                           
[6.271s] In file included from /opt/ros/humble/include/rclcpp/rclcpp/executors/single_threaded_executor.hpp:28,
[6.271s]                  from /opt/ros/humble/include/rclcpp/rclcpp/executors.hpp:22,
[6.271s]                  from /opt/ros/humble/include/rclcpp/rclcpp/rclcpp.hpp:155,
[6.272s]                  from /home/ilex/Dev/VIST/src/robot/sdk/arm_teleop/src/lbot_driver/include/lbot_driver/lbot_driver.h:19,
[6.272s]                  from /home/ilex/Dev/VIST/src/robot/sdk/arm_teleop/src/lbot_driver/src/lbot_driver.cpp:15:
[6.272s] /opt/ros/humble/include/rclcpp/rclcpp/node.hpp:267:3: note: candidate: ‘template<class ServiceT, class CallbackT> typename rclcpp::Service<ServiceT>::SharedPtr rclcpp::Node::create_service(const string&, CallbackT&&, const rmw_qos_profile_t&, rclcpp::CallbackGroup::SharedPtr)’
[6.272s]   267 |   create_service(
[6.272s]       |   ^~~~~~~~~~~~~~
[6.272s] /opt/ros/humble/include/rclcpp/rclcpp/node.hpp:267:3: note:   template argument deduction/substitution failed:
[6.272s] /home/ilex/Dev/VIST/src/robot/sdk/arm_teleop/src/lbot_driver/src/lbot_driver.cpp:471:9: note:   cannot convert ‘service_qos’ (type ‘rclcpp::QoS’) to type ‘const rmw_qos_profile_t&’ {aka ‘const rmw_qos_profile_s&’}
[6.272s]   471 |         service_qos, callback_group_);
[6.272s]       |         ^~~~~~~~~~~
[6.274s] /home/ilex/Dev/VIST/src/robot/sdk/arm_teleop/src/lbot_driver/src/lbot_driver.cpp:472:84: error: no matching function for call to ‘lbot_driver::LeftArmServiceNode::create_service<lbot_arm_interfaces::srv::SetEnable>(const char [20], std::_Bind_helper<false, void (lbot_driver::LeftArmServiceNode::*)(std::shared_ptr<lbot_arm_interfaces::srv::SetEnable_Request_<std::allocator<void> > >, std::shared_ptr<lbot_arm_interfaces::srv::SetEnable_Response_<std::allocator<void> > >), lbot_driver::LeftArmServiceNode*, const std::_Placeholder<1>&, const std::_Placeholder<2>&>::type, rclcpp::QoS&, rclcpp::CallbackGroup::SharedPtr&)’
[6.274s]   472 |     set_enable_service_ = this->create_service<lbot_arm_interfaces::srv::SetEnable>(
[6.274s]       |                           ~~~~~~~~~~~~~~~~~~~~~~~~~~~~~~~~~~~~~~~~~~~~~~~~~~~~~~~~~^
[6.274s]   473 |         "left_arm/set_enable",
[6.275s]       |         ~~~~~~~~~~~~~~~~~~~~~~                                                      
[6.275s]   474 |         std::bind(&LeftArmServiceNode::set_enable_callback, this, std::placeholders::_1, std::placeholders::_2),
[6.275s]       |         ~~~~~~~~~~~~~~~~~~~~~~~~~~~~~~~~~~~~~~~~~~~~~~~~~~~~~~~~~~~~~~~~~~~~~~~~~~~~~~~~~~~~~~~~~~~~~~~~~~~~~~~~
[6.275s]   475 |         service_qos, callback_group_);
[6.275s]       |         ~~~~~~~~~~~~~~~~~~~~~~~~~~~~~                                               
[6.275s] In file included from /opt/ros/humble/include/rclcpp/rclcpp/executors/single_threaded_executor.hpp:28,
[6.275s]                  from /opt/ros/humble/include/rclcpp/rclcpp/executors.hpp:22,
[6.275s]                  from /opt/ros/humble/include/rclcpp/rclcpp/rclcpp.hpp:155,
[6.276s]                  from /home/ilex/Dev/VIST/src/robot/sdk/arm_teleop/src/lbot_driver/include/lbot_driver/lbot_driver.h:19,
[6.276s]                  from /home/ilex/Dev/VIST/src/robot/sdk/arm_teleop/src/lbot_driver/src/lbot_driver.cpp:15:
[6.276s] /opt/ros/humble/include/rclcpp/rclcpp/node.hpp:267:3: note: candidate: ‘template<class ServiceT, class CallbackT> typename rclcpp::Service<ServiceT>::SharedPtr rclcpp::Node::create_service(const string&, CallbackT&&, const rmw_qos_profile_t&, rclcpp::CallbackGroup::SharedPtr)’
[6.276s]   267 |   create_service(
[6.276s]       |   ^~~~~~~~~~~~~~
[6.276s] /opt/ros/humble/include/rclcpp/rclcpp/node.hpp:267:3: note:   template argument deduction/substitution failed:
[6.277s] /home/ilex/Dev/VIST/src/robot/sdk/arm_teleop/src/lbot_driver/src/lbot_driver.cpp:475:9: note:   cannot convert ‘service_qos’ (type ‘rclcpp::QoS’) to type ‘const rmw_qos_profile_t&’ {aka ‘const rmw_qos_profile_s&’}
[6.277s]   475 |         service_qos, callback_group_);
[6.277s]       |         ^~~~~~~~~~~
[6.281s] /home/ilex/Dev/VIST/src/robot/sdk/arm_teleop/src/lbot_driver/src/lbot_driver.cpp:476:90: error: no matching function for call to ‘lbot_driver::LeftArmServiceNode::create_service<lbot_arm_interfaces::srv::SetEmergency>(const char [28], std::_Bind_helper<false, void (lbot_driver::LeftArmServiceNode::*)(std::shared_ptr<lbot_arm_interfaces::srv::SetEmergency_Request_<std::allocator<void> > >, std::shared_ptr<lbot_arm_interfaces::srv::SetEmergency_Response_<std::allocator<void> > >), lbot_driver::LeftArmServiceNode*, const std::_Placeholder<1>&, const std::_Placeholder<2>&>::type, rclcpp::QoS&, rclcpp::CallbackGroup::SharedPtr&)’
[6.281s]   476 |     set_emergency_service_ = this->create_service<lbot_arm_interfaces::srv::SetEmergency>(
[6.281s]       |                              ~~~~~~~~~~~~~~~~~~~~~~~~~~~~~~~~~~~~~~~~~~~~~~~~~~~~~~~~~~~~^
[6.281s]   477 |         "left_arm/set_emergency_stop",
[6.282s]       |         ~~~~~~~~~~~~~~~~~~~~~~~~~~~~~~                                                    
[6.282s]   478 |         std::bind(&LeftArmServiceNode::set_emergency_callback, this, std::placeholders::_1, std::placeholders::_2),
[6.282s]       |         ~~~~~~~~~~~~~~~~~~~~~~~~~~~~~~~~~~~~~~~~~~~~~~~~~~~~~~~~~~~~~~~~~~~~~~~~~~~~~~~~~~~~~~~~~~~~~~~~~~~~~~~~~~~
[6.282s]   479 |         service_qos, callback_group_);
[6.282s]       |         ~~~~~~~~~~~~~~~~~~~~~~~~~~~~~                                                     
[6.284s] In file included from /opt/ros/humble/include/rclcpp/rclcpp/executors/single_threaded_executor.hpp:28,
[6.284s]                  from /opt/ros/humble/include/rclcpp/rclcpp/executors.hpp:22,
[6.284s]                  from /opt/ros/humble/include/rclcpp/rclcpp/rclcpp.hpp:155,
[6.284s]                  from /home/ilex/Dev/VIST/src/robot/sdk/arm_teleop/src/lbot_driver/include/lbot_driver/lbot_driver.h:19,
[6.284s]                  from /home/ilex/Dev/VIST/src/robot/sdk/arm_teleop/src/lbot_driver/src/lbot_driver.cpp:15:
[6.284s] /opt/ros/humble/include/rclcpp/rclcpp/node.hpp:267:3: note: candidate: ‘template<class ServiceT, class CallbackT> typename rclcpp::Service<ServiceT>::SharedPtr rclcpp::Node::create_service(const string&, CallbackT&&, const rmw_qos_profile_t&, rclcpp::CallbackGroup::SharedPtr)’
[6.284s]   267 |   create_service(
[6.284s]       |   ^~~~~~~~~~~~~~
[6.284s] /opt/ros/humble/include/rclcpp/rclcpp/node.hpp:267:3: note:   template argument deduction/substitution failed:
[6.284s] /home/ilex/Dev/VIST/src/robot/sdk/arm_teleop/src/lbot_driver/src/lbot_driver.cpp:479:9: note:   cannot convert ‘service_qos’ (type ‘rclcpp::QoS’) to type ‘const rmw_qos_profile_t&’ {aka ‘const rmw_qos_profile_s&’}
[6.285s]   479 |         service_qos, callback_group_);
[6.285s]       |         ^~~~~~~~~~~
[6.553s] /home/ilex/Dev/VIST/src/robot/sdk/arm_teleop/src/lbot_driver/src/lbot_driver.cpp: In member function ‘void lbot_driver::RightArmServiceNode::create_services()’:
[6.554s] /home/ilex/Dev/VIST/src/robot/sdk/arm_teleop/src/lbot_driver/src/lbot_driver.cpp:1038:80: error: no matching function for call to ‘lbot_driver::RightArmServiceNode::create_service<lbot_arm_interfaces::srv::MoveJ>(const char [21], std::_Bind_helper<false, void (lbot_driver::RightArmServiceNode::*)(std::shared_ptr<lbot_arm_interfaces::srv::MoveJ_Request_<std::allocator<void> > >, std::shared_ptr<lbot_arm_interfaces::srv::MoveJ_Response_<std::allocator<void> > >), lbot_driver::RightArmServiceNode*, const std::_Placeholder<1>&, const std::_Placeholder<2>&>::type, rclcpp::QoS&, rclcpp::CallbackGroup::SharedPtr&)’
[6.554s]  1038 |     move_joint_service_ = this->create_service<lbot_arm_interfaces::srv::MoveJ>(
[6.554s]       |                           ~~~~~~~~~~~~~~~~~~~~~~~~~~~~~~~~~~~~~~~~~~~~~~~~~~~~~^
[6.554s]  1039 |         "right_arm/move_joint",
[6.554s]       |         ~~~~~~~~~~~~~~~~~~~~~~~                                                 
[6.554s]  1040 |         std::bind(&RightArmServiceNode::move_joint_callback, this, std::placeholders::_1, std::placeholders::_2),
[6.554s]       |         ~~~~~~~~~~~~~~~~~~~~~~~~~~~~~~~~~~~~~~~~~~~~~~~~~~~~~~~~~~~~~~~~~~~~~~~~~~~~~~~~~~~~~~~~~~~~~~~~~~~~~~~~~
[6.554s]  1041 |         service_qos, callback_group_);
[6.554s]       |         ~~~~~~~~~~~~~~~~~~~~~~~~~~~~~                                           
[6.554s] In file included from /opt/ros/humble/include/rclcpp/rclcpp/executors/single_threaded_executor.hpp:28,
[6.555s]                  from /opt/ros/humble/include/rclcpp/rclcpp/executors.hpp:22,
[6.555s]                  from /opt/ros/humble/include/rclcpp/rclcpp/rclcpp.hpp:155,
[6.555s]                  from /home/ilex/Dev/VIST/src/robot/sdk/arm_teleop/src/lbot_driver/include/lbot_driver/lbot_driver.h:19,
[6.555s]                  from /home/ilex/Dev/VIST/src/robot/sdk/arm_teleop/src/lbot_driver/src/lbot_driver.cpp:15:
[6.555s] /opt/ros/humble/include/rclcpp/rclcpp/node.hpp:267:3: note: candidate: ‘template<class ServiceT, class CallbackT> typename rclcpp::Service<ServiceT>::SharedPtr rclcpp::Node::create_service(const string&, CallbackT&&, const rmw_qos_profile_t&, rclcpp::CallbackGroup::SharedPtr)’
[6.555s]   267 |   create_service(
[6.559s]       |   ^~~~~~~~~~~~~~
[6.559s] /opt/ros/humble/include/rclcpp/rclcpp/node.hpp:267:3: note:   template argument deduction/substitution failed:
[6.559s] /home/ilex/Dev/VIST/src/robot/sdk/arm_teleop/src/lbot_driver/src/lbot_driver.cpp:1041:9: note:   cannot convert ‘service_qos’ (type ‘rclcpp::QoS’) to type ‘const rmw_qos_profile_t&’ {aka ‘const rmw_qos_profile_s&’}
[6.560s]  1041 |         service_qos, callback_group_);
[6.560s]       |         ^~~~~~~~~~~
[6.560s] /home/ilex/Dev/VIST/src/robot/sdk/arm_teleop/src/lbot_driver/src/lbot_driver.cpp:1043:80: error: no matching function for call to ‘lbot_driver::RightArmServiceNode::create_service<lbot_arm_interfaces::srv::MoveJP>(const char [20], std::_Bind_helper<false, void (lbot_driver::RightArmServiceNode::*)(std::shared_ptr<lbot_arm_interfaces::srv::MoveJP_Request_<std::allocator<void> > >, std::shared_ptr<lbot_arm_interfaces::srv::MoveJP_Response_<std::allocator<void> > >), lbot_driver::RightArmServiceNode*, const std::_Placeholder<1>&, const std::_Placeholder<2>&>::type, rclcpp::QoS&, rclcpp::CallbackGroup::SharedPtr&)’
[6.560s]  1043 |     move_pose_service_ = this->create_service<lbot_arm_interfaces::srv::MoveJP>(
[6.560s]       |                          ~~~~~~~~~~~~~~~~~~~~~~~~~~~~~~~~~~~~~~~~~~~~~~~~~~~~~~^
[6.560s]  1044 |         "right_arm/move_pose",
[6.560s]       |         ~~~~~~~~~~~~~~~~~~~~~~                                                  
[6.560s]  1045 |         std::bind(&RightArmServiceNode::move_pose_callback, this, std::placeholders::_1, std::placeholders::_2),
[6.561s]       |         ~~~~~~~~~~~~~~~~~~~~~~~~~~~~~~~~~~~~~~~~~~~~~~~~~~~~~~~~~~~~~~~~~~~~~~~~~~~~~~~~~~~~~~~~~~~~~~~~~~~~~~~~
[6.561s]  1046 |         service_qos, callback_group_);
[6.561s]       |         ~~~~~~~~~~~~~~~~~~~~~~~~~~~~~                                           
[6.561s] In file included from /opt/ros/humble/include/rclcpp/rclcpp/executors/single_threaded_executor.hpp:28,
[6.561s]                  from /opt/ros/humble/include/rclcpp/rclcpp/executors.hpp:22,
[6.561s]                  from /opt/ros/humble/include/rclcpp/rclcpp/rclcpp.hpp:155,
[6.561s]                  from /home/ilex/Dev/VIST/src/robot/sdk/arm_teleop/src/lbot_driver/include/lbot_driver/lbot_driver.h:19,
[6.561s]                  from /home/ilex/Dev/VIST/src/robot/sdk/arm_teleop/src/lbot_driver/src/lbot_driver.cpp:15:
[6.561s] /opt/ros/humble/include/rclcpp/rclcpp/node.hpp:267:3: note: candidate: ‘template<class ServiceT, class CallbackT> typename rclcpp::Service<ServiceT>::SharedPtr rclcpp::Node::create_service(const string&, CallbackT&&, const rmw_qos_profile_t&, rclcpp::CallbackGroup::SharedPtr)’
[6.561s]   267 |   create_service(
[6.562s]       |   ^~~~~~~~~~~~~~
[6.562s] /opt/ros/humble/include/rclcpp/rclcpp/node.hpp:267:3: note:   template argument deduction/substitution failed:
[6.562s] /home/ilex/Dev/VIST/src/robot/sdk/arm_teleop/src/lbot_driver/src/lbot_driver.cpp:1046:9: note:   cannot convert ‘service_qos’ (type ‘rclcpp::QoS’) to type ‘const rmw_qos_profile_t&’ {aka ‘const rmw_qos_profile_s&’}
[6.562s]  1046 |         service_qos, callback_group_);
[6.562s]       |         ^~~~~~~~~~~
[6.565s] /home/ilex/Dev/VIST/src/robot/sdk/arm_teleop/src/lbot_driver/src/lbot_driver.cpp:1048:81: error: no matching function for call to ‘lbot_driver::RightArmServiceNode::create_service<lbot_arm_interfaces::srv::MoveL>(const char [22], std::_Bind_helper<false, void (lbot_driver::RightArmServiceNode::*)(std::shared_ptr<lbot_arm_interfaces::srv::MoveL_Request_<std::allocator<void> > >, std::shared_ptr<lbot_arm_interfaces::srv::MoveL_Response_<std::allocator<void> > >), lbot_driver::RightArmServiceNode*, const std::_Placeholder<1>&, const std::_Placeholder<2>&>::type, rclcpp::QoS&, rclcpp::CallbackGroup::SharedPtr&)’
[6.566s]  1048 |     move_linear_service_ = this->create_service<lbot_arm_interfaces::srv::MoveL>(
[6.566s]       |                            ~~~~~~~~~~~~~~~~~~~~~~~~~~~~~~~~~~~~~~~~~~~~~~~~~~~~~^
[6.566s]  1049 |         "right_arm/move_linear",
[6.566s]       |         ~~~~~~~~~~~~~~~~~~~~~~~~                                                 
[6.566s]  1050 |         std::bind(&RightArmServiceNode::move_linear_callback, this, std::placeholders::_1, std::placeholders::_2),
[6.566s]       |         ~~~~~~~~~~~~~~~~~~~~~~~~~~~~~~~~~~~~~~~~~~~~~~~~~~~~~~~~~~~~~~~~~~~~~~~~~~~~~~~~~~~~~~~~~~~~~~~~~~~~~~~~~~
[6.566s]  1051 |         service_qos, callback_group_);
[6.566s]       |         ~~~~~~~~~~~~~~~~~~~~~~~~~~~~~                                            
[6.566s] In file included from /opt/ros/humble/include/rclcpp/rclcpp/executors/single_threaded_executor.hpp:28,
[6.566s]                  from /opt/ros/humble/include/rclcpp/rclcpp/executors.hpp:22,
[6.567s]                  from /opt/ros/humble/include/rclcpp/rclcpp/rclcpp.hpp:155,
[6.567s]                  from /home/ilex/Dev/VIST/src/robot/sdk/arm_teleop/src/lbot_driver/include/lbot_driver/lbot_driver.h:19,
[6.567s]                  from /home/ilex/Dev/VIST/src/robot/sdk/arm_teleop/src/lbot_driver/src/lbot_driver.cpp:15:
[6.567s] /opt/ros/humble/include/rclcpp/rclcpp/node.hpp:267:3: note: candidate: ‘template<class ServiceT, class CallbackT> typename rclcpp::Service<ServiceT>::SharedPtr rclcpp::Node::create_service(const string&, CallbackT&&, const rmw_qos_profile_t&, rclcpp::CallbackGroup::SharedPtr)’
[6.567s]   267 |   create_service(
[6.567s]       |   ^~~~~~~~~~~~~~
[6.567s] /opt/ros/humble/include/rclcpp/rclcpp/node.hpp:267:3: note:   template argument deduction/substitution failed:
[6.567s] /home/ilex/Dev/VIST/src/robot/sdk/arm_teleop/src/lbot_driver/src/lbot_driver.cpp:1051:9: note:   cannot convert ‘service_qos’ (type ‘rclcpp::QoS’) to type ‘const rmw_qos_profile_t&’ {aka ‘const rmw_qos_profile_s&’}
[6.567s]  1051 |         service_qos, callback_group_);
[6.568s]       |         ^~~~~~~~~~~
[6.574s] /home/ilex/Dev/VIST/src/robot/sdk/arm_teleop/src/lbot_driver/src/lbot_driver.cpp:1054:100: error: no matching function for call to ‘lbot_driver::RightArmServiceNode::create_service<lbot_arm_interfaces::srv::ForwardKinematics>(const char [29], std::_Bind_helper<false, void (lbot_driver::RightArmServiceNode::*)(std::shared_ptr<lbot_arm_interfaces::srv::ForwardKinematics_Request_<std::allocator<void> > >, std::shared_ptr<lbot_arm_interfaces::srv::ForwardKinematics_Response_<std::allocator<void> > >), lbot_driver::RightArmServiceNode*, const std::_Placeholder<1>&, const std::_Placeholder<2>&>::type, rclcpp::QoS&, rclcpp::CallbackGroup::SharedPtr&)’
[6.574s]  1054 |     forward_kinematics_service_ = this->create_service<lbot_arm_interfaces::srv::ForwardKinematics>(
[6.574s]       |                                   ~~~~~~~~~~~~~~~~~~~~~~~~~~~~~~~~~~~~~~~~~~~~~~~~~~~~~~~~~~~~~~~~~^
[6.574s]  1055 |         "right_arm/forward_kinematics",
[6.574s]       |         ~~~~~~~~~~~~~~~~~~~~~~~~~~~~~~~                                                             
[6.575s]  1056 |         std::bind(&RightArmServiceNode::forward_kinematics_callback, this, std::placeholders::_1, std::placeholders::_2),
[6.575s]       |         ~~~~~~~~~~~~~~~~~~~~~~~~~~~~~~~~~~~~~~~~~~~~~~~~~~~~~~~~~~~~~~~~~~~~~~~~~~~~~~~~~~~~~~~~~~~~~~~~~~~~~~~~~~~~~~~~~
[6.575s]  1057 |         service_qos, callback_group_);
[6.575s]       |         ~~~~~~~~~~~~~~~~~~~~~~~~~~~~~                                                               
[6.575s] In file included from /opt/ros/humble/include/rclcpp/rclcpp/executors/single_threaded_executor.hpp:28,
[6.575s]                  from /opt/ros/humble/include/rclcpp/rclcpp/executors.hpp:22,
[6.575s]                  from /opt/ros/humble/include/rclcpp/rclcpp/rclcpp.hpp:155,
[6.579s]                  from /home/ilex/Dev/VIST/src/robot/sdk/arm_teleop/src/lbot_driver/include/lbot_driver/lbot_driver.h:19,
[6.579s]                  from /home/ilex/Dev/VIST/src/robot/sdk/arm_teleop/src/lbot_driver/src/lbot_driver.cpp:15:
[6.579s] /opt/ros/humble/include/rclcpp/rclcpp/node.hpp:267:3: note: candidate: ‘template<class ServiceT, class CallbackT> typename rclcpp::Service<ServiceT>::SharedPtr rclcpp::Node::create_service(const string&, CallbackT&&, const rmw_qos_profile_t&, rclcpp::CallbackGroup::SharedPtr)’
[6.579s]   267 |   create_service(
[6.579s]       |   ^~~~~~~~~~~~~~
[6.579s] /opt/ros/humble/include/rclcpp/rclcpp/node.hpp:267:3: note:   template argument deduction/substitution failed:
[6.579s] /home/ilex/Dev/VIST/src/robot/sdk/arm_teleop/src/lbot_driver/src/lbot_driver.cpp:1057:9: note:   cannot convert ‘service_qos’ (type ‘rclcpp::QoS’) to type ‘const rmw_qos_profile_t&’ {aka ‘const rmw_qos_profile_s&’}
[6.579s]  1057 |         service_qos, callback_group_);
[6.579s]       |         ^~~~~~~~~~~
[6.579s] /home/ilex/Dev/VIST/src/robot/sdk/arm_teleop/src/lbot_driver/src/lbot_driver.cpp:1059:100: error: no matching function for call to ‘lbot_driver::RightArmServiceNode::create_service<lbot_arm_interfaces::srv::InverseKinematics>(const char [29], std::_Bind_helper<false, void (lbot_driver::RightArmServiceNode::*)(std::shared_ptr<lbot_arm_interfaces::srv::InverseKinematics_Request_<std::allocator<void> > >, std::shared_ptr<lbot_arm_interfaces::srv::InverseKinematics_Response_<std::allocator<void> > >), lbot_driver::RightArmServiceNode*, const std::_Placeholder<1>&, const std::_Placeholder<2>&>::type, rclcpp::QoS&, rclcpp::CallbackGroup::SharedPtr&)’
[6.579s]  1059 |     inverse_kinematics_service_ = this->create_service<lbot_arm_interfaces::srv::InverseKinematics>(
[6.580s]       |                                   ~~~~~~~~~~~~~~~~~~~~~~~~~~~~~~~~~~~~~~~~~~~~~~~~~~~~~~~~~~~~~~~~~^
[6.580s]  1060 |         "right_arm/inverse_kinematics",
[6.580s]       |         ~~~~~~~~~~~~~~~~~~~~~~~~~~~~~~~                                                             
[6.580s]  1061 |         std::bind(&RightArmServiceNode::inverse_kinematics_callback, this, std::placeholders::_1, std::placeholders::_2),
[6.580s]       |         ~~~~~~~~~~~~~~~~~~~~~~~~~~~~~~~~~~~~~~~~~~~~~~~~~~~~~~~~~~~~~~~~~~~~~~~~~~~~~~~~~~~~~~~~~~~~~~~~~~~~~~~~~~~~~~~~~
[6.580s]  1062 |         service_qos, callback_group_);
[6.580s]       |         ~~~~~~~~~~~~~~~~~~~~~~~~~~~~~                                                               
[6.580s] In file included from /opt/ros/humble/include/rclcpp/rclcpp/executors/single_threaded_executor.hpp:28,
[6.580s]                  from /opt/ros/humble/include/rclcpp/rclcpp/executors.hpp:22,
[6.580s]                  from /opt/ros/humble/include/rclcpp/rclcpp/rclcpp.hpp:155,
[6.580s]                  from /home/ilex/Dev/VIST/src/robot/sdk/arm_teleop/src/lbot_driver/include/lbot_driver/lbot_driver.h:19,
[6.580s]                  from /home/ilex/Dev/VIST/src/robot/sdk/arm_teleop/src/lbot_driver/src/lbot_driver.cpp:15:
[6.580s] /opt/ros/humble/include/rclcpp/rclcpp/node.hpp:267:3: note: candidate: ‘template<class ServiceT, class CallbackT> typename rclcpp::Service<ServiceT>::SharedPtr rclcpp::Node::create_service(const string&, CallbackT&&, const rmw_qos_profile_t&, rclcpp::CallbackGroup::SharedPtr)’
[6.580s]   267 |   create_service(
[6.580s]       |   ^~~~~~~~~~~~~~
[6.581s] /opt/ros/humble/include/rclcpp/rclcpp/node.hpp:267:3: note:   template argument deduction/substitution failed:
[6.581s] /home/ilex/Dev/VIST/src/robot/sdk/arm_teleop/src/lbot_driver/src/lbot_driver.cpp:1062:9: note:   cannot convert ‘service_qos’ (type ‘rclcpp::QoS’) to type ‘const rmw_qos_profile_t&’ {aka ‘const rmw_qos_profile_s&’}
[6.581s]  1062 |         service_qos, callback_group_);
[6.581s]       |         ^~~~~~~~~~~
[6.582s] /home/ilex/Dev/VIST/src/robot/sdk/arm_teleop/src/lbot_driver/src/lbot_driver.cpp:1065:87: error: no matching function for call to ‘lbot_driver::RightArmServiceNode::create_service<lbot_arm_interfaces::srv::SetFrame>(const char [25], std::_Bind_helper<false, void (lbot_driver::RightArmServiceNode::*)(std::shared_ptr<lbot_arm_interfaces::srv::SetFrame_Request_<std::allocator<void> > >, std::shared_ptr<lbot_arm_interfaces::srv::SetFrame_Response_<std::allocator<void> > >), lbot_driver::RightArmServiceNode*, const std::_Placeholder<1>&, const std::_Placeholder<2>&>::type, rclcpp::QoS&, rclcpp::CallbackGroup::SharedPtr&)’
[6.582s]  1065 |     set_tool_frame_service_ = this->create_service<lbot_arm_interfaces::srv::SetFrame>(
[6.582s]       |                               ~~~~~~~~~~~~~~~~~~~~~~~~~~~~~~~~~~~~~~~~~~~~~~~~~~~~~~~~^
[6.582s]  1066 |         "right_arm/set_tool_frame",
[6.582s]       |         ~~~~~~~~~~~~~~~~~~~~~~~~~~~                                                    
[6.582s]  1067 |         std::bind(&RightArmServiceNode::set_tool_frame_callback, this, std::placeholders::_1, std::placeholders::_2),
[6.582s]       |         ~~~~~~~~~~~~~~~~~~~~~~~~~~~~~~~~~~~~~~~~~~~~~~~~~~~~~~~~~~~~~~~~~~~~~~~~~~~~~~~~~~~~~~~~~~~~~~~~~~~~~~~~~~~~~
[6.582s]  1068 |         service_qos, callback_group_);
[6.582s]       |         ~~~~~~~~~~~~~~~~~~~~~~~~~~~~~                                                  
[6.582s] In file included from /opt/ros/humble/include/rclcpp/rclcpp/executors/single_threaded_executor.hpp:28,
[6.582s]                  from /opt/ros/humble/include/rclcpp/rclcpp/executors.hpp:22,
[6.583s]                  from /opt/ros/humble/include/rclcpp/rclcpp/rclcpp.hpp:155,
[6.583s]                  from /home/ilex/Dev/VIST/src/robot/sdk/arm_teleop/src/lbot_driver/include/lbot_driver/lbot_driver.h:19,
[6.583s]                  from /home/ilex/Dev/VIST/src/robot/sdk/arm_teleop/src/lbot_driver/src/lbot_driver.cpp:15:
[6.583s] /opt/ros/humble/include/rclcpp/rclcpp/node.hpp:267:3: note: candidate: ‘template<class ServiceT, class CallbackT> typename rclcpp::Service<ServiceT>::SharedPtr rclcpp::Node::create_service(const string&, CallbackT&&, const rmw_qos_profile_t&, rclcpp::CallbackGroup::SharedPtr)’
[6.583s]   267 |   create_service(
[6.583s]       |   ^~~~~~~~~~~~~~
[6.583s] /opt/ros/humble/include/rclcpp/rclcpp/node.hpp:267:3: note:   template argument deduction/substitution failed:
[6.583s] /home/ilex/Dev/VIST/src/robot/sdk/arm_teleop/src/lbot_driver/src/lbot_driver.cpp:1068:9: note:   cannot convert ‘service_qos’ (type ‘rclcpp::QoS’) to type ‘const rmw_qos_profile_t&’ {aka ‘const rmw_qos_profile_s&’}
[6.583s]  1068 |         service_qos, callback_group_);
[6.583s]       |         ^~~~~~~~~~~
[6.586s] /home/ilex/Dev/VIST/src/robot/sdk/arm_teleop/src/lbot_driver/src/lbot_driver.cpp:1070:87: error: no matching function for call to ‘lbot_driver::RightArmServiceNode::create_service<lbot_arm_interfaces::srv::GetFrame>(const char [25], std::_Bind_helper<false, void (lbot_driver::RightArmServiceNode::*)(std::shared_ptr<lbot_arm_interfaces::srv::GetFrame_Request_<std::allocator<void> > >, std::shared_ptr<lbot_arm_interfaces::srv::GetFrame_Response_<std::allocator<void> > >), lbot_driver::RightArmServiceNode*, const std::_Placeholder<1>&, const std::_Placeholder<2>&>::type, rclcpp::QoS&, rclcpp::CallbackGroup::SharedPtr&)’
[6.586s]  1070 |     get_tool_frame_service_ = this->create_service<lbot_arm_interfaces::srv::GetFrame>(
[6.586s]       |                               ~~~~~~~~~~~~~~~~~~~~~~~~~~~~~~~~~~~~~~~~~~~~~~~~~~~~~~~~^
[6.586s]  1071 |         "right_arm/get_tool_frame",
[6.586s]       |         ~~~~~~~~~~~~~~~~~~~~~~~~~~~                                                    
[6.586s]  1072 |         std::bind(&RightArmServiceNode::get_tool_frame_callback, this, std::placeholders::_1, std::placeholders::_2),
[6.587s]       |         ~~~~~~~~~~~~~~~~~~~~~~~~~~~~~~~~~~~~~~~~~~~~~~~~~~~~~~~~~~~~~~~~~~~~~~~~~~~~~~~~~~~~~~~~~~~~~~~~~~~~~~~~~~~~~
[6.587s]  1073 |         service_qos, callback_group_);
[6.587s]       |         ~~~~~~~~~~~~~~~~~~~~~~~~~~~~~                                                  
[6.587s] In file included from /opt/ros/humble/include/rclcpp/rclcpp/executors/single_threaded_executor.hpp:28,
[6.587s]                  from /opt/ros/humble/include/rclcpp/rclcpp/executors.hpp:22,
[6.587s]                  from /opt/ros/humble/include/rclcpp/rclcpp/rclcpp.hpp:155,
[6.587s]                  from /home/ilex/Dev/VIST/src/robot/sdk/arm_teleop/src/lbot_driver/include/lbot_driver/lbot_driver.h:19,
[6.587s]                  from /home/ilex/Dev/VIST/src/robot/sdk/arm_teleop/src/lbot_driver/src/lbot_driver.cpp:15:
[6.587s] /opt/ros/humble/include/rclcpp/rclcpp/node.hpp:267:3: note: candidate: ‘template<class ServiceT, class CallbackT> typename rclcpp::Service<ServiceT>::SharedPtr rclcpp::Node::create_service(const string&, CallbackT&&, const rmw_qos_profile_t&, rclcpp::CallbackGroup::SharedPtr)’
[6.588s]   267 |   create_service(
[6.588s]       |   ^~~~~~~~~~~~~~
[6.588s] /opt/ros/humble/include/rclcpp/rclcpp/node.hpp:267:3: note:   template argument deduction/substitution failed:
[6.588s] /home/ilex/Dev/VIST/src/robot/sdk/arm_teleop/src/lbot_driver/src/lbot_driver.cpp:1073:9: note:   cannot convert ‘service_qos’ (type ‘rclcpp::QoS’) to type ‘const rmw_qos_profile_t&’ {aka ‘const rmw_qos_profile_s&’}
[6.588s]  1073 |         service_qos, callback_group_);
[6.588s]       |         ^~~~~~~~~~~
[6.592s] /home/ilex/Dev/VIST/src/robot/sdk/arm_teleop/src/lbot_driver/src/lbot_driver.cpp:1075:102: error: no matching function for call to ‘lbot_driver::RightArmServiceNode::create_service<lbot_arm_interfaces::srv::GetCurrentFrame>(const char [33], std::_Bind_helper<false, void (lbot_driver::RightArmServiceNode::*)(std::shared_ptr<lbot_arm_interfaces::srv::GetCurrentFrame_Request_<std::allocator<void> > >, std::shared_ptr<lbot_arm_interfaces::srv::GetCurrentFrame_Response_<std::allocator<void> > >), lbot_driver::RightArmServiceNode*, const std::_Placeholder<1>&, const std::_Placeholder<2>&>::type, rclcpp::QoS&, rclcpp::CallbackGroup::SharedPtr&)’
[6.592s]  1075 |     get_current_tool_frame_service_ = this->create_service<lbot_arm_interfaces::srv::GetCurrentFrame>(
[6.592s]       |                                       ~~~~~~~~~~~~~~~~~~~~~~~~~~~~~~~~~~~~~~~~~~~~~~~~~~~~~~~~~~~~~~~^
[6.592s]  1076 |         "right_arm/get_current_tool_frame",
[6.592s]       |         ~~~~~~~~~~~~~~~~~~~~~~~~~~~~~~~~~~~                                                           
[6.592s]  1077 |         std::bind(&RightArmServiceNode::get_current_tool_frame_callback, this, std::placeholders::_1, std::placeholders::_2),
[6.592s]       |         ~~~~~~~~~~~~~~~~~~~~~~~~~~~~~~~~~~~~~~~~~~~~~~~~~~~~~~~~~~~~~~~~~~~~~~~~~~~~~~~~~~~~~~~~~~~~~~~~~~~~~~~~~~~~~~~~~~~~~
[6.593s]  1078 |         service_qos, callback_group_);
[6.593s]       |         ~~~~~~~~~~~~~~~~~~~~~~~~~~~~~                                                                 
[6.595s] In file included from /opt/ros/humble/include/rclcpp/rclcpp/executors/single_threaded_executor.hpp:28,
[6.595s]                  from /opt/ros/humble/include/rclcpp/rclcpp/executors.hpp:22,
[6.595s]                  from /opt/ros/humble/include/rclcpp/rclcpp/rclcpp.hpp:155,
[6.595s]                  from /home/ilex/Dev/VIST/src/robot/sdk/arm_teleop/src/lbot_driver/include/lbot_driver/lbot_driver.h:19,
[6.595s]                  from /home/ilex/Dev/VIST/src/robot/sdk/arm_teleop/src/lbot_driver/src/lbot_driver.cpp:15:
[6.596s] /opt/ros/humble/include/rclcpp/rclcpp/node.hpp:267:3: note: candidate: ‘template<class ServiceT, class CallbackT> typename rclcpp::Service<ServiceT>::SharedPtr rclcpp::Node::create_service(const string&, CallbackT&&, const rmw_qos_profile_t&, rclcpp::CallbackGroup::SharedPtr)’
[6.596s]   267 |   create_service(
[6.596s]       |   ^~~~~~~~~~~~~~
[6.596s] /opt/ros/humble/include/rclcpp/rclcpp/node.hpp:267:3: note:   template argument deduction/substitution failed:
[6.596s] /home/ilex/Dev/VIST/src/robot/sdk/arm_teleop/src/lbot_driver/src/lbot_driver.cpp:1078:9: note:   cannot convert ‘service_qos’ (type ‘rclcpp::QoS’) to type ‘const rmw_qos_profile_t&’ {aka ‘const rmw_qos_profile_s&’}
[6.596s]  1078 |         service_qos, callback_group_);
[6.601s]       |         ^~~~~~~~~~~
[6.602s] /home/ilex/Dev/VIST/src/robot/sdk/arm_teleop/src/lbot_driver/src/lbot_driver.cpp:1080:93: error: no matching function for call to ‘lbot_driver::RightArmServiceNode::create_service<lbot_arm_interfaces::srv::ChangeFrame>(const char [28], std::_Bind_helper<false, void (lbot_driver::RightArmServiceNode::*)(std::shared_ptr<lbot_arm_interfaces::srv::ChangeFrame_Request_<std::allocator<void> > >, std::shared_ptr<lbot_arm_interfaces::srv::ChangeFrame_Response_<std::allocator<void> > >), lbot_driver::RightArmServiceNode*, const std::_Placeholder<1>&, const std::_Placeholder<2>&>::type, rclcpp::QoS&, rclcpp::CallbackGroup::SharedPtr&)’
[6.602s]  1080 |     change_tool_frame_service_ = this->create_service<lbot_arm_interfaces::srv::ChangeFrame>(
[6.602s]       |                                  ~~~~~~~~~~~~~~~~~~~~~~~~~~~~~~~~~~~~~~~~~~~~~~~~~~~~~~~~~~~^
[6.602s]  1081 |         "right_arm/change_tool_frame",
[6.602s]       |         ~~~~~~~~~~~~~~~~~~~~~~~~~~~~~~                                                       
[6.602s]  1082 |         std::bind(&RightArmServiceNode::change_tool_frame_callback, this, std::placeholders::_1, std::placeholders::_2),
[6.602s]       |         ~~~~~~~~~~~~~~~~~~~~~~~~~~~~~~~~~~~~~~~~~~~~~~~~~~~~~~~~~~~~~~~~~~~~~~~~~~~~~~~~~~~~~~~~~~~~~~~~~~~~~~~~~~~~~~~~
[6.602s]  1083 |         service_qos, callback_group_);
[6.602s]       |         ~~~~~~~~~~~~~~~~~~~~~~~~~~~~~                                                        
[6.602s] In file included from /opt/ros/humble/include/rclcpp/rclcpp/executors/single_threaded_executor.hpp:28,
[6.602s]                  from /opt/ros/humble/include/rclcpp/rclcpp/executors.hpp:22,
[6.602s]                  from /opt/ros/humble/include/rclcpp/rclcpp/rclcpp.hpp:155,
[6.602s]                  from /home/ilex/Dev/VIST/src/robot/sdk/arm_teleop/src/lbot_driver/include/lbot_driver/lbot_driver.h:19,
[6.602s]                  from /home/ilex/Dev/VIST/src/robot/sdk/arm_teleop/src/lbot_driver/src/lbot_driver.cpp:15:
[6.603s] /opt/ros/humble/include/rclcpp/rclcpp/node.hpp:267:3: note: candidate: ‘template<class ServiceT, class CallbackT> typename rclcpp::Service<ServiceT>::SharedPtr rclcpp::Node::create_service(const string&, CallbackT&&, const rmw_qos_profile_t&, rclcpp::CallbackGroup::SharedPtr)’
[6.603s]   267 |   create_service(
[6.603s]       |   ^~~~~~~~~~~~~~
[6.603s] /opt/ros/humble/include/rclcpp/rclcpp/node.hpp:267:3: note:   template argument deduction/substitution failed:
[6.603s] /home/ilex/Dev/VIST/src/robot/sdk/arm_teleop/src/lbot_driver/src/lbot_driver.cpp:1083:9: note:   cannot convert ‘service_qos’ (type ‘rclcpp::QoS’) to type ‘const rmw_qos_profile_t&’ {aka ‘const rmw_qos_profile_s&’}
[6.603s]  1083 |         service_qos, callback_group_);
[6.603s]       |         ^~~~~~~~~~~
[6.603s] /home/ilex/Dev/VIST/src/robot/sdk/arm_teleop/src/lbot_driver/src/lbot_driver.cpp:1085:93: error: no matching function for call to ‘lbot_driver::RightArmServiceNode::create_service<lbot_arm_interfaces::srv::DeleteFrame>(const char [28], std::_Bind_helper<false, void (lbot_driver::RightArmServiceNode::*)(std::shared_ptr<lbot_arm_interfaces::srv::DeleteFrame_Request_<std::allocator<void> > >, std::shared_ptr<lbot_arm_interfaces::srv::DeleteFrame_Response_<std::allocator<void> > >), lbot_driver::RightArmServiceNode*, const std::_Placeholder<1>&, const std::_Placeholder<2>&>::type, rclcpp::QoS&, rclcpp::CallbackGroup::SharedPtr&)’
[6.603s]  1085 |     delete_tool_frame_service_ = this->create_service<lbot_arm_interfaces::srv::DeleteFrame>(
[6.603s]       |                                  ~~~~~~~~~~~~~~~~~~~~~~~~~~~~~~~~~~~~~~~~~~~~~~~~~~~~~~~~~~~^
[6.603s]  1086 |         "right_arm/delete_tool_frame",
[6.603s]       |         ~~~~~~~~~~~~~~~~~~~~~~~~~~~~~~                                                       
[6.603s]  1087 |         std::bind(&RightArmServiceNode::delete_tool_frame_callback, this, std::placeholders::_1, std::placeholders::_2),
[6.603s]       |         ~~~~~~~~~~~~~~~~~~~~~~~~~~~~~~~~~~~~~~~~~~~~~~~~~~~~~~~~~~~~~~~~~~~~~~~~~~~~~~~~~~~~~~~~~~~~~~~~~~~~~~~~~~~~~~~~
[6.603s]  1088 |         service_qos, callback_group_);
[6.603s]       |         ~~~~~~~~~~~~~~~~~~~~~~~~~~~~~                                                        
[6.604s] In file included from /opt/ros/humble/include/rclcpp/rclcpp/executors/single_threaded_executor.hpp:28,
[6.604s]                  from /opt/ros/humble/include/rclcpp/rclcpp/executors.hpp:22,
[6.604s]                  from /opt/ros/humble/include/rclcpp/rclcpp/rclcpp.hpp:155,
[6.604s]                  from /home/ilex/Dev/VIST/src/robot/sdk/arm_teleop/src/lbot_driver/include/lbot_driver/lbot_driver.h:19,
[6.604s]                  from /home/ilex/Dev/VIST/src/robot/sdk/arm_teleop/src/lbot_driver/src/lbot_driver.cpp:15:
[6.605s] /opt/ros/humble/include/rclcpp/rclcpp/node.hpp:267:3: note: candidate: ‘template<class ServiceT, class CallbackT> typename rclcpp::Service<ServiceT>::SharedPtr rclcpp::Node::create_service(const string&, CallbackT&&, const rmw_qos_profile_t&, rclcpp::CallbackGroup::SharedPtr)’
[6.608s]   267 |   create_service(
[6.608s]       |   ^~~~~~~~~~~~~~
[6.608s] /opt/ros/humble/include/rclcpp/rclcpp/node.hpp:267:3: note:   template argument deduction/substitution failed:
[6.608s] /home/ilex/Dev/VIST/src/robot/sdk/arm_teleop/src/lbot_driver/src/lbot_driver.cpp:1088:9: note:   cannot convert ‘service_qos’ (type ‘rclcpp::QoS’) to type ‘const rmw_qos_profile_t&’ {aka ‘const rmw_qos_profile_s&’}
[6.608s]  1088 |         service_qos, callback_group_);
[6.608s]       |         ^~~~~~~~~~~
[6.608s] /home/ilex/Dev/VIST/src/robot/sdk/arm_teleop/src/lbot_driver/src/lbot_driver.cpp:1090:96: error: no matching function for call to ‘lbot_driver::RightArmServiceNode::create_service<lbot_arm_interfaces::srv::GetAllFrames>(const char [30], std::_Bind_helper<false, void (lbot_driver::RightArmServiceNode::*)(std::shared_ptr<lbot_arm_interfaces::srv::GetAllFrames_Request_<std::allocator<void> > >, std::shared_ptr<lbot_arm_interfaces::srv::GetAllFrames_Response_<std::allocator<void> > >), lbot_driver::RightArmServiceNode*, const std::_Placeholder<1>&, const std::_Placeholder<2>&>::type, rclcpp::QoS&, rclcpp::CallbackGroup::SharedPtr&)’
[6.609s]  1090 |     get_all_tool_frames_service_ = this->create_service<lbot_arm_interfaces::srv::GetAllFrames>(
[6.609s]       |                                    ~~~~~~~~~~~~~~~~~~~~~~~~~~~~~~~~~~~~~~~~~~~~~~~~~~~~~~~~~~~~^
[6.609s]  1091 |         "right_arm/get_all_tool_frames",
[6.609s]       |         ~~~~~~~~~~~~~~~~~~~~~~~~~~~~~~~~                                                        
[6.609s]  1092 |         std::bind(&RightArmServiceNode::get_all_tool_frames_callback, this, std::placeholders::_1, std::placeholders::_2),
[6.609s]       |         ~~~~~~~~~~~~~~~~~~~~~~~~~~~~~~~~~~~~~~~~~~~~~~~~~~~~~~~~~~~~~~~~~~~~~~~~~~~~~~~~~~~~~~~~~~~~~~~~~~~~~~~~~~~~~~~~~~
[6.609s]  1093 |         service_qos, callback_group_);
[6.609s]       |         ~~~~~~~~~~~~~~~~~~~~~~~~~~~~~                                                           
[6.609s] In file included from /opt/ros/humble/include/rclcpp/rclcpp/executors/single_threaded_executor.hpp:28,
[6.609s]                  from /opt/ros/humble/include/rclcpp/rclcpp/executors.hpp:22,
[6.609s]                  from /opt/ros/humble/include/rclcpp/rclcpp/rclcpp.hpp:155,
[6.610s]                  from /home/ilex/Dev/VIST/src/robot/sdk/arm_teleop/src/lbot_driver/include/lbot_driver/lbot_driver.h:19,
[6.610s]                  from /home/ilex/Dev/VIST/src/robot/sdk/arm_teleop/src/lbot_driver/src/lbot_driver.cpp:15:
[6.610s] /opt/ros/humble/include/rclcpp/rclcpp/node.hpp:267:3: note: candidate: ‘template<class ServiceT, class CallbackT> typename rclcpp::Service<ServiceT>::SharedPtr rclcpp::Node::create_service(const string&, CallbackT&&, const rmw_qos_profile_t&, rclcpp::CallbackGroup::SharedPtr)’
[6.610s]   267 |   create_service(
[6.610s]       |   ^~~~~~~~~~~~~~
[6.610s] /opt/ros/humble/include/rclcpp/rclcpp/node.hpp:267:3: note:   template argument deduction/substitution failed:
[6.610s] /home/ilex/Dev/VIST/src/robot/sdk/arm_teleop/src/lbot_driver/src/lbot_driver.cpp:1093:9: note:   cannot convert ‘service_qos’ (type ‘rclcpp::QoS’) to type ‘const rmw_qos_profile_t&’ {aka ‘const rmw_qos_profile_s&’}
[6.610s]  1093 |         service_qos, callback_group_);
[6.611s]       |         ^~~~~~~~~~~
[6.611s] /home/ilex/Dev/VIST/src/robot/sdk/arm_teleop/src/lbot_driver/src/lbot_driver.cpp:1096:80: error: no matching function for call to ‘lbot_driver::RightArmServiceNode::create_service<lbot_arm_interfaces::srv::SetZero>(const char [19], std::_Bind_helper<false, void (lbot_driver::RightArmServiceNode::*)(std::shared_ptr<lbot_arm_interfaces::srv::SetZero_Request_<std::allocator<void> > >, std::shared_ptr<lbot_arm_interfaces::srv::SetZero_Response_<std::allocator<void> > >), lbot_driver::RightArmServiceNode*, const std::_Placeholder<1>&, const std::_Placeholder<2>&>::type, rclcpp::QoS&, rclcpp::CallbackGroup::SharedPtr&)’
[6.611s]  1096 |     set_zero_service_ = this->create_service<lbot_arm_interfaces::srv::SetZero>(
[6.614s]       |                         ~~~~~~~~~~~~~~~~~~~~~~~~~~~~~~~~~~~~~~~~~~~~~~~~~~~~~~~^
[6.614s]  1097 |         "right_arm/set_zero",
[6.614s]       |         ~~~~~~~~~~~~~~~~~~~~~                                                   
[6.614s]  1098 |         std::bind(&RightArmServiceNode::set_zero_callback, this, std::placeholders::_1, std::placeholders::_2),
[6.614s]       |         ~~~~~~~~~~~~~~~~~~~~~~~~~~~~~~~~~~~~~~~~~~~~~~~~~~~~~~~~~~~~~~~~~~~~~~~~~~~~~~~~~~~~~~~~~~~~~~~~~~~~~~~
[6.614s]  1099 |         service_qos, callback_group_);
[6.614s]       |         ~~~~~~~~~~~~~~~~~~~~~~~~~~~~~                                           
[6.615s] In file included from /opt/ros/humble/include/rclcpp/rclcpp/executors/single_threaded_executor.hpp:28,
[6.615s]                  from /opt/ros/humble/include/rclcpp/rclcpp/executors.hpp:22,
[6.615s]                  from /opt/ros/humble/include/rclcpp/rclcpp/rclcpp.hpp:155,
[6.615s]                  from /home/ilex/Dev/VIST/src/robot/sdk/arm_teleop/src/lbot_driver/include/lbot_driver/lbot_driver.h:19,
[6.615s]                  from /home/ilex/Dev/VIST/src/robot/sdk/arm_teleop/src/lbot_driver/src/lbot_driver.cpp:15:
[6.615s] /opt/ros/humble/include/rclcpp/rclcpp/node.hpp:267:3: note: candidate: ‘template<class ServiceT, class CallbackT> typename rclcpp::Service<ServiceT>::SharedPtr rclcpp::Node::create_service(const string&, CallbackT&&, const rmw_qos_profile_t&, rclcpp::CallbackGroup::SharedPtr)’
[6.615s]   267 |   create_service(
[6.615s]       |   ^~~~~~~~~~~~~~
[6.615s] /opt/ros/humble/include/rclcpp/rclcpp/node.hpp:267:3: note:   template argument deduction/substitution failed:
[6.615s] /home/ilex/Dev/VIST/src/robot/sdk/arm_teleop/src/lbot_driver/src/lbot_driver.cpp:1099:9: note:   cannot convert ‘service_qos’ (type ‘rclcpp::QoS’) to type ‘const rmw_qos_profile_t&’ {aka ‘const rmw_qos_profile_s&’}
[6.615s]  1099 |         service_qos, callback_group_);
[6.615s]       |         ^~~~~~~~~~~
[6.616s] /home/ilex/Dev/VIST/src/robot/sdk/arm_teleop/src/lbot_driver/src/lbot_driver.cpp:1100:84: error: no matching function for call to ‘lbot_driver::RightArmServiceNode::create_service<lbot_arm_interfaces::srv::SetEnable>(const char [21], std::_Bind_helper<false, void (lbot_driver::RightArmServiceNode::*)(std::shared_ptr<lbot_arm_interfaces::srv::SetEnable_Request_<std::allocator<void> > >, std::shared_ptr<lbot_arm_interfaces::srv::SetEnable_Response_<std::allocator<void> > >), lbot_driver::RightArmServiceNode*, const std::_Placeholder<1>&, const std::_Placeholder<2>&>::type, rclcpp::QoS&, rclcpp::CallbackGroup::SharedPtr&)’
[6.618s]  1100 |     set_enable_service_ = this->create_service<lbot_arm_interfaces::srv::SetEnable>(
[6.618s]       |                           ~~~~~~~~~~~~~~~~~~~~~~~~~~~~~~~~~~~~~~~~~~~~~~~~~~~~~~~~~^
[6.618s]  1101 |         "right_arm/set_enable",
[6.618s]       |         ~~~~~~~~~~~~~~~~~~~~~~~                                                     
[6.619s]  1102 |         std::bind(&RightArmServiceNode::set_enable_callback, this, std::placeholders::_1, std::placeholders::_2),
[6.619s]       |         ~~~~~~~~~~~~~~~~~~~~~~~~~~~~~~~~~~~~~~~~~~~~~~~~~~~~~~~~~~~~~~~~~~~~~~~~~~~~~~~~~~~~~~~~~~~~~~~~~~~~~~~~~
[6.619s]  1103 |         service_qos, callback_group_);
[6.619s]       |         ~~~~~~~~~~~~~~~~~~~~~~~~~~~~~                                               
[6.619s] In file included from /opt/ros/humble/include/rclcpp/rclcpp/executors/single_threaded_executor.hpp:28,
[6.619s]                  from /opt/ros/humble/include/rclcpp/rclcpp/executors.hpp:22,
[6.619s]                  from /opt/ros/humble/include/rclcpp/rclcpp/rclcpp.hpp:155,
[6.619s]                  from /home/ilex/Dev/VIST/src/robot/sdk/arm_teleop/src/lbot_driver/include/lbot_driver/lbot_driver.h:19,
[6.619s]                  from /home/ilex/Dev/VIST/src/robot/sdk/arm_teleop/src/lbot_driver/src/lbot_driver.cpp:15:
[6.619s] /opt/ros/humble/include/rclcpp/rclcpp/node.hpp:267:3: note: candidate: ‘template<class ServiceT, class CallbackT> typename rclcpp::Service<ServiceT>::SharedPtr rclcpp::Node::create_service(const string&, CallbackT&&, const rmw_qos_profile_t&, rclcpp::CallbackGroup::SharedPtr)’
[6.619s]   267 |   create_service(
[6.619s]       |   ^~~~~~~~~~~~~~
[6.619s] /opt/ros/humble/include/rclcpp/rclcpp/node.hpp:267:3: note:   template argument deduction/substitution failed:
[6.619s] /home/ilex/Dev/VIST/src/robot/sdk/arm_teleop/src/lbot_driver/src/lbot_driver.cpp:1103:9: note:   cannot convert ‘service_qos’ (type ‘rclcpp::QoS’) to type ‘const rmw_qos_profile_t&’ {aka ‘const rmw_qos_profile_s&’}
[6.620s]  1103 |         service_qos, callback_group_);
[6.620s]       |         ^~~~~~~~~~~
[6.626s] /home/ilex/Dev/VIST/src/robot/sdk/arm_teleop/src/lbot_driver/src/lbot_driver.cpp:1104:90: error: no matching function for call to ‘lbot_driver::RightArmServiceNode::create_service<lbot_arm_interfaces::srv::SetEmergency>(const char [29], std::_Bind_helper<false, void (lbot_driver::RightArmServiceNode::*)(std::shared_ptr<lbot_arm_interfaces::srv::SetEmergency_Request_<std::allocator<void> > >, std::shared_ptr<lbot_arm_interfaces::srv::SetEmergency_Response_<std::allocator<void> > >), lbot_driver::RightArmServiceNode*, const std::_Placeholder<1>&, const std::_Placeholder<2>&>::type, rclcpp::QoS&, rclcpp::CallbackGroup::SharedPtr&)’
[6.626s]  1104 |     set_emergency_service_ = this->create_service<lbot_arm_interfaces::srv::SetEmergency>(
[6.626s]       |                              ~~~~~~~~~~~~~~~~~~~~~~~~~~~~~~~~~~~~~~~~~~~~~~~~~~~~~~~~~~~~^
[6.626s]  1105 |         "right_arm/set_emergency_stop",
[6.626s]       |         ~~~~~~~~~~~~~~~~~~~~~~~~~~~~~~~                                                   
[6.626s]  1106 |         std::bind(&RightArmServiceNode::set_emergency_callback, this, std::placeholders::_1, std::placeholders::_2),
[6.626s]       |         ~~~~~~~~~~~~~~~~~~~~~~~~~~~~~~~~~~~~~~~~~~~~~~~~~~~~~~~~~~~~~~~~~~~~~~~~~~~~~~~~~~~~~~~~~~~~~~~~~~~~~~~~~~~~
[6.626s]  1107 |         service_qos, callback_group_);
[6.627s]       |         ~~~~~~~~~~~~~~~~~~~~~~~~~~~~~                                                     
[6.627s] In file included from /opt/ros/humble/include/rclcpp/rclcpp/executors/single_threaded_executor.hpp:28,
[6.627s]                  from /opt/ros/humble/include/rclcpp/rclcpp/executors.hpp:22,
[6.627s]                  from /opt/ros/humble/include/rclcpp/rclcpp/rclcpp.hpp:155,
[6.627s]                  from /home/ilex/Dev/VIST/src/robot/sdk/arm_teleop/src/lbot_driver/include/lbot_driver/lbot_driver.h:19,
[6.627s]                  from /home/ilex/Dev/VIST/src/robot/sdk/arm_teleop/src/lbot_driver/src/lbot_driver.cpp:15:
[6.627s] /opt/ros/humble/include/rclcpp/rclcpp/node.hpp:267:3: note: candidate: ‘template<class ServiceT, class CallbackT> typename rclcpp::Service<ServiceT>::SharedPtr rclcpp::Node::create_service(const string&, CallbackT&&, const rmw_qos_profile_t&, rclcpp::CallbackGroup::SharedPtr)’
[6.627s]   267 |   create_service(
[6.627s]       |   ^~~~~~~~~~~~~~
[6.627s] /opt/ros/humble/include/rclcpp/rclcpp/node.hpp:267:3: note:   template argument deduction/substitution failed:
[6.627s] /home/ilex/Dev/VIST/src/robot/sdk/arm_teleop/src/lbot_driver/src/lbot_driver.cpp:1107:9: note:   cannot convert ‘service_qos’ (type ‘rclcpp::QoS’) to type ‘const rmw_qos_profile_t&’ {aka ‘const rmw_qos_profile_s&’}
[6.627s]  1107 |         service_qos, callback_group_);
[6.627s]       |         ^~~~~~~~~~~
[11.311s] gmake[2]: *** [CMakeFiles/lbot_driver.dir/build.make:76：CMakeFiles/lbot_driver.dir/src/lbot_driver.cpp.o] 错误 1
[11.311s] gmake[1]: *** [CMakeFiles/Makefile2:137：CMakeFiles/lbot_driver.dir/all] 错误 2
[11.311s] gmake: *** [Makefile:146：all] 错误 2
[11.313s] Invoked command in '/home/ilex/Dev/VIST/src/robot/sdk/arm_teleop/build/lbot_driver' returned '2': AMENT_PREFIX_PATH=/home/ilex/Dev/VIST/src/robot/sdk/arm_teleop/install/lbot_arm_interfaces:${AMENT_PREFIX_PATH} CMAKE_PREFIX_PATH=/home/ilex/Dev/VIST/src/robot/sdk/arm_teleop/install/lbot_arm_interfaces:/opt/ros/humble CONDA_PROMPT_MODIFIER=(base) LD_LIBRARY_PATH=/home/ilex/Dev/VIST/src/robot/sdk/arm_teleop/install/lbot_arm_interfaces/lib:${LD_LIBRARY_PATH} PYTHONPATH=/home/ilex/Dev/VIST/src/robot/sdk/arm_teleop/install/lbot_arm_interfaces/lib/python3.10/site-packages:${PYTHONPATH} /usr/bin/cmake --build /home/ilex/Dev/VIST/src/robot/sdk/arm_teleop/build/lbot_driver -- -j16 -l16
