[0.075s] DEBUG:colcon:Command line arguments: ['/usr/bin/colcon', 'build', '--symlink-install']
[0.075s] DEBUG:colcon:Parsed command line arguments: Namespace(log_base=None, log_level=None, verb_name='build', build_base='build', install_base='install', merge_install=False, symlink_install=True, test_result_base=None, continue_on_error=False, executor='parallel', parallel_workers=16, event_handlers=None, ignore_user_meta=False, metas=['./colcon.meta'], base_paths=['.'], packages_ignore=None, packages_ignore_regex=None, paths=None, packages_up_to=None, packages_up_to_regex=None, packages_above=None, packages_above_and_dependencies=None, packages_above_depth=None, packages_select_by_dep=None, packages_skip_by_dep=None, packages_skip_up_to=None, packages_select_build_failed=False, packages_skip_build_finished=False, packages_select_test_failures=False, packages_skip_test_passed=False, packages_select=None, packages_skip=None, packages_select_regex=None, packages_skip_regex=None, packages_start=None, packages_end=None, allow_overriding=[], cmake_args=None, cmake_target=None, cmake_target_skip_unavailable=False, cmake_clean_cache=False, cmake_clean_first=False, cmake_force_configure=False, ament_cmake_args=None, catkin_cmake_args=None, catkin_skip_building_tests=False, verb_parser=<colcon_defaults.argument_parser.defaults.DefaultArgumentsDecorator object at 0x7e72fb0238e0>, verb_extension=<colcon_core.verb.build.BuildVerb object at 0x7e72fb16ce20>, main=<bound method BuildVerb.main of <colcon_core.verb.build.BuildVerb object at 0x7e72fb16ce20>>)
[0.162s] Level 1:colcon.colcon_core.package_discovery:discover_packages(colcon_meta) check parameters
[0.162s] Level 1:colcon.colcon_core.package_discovery:discover_packages(recursive) check parameters
[0.162s] Level 1:colcon.colcon_core.package_discovery:discover_packages(ignore) check parameters
[0.162s] Level 1:colcon.colcon_core.package_discovery:discover_packages(path) check parameters
[0.162s] Level 1:colcon.colcon_core.package_discovery:discover_packages(colcon_meta) discover
[0.162s] Level 1:colcon.colcon_core.package_discovery:discover_packages(recursive) discover
[0.162s] INFO:colcon.colcon_core.package_discovery:Crawling recursively for packages in '/home/ilex/Dev/VIST/src/robot/sdk/arm_teleop'
[0.162s] Level 1:colcon.colcon_core.package_identification:_identify(.) by extensions ['ignore', 'ignore_ament_install']
[0.162s] Level 1:colcon.colcon_core.package_identification:_identify(.) by extension 'ignore'
[0.162s] Level 1:colcon.colcon_core.package_identification:_identify(.) by extension 'ignore_ament_install'
[0.162s] Level 1:colcon.colcon_core.package_identification:_identify(.) by extensions ['colcon_pkg']
[0.162s] Level 1:colcon.colcon_core.package_identification:_identify(.) by extension 'colcon_pkg'
[0.162s] Level 1:colcon.colcon_core.package_identification:_identify(.) by extensions ['colcon_meta']
[0.162s] Level 1:colcon.colcon_core.package_identification:_identify(.) by extension 'colcon_meta'
[0.162s] Level 1:colcon.colcon_core.package_identification:_identify(.) by extensions ['ros']
[0.162s] Level 1:colcon.colcon_core.package_identification:_identify(.) by extension 'ros'
[0.172s] Level 1:colcon.colcon_core.package_identification:_identify(.) by extensions ['cmake', 'python']
[0.173s] Level 1:colcon.colcon_core.package_identification:_identify(.) by extension 'cmake'
[0.173s] Level 1:colcon.colcon_core.package_identification:_identify(.) by extension 'python'
[0.173s] Level 1:colcon.colcon_core.package_identification:_identify(.) by extensions ['python_setup_py']
[0.173s] Level 1:colcon.colcon_core.package_identification:_identify(.) by extension 'python_setup_py'
[0.173s] Level 1:colcon.colcon_core.package_identification:_identify(build) by extensions ['ignore', 'ignore_ament_install']
[0.173s] Level 1:colcon.colcon_core.package_identification:_identify(build) by extension 'ignore'
[0.173s] Level 1:colcon.colcon_core.package_identification:_identify(build) ignored
[0.173s] Level 1:colcon.colcon_core.package_identification:_identify(install) by extensions ['ignore', 'ignore_ament_install']
[0.173s] Level 1:colcon.colcon_core.package_identification:_identify(install) by extension 'ignore'
[0.173s] Level 1:colcon.colcon_core.package_identification:_identify(install) ignored
[0.173s] Level 1:colcon.colcon_core.package_identification:_identify(log) by extensions ['ignore', 'ignore_ament_install']
[0.174s] Level 1:colcon.colcon_core.package_identification:_identify(log) by extension 'ignore'
[0.174s] Level 1:colcon.colcon_core.package_identification:_identify(log) ignored
[0.174s] Level 1:colcon.colcon_core.package_identification:_identify(src) by extensions ['ignore', 'ignore_ament_install']
[0.174s] Level 1:colcon.colcon_core.package_identification:_identify(src) by extension 'ignore'
[0.174s] Level 1:colcon.colcon_core.package_identification:_identify(src) by extension 'ignore_ament_install'
[0.174s] Level 1:colcon.colcon_core.package_identification:_identify(src) by extensions ['colcon_pkg']
[0.174s] Level 1:colcon.colcon_core.package_identification:_identify(src) by extension 'colcon_pkg'
[0.174s] Level 1:colcon.colcon_core.package_identification:_identify(src) by extensions ['colcon_meta']
[0.174s] Level 1:colcon.colcon_core.package_identification:_identify(src) by extension 'colcon_meta'
[0.174s] Level 1:colcon.colcon_core.package_identification:_identify(src) by extensions ['ros']
[0.174s] Level 1:colcon.colcon_core.package_identification:_identify(src) by extension 'ros'
[0.174s] Level 1:colcon.colcon_core.package_identification:_identify(src) by extensions ['cmake', 'python']
[0.174s] Level 1:colcon.colcon_core.package_identification:_identify(src) by extension 'cmake'
[0.174s] Level 1:colcon.colcon_core.package_identification:_identify(src) by extension 'python'
[0.174s] Level 1:colcon.colcon_core.package_identification:_identify(src) by extensions ['python_setup_py']
[0.174s] Level 1:colcon.colcon_core.package_identification:_identify(src) by extension 'python_setup_py'
[0.174s] Level 1:colcon.colcon_core.package_identification:_identify(src/lbot_arm_interfaces) by extensions ['ignore', 'ignore_ament_install']
[0.174s] Level 1:colcon.colcon_core.package_identification:_identify(src/lbot_arm_interfaces) by extension 'ignore'
[0.174s] Level 1:colcon.colcon_core.package_identification:_identify(src/lbot_arm_interfaces) by extension 'ignore_ament_install'
[0.174s] Level 1:colcon.colcon_core.package_identification:_identify(src/lbot_arm_interfaces) by extensions ['colcon_pkg']
[0.174s] Level 1:colcon.colcon_core.package_identification:_identify(src/lbot_arm_interfaces) by extension 'colcon_pkg'
[0.174s] Level 1:colcon.colcon_core.package_identification:_identify(src/lbot_arm_interfaces) by extensions ['colcon_meta']
[0.174s] Level 1:colcon.colcon_core.package_identification:_identify(src/lbot_arm_interfaces) by extension 'colcon_meta'
[0.174s] Level 1:colcon.colcon_core.package_identification:_identify(src/lbot_arm_interfaces) by extensions ['ros']
[0.174s] Level 1:colcon.colcon_core.package_identification:_identify(src/lbot_arm_interfaces) by extension 'ros'
[0.177s] DEBUG:colcon.colcon_core.package_identification:Package 'src/lbot_arm_interfaces' with type 'ros.ament_cmake' and name 'lbot_arm_interfaces'
[0.178s] Level 1:colcon.colcon_core.package_identification:_identify(src/lbot_demo) by extensions ['ignore', 'ignore_ament_install']
[0.178s] Level 1:colcon.colcon_core.package_identification:_identify(src/lbot_demo) by extension 'ignore'
[0.178s] Level 1:colcon.colcon_core.package_identification:_identify(src/lbot_demo) by extension 'ignore_ament_install'
[0.178s] Level 1:colcon.colcon_core.package_identification:_identify(src/lbot_demo) by extensions ['colcon_pkg']
[0.178s] Level 1:colcon.colcon_core.package_identification:_identify(src/lbot_demo) by extension 'colcon_pkg'
[0.178s] Level 1:colcon.colcon_core.package_identification:_identify(src/lbot_demo) by extensions ['colcon_meta']
[0.178s] Level 1:colcon.colcon_core.package_identification:_identify(src/lbot_demo) by extension 'colcon_meta'
[0.178s] Level 1:colcon.colcon_core.package_identification:_identify(src/lbot_demo) by extensions ['ros']
[0.178s] Level 1:colcon.colcon_core.package_identification:_identify(src/lbot_demo) by extension 'ros'
[0.179s] DEBUG:colcon.colcon_core.package_identification:Package 'src/lbot_demo' with type 'ros.ament_cmake' and name 'lbot_demo'
[0.179s] Level 1:colcon.colcon_core.package_identification:_identify(src/lbot_driver) by extensions ['ignore', 'ignore_ament_install']
[0.179s] Level 1:colcon.colcon_core.package_identification:_identify(src/lbot_driver) by extension 'ignore'
[0.179s] Level 1:colcon.colcon_core.package_identification:_identify(src/lbot_driver) by extension 'ignore_ament_install'
[0.179s] Level 1:colcon.colcon_core.package_identification:_identify(src/lbot_driver) by extensions ['colcon_pkg']
[0.179s] Level 1:colcon.colcon_core.package_identification:_identify(src/lbot_driver) by extension 'colcon_pkg'
[0.179s] Level 1:colcon.colcon_core.package_identification:_identify(src/lbot_driver) by extensions ['colcon_meta']
[0.179s] Level 1:colcon.colcon_core.package_identification:_identify(src/lbot_driver) by extension 'colcon_meta'
[0.179s] Level 1:colcon.colcon_core.package_identification:_identify(src/lbot_driver) by extensions ['ros']
[0.179s] Level 1:colcon.colcon_core.package_identification:_identify(src/lbot_driver) by extension 'ros'
[0.180s] DEBUG:colcon.colcon_core.package_identification:Package 'src/lbot_driver' with type 'ros.ament_cmake' and name 'lbot_driver'
[0.180s] Level 1:colcon.colcon_core.package_identification:_identify(src/lbot_teleop) by extensions ['ignore', 'ignore_ament_install']
[0.180s] Level 1:colcon.colcon_core.package_identification:_identify(src/lbot_teleop) by extension 'ignore'
[0.180s] Level 1:colcon.colcon_core.package_identification:_identify(src/lbot_teleop) by extension 'ignore_ament_install'
[0.180s] Level 1:colcon.colcon_core.package_identification:_identify(src/lbot_teleop) by extensions ['colcon_pkg']
[0.180s] Level 1:colcon.colcon_core.package_identification:_identify(src/lbot_teleop) by extension 'colcon_pkg'
[0.180s] Level 1:colcon.colcon_core.package_identification:_identify(src/lbot_teleop) by extensions ['colcon_meta']
[0.180s] Level 1:colcon.colcon_core.package_identification:_identify(src/lbot_teleop) by extension 'colcon_meta'
[0.180s] Level 1:colcon.colcon_core.package_identification:_identify(src/lbot_teleop) by extensions ['ros']
[0.180s] Level 1:colcon.colcon_core.package_identification:_identify(src/lbot_teleop) by extension 'ros'
[0.181s] DEBUG:colcon.colcon_core.package_identification:Package 'src/lbot_teleop' with type 'ros.ament_cmake' and name 'lbot_teleop'
[0.181s] Level 1:colcon.colcon_core.package_identification:_identify(src/linkerta) by extensions ['ignore', 'ignore_ament_install']
[0.181s] Level 1:colcon.colcon_core.package_identification:_identify(src/linkerta) by extension 'ignore'
[0.181s] Level 1:colcon.colcon_core.package_identification:_identify(src/linkerta) by extension 'ignore_ament_install'
[0.181s] Level 1:colcon.colcon_core.package_identification:_identify(src/linkerta) by extensions ['colcon_pkg']
[0.181s] Level 1:colcon.colcon_core.package_identification:_identify(src/linkerta) by extension 'colcon_pkg'
[0.181s] Level 1:colcon.colcon_core.package_identification:_identify(src/linkerta) by extensions ['colcon_meta']
[0.181s] Level 1:colcon.colcon_core.package_identification:_identify(src/linkerta) by extension 'colcon_meta'
[0.181s] Level 1:colcon.colcon_core.package_identification:_identify(src/linkerta) by extensions ['ros']
[0.181s] Level 1:colcon.colcon_core.package_identification:_identify(src/linkerta) by extension 'ros'
[0.181s] DEBUG:colcon.colcon_core.package_identification:Package 'src/linkerta' with type 'ros.ament_cmake' and name 'linkerta'
[0.182s] Level 1:colcon.colcon_core.package_discovery:discover_packages(recursive) using defaults
[0.182s] Level 1:colcon.colcon_core.package_discovery:discover_packages(ignore) discover
[0.182s] Level 1:colcon.colcon_core.package_discovery:discover_packages(ignore) using defaults
[0.182s] Level 1:colcon.colcon_core.package_discovery:discover_packages(path) discover
[0.182s] Level 1:colcon.colcon_core.package_discovery:discover_packages(path) using defaults
[0.202s] Level 1:colcon.colcon_core.package_discovery:discover_packages(prefix_path) check parameters
[0.203s] Level 1:colcon.colcon_core.package_discovery:discover_packages(prefix_path) discover
[0.205s] DEBUG:colcon.colcon_installed_package_information.package_discovery:Found 325 installed packages in /opt/ros/humble
[0.240s] Level 1:colcon.colcon_core.package_discovery:discover_packages(prefix_path) using defaults
[0.273s] Level 5:colcon.colcon_core.verb:set package 'lbot_arm_interfaces' build argument 'cmake_args' from command line to 'None'
[0.273s] Level 5:colcon.colcon_core.verb:set package 'lbot_arm_interfaces' build argument 'cmake_target' from command line to 'None'
[0.274s] Level 5:colcon.colcon_core.verb:set package 'lbot_arm_interfaces' build argument 'cmake_target_skip_unavailable' from command line to 'False'
[0.274s] Level 5:colcon.colcon_core.verb:set package 'lbot_arm_interfaces' build argument 'cmake_clean_cache' from command line to 'False'
[0.274s] Level 5:colcon.colcon_core.verb:set package 'lbot_arm_interfaces' build argument 'cmake_clean_first' from command line to 'False'
[0.274s] Level 5:colcon.colcon_core.verb:set package 'lbot_arm_interfaces' build argument 'cmake_force_configure' from command line to 'False'
[0.274s] Level 5:colcon.colcon_core.verb:set package 'lbot_arm_interfaces' build argument 'ament_cmake_args' from command line to 'None'
[0.274s] Level 5:colcon.colcon_core.verb:set package 'lbot_arm_interfaces' build argument 'catkin_cmake_args' from command line to 'None'
[0.274s] Level 5:colcon.colcon_core.verb:set package 'lbot_arm_interfaces' build argument 'catkin_skip_building_tests' from command line to 'False'
[0.274s] DEBUG:colcon.colcon_core.verb:Building package 'lbot_arm_interfaces' with the following arguments: {'ament_cmake_args': None, 'build_base': '/home/ilex/Dev/VIST/src/robot/sdk/arm_teleop/build/lbot_arm_interfaces', 'catkin_cmake_args': None, 'catkin_skip_building_tests': False, 'cmake_args': None, 'cmake_clean_cache': False, 'cmake_clean_first': False, 'cmake_force_configure': False, 'cmake_target': None, 'cmake_target_skip_unavailable': False, 'install_base': '/home/ilex/Dev/VIST/src/robot/sdk/arm_teleop/install/lbot_arm_interfaces', 'merge_install': False, 'path': '/home/ilex/Dev/VIST/src/robot/sdk/arm_teleop/src/lbot_arm_interfaces', 'symlink_install': True, 'test_result_base': None}
[0.274s] Level 5:colcon.colcon_core.verb:set package 'linkerta' build argument 'cmake_args' from command line to 'None'
[0.274s] Level 5:colcon.colcon_core.verb:set package 'linkerta' build argument 'cmake_target' from command line to 'None'
[0.274s] Level 5:colcon.colcon_core.verb:set package 'linkerta' build argument 'cmake_target_skip_unavailable' from command line to 'False'
[0.274s] Level 5:colcon.colcon_core.verb:set package 'linkerta' build argument 'cmake_clean_cache' from command line to 'False'
[0.274s] Level 5:colcon.colcon_core.verb:set package 'linkerta' build argument 'cmake_clean_first' from command line to 'False'
[0.274s] Level 5:colcon.colcon_core.verb:set package 'linkerta' build argument 'cmake_force_configure' from command line to 'False'
[0.274s] Level 5:colcon.colcon_core.verb:set package 'linkerta' build argument 'ament_cmake_args' from command line to 'None'
[0.274s] Level 5:colcon.colcon_core.verb:set package 'linkerta' build argument 'catkin_cmake_args' from command line to 'None'
[0.274s] Level 5:colcon.colcon_core.verb:set package 'linkerta' build argument 'catkin_skip_building_tests' from command line to 'False'
[0.274s] DEBUG:colcon.colcon_core.verb:Building package 'linkerta' with the following arguments: {'ament_cmake_args': None, 'build_base': '/home/ilex/Dev/VIST/src/robot/sdk/arm_teleop/build/linkerta', 'catkin_cmake_args': None, 'catkin_skip_building_tests': False, 'cmake_args': None, 'cmake_clean_cache': False, 'cmake_clean_first': False, 'cmake_force_configure': False, 'cmake_target': None, 'cmake_target_skip_unavailable': False, 'install_base': '/home/ilex/Dev/VIST/src/robot/sdk/arm_teleop/install/linkerta', 'merge_install': False, 'path': '/home/ilex/Dev/VIST/src/robot/sdk/arm_teleop/src/linkerta', 'symlink_install': True, 'test_result_base': None}
[0.275s] Level 5:colcon.colcon_core.verb:set package 'lbot_demo' build argument 'cmake_args' from command line to 'None'
[0.275s] Level 5:colcon.colcon_core.verb:set package 'lbot_demo' build argument 'cmake_target' from command line to 'None'
[0.275s] Level 5:colcon.colcon_core.verb:set package 'lbot_demo' build argument 'cmake_target_skip_unavailable' from command line to 'False'
[0.275s] Level 5:colcon.colcon_core.verb:set package 'lbot_demo' build argument 'cmake_clean_cache' from command line to 'False'
[0.275s] Level 5:colcon.colcon_core.verb:set package 'lbot_demo' build argument 'cmake_clean_first' from command line to 'False'
[0.275s] Level 5:colcon.colcon_core.verb:set package 'lbot_demo' build argument 'cmake_force_configure' from command line to 'False'
[0.275s] Level 5:colcon.colcon_core.verb:set package 'lbot_demo' build argument 'ament_cmake_args' from command line to 'None'
[0.275s] Level 5:colcon.colcon_core.verb:set package 'lbot_demo' build argument 'catkin_cmake_args' from command line to 'None'
[0.275s] Level 5:colcon.colcon_core.verb:set package 'lbot_demo' build argument 'catkin_skip_building_tests' from command line to 'False'
[0.275s] DEBUG:colcon.colcon_core.verb:Building package 'lbot_demo' with the following arguments: {'ament_cmake_args': None, 'build_base': '/home/ilex/Dev/VIST/src/robot/sdk/arm_teleop/build/lbot_demo', 'catkin_cmake_args': None, 'catkin_skip_building_tests': False, 'cmake_args': None, 'cmake_clean_cache': False, 'cmake_clean_first': False, 'cmake_force_configure': False, 'cmake_target': None, 'cmake_target_skip_unavailable': False, 'install_base': '/home/ilex/Dev/VIST/src/robot/sdk/arm_teleop/install/lbot_demo', 'merge_install': False, 'path': '/home/ilex/Dev/VIST/src/robot/sdk/arm_teleop/src/lbot_demo', 'symlink_install': True, 'test_result_base': None}
[0.275s] Level 5:colcon.colcon_core.verb:set package 'lbot_driver' build argument 'cmake_args' from command line to 'None'
[0.275s] Level 5:colcon.colcon_core.verb:set package 'lbot_driver' build argument 'cmake_target' from command line to 'None'
[0.275s] Level 5:colcon.colcon_core.verb:set package 'lbot_driver' build argument 'cmake_target_skip_unavailable' from command line to 'False'
[0.275s] Level 5:colcon.colcon_core.verb:set package 'lbot_driver' build argument 'cmake_clean_cache' from command line to 'False'
[0.275s] Level 5:colcon.colcon_core.verb:set package 'lbot_driver' build argument 'cmake_clean_first' from command line to 'False'
[0.275s] Level 5:colcon.colcon_core.verb:set package 'lbot_driver' build argument 'cmake_force_configure' from command line to 'False'
[0.275s] Level 5:colcon.colcon_core.verb:set package 'lbot_driver' build argument 'ament_cmake_args' from command line to 'None'
[0.275s] Level 5:colcon.colcon_core.verb:set package 'lbot_driver' build argument 'catkin_cmake_args' from command line to 'None'
[0.275s] Level 5:colcon.colcon_core.verb:set package 'lbot_driver' build argument 'catkin_skip_building_tests' from command line to 'False'
[0.275s] DEBUG:colcon.colcon_core.verb:Building package 'lbot_driver' with the following arguments: {'ament_cmake_args': None, 'build_base': '/home/ilex/Dev/VIST/src/robot/sdk/arm_teleop/build/lbot_driver', 'catkin_cmake_args': None, 'catkin_skip_building_tests': False, 'cmake_args': None, 'cmake_clean_cache': False, 'cmake_clean_first': False, 'cmake_force_configure': False, 'cmake_target': None, 'cmake_target_skip_unavailable': False, 'install_base': '/home/ilex/Dev/VIST/src/robot/sdk/arm_teleop/install/lbot_driver', 'merge_install': False, 'path': '/home/ilex/Dev/VIST/src/robot/sdk/arm_teleop/src/lbot_driver', 'symlink_install': True, 'test_result_base': None}
[0.275s] Level 5:colcon.colcon_core.verb:set package 'lbot_teleop' build argument 'cmake_args' from command line to 'None'
[0.275s] Level 5:colcon.colcon_core.verb:set package 'lbot_teleop' build argument 'cmake_target' from command line to 'None'
[0.275s] Level 5:colcon.colcon_core.verb:set package 'lbot_teleop' build argument 'cmake_target_skip_unavailable' from command line to 'False'
[0.275s] Level 5:colcon.colcon_core.verb:set package 'lbot_teleop' build argument 'cmake_clean_cache' from command line to 'False'
[0.276s] Level 5:colcon.colcon_core.verb:set package 'lbot_teleop' build argument 'cmake_clean_first' from command line to 'False'
[0.276s] Level 5:colcon.colcon_core.verb:set package 'lbot_teleop' build argument 'cmake_force_configure' from command line to 'False'
[0.276s] Level 5:colcon.colcon_core.verb:set package 'lbot_teleop' build argument 'ament_cmake_args' from command line to 'None'
[0.276s] Level 5:colcon.colcon_core.verb:set package 'lbot_teleop' build argument 'catkin_cmake_args' from command line to 'None'
[0.276s] Level 5:colcon.colcon_core.verb:set package 'lbot_teleop' build argument 'catkin_skip_building_tests' from command line to 'False'
[0.276s] DEBUG:colcon.colcon_core.verb:Building package 'lbot_teleop' with the following arguments: {'ament_cmake_args': None, 'build_base': '/home/ilex/Dev/VIST/src/robot/sdk/arm_teleop/build/lbot_teleop', 'catkin_cmake_args': None, 'catkin_skip_building_tests': False, 'cmake_args': None, 'cmake_clean_cache': False, 'cmake_clean_first': False, 'cmake_force_configure': False, 'cmake_target': None, 'cmake_target_skip_unavailable': False, 'install_base': '/home/ilex/Dev/VIST/src/robot/sdk/arm_teleop/install/lbot_teleop', 'merge_install': False, 'path': '/home/ilex/Dev/VIST/src/robot/sdk/arm_teleop/src/lbot_teleop', 'symlink_install': True, 'test_result_base': None}
[0.276s] INFO:colcon.colcon_core.executor:Executing jobs using 'parallel' executor
[0.278s] DEBUG:colcon.colcon_parallel_executor.executor.parallel:run_until_complete
[0.278s] INFO:colcon.colcon_ros.task.ament_cmake.build:Building ROS package in '/home/ilex/Dev/VIST/src/robot/sdk/arm_teleop/src/lbot_arm_interfaces' with build type 'ament_cmake'
[0.279s] INFO:colcon.colcon_cmake.task.cmake.build:Building CMake package in '/home/ilex/Dev/VIST/src/robot/sdk/arm_teleop/src/lbot_arm_interfaces'
[0.282s] INFO:colcon.colcon_core.plugin_system:Skipping extension 'colcon_core.shell.bat': Not used on non-Windows systems
[0.282s] INFO:colcon.colcon_core.shell:Skip shell extension 'powershell' for command environment: Not usable outside of PowerShell
[0.282s] DEBUG:colcon.colcon_core.shell:Skip shell extension 'dsv' for command environment
[0.288s] INFO:colcon.colcon_ros.task.ament_cmake.build:Building ROS package in '/home/ilex/Dev/VIST/src/robot/sdk/arm_teleop/src/linkerta' with build type 'ament_cmake'
[0.288s] INFO:colcon.colcon_cmake.task.cmake.build:Building CMake package in '/home/ilex/Dev/VIST/src/robot/sdk/arm_teleop/src/linkerta'
[0.289s] INFO:colcon.colcon_core.shell:Skip shell extension 'powershell' for command environment: Not usable outside of PowerShell
[0.289s] DEBUG:colcon.colcon_core.shell:Skip shell extension 'dsv' for command environment
[0.300s] DEBUG:colcon.colcon_core.event_handler.log_command:Invoking command in '/home/ilex/Dev/VIST/src/robot/sdk/arm_teleop/build/lbot_arm_interfaces': CMAKE_PREFIX_PATH=/opt/ros/humble CONDA_PROMPT_MODIFIER=(robot_env) /usr/bin/cmake --build /home/ilex/Dev/VIST/src/robot/sdk/arm_teleop/build/lbot_arm_interfaces -- -j16 -l16
[0.305s] DEBUG:colcon.colcon_core.event_handler.log_command:Invoking command in '/home/ilex/Dev/VIST/src/robot/sdk/arm_teleop/build/linkerta': CMAKE_PREFIX_PATH=/opt/ros/humble CONDA_PROMPT_MODIFIER=(robot_env) /usr/bin/cmake --build /home/ilex/Dev/VIST/src/robot/sdk/arm_teleop/build/linkerta -- -j16 -l16
[0.391s] DEBUG:colcon.colcon_core.event_handler.log_command:Invoked command in '/home/ilex/Dev/VIST/src/robot/sdk/arm_teleop/build/linkerta' returned '0': CMAKE_PREFIX_PATH=/opt/ros/humble CONDA_PROMPT_MODIFIER=(robot_env) /usr/bin/cmake --build /home/ilex/Dev/VIST/src/robot/sdk/arm_teleop/build/linkerta -- -j16 -l16
[0.411s] DEBUG:colcon.colcon_core.event_handler.log_command:Invoking command in '/home/ilex/Dev/VIST/src/robot/sdk/arm_teleop/build/linkerta': CMAKE_PREFIX_PATH=/opt/ros/humble CONDA_PROMPT_MODIFIER=(robot_env) /usr/bin/cmake --install /home/ilex/Dev/VIST/src/robot/sdk/arm_teleop/build/linkerta
[0.433s] Level 1:colcon.colcon_core.environment:create_environment_scripts_only(linkerta)
[0.435s] DEBUG:colcon.colcon_core.event_handler.log_command:Invoked command in '/home/ilex/Dev/VIST/src/robot/sdk/arm_teleop/build/linkerta' returned '0': CMAKE_PREFIX_PATH=/opt/ros/humble CONDA_PROMPT_MODIFIER=(robot_env) /usr/bin/cmake --install /home/ilex/Dev/VIST/src/robot/sdk/arm_teleop/build/linkerta
[0.439s] Level 1:colcon.colcon_core.environment:checking '/home/ilex/Dev/VIST/src/robot/sdk/arm_teleop/install/linkerta' for CMake module files
[0.440s] Level 1:colcon.colcon_core.environment:checking '/home/ilex/Dev/VIST/src/robot/sdk/arm_teleop/install/linkerta' for CMake config files
[0.440s] Level 1:colcon.colcon_core.shell:create_environment_hook('linkerta', 'cmake_prefix_path')
[0.441s] INFO:colcon.colcon_core.shell:Creating environment hook '/home/ilex/Dev/VIST/src/robot/sdk/arm_teleop/install/linkerta/share/linkerta/hook/cmake_prefix_path.ps1'
[0.442s] INFO:colcon.colcon_core.shell:Creating environment descriptor '/home/ilex/Dev/VIST/src/robot/sdk/arm_teleop/install/linkerta/share/linkerta/hook/cmake_prefix_path.dsv'
[0.442s] INFO:colcon.colcon_core.shell:Creating environment hook '/home/ilex/Dev/VIST/src/robot/sdk/arm_teleop/install/linkerta/share/linkerta/hook/cmake_prefix_path.sh'
[0.443s] Level 1:colcon.colcon_core.environment:checking '/home/ilex/Dev/VIST/src/robot/sdk/arm_teleop/install/linkerta/lib'
[0.444s] Level 1:colcon.colcon_core.environment:checking '/home/ilex/Dev/VIST/src/robot/sdk/arm_teleop/install/linkerta/bin'
[0.444s] Level 1:colcon.colcon_core.environment:checking '/home/ilex/Dev/VIST/src/robot/sdk/arm_teleop/install/linkerta/lib/pkgconfig/linkerta.pc'
[0.444s] Level 1:colcon.colcon_core.environment:checking '/home/ilex/Dev/VIST/src/robot/sdk/arm_teleop/install/linkerta/lib/python3.10/site-packages'
[0.444s] Level 1:colcon.colcon_core.environment:checking '/home/ilex/Dev/VIST/src/robot/sdk/arm_teleop/install/linkerta/bin'
[0.445s] INFO:colcon.colcon_core.shell:Creating package script '/home/ilex/Dev/VIST/src/robot/sdk/arm_teleop/install/linkerta/share/linkerta/package.ps1'
[0.446s] INFO:colcon.colcon_core.shell:Creating package descriptor '/home/ilex/Dev/VIST/src/robot/sdk/arm_teleop/install/linkerta/share/linkerta/package.dsv'
[0.447s] INFO:colcon.colcon_core.shell:Creating package script '/home/ilex/Dev/VIST/src/robot/sdk/arm_teleop/install/linkerta/share/linkerta/package.sh'
[0.447s] INFO:colcon.colcon_core.shell:Creating package script '/home/ilex/Dev/VIST/src/robot/sdk/arm_teleop/install/linkerta/share/linkerta/package.bash'
[0.448s] INFO:colcon.colcon_core.shell:Creating package script '/home/ilex/Dev/VIST/src/robot/sdk/arm_teleop/install/linkerta/share/linkerta/package.zsh'
[0.448s] Level 1:colcon.colcon_core.environment:create_file_with_runtime_dependencies(/home/ilex/Dev/VIST/src/robot/sdk/arm_teleop/install/linkerta/share/colcon-core/packages/linkerta)
[0.449s] Level 1:colcon.colcon_core.environment:create_environment_scripts_only(linkerta)
[0.449s] Level 1:colcon.colcon_core.environment:checking '/home/ilex/Dev/VIST/src/robot/sdk/arm_teleop/install/linkerta' for CMake module files
[0.450s] Level 1:colcon.colcon_core.environment:checking '/home/ilex/Dev/VIST/src/robot/sdk/arm_teleop/install/linkerta' for CMake config files
[0.450s] Level 1:colcon.colcon_core.shell:create_environment_hook('linkerta', 'cmake_prefix_path')
[0.450s] INFO:colcon.colcon_core.shell:Creating environment hook '/home/ilex/Dev/VIST/src/robot/sdk/arm_teleop/install/linkerta/share/linkerta/hook/cmake_prefix_path.ps1'
[0.451s] INFO:colcon.colcon_core.shell:Creating environment descriptor '/home/ilex/Dev/VIST/src/robot/sdk/arm_teleop/install/linkerta/share/linkerta/hook/cmake_prefix_path.dsv'
[0.451s] INFO:colcon.colcon_core.shell:Creating environment hook '/home/ilex/Dev/VIST/src/robot/sdk/arm_teleop/install/linkerta/share/linkerta/hook/cmake_prefix_path.sh'
[0.452s] Level 1:colcon.colcon_core.environment:checking '/home/ilex/Dev/VIST/src/robot/sdk/arm_teleop/install/linkerta/lib'
[0.452s] Level 1:colcon.colcon_core.environment:checking '/home/ilex/Dev/VIST/src/robot/sdk/arm_teleop/install/linkerta/bin'
[0.452s] Level 1:colcon.colcon_core.environment:checking '/home/ilex/Dev/VIST/src/robot/sdk/arm_teleop/install/linkerta/lib/pkgconfig/linkerta.pc'
[0.452s] Level 1:colcon.colcon_core.environment:checking '/home/ilex/Dev/VIST/src/robot/sdk/arm_teleop/install/linkerta/lib/python3.10/site-packages'
[0.453s] Level 1:colcon.colcon_core.environment:checking '/home/ilex/Dev/VIST/src/robot/sdk/arm_teleop/install/linkerta/bin'
[0.454s] INFO:colcon.colcon_core.shell:Creating package script '/home/ilex/Dev/VIST/src/robot/sdk/arm_teleop/install/linkerta/share/linkerta/package.ps1'
[0.455s] INFO:colcon.colcon_core.shell:Creating package descriptor '/home/ilex/Dev/VIST/src/robot/sdk/arm_teleop/install/linkerta/share/linkerta/package.dsv'
[0.455s] INFO:colcon.colcon_core.shell:Creating package script '/home/ilex/Dev/VIST/src/robot/sdk/arm_teleop/install/linkerta/share/linkerta/package.sh'
[0.456s] INFO:colcon.colcon_core.shell:Creating package script '/home/ilex/Dev/VIST/src/robot/sdk/arm_teleop/install/linkerta/share/linkerta/package.bash'
[0.456s] INFO:colcon.colcon_core.shell:Creating package script '/home/ilex/Dev/VIST/src/robot/sdk/arm_teleop/install/linkerta/share/linkerta/package.zsh'
[0.456s] Level 1:colcon.colcon_core.environment:create_file_with_runtime_dependencies(/home/ilex/Dev/VIST/src/robot/sdk/arm_teleop/install/linkerta/share/colcon-core/packages/linkerta)
[0.700s] DEBUG:colcon.colcon_core.event_handler.log_command:Invoked command in '/home/ilex/Dev/VIST/src/robot/sdk/arm_teleop/build/lbot_arm_interfaces' returned '0': CMAKE_PREFIX_PATH=/opt/ros/humble CONDA_PROMPT_MODIFIER=(robot_env) /usr/bin/cmake --build /home/ilex/Dev/VIST/src/robot/sdk/arm_teleop/build/lbot_arm_interfaces -- -j16 -l16
[0.702s] DEBUG:colcon.colcon_core.event_handler.log_command:Invoking command in '/home/ilex/Dev/VIST/src/robot/sdk/arm_teleop/build/lbot_arm_interfaces': CMAKE_PREFIX_PATH=/opt/ros/humble CONDA_PROMPT_MODIFIER=(robot_env) /usr/bin/cmake --install /home/ilex/Dev/VIST/src/robot/sdk/arm_teleop/build/lbot_arm_interfaces
[0.806s] Level 1:colcon.colcon_core.environment:create_environment_scripts_only(lbot_arm_interfaces)
[0.807s] Level 1:colcon.colcon_core.environment:checking '/home/ilex/Dev/VIST/src/robot/sdk/arm_teleop/install/lbot_arm_interfaces' for CMake module files
[0.808s] DEBUG:colcon.colcon_core.event_handler.log_command:Invoked command in '/home/ilex/Dev/VIST/src/robot/sdk/arm_teleop/build/lbot_arm_interfaces' returned '0': CMAKE_PREFIX_PATH=/opt/ros/humble CONDA_PROMPT_MODIFIER=(robot_env) /usr/bin/cmake --install /home/ilex/Dev/VIST/src/robot/sdk/arm_teleop/build/lbot_arm_interfaces
[0.808s] Level 1:colcon.colcon_core.environment:checking '/home/ilex/Dev/VIST/src/robot/sdk/arm_teleop/install/lbot_arm_interfaces' for CMake config files
[0.811s] Level 1:colcon.colcon_core.shell:create_environment_hook('lbot_arm_interfaces', 'cmake_prefix_path')
[0.811s] INFO:colcon.colcon_core.shell:Creating environment hook '/home/ilex/Dev/VIST/src/robot/sdk/arm_teleop/install/lbot_arm_interfaces/share/lbot_arm_interfaces/hook/cmake_prefix_path.ps1'
[0.812s] INFO:colcon.colcon_core.shell:Creating environment descriptor '/home/ilex/Dev/VIST/src/robot/sdk/arm_teleop/install/lbot_arm_interfaces/share/lbot_arm_interfaces/hook/cmake_prefix_path.dsv'
[0.812s] INFO:colcon.colcon_core.shell:Creating environment hook '/home/ilex/Dev/VIST/src/robot/sdk/arm_teleop/install/lbot_arm_interfaces/share/lbot_arm_interfaces/hook/cmake_prefix_path.sh'
[0.813s] Level 1:colcon.colcon_core.environment:checking '/home/ilex/Dev/VIST/src/robot/sdk/arm_teleop/install/lbot_arm_interfaces/lib'
[0.813s] Level 1:colcon.colcon_core.shell:create_environment_hook('lbot_arm_interfaces', 'ld_library_path_lib')
[0.813s] INFO:colcon.colcon_core.shell:Creating environment hook '/home/ilex/Dev/VIST/src/robot/sdk/arm_teleop/install/lbot_arm_interfaces/share/lbot_arm_interfaces/hook/ld_library_path_lib.ps1'
[0.814s] INFO:colcon.colcon_core.shell:Creating environment descriptor '/home/ilex/Dev/VIST/src/robot/sdk/arm_teleop/install/lbot_arm_interfaces/share/lbot_arm_interfaces/hook/ld_library_path_lib.dsv'
[0.814s] INFO:colcon.colcon_core.shell:Creating environment hook '/home/ilex/Dev/VIST/src/robot/sdk/arm_teleop/install/lbot_arm_interfaces/share/lbot_arm_interfaces/hook/ld_library_path_lib.sh'
[0.814s] Level 1:colcon.colcon_core.environment:checking '/home/ilex/Dev/VIST/src/robot/sdk/arm_teleop/install/lbot_arm_interfaces/bin'
[0.814s] Level 1:colcon.colcon_core.environment:checking '/home/ilex/Dev/VIST/src/robot/sdk/arm_teleop/install/lbot_arm_interfaces/lib/pkgconfig/lbot_arm_interfaces.pc'
[0.814s] Level 1:colcon.colcon_core.environment:checking '/home/ilex/Dev/VIST/src/robot/sdk/arm_teleop/install/lbot_arm_interfaces/lib/python3.10/site-packages'
[0.814s] Level 1:colcon.colcon_core.shell:create_environment_hook('lbot_arm_interfaces', 'pythonpath')
[0.815s] INFO:colcon.colcon_core.shell:Creating environment hook '/home/ilex/Dev/VIST/src/robot/sdk/arm_teleop/install/lbot_arm_interfaces/share/lbot_arm_interfaces/hook/pythonpath.ps1'
[0.815s] INFO:colcon.colcon_core.shell:Creating environment descriptor '/home/ilex/Dev/VIST/src/robot/sdk/arm_teleop/install/lbot_arm_interfaces/share/lbot_arm_interfaces/hook/pythonpath.dsv'
[0.815s] INFO:colcon.colcon_core.shell:Creating environment hook '/home/ilex/Dev/VIST/src/robot/sdk/arm_teleop/install/lbot_arm_interfaces/share/lbot_arm_interfaces/hook/pythonpath.sh'
[0.816s] Level 1:colcon.colcon_core.environment:checking '/home/ilex/Dev/VIST/src/robot/sdk/arm_teleop/install/lbot_arm_interfaces/bin'
[0.816s] INFO:colcon.colcon_core.shell:Creating package script '/home/ilex/Dev/VIST/src/robot/sdk/arm_teleop/install/lbot_arm_interfaces/share/lbot_arm_interfaces/package.ps1'
[0.817s] INFO:colcon.colcon_core.shell:Creating package descriptor '/home/ilex/Dev/VIST/src/robot/sdk/arm_teleop/install/lbot_arm_interfaces/share/lbot_arm_interfaces/package.dsv'
[0.817s] INFO:colcon.colcon_core.shell:Creating package script '/home/ilex/Dev/VIST/src/robot/sdk/arm_teleop/install/lbot_arm_interfaces/share/lbot_arm_interfaces/package.sh'
[0.817s] INFO:colcon.colcon_core.shell:Creating package script '/home/ilex/Dev/VIST/src/robot/sdk/arm_teleop/install/lbot_arm_interfaces/share/lbot_arm_interfaces/package.bash'
[0.818s] INFO:colcon.colcon_core.shell:Creating package script '/home/ilex/Dev/VIST/src/robot/sdk/arm_teleop/install/lbot_arm_interfaces/share/lbot_arm_interfaces/package.zsh'
[0.818s] Level 1:colcon.colcon_core.environment:create_file_with_runtime_dependencies(/home/ilex/Dev/VIST/src/robot/sdk/arm_teleop/install/lbot_arm_interfaces/share/colcon-core/packages/lbot_arm_interfaces)
[0.818s] Level 1:colcon.colcon_core.environment:create_environment_scripts_only(lbot_arm_interfaces)
[0.818s] Level 1:colcon.colcon_core.environment:checking '/home/ilex/Dev/VIST/src/robot/sdk/arm_teleop/install/lbot_arm_interfaces' for CMake module files
[0.819s] Level 1:colcon.colcon_core.environment:checking '/home/ilex/Dev/VIST/src/robot/sdk/arm_teleop/install/lbot_arm_interfaces' for CMake config files
[0.821s] Level 1:colcon.colcon_core.shell:create_environment_hook('lbot_arm_interfaces', 'cmake_prefix_path')
[0.821s] INFO:colcon.colcon_core.shell:Creating environment hook '/home/ilex/Dev/VIST/src/robot/sdk/arm_teleop/install/lbot_arm_interfaces/share/lbot_arm_interfaces/hook/cmake_prefix_path.ps1'
[0.822s] INFO:colcon.colcon_core.shell:Creating environment descriptor '/home/ilex/Dev/VIST/src/robot/sdk/arm_teleop/install/lbot_arm_interfaces/share/lbot_arm_interfaces/hook/cmake_prefix_path.dsv'
[0.822s] INFO:colcon.colcon_core.shell:Creating environment hook '/home/ilex/Dev/VIST/src/robot/sdk/arm_teleop/install/lbot_arm_interfaces/share/lbot_arm_interfaces/hook/cmake_prefix_path.sh'
[0.822s] Level 1:colcon.colcon_core.environment:checking '/home/ilex/Dev/VIST/src/robot/sdk/arm_teleop/install/lbot_arm_interfaces/lib'
[0.823s] Level 1:colcon.colcon_core.shell:create_environment_hook('lbot_arm_interfaces', 'ld_library_path_lib')
[0.823s] INFO:colcon.colcon_core.shell:Creating environment hook '/home/ilex/Dev/VIST/src/robot/sdk/arm_teleop/install/lbot_arm_interfaces/share/lbot_arm_interfaces/hook/ld_library_path_lib.ps1'
[0.823s] INFO:colcon.colcon_core.shell:Creating environment descriptor '/home/ilex/Dev/VIST/src/robot/sdk/arm_teleop/install/lbot_arm_interfaces/share/lbot_arm_interfaces/hook/ld_library_path_lib.dsv'
[0.823s] INFO:colcon.colcon_core.shell:Creating environment hook '/home/ilex/Dev/VIST/src/robot/sdk/arm_teleop/install/lbot_arm_interfaces/share/lbot_arm_interfaces/hook/ld_library_path_lib.sh'
[0.823s] Level 1:colcon.colcon_core.environment:checking '/home/ilex/Dev/VIST/src/robot/sdk/arm_teleop/install/lbot_arm_interfaces/bin'
[0.823s] Level 1:colcon.colcon_core.environment:checking '/home/ilex/Dev/VIST/src/robot/sdk/arm_teleop/install/lbot_arm_interfaces/lib/pkgconfig/lbot_arm_interfaces.pc'
[0.824s] Level 1:colcon.colcon_core.environment:checking '/home/ilex/Dev/VIST/src/robot/sdk/arm_teleop/install/lbot_arm_interfaces/lib/python3.10/site-packages'
[0.824s] Level 1:colcon.colcon_core.shell:create_environment_hook('lbot_arm_interfaces', 'pythonpath')
[0.824s] INFO:colcon.colcon_core.shell:Creating environment hook '/home/ilex/Dev/VIST/src/robot/sdk/arm_teleop/install/lbot_arm_interfaces/share/lbot_arm_interfaces/hook/pythonpath.ps1'
[0.824s] INFO:colcon.colcon_core.shell:Creating environment descriptor '/home/ilex/Dev/VIST/src/robot/sdk/arm_teleop/install/lbot_arm_interfaces/share/lbot_arm_interfaces/hook/pythonpath.dsv'
[0.825s] INFO:colcon.colcon_core.shell:Creating environment hook '/home/ilex/Dev/VIST/src/robot/sdk/arm_teleop/install/lbot_arm_interfaces/share/lbot_arm_interfaces/hook/pythonpath.sh'
[0.825s] Level 1:colcon.colcon_core.environment:checking '/home/ilex/Dev/VIST/src/robot/sdk/arm_teleop/install/lbot_arm_interfaces/bin'
[0.826s] INFO:colcon.colcon_core.shell:Creating package script '/home/ilex/Dev/VIST/src/robot/sdk/arm_teleop/install/lbot_arm_interfaces/share/lbot_arm_interfaces/package.ps1'
[0.826s] INFO:colcon.colcon_core.shell:Creating package descriptor '/home/ilex/Dev/VIST/src/robot/sdk/arm_teleop/install/lbot_arm_interfaces/share/lbot_arm_interfaces/package.dsv'
[0.827s] INFO:colcon.colcon_core.shell:Creating package script '/home/ilex/Dev/VIST/src/robot/sdk/arm_teleop/install/lbot_arm_interfaces/share/lbot_arm_interfaces/package.sh'
[0.827s] INFO:colcon.colcon_core.shell:Creating package script '/home/ilex/Dev/VIST/src/robot/sdk/arm_teleop/install/lbot_arm_interfaces/share/lbot_arm_interfaces/package.bash'
[0.827s] INFO:colcon.colcon_core.shell:Creating package script '/home/ilex/Dev/VIST/src/robot/sdk/arm_teleop/install/lbot_arm_interfaces/share/lbot_arm_interfaces/package.zsh'
[0.828s] Level 1:colcon.colcon_core.environment:create_file_with_runtime_dependencies(/home/ilex/Dev/VIST/src/robot/sdk/arm_teleop/install/lbot_arm_interfaces/share/colcon-core/packages/lbot_arm_interfaces)
[0.828s] INFO:colcon.colcon_ros.task.ament_cmake.build:Building ROS package in '/home/ilex/Dev/VIST/src/robot/sdk/arm_teleop/src/lbot_demo' with build type 'ament_cmake'
[0.828s] INFO:colcon.colcon_cmake.task.cmake.build:Building CMake package in '/home/ilex/Dev/VIST/src/robot/sdk/arm_teleop/src/lbot_demo'
[0.828s] INFO:colcon.colcon_core.shell:Skip shell extension 'powershell' for command environment: Not usable outside of PowerShell
[0.829s] DEBUG:colcon.colcon_core.shell:Skip shell extension 'dsv' for command environment
[0.832s] INFO:colcon.colcon_ros.task.ament_cmake.build:Building ROS package in '/home/ilex/Dev/VIST/src/robot/sdk/arm_teleop/src/lbot_driver' with build type 'ament_cmake'
[0.832s] INFO:colcon.colcon_cmake.task.cmake.build:Building CMake package in '/home/ilex/Dev/VIST/src/robot/sdk/arm_teleop/src/lbot_driver'
[0.832s] INFO:colcon.colcon_core.shell:Skip shell extension 'powershell' for command environment: Not usable outside of PowerShell
[0.832s] DEBUG:colcon.colcon_core.shell:Skip shell extension 'dsv' for command environment
[0.835s] INFO:colcon.colcon_ros.task.ament_cmake.build:Building ROS package in '/home/ilex/Dev/VIST/src/robot/sdk/arm_teleop/src/lbot_teleop' with build type 'ament_cmake'
[0.835s] INFO:colcon.colcon_cmake.task.cmake.build:Building CMake package in '/home/ilex/Dev/VIST/src/robot/sdk/arm_teleop/src/lbot_teleop'
[0.835s] INFO:colcon.colcon_core.shell:Skip shell extension 'powershell' for command environment: Not usable outside of PowerShell
[0.836s] DEBUG:colcon.colcon_core.shell:Skip shell extension 'dsv' for command environment
[0.846s] DEBUG:colcon.colcon_core.event_handler.log_command:Invoking command in '/home/ilex/Dev/VIST/src/robot/sdk/arm_teleop/build/lbot_demo': AMENT_PREFIX_PATH=/home/ilex/Dev/VIST/src/robot/sdk/arm_teleop/install/lbot_arm_interfaces:${AMENT_PREFIX_PATH} CMAKE_PREFIX_PATH=/home/ilex/Dev/VIST/src/robot/sdk/arm_teleop/install/lbot_arm_interfaces:/opt/ros/humble CONDA_PROMPT_MODIFIER=(robot_env) LD_LIBRARY_PATH=/home/ilex/Dev/VIST/src/robot/sdk/arm_teleop/install/lbot_arm_interfaces/lib:${LD_LIBRARY_PATH} PYTHONPATH=/home/ilex/Dev/VIST/src/robot/sdk/arm_teleop/install/lbot_arm_interfaces/lib/python3.10/site-packages:${PYTHONPATH} /usr/bin/cmake --build /home/ilex/Dev/VIST/src/robot/sdk/arm_teleop/build/lbot_demo -- -j16 -l16
[0.850s] DEBUG:colcon.colcon_core.event_handler.log_command:Invoking command in '/home/ilex/Dev/VIST/src/robot/sdk/arm_teleop/build/lbot_driver': AMENT_PREFIX_PATH=/home/ilex/Dev/VIST/src/robot/sdk/arm_teleop/install/lbot_arm_interfaces:${AMENT_PREFIX_PATH} CMAKE_PREFIX_PATH=/home/ilex/Dev/VIST/src/robot/sdk/arm_teleop/install/lbot_arm_interfaces:/opt/ros/humble CONDA_PROMPT_MODIFIER=(robot_env) LD_LIBRARY_PATH=/home/ilex/Dev/VIST/src/robot/sdk/arm_teleop/install/lbot_arm_interfaces/lib:${LD_LIBRARY_PATH} PYTHONPATH=/home/ilex/Dev/VIST/src/robot/sdk/arm_teleop/install/lbot_arm_interfaces/lib/python3.10/site-packages:${PYTHONPATH} /usr/bin/cmake --build /home/ilex/Dev/VIST/src/robot/sdk/arm_teleop/build/lbot_driver -- -j16 -l16
[0.854s] DEBUG:colcon.colcon_core.event_handler.log_command:Invoking command in '/home/ilex/Dev/VIST/src/robot/sdk/arm_teleop/build/lbot_teleop': AMENT_PREFIX_PATH=/home/ilex/Dev/VIST/src/robot/sdk/arm_teleop/install/lbot_arm_interfaces:${AMENT_PREFIX_PATH} CMAKE_PREFIX_PATH=/home/ilex/Dev/VIST/src/robot/sdk/arm_teleop/install/lbot_arm_interfaces:/opt/ros/humble CONDA_PROMPT_MODIFIER=(robot_env) LD_LIBRARY_PATH=/home/ilex/Dev/VIST/src/robot/sdk/arm_teleop/install/lbot_arm_interfaces/lib:${LD_LIBRARY_PATH} PYTHONPATH=/home/ilex/Dev/VIST/src/robot/sdk/arm_teleop/install/lbot_arm_interfaces/lib/python3.10/site-packages:${PYTHONPATH} /usr/bin/cmake --build /home/ilex/Dev/VIST/src/robot/sdk/arm_teleop/build/lbot_teleop -- -j16 -l16
[0.947s] DEBUG:colcon.colcon_core.event_handler.log_command:Invoked command in '/home/ilex/Dev/VIST/src/robot/sdk/arm_teleop/build/lbot_demo' returned '0': AMENT_PREFIX_PATH=/home/ilex/Dev/VIST/src/robot/sdk/arm_teleop/install/lbot_arm_interfaces:${AMENT_PREFIX_PATH} CMAKE_PREFIX_PATH=/home/ilex/Dev/VIST/src/robot/sdk/arm_teleop/install/lbot_arm_interfaces:/opt/ros/humble CONDA_PROMPT_MODIFIER=(robot_env) LD_LIBRARY_PATH=/home/ilex/Dev/VIST/src/robot/sdk/arm_teleop/install/lbot_arm_interfaces/lib:${LD_LIBRARY_PATH} PYTHONPATH=/home/ilex/Dev/VIST/src/robot/sdk/arm_teleop/install/lbot_arm_interfaces/lib/python3.10/site-packages:${PYTHONPATH} /usr/bin/cmake --build /home/ilex/Dev/VIST/src/robot/sdk/arm_teleop/build/lbot_demo -- -j16 -l16
[0.950s] DEBUG:colcon.colcon_core.event_handler.log_command:Invoking command in '/home/ilex/Dev/VIST/src/robot/sdk/arm_teleop/build/lbot_demo': AMENT_PREFIX_PATH=/home/ilex/Dev/VIST/src/robot/sdk/arm_teleop/install/lbot_arm_interfaces:${AMENT_PREFIX_PATH} CMAKE_PREFIX_PATH=/home/ilex/Dev/VIST/src/robot/sdk/arm_teleop/install/lbot_arm_interfaces:/opt/ros/humble CONDA_PROMPT_MODIFIER=(robot_env) LD_LIBRARY_PATH=/home/ilex/Dev/VIST/src/robot/sdk/arm_teleop/install/lbot_arm_interfaces/lib:${LD_LIBRARY_PATH} PYTHONPATH=/home/ilex/Dev/VIST/src/robot/sdk/arm_teleop/install/lbot_arm_interfaces/lib/python3.10/site-packages:${PYTHONPATH} /usr/bin/cmake --install /home/ilex/Dev/VIST/src/robot/sdk/arm_teleop/build/lbot_demo
[0.952s] DEBUG:colcon.colcon_core.event_handler.log_command:Invoked command in '/home/ilex/Dev/VIST/src/robot/sdk/arm_teleop/build/lbot_teleop' returned '0': AMENT_PREFIX_PATH=/home/ilex/Dev/VIST/src/robot/sdk/arm_teleop/install/lbot_arm_interfaces:${AMENT_PREFIX_PATH} CMAKE_PREFIX_PATH=/home/ilex/Dev/VIST/src/robot/sdk/arm_teleop/install/lbot_arm_interfaces:/opt/ros/humble CONDA_PROMPT_MODIFIER=(robot_env) LD_LIBRARY_PATH=/home/ilex/Dev/VIST/src/robot/sdk/arm_teleop/install/lbot_arm_interfaces/lib:${LD_LIBRARY_PATH} PYTHONPATH=/home/ilex/Dev/VIST/src/robot/sdk/arm_teleop/install/lbot_arm_interfaces/lib/python3.10/site-packages:${PYTHONPATH} /usr/bin/cmake --build /home/ilex/Dev/VIST/src/robot/sdk/arm_teleop/build/lbot_teleop -- -j16 -l16
[0.953s] DEBUG:colcon.colcon_core.event_handler.log_command:Invoking command in '/home/ilex/Dev/VIST/src/robot/sdk/arm_teleop/build/lbot_teleop': AMENT_PREFIX_PATH=/home/ilex/Dev/VIST/src/robot/sdk/arm_teleop/install/lbot_arm_interfaces:${AMENT_PREFIX_PATH} CMAKE_PREFIX_PATH=/home/ilex/Dev/VIST/src/robot/sdk/arm_teleop/install/lbot_arm_interfaces:/opt/ros/humble CONDA_PROMPT_MODIFIER=(robot_env) LD_LIBRARY_PATH=/home/ilex/Dev/VIST/src/robot/sdk/arm_teleop/install/lbot_arm_interfaces/lib:${LD_LIBRARY_PATH} PYTHONPATH=/home/ilex/Dev/VIST/src/robot/sdk/arm_teleop/install/lbot_arm_interfaces/lib/python3.10/site-packages:${PYTHONPATH} /usr/bin/cmake --install /home/ilex/Dev/VIST/src/robot/sdk/arm_teleop/build/lbot_teleop
[0.983s] Level 1:colcon.colcon_core.environment:create_environment_scripts_only(lbot_demo)
[0.984s] Level 1:colcon.colcon_core.environment:checking '/home/ilex/Dev/VIST/src/robot/sdk/arm_teleop/install/lbot_demo' for CMake module files
[0.985s] DEBUG:colcon.colcon_core.event_handler.log_command:Invoked command in '/home/ilex/Dev/VIST/src/robot/sdk/arm_teleop/build/lbot_demo' returned '0': AMENT_PREFIX_PATH=/home/ilex/Dev/VIST/src/robot/sdk/arm_teleop/install/lbot_arm_interfaces:${AMENT_PREFIX_PATH} CMAKE_PREFIX_PATH=/home/ilex/Dev/VIST/src/robot/sdk/arm_teleop/install/lbot_arm_interfaces:/opt/ros/humble CONDA_PROMPT_MODIFIER=(robot_env) LD_LIBRARY_PATH=/home/ilex/Dev/VIST/src/robot/sdk/arm_teleop/install/lbot_arm_interfaces/lib:${LD_LIBRARY_PATH} PYTHONPATH=/home/ilex/Dev/VIST/src/robot/sdk/arm_teleop/install/lbot_arm_interfaces/lib/python3.10/site-packages:${PYTHONPATH} /usr/bin/cmake --install /home/ilex/Dev/VIST/src/robot/sdk/arm_teleop/build/lbot_demo
[0.986s] Level 1:colcon.colcon_core.environment:checking '/home/ilex/Dev/VIST/src/robot/sdk/arm_teleop/install/lbot_demo' for CMake config files
[0.986s] Level 1:colcon.colcon_core.shell:create_environment_hook('lbot_demo', 'cmake_prefix_path')
[0.987s] INFO:colcon.colcon_core.shell:Creating environment hook '/home/ilex/Dev/VIST/src/robot/sdk/arm_teleop/install/lbot_demo/share/lbot_demo/hook/cmake_prefix_path.ps1'
[0.989s] INFO:colcon.colcon_core.shell:Creating environment descriptor '/home/ilex/Dev/VIST/src/robot/sdk/arm_teleop/install/lbot_demo/share/lbot_demo/hook/cmake_prefix_path.dsv'
[0.989s] INFO:colcon.colcon_core.shell:Creating environment hook '/home/ilex/Dev/VIST/src/robot/sdk/arm_teleop/install/lbot_demo/share/lbot_demo/hook/cmake_prefix_path.sh'
[0.990s] Level 1:colcon.colcon_core.environment:checking '/home/ilex/Dev/VIST/src/robot/sdk/arm_teleop/install/lbot_demo/lib'
[0.990s] Level 1:colcon.colcon_core.environment:checking '/home/ilex/Dev/VIST/src/robot/sdk/arm_teleop/install/lbot_demo/bin'
[0.991s] Level 1:colcon.colcon_core.environment:checking '/home/ilex/Dev/VIST/src/robot/sdk/arm_teleop/install/lbot_demo/lib/pkgconfig/lbot_demo.pc'
[0.991s] Level 1:colcon.colcon_core.environment:checking '/home/ilex/Dev/VIST/src/robot/sdk/arm_teleop/install/lbot_demo/lib/python3.10/site-packages'
[0.992s] Level 1:colcon.colcon_core.environment:checking '/home/ilex/Dev/VIST/src/robot/sdk/arm_teleop/install/lbot_demo/bin'
[0.992s] INFO:colcon.colcon_core.shell:Creating package script '/home/ilex/Dev/VIST/src/robot/sdk/arm_teleop/install/lbot_demo/share/lbot_demo/package.ps1'
[0.994s] INFO:colcon.colcon_core.shell:Creating package descriptor '/home/ilex/Dev/VIST/src/robot/sdk/arm_teleop/install/lbot_demo/share/lbot_demo/package.dsv'
[0.994s] INFO:colcon.colcon_core.shell:Creating package script '/home/ilex/Dev/VIST/src/robot/sdk/arm_teleop/install/lbot_demo/share/lbot_demo/package.sh'
[0.995s] INFO:colcon.colcon_core.shell:Creating package script '/home/ilex/Dev/VIST/src/robot/sdk/arm_teleop/install/lbot_demo/share/lbot_demo/package.bash'
[0.995s] INFO:colcon.colcon_core.shell:Creating package script '/home/ilex/Dev/VIST/src/robot/sdk/arm_teleop/install/lbot_demo/share/lbot_demo/package.zsh'
[0.996s] Level 1:colcon.colcon_core.environment:create_file_with_runtime_dependencies(/home/ilex/Dev/VIST/src/robot/sdk/arm_teleop/install/lbot_demo/share/colcon-core/packages/lbot_demo)
[0.997s] Level 1:colcon.colcon_core.environment:create_environment_scripts_only(lbot_demo)
[0.997s] Level 1:colcon.colcon_core.environment:checking '/home/ilex/Dev/VIST/src/robot/sdk/arm_teleop/install/lbot_demo' for CMake module files
[0.998s] Level 1:colcon.colcon_core.environment:checking '/home/ilex/Dev/VIST/src/robot/sdk/arm_teleop/install/lbot_demo' for CMake config files
[0.998s] Level 1:colcon.colcon_core.shell:create_environment_hook('lbot_demo', 'cmake_prefix_path')
[0.999s] INFO:colcon.colcon_core.shell:Creating environment hook '/home/ilex/Dev/VIST/src/robot/sdk/arm_teleop/install/lbot_demo/share/lbot_demo/hook/cmake_prefix_path.ps1'
[0.999s] INFO:colcon.colcon_core.shell:Creating environment descriptor '/home/ilex/Dev/VIST/src/robot/sdk/arm_teleop/install/lbot_demo/share/lbot_demo/hook/cmake_prefix_path.dsv'
[1.000s] INFO:colcon.colcon_core.shell:Creating environment hook '/home/ilex/Dev/VIST/src/robot/sdk/arm_teleop/install/lbot_demo/share/lbot_demo/hook/cmake_prefix_path.sh'
[1.001s] Level 1:colcon.colcon_core.environment:checking '/home/ilex/Dev/VIST/src/robot/sdk/arm_teleop/install/lbot_demo/lib'
[1.001s] Level 1:colcon.colcon_core.environment:checking '/home/ilex/Dev/VIST/src/robot/sdk/arm_teleop/install/lbot_demo/bin'
[1.001s] Level 1:colcon.colcon_core.environment:checking '/home/ilex/Dev/VIST/src/robot/sdk/arm_teleop/install/lbot_demo/lib/pkgconfig/lbot_demo.pc'
[1.001s] Level 1:colcon.colcon_core.environment:checking '/home/ilex/Dev/VIST/src/robot/sdk/arm_teleop/install/lbot_demo/lib/python3.10/site-packages'
[1.001s] Level 1:colcon.colcon_core.environment:checking '/home/ilex/Dev/VIST/src/robot/sdk/arm_teleop/install/lbot_demo/bin'
[1.002s] INFO:colcon.colcon_core.shell:Creating package script '/home/ilex/Dev/VIST/src/robot/sdk/arm_teleop/install/lbot_demo/share/lbot_demo/package.ps1'
[1.003s] INFO:colcon.colcon_core.shell:Creating package descriptor '/home/ilex/Dev/VIST/src/robot/sdk/arm_teleop/install/lbot_demo/share/lbot_demo/package.dsv'
[1.003s] INFO:colcon.colcon_core.shell:Creating package script '/home/ilex/Dev/VIST/src/robot/sdk/arm_teleop/install/lbot_demo/share/lbot_demo/package.sh'
[1.004s] INFO:colcon.colcon_core.shell:Creating package script '/home/ilex/Dev/VIST/src/robot/sdk/arm_teleop/install/lbot_demo/share/lbot_demo/package.bash'
[1.004s] INFO:colcon.colcon_core.shell:Creating package script '/home/ilex/Dev/VIST/src/robot/sdk/arm_teleop/install/lbot_demo/share/lbot_demo/package.zsh'
[1.005s] Level 1:colcon.colcon_core.environment:create_file_with_runtime_dependencies(/home/ilex/Dev/VIST/src/robot/sdk/arm_teleop/install/lbot_demo/share/colcon-core/packages/lbot_demo)
[1.006s] Level 1:colcon.colcon_core.environment:create_environment_scripts_only(lbot_teleop)
[1.007s] Level 1:colcon.colcon_core.environment:checking '/home/ilex/Dev/VIST/src/robot/sdk/arm_teleop/install/lbot_teleop' for CMake module files
[1.008s] DEBUG:colcon.colcon_core.event_handler.log_command:Invoked command in '/home/ilex/Dev/VIST/src/robot/sdk/arm_teleop/build/lbot_teleop' returned '0': AMENT_PREFIX_PATH=/home/ilex/Dev/VIST/src/robot/sdk/arm_teleop/install/lbot_arm_interfaces:${AMENT_PREFIX_PATH} CMAKE_PREFIX_PATH=/home/ilex/Dev/VIST/src/robot/sdk/arm_teleop/install/lbot_arm_interfaces:/opt/ros/humble CONDA_PROMPT_MODIFIER=(robot_env) LD_LIBRARY_PATH=/home/ilex/Dev/VIST/src/robot/sdk/arm_teleop/install/lbot_arm_interfaces/lib:${LD_LIBRARY_PATH} PYTHONPATH=/home/ilex/Dev/VIST/src/robot/sdk/arm_teleop/install/lbot_arm_interfaces/lib/python3.10/site-packages:${PYTHONPATH} /usr/bin/cmake --install /home/ilex/Dev/VIST/src/robot/sdk/arm_teleop/build/lbot_teleop
[1.009s] Level 1:colcon.colcon_core.environment:checking '/home/ilex/Dev/VIST/src/robot/sdk/arm_teleop/install/lbot_teleop' for CMake config files
[1.009s] Level 1:colcon.colcon_core.shell:create_environment_hook('lbot_teleop', 'cmake_prefix_path')
[1.010s] INFO:colcon.colcon_core.shell:Creating environment hook '/home/ilex/Dev/VIST/src/robot/sdk/arm_teleop/install/lbot_teleop/share/lbot_teleop/hook/cmake_prefix_path.ps1'
[1.011s] INFO:colcon.colcon_core.shell:Creating environment descriptor '/home/ilex/Dev/VIST/src/robot/sdk/arm_teleop/install/lbot_teleop/share/lbot_teleop/hook/cmake_prefix_path.dsv'
[1.011s] INFO:colcon.colcon_core.shell:Creating environment hook '/home/ilex/Dev/VIST/src/robot/sdk/arm_teleop/install/lbot_teleop/share/lbot_teleop/hook/cmake_prefix_path.sh'
[1.012s] Level 1:colcon.colcon_core.environment:checking '/home/ilex/Dev/VIST/src/robot/sdk/arm_teleop/install/lbot_teleop/lib'
[1.012s] Level 1:colcon.colcon_core.environment:checking '/home/ilex/Dev/VIST/src/robot/sdk/arm_teleop/install/lbot_teleop/bin'
[1.012s] Level 1:colcon.colcon_core.environment:checking '/home/ilex/Dev/VIST/src/robot/sdk/arm_teleop/install/lbot_teleop/lib/pkgconfig/lbot_teleop.pc'
[1.013s] Level 1:colcon.colcon_core.environment:checking '/home/ilex/Dev/VIST/src/robot/sdk/arm_teleop/install/lbot_teleop/lib/python3.10/site-packages'
[1.013s] Level 1:colcon.colcon_core.environment:checking '/home/ilex/Dev/VIST/src/robot/sdk/arm_teleop/install/lbot_teleop/bin'
[1.013s] INFO:colcon.colcon_core.shell:Creating package script '/home/ilex/Dev/VIST/src/robot/sdk/arm_teleop/install/lbot_teleop/share/lbot_teleop/package.ps1'
[1.014s] INFO:colcon.colcon_core.shell:Creating package descriptor '/home/ilex/Dev/VIST/src/robot/sdk/arm_teleop/install/lbot_teleop/share/lbot_teleop/package.dsv'
[1.014s] INFO:colcon.colcon_core.shell:Creating package script '/home/ilex/Dev/VIST/src/robot/sdk/arm_teleop/install/lbot_teleop/share/lbot_teleop/package.sh'
[1.014s] INFO:colcon.colcon_core.shell:Creating package script '/home/ilex/Dev/VIST/src/robot/sdk/arm_teleop/install/lbot_teleop/share/lbot_teleop/package.bash'
[1.015s] INFO:colcon.colcon_core.shell:Creating package script '/home/ilex/Dev/VIST/src/robot/sdk/arm_teleop/install/lbot_teleop/share/lbot_teleop/package.zsh'
[1.015s] Level 1:colcon.colcon_core.environment:create_file_with_runtime_dependencies(/home/ilex/Dev/VIST/src/robot/sdk/arm_teleop/install/lbot_teleop/share/colcon-core/packages/lbot_teleop)
[1.015s] Level 1:colcon.colcon_core.environment:create_environment_scripts_only(lbot_teleop)
[1.016s] Level 1:colcon.colcon_core.environment:checking '/home/ilex/Dev/VIST/src/robot/sdk/arm_teleop/install/lbot_teleop' for CMake module files
[1.016s] Level 1:colcon.colcon_core.environment:checking '/home/ilex/Dev/VIST/src/robot/sdk/arm_teleop/install/lbot_teleop' for CMake config files
[1.016s] Level 1:colcon.colcon_core.shell:create_environment_hook('lbot_teleop', 'cmake_prefix_path')
[1.016s] INFO:colcon.colcon_core.shell:Creating environment hook '/home/ilex/Dev/VIST/src/robot/sdk/arm_teleop/install/lbot_teleop/share/lbot_teleop/hook/cmake_prefix_path.ps1'
[1.017s] INFO:colcon.colcon_core.shell:Creating environment descriptor '/home/ilex/Dev/VIST/src/robot/sdk/arm_teleop/install/lbot_teleop/share/lbot_teleop/hook/cmake_prefix_path.dsv'
[1.017s] INFO:colcon.colcon_core.shell:Creating environment hook '/home/ilex/Dev/VIST/src/robot/sdk/arm_teleop/install/lbot_teleop/share/lbot_teleop/hook/cmake_prefix_path.sh'
[1.017s] Level 1:colcon.colcon_core.environment:checking '/home/ilex/Dev/VIST/src/robot/sdk/arm_teleop/install/lbot_teleop/lib'
[1.017s] Level 1:colcon.colcon_core.environment:checking '/home/ilex/Dev/VIST/src/robot/sdk/arm_teleop/install/lbot_teleop/bin'
[1.018s] Level 1:colcon.colcon_core.environment:checking '/home/ilex/Dev/VIST/src/robot/sdk/arm_teleop/install/lbot_teleop/lib/pkgconfig/lbot_teleop.pc'
[1.018s] Level 1:colcon.colcon_core.environment:checking '/home/ilex/Dev/VIST/src/robot/sdk/arm_teleop/install/lbot_teleop/lib/python3.10/site-packages'
[1.018s] Level 1:colcon.colcon_core.environment:checking '/home/ilex/Dev/VIST/src/robot/sdk/arm_teleop/install/lbot_teleop/bin'
[1.018s] INFO:colcon.colcon_core.shell:Creating package script '/home/ilex/Dev/VIST/src/robot/sdk/arm_teleop/install/lbot_teleop/share/lbot_teleop/package.ps1'
[1.018s] INFO:colcon.colcon_core.shell:Creating package descriptor '/home/ilex/Dev/VIST/src/robot/sdk/arm_teleop/install/lbot_teleop/share/lbot_teleop/package.dsv'
[1.019s] INFO:colcon.colcon_core.shell:Creating package script '/home/ilex/Dev/VIST/src/robot/sdk/arm_teleop/install/lbot_teleop/share/lbot_teleop/package.sh'
[1.019s] INFO:colcon.colcon_core.shell:Creating package script '/home/ilex/Dev/VIST/src/robot/sdk/arm_teleop/install/lbot_teleop/share/lbot_teleop/package.bash'
[1.019s] INFO:colcon.colcon_core.shell:Creating package script '/home/ilex/Dev/VIST/src/robot/sdk/arm_teleop/install/lbot_teleop/share/lbot_teleop/package.zsh'
[1.020s] Level 1:colcon.colcon_core.environment:create_file_with_runtime_dependencies(/home/ilex/Dev/VIST/src/robot/sdk/arm_teleop/install/lbot_teleop/share/colcon-core/packages/lbot_teleop)
[7.331s] DEBUG:colcon.colcon_core.event_handler.log_command:Invoked command in '/home/ilex/Dev/VIST/src/robot/sdk/arm_teleop/build/lbot_driver' returned '2': AMENT_PREFIX_PATH=/home/ilex/Dev/VIST/src/robot/sdk/arm_teleop/install/lbot_arm_interfaces:${AMENT_PREFIX_PATH} CMAKE_PREFIX_PATH=/home/ilex/Dev/VIST/src/robot/sdk/arm_teleop/install/lbot_arm_interfaces:/opt/ros/humble CONDA_PROMPT_MODIFIER=(robot_env) LD_LIBRARY_PATH=/home/ilex/Dev/VIST/src/robot/sdk/arm_teleop/install/lbot_arm_interfaces/lib:${LD_LIBRARY_PATH} PYTHONPATH=/home/ilex/Dev/VIST/src/robot/sdk/arm_teleop/install/lbot_arm_interfaces/lib/python3.10/site-packages:${PYTHONPATH} /usr/bin/cmake --build /home/ilex/Dev/VIST/src/robot/sdk/arm_teleop/build/lbot_driver -- -j16 -l16
[7.332s] Level 1:colcon.colcon_core.environment:create_environment_scripts_only(lbot_driver)
[7.332s] Level 1:colcon.colcon_core.environment:checking '/home/ilex/Dev/VIST/src/robot/sdk/arm_teleop/install/lbot_driver' for CMake module files
[7.332s] Level 1:colcon.colcon_core.environment:checking '/home/ilex/Dev/VIST/src/robot/sdk/arm_teleop/install/lbot_driver' for CMake config files
[7.332s] Level 1:colcon.colcon_core.environment:checking '/home/ilex/Dev/VIST/src/robot/sdk/arm_teleop/install/lbot_driver/bin'
[7.332s] Level 1:colcon.colcon_core.environment:checking '/home/ilex/Dev/VIST/src/robot/sdk/arm_teleop/install/lbot_driver/lib/pkgconfig/lbot_driver.pc'
[7.332s] Level 1:colcon.colcon_core.environment:checking '/home/ilex/Dev/VIST/src/robot/sdk/arm_teleop/install/lbot_driver/lib/python3.10/site-packages'
[7.333s] Level 1:colcon.colcon_core.environment:checking '/home/ilex/Dev/VIST/src/robot/sdk/arm_teleop/install/lbot_driver/bin'
[7.333s] INFO:colcon.colcon_core.shell:Creating package script '/home/ilex/Dev/VIST/src/robot/sdk/arm_teleop/install/lbot_driver/share/lbot_driver/package.ps1'
[7.333s] INFO:colcon.colcon_core.shell:Creating package descriptor '/home/ilex/Dev/VIST/src/robot/sdk/arm_teleop/install/lbot_driver/share/lbot_driver/package.dsv'
[7.333s] INFO:colcon.colcon_core.shell:Creating package script '/home/ilex/Dev/VIST/src/robot/sdk/arm_teleop/install/lbot_driver/share/lbot_driver/package.sh'
[7.334s] INFO:colcon.colcon_core.shell:Creating package script '/home/ilex/Dev/VIST/src/robot/sdk/arm_teleop/install/lbot_driver/share/lbot_driver/package.bash'
[7.334s] INFO:colcon.colcon_core.shell:Creating package script '/home/ilex/Dev/VIST/src/robot/sdk/arm_teleop/install/lbot_driver/share/lbot_driver/package.zsh'
[7.334s] Level 1:colcon.colcon_core.environment:create_file_with_runtime_dependencies(/home/ilex/Dev/VIST/src/robot/sdk/arm_teleop/install/lbot_driver/share/colcon-core/packages/lbot_driver)
[7.344s] DEBUG:colcon.colcon_parallel_executor.executor.parallel:closing loop
[7.345s] DEBUG:colcon.colcon_parallel_executor.executor.parallel:loop closed
[7.345s] DEBUG:colcon.colcon_parallel_executor.executor.parallel:run_until_complete finished with '2'
[7.345s] DEBUG:colcon.colcon_core.event_reactor:joining thread
[7.349s] INFO:colcon.colcon_core.plugin_system:Skipping extension 'colcon_notification.desktop_notification.terminal_notifier': Not used on non-Darwin systems
[7.349s] INFO:colcon.colcon_core.plugin_system:Skipping extension 'colcon_notification.desktop_notification.win32': Not used on non-Windows systems
[7.349s] INFO:colcon.colcon_notification.desktop_notification:Sending desktop notification using 'notify2'
[7.366s] DEBUG:colcon.colcon_core.event_reactor:joined thread
[7.367s] INFO:colcon.colcon_core.shell:Creating prefix script '/home/ilex/Dev/VIST/src/robot/sdk/arm_teleop/install/local_setup.ps1'
[7.368s] INFO:colcon.colcon_core.shell:Creating prefix util module '/home/ilex/Dev/VIST/src/robot/sdk/arm_teleop/install/_local_setup_util_ps1.py'
[7.369s] INFO:colcon.colcon_core.shell:Creating prefix chain script '/home/ilex/Dev/VIST/src/robot/sdk/arm_teleop/install/setup.ps1'
[7.370s] INFO:colcon.colcon_core.shell:Creating prefix script '/home/ilex/Dev/VIST/src/robot/sdk/arm_teleop/install/local_setup.sh'
[7.370s] INFO:colcon.colcon_core.shell:Creating prefix util module '/home/ilex/Dev/VIST/src/robot/sdk/arm_teleop/install/_local_setup_util_sh.py'
[7.370s] INFO:colcon.colcon_core.shell:Creating prefix chain script '/home/ilex/Dev/VIST/src/robot/sdk/arm_teleop/install/setup.sh'
[7.371s] INFO:colcon.colcon_core.shell:Creating prefix script '/home/ilex/Dev/VIST/src/robot/sdk/arm_teleop/install/local_setup.bash'
[7.371s] INFO:colcon.colcon_core.shell:Creating prefix chain script '/home/ilex/Dev/VIST/src/robot/sdk/arm_teleop/install/setup.bash'
[7.372s] INFO:colcon.colcon_core.shell:Creating prefix script '/home/ilex/Dev/VIST/src/robot/sdk/arm_teleop/install/local_setup.zsh'
[7.373s] INFO:colcon.colcon_core.shell:Creating prefix chain script '/home/ilex/Dev/VIST/src/robot/sdk/arm_teleop/install/setup.zsh'
