[0.105s] DEBUG:colcon:Command line arguments: ['/usr/bin/colcon', 'build', '--symlink-install']
[0.105s] DEBUG:colcon:Parsed command line arguments: Namespace(log_base=None, log_level=None, verb_name='build', build_base='build', install_base='install', merge_install=False, symlink_install=True, test_result_base=None, continue_on_error=False, executor='parallel', parallel_workers=16, event_handlers=None, ignore_user_meta=False, metas=['./colcon.meta'], base_paths=['.'], packages_ignore=None, packages_ignore_regex=None, paths=None, packages_up_to=None, packages_up_to_regex=None, packages_above=None, packages_above_and_dependencies=None, packages_above_depth=None, packages_select_by_dep=None, packages_skip_by_dep=None, packages_skip_up_to=None, packages_select_build_failed=False, packages_skip_build_finished=False, packages_select_test_failures=False, packages_skip_test_passed=False, packages_select=None, packages_skip=None, packages_select_regex=None, packages_skip_regex=None, packages_start=None, packages_end=None, allow_overriding=[], cmake_args=None, cmake_target=None, cmake_target_skip_unavailable=False, cmake_clean_cache=False, cmake_clean_first=False, cmake_force_configure=False, ament_cmake_args=None, catkin_cmake_args=None, catkin_skip_building_tests=False, verb_parser=<colcon_defaults.argument_parser.defaults.DefaultArgumentsDecorator object at 0x72bd89e278e0>, verb_extension=<colcon_core.verb.build.BuildVerb object at 0x72bd89f70e20>, main=<bound method BuildVerb.main of <colcon_core.verb.build.BuildVerb object at 0x72bd89f70e20>>)
[0.227s] Level 1:colcon.colcon_core.package_discovery:discover_packages(colcon_meta) check parameters
[0.228s] Level 1:colcon.colcon_core.package_discovery:discover_packages(recursive) check parameters
[0.228s] Level 1:colcon.colcon_core.package_discovery:discover_packages(ignore) check parameters
[0.228s] Level 1:colcon.colcon_core.package_discovery:discover_packages(path) check parameters
[0.228s] Level 1:colcon.colcon_core.package_discovery:discover_packages(colcon_meta) discover
[0.228s] Level 1:colcon.colcon_core.package_discovery:discover_packages(recursive) discover
[0.228s] INFO:colcon.colcon_core.package_discovery:Crawling recursively for packages in '/home/ilex/Dev/VIST/src/robot/sdk/arm_teleop'
[0.228s] Level 1:colcon.colcon_core.package_identification:_identify(.) by extensions ['ignore', 'ignore_ament_install']
[0.228s] Level 1:colcon.colcon_core.package_identification:_identify(.) by extension 'ignore'
[0.228s] Level 1:colcon.colcon_core.package_identification:_identify(.) by extension 'ignore_ament_install'
[0.228s] Level 1:colcon.colcon_core.package_identification:_identify(.) by extensions ['colcon_pkg']
[0.228s] Level 1:colcon.colcon_core.package_identification:_identify(.) by extension 'colcon_pkg'
[0.228s] Level 1:colcon.colcon_core.package_identification:_identify(.) by extensions ['colcon_meta']
[0.228s] Level 1:colcon.colcon_core.package_identification:_identify(.) by extension 'colcon_meta'
[0.228s] Level 1:colcon.colcon_core.package_identification:_identify(.) by extensions ['ros']
[0.229s] Level 1:colcon.colcon_core.package_identification:_identify(.) by extension 'ros'
[0.238s] Level 1:colcon.colcon_core.package_identification:_identify(.) by extensions ['cmake', 'python']
[0.238s] Level 1:colcon.colcon_core.package_identification:_identify(.) by extension 'cmake'
[0.238s] Level 1:colcon.colcon_core.package_identification:_identify(.) by extension 'python'
[0.238s] Level 1:colcon.colcon_core.package_identification:_identify(.) by extensions ['python_setup_py']
[0.238s] Level 1:colcon.colcon_core.package_identification:_identify(.) by extension 'python_setup_py'
[0.238s] Level 1:colcon.colcon_core.package_identification:_identify(build) by extensions ['ignore', 'ignore_ament_install']
[0.238s] Level 1:colcon.colcon_core.package_identification:_identify(build) by extension 'ignore'
[0.238s] Level 1:colcon.colcon_core.package_identification:_identify(build) ignored
[0.238s] Level 1:colcon.colcon_core.package_identification:_identify(install) by extensions ['ignore', 'ignore_ament_install']
[0.239s] Level 1:colcon.colcon_core.package_identification:_identify(install) by extension 'ignore'
[0.239s] Level 1:colcon.colcon_core.package_identification:_identify(install) ignored
[0.239s] Level 1:colcon.colcon_core.package_identification:_identify(log) by extensions ['ignore', 'ignore_ament_install']
[0.239s] Level 1:colcon.colcon_core.package_identification:_identify(log) by extension 'ignore'
[0.239s] Level 1:colcon.colcon_core.package_identification:_identify(log) ignored
[0.239s] Level 1:colcon.colcon_core.package_identification:_identify(src) by extensions ['ignore', 'ignore_ament_install']
[0.239s] Level 1:colcon.colcon_core.package_identification:_identify(src) by extension 'ignore'
[0.239s] Level 1:colcon.colcon_core.package_identification:_identify(src) by extension 'ignore_ament_install'
[0.239s] Level 1:colcon.colcon_core.package_identification:_identify(src) by extensions ['colcon_pkg']
[0.239s] Level 1:colcon.colcon_core.package_identification:_identify(src) by extension 'colcon_pkg'
[0.239s] Level 1:colcon.colcon_core.package_identification:_identify(src) by extensions ['colcon_meta']
[0.239s] Level 1:colcon.colcon_core.package_identification:_identify(src) by extension 'colcon_meta'
[0.239s] Level 1:colcon.colcon_core.package_identification:_identify(src) by extensions ['ros']
[0.239s] Level 1:colcon.colcon_core.package_identification:_identify(src) by extension 'ros'
[0.239s] Level 1:colcon.colcon_core.package_identification:_identify(src) by extensions ['cmake', 'python']
[0.239s] Level 1:colcon.colcon_core.package_identification:_identify(src) by extension 'cmake'
[0.239s] Level 1:colcon.colcon_core.package_identification:_identify(src) by extension 'python'
[0.239s] Level 1:colcon.colcon_core.package_identification:_identify(src) by extensions ['python_setup_py']
[0.239s] Level 1:colcon.colcon_core.package_identification:_identify(src) by extension 'python_setup_py'
[0.239s] Level 1:colcon.colcon_core.package_identification:_identify(src/lbot_arm_interfaces) by extensions ['ignore', 'ignore_ament_install']
[0.239s] Level 1:colcon.colcon_core.package_identification:_identify(src/lbot_arm_interfaces) by extension 'ignore'
[0.239s] Level 1:colcon.colcon_core.package_identification:_identify(src/lbot_arm_interfaces) by extension 'ignore_ament_install'
[0.240s] Level 1:colcon.colcon_core.package_identification:_identify(src/lbot_arm_interfaces) by extensions ['colcon_pkg']
[0.240s] Level 1:colcon.colcon_core.package_identification:_identify(src/lbot_arm_interfaces) by extension 'colcon_pkg'
[0.240s] Level 1:colcon.colcon_core.package_identification:_identify(src/lbot_arm_interfaces) by extensions ['colcon_meta']
[0.240s] Level 1:colcon.colcon_core.package_identification:_identify(src/lbot_arm_interfaces) by extension 'colcon_meta'
[0.240s] Level 1:colcon.colcon_core.package_identification:_identify(src/lbot_arm_interfaces) by extensions ['ros']
[0.240s] Level 1:colcon.colcon_core.package_identification:_identify(src/lbot_arm_interfaces) by extension 'ros'
[0.242s] DEBUG:colcon.colcon_core.package_identification:Package 'src/lbot_arm_interfaces' with type 'ros.ament_cmake' and name 'lbot_arm_interfaces'
[0.242s] Level 1:colcon.colcon_core.package_identification:_identify(src/lbot_demo) by extensions ['ignore', 'ignore_ament_install']
[0.242s] Level 1:colcon.colcon_core.package_identification:_identify(src/lbot_demo) by extension 'ignore'
[0.242s] Level 1:colcon.colcon_core.package_identification:_identify(src/lbot_demo) by extension 'ignore_ament_install'
[0.242s] Level 1:colcon.colcon_core.package_identification:_identify(src/lbot_demo) by extensions ['colcon_pkg']
[0.243s] Level 1:colcon.colcon_core.package_identification:_identify(src/lbot_demo) by extension 'colcon_pkg'
[0.243s] Level 1:colcon.colcon_core.package_identification:_identify(src/lbot_demo) by extensions ['colcon_meta']
[0.243s] Level 1:colcon.colcon_core.package_identification:_identify(src/lbot_demo) by extension 'colcon_meta'
[0.243s] Level 1:colcon.colcon_core.package_identification:_identify(src/lbot_demo) by extensions ['ros']
[0.243s] Level 1:colcon.colcon_core.package_identification:_identify(src/lbot_demo) by extension 'ros'
[0.244s] DEBUG:colcon.colcon_core.package_identification:Package 'src/lbot_demo' with type 'ros.ament_cmake' and name 'lbot_demo'
[0.244s] Level 1:colcon.colcon_core.package_identification:_identify(src/lbot_driver) by extensions ['ignore', 'ignore_ament_install']
[0.244s] Level 1:colcon.colcon_core.package_identification:_identify(src/lbot_driver) by extension 'ignore'
[0.244s] Level 1:colcon.colcon_core.package_identification:_identify(src/lbot_driver) by extension 'ignore_ament_install'
[0.244s] Level 1:colcon.colcon_core.package_identification:_identify(src/lbot_driver) by extensions ['colcon_pkg']
[0.244s] Level 1:colcon.colcon_core.package_identification:_identify(src/lbot_driver) by extension 'colcon_pkg'
[0.244s] Level 1:colcon.colcon_core.package_identification:_identify(src/lbot_driver) by extensions ['colcon_meta']
[0.244s] Level 1:colcon.colcon_core.package_identification:_identify(src/lbot_driver) by extension 'colcon_meta'
[0.244s] Level 1:colcon.colcon_core.package_identification:_identify(src/lbot_driver) by extensions ['ros']
[0.244s] Level 1:colcon.colcon_core.package_identification:_identify(src/lbot_driver) by extension 'ros'
[0.245s] DEBUG:colcon.colcon_core.package_identification:Package 'src/lbot_driver' with type 'ros.ament_cmake' and name 'lbot_driver'
[0.245s] Level 1:colcon.colcon_core.package_identification:_identify(src/lbot_teleop) by extensions ['ignore', 'ignore_ament_install']
[0.245s] Level 1:colcon.colcon_core.package_identification:_identify(src/lbot_teleop) by extension 'ignore'
[0.245s] Level 1:colcon.colcon_core.package_identification:_identify(src/lbot_teleop) by extension 'ignore_ament_install'
[0.245s] Level 1:colcon.colcon_core.package_identification:_identify(src/lbot_teleop) by extensions ['colcon_pkg']
[0.245s] Level 1:colcon.colcon_core.package_identification:_identify(src/lbot_teleop) by extension 'colcon_pkg'
[0.246s] Level 1:colcon.colcon_core.package_identification:_identify(src/lbot_teleop) by extensions ['colcon_meta']
[0.246s] Level 1:colcon.colcon_core.package_identification:_identify(src/lbot_teleop) by extension 'colcon_meta'
[0.246s] Level 1:colcon.colcon_core.package_identification:_identify(src/lbot_teleop) by extensions ['ros']
[0.246s] Level 1:colcon.colcon_core.package_identification:_identify(src/lbot_teleop) by extension 'ros'
[0.246s] DEBUG:colcon.colcon_core.package_identification:Package 'src/lbot_teleop' with type 'ros.ament_cmake' and name 'lbot_teleop'
[0.246s] Level 1:colcon.colcon_core.package_identification:_identify(src/linkerta) by extensions ['ignore', 'ignore_ament_install']
[0.247s] Level 1:colcon.colcon_core.package_identification:_identify(src/linkerta) by extension 'ignore'
[0.247s] Level 1:colcon.colcon_core.package_identification:_identify(src/linkerta) by extension 'ignore_ament_install'
[0.247s] Level 1:colcon.colcon_core.package_identification:_identify(src/linkerta) by extensions ['colcon_pkg']
[0.247s] Level 1:colcon.colcon_core.package_identification:_identify(src/linkerta) by extension 'colcon_pkg'
[0.247s] Level 1:colcon.colcon_core.package_identification:_identify(src/linkerta) by extensions ['colcon_meta']
[0.247s] Level 1:colcon.colcon_core.package_identification:_identify(src/linkerta) by extension 'colcon_meta'
[0.247s] Level 1:colcon.colcon_core.package_identification:_identify(src/linkerta) by extensions ['ros']
[0.247s] Level 1:colcon.colcon_core.package_identification:_identify(src/linkerta) by extension 'ros'
[0.247s] DEBUG:colcon.colcon_core.package_identification:Package 'src/linkerta' with type 'ros.ament_cmake' and name 'linkerta'
[0.247s] Level 1:colcon.colcon_core.package_discovery:discover_packages(recursive) using defaults
[0.248s] Level 1:colcon.colcon_core.package_discovery:discover_packages(ignore) discover
[0.248s] Level 1:colcon.colcon_core.package_discovery:discover_packages(ignore) using defaults
[0.248s] Level 1:colcon.colcon_core.package_discovery:discover_packages(path) discover
[0.248s] Level 1:colcon.colcon_core.package_discovery:discover_packages(path) using defaults
[0.265s] Level 1:colcon.colcon_core.package_discovery:discover_packages(prefix_path) check parameters
[0.265s] Level 1:colcon.colcon_core.package_discovery:discover_packages(prefix_path) discover
[0.267s] DEBUG:colcon.colcon_installed_package_information.package_discovery:Found 325 installed packages in /opt/ros/humble
[0.277s] Level 1:colcon.colcon_core.package_discovery:discover_packages(prefix_path) using defaults
[0.303s] Level 5:colcon.colcon_core.verb:set package 'lbot_arm_interfaces' build argument 'cmake_args' from command line to 'None'
[0.303s] Level 5:colcon.colcon_core.verb:set package 'lbot_arm_interfaces' build argument 'cmake_target' from command line to 'None'
[0.303s] Level 5:colcon.colcon_core.verb:set package 'lbot_arm_interfaces' build argument 'cmake_target_skip_unavailable' from command line to 'False'
[0.303s] Level 5:colcon.colcon_core.verb:set package 'lbot_arm_interfaces' build argument 'cmake_clean_cache' from command line to 'False'
[0.303s] Level 5:colcon.colcon_core.verb:set package 'lbot_arm_interfaces' build argument 'cmake_clean_first' from command line to 'False'
[0.303s] Level 5:colcon.colcon_core.verb:set package 'lbot_arm_interfaces' build argument 'cmake_force_configure' from command line to 'False'
[0.303s] Level 5:colcon.colcon_core.verb:set package 'lbot_arm_interfaces' build argument 'ament_cmake_args' from command line to 'None'
[0.303s] Level 5:colcon.colcon_core.verb:set package 'lbot_arm_interfaces' build argument 'catkin_cmake_args' from command line to 'None'
[0.303s] Level 5:colcon.colcon_core.verb:set package 'lbot_arm_interfaces' build argument 'catkin_skip_building_tests' from command line to 'False'
[0.303s] DEBUG:colcon.colcon_core.verb:Building package 'lbot_arm_interfaces' with the following arguments: {'ament_cmake_args': None, 'build_base': '/home/ilex/Dev/VIST/src/robot/sdk/arm_teleop/build/lbot_arm_interfaces', 'catkin_cmake_args': None, 'catkin_skip_building_tests': False, 'cmake_args': None, 'cmake_clean_cache': False, 'cmake_clean_first': False, 'cmake_force_configure': False, 'cmake_target': None, 'cmake_target_skip_unavailable': False, 'install_base': '/home/ilex/Dev/VIST/src/robot/sdk/arm_teleop/install/lbot_arm_interfaces', 'merge_install': False, 'path': '/home/ilex/Dev/VIST/src/robot/sdk/arm_teleop/src/lbot_arm_interfaces', 'symlink_install': True, 'test_result_base': None}
[0.304s] Level 5:colcon.colcon_core.verb:set package 'linkerta' build argument 'cmake_args' from command line to 'None'
[0.304s] Level 5:colcon.colcon_core.verb:set package 'linkerta' build argument 'cmake_target' from command line to 'None'
[0.304s] Level 5:colcon.colcon_core.verb:set package 'linkerta' build argument 'cmake_target_skip_unavailable' from command line to 'False'
[0.304s] Level 5:colcon.colcon_core.verb:set package 'linkerta' build argument 'cmake_clean_cache' from command line to 'False'
[0.304s] Level 5:colcon.colcon_core.verb:set package 'linkerta' build argument 'cmake_clean_first' from command line to 'False'
[0.304s] Level 5:colcon.colcon_core.verb:set package 'linkerta' build argument 'cmake_force_configure' from command line to 'False'
[0.304s] Level 5:colcon.colcon_core.verb:set package 'linkerta' build argument 'ament_cmake_args' from command line to 'None'
[0.304s] Level 5:colcon.colcon_core.verb:set package 'linkerta' build argument 'catkin_cmake_args' from command line to 'None'
[0.304s] Level 5:colcon.colcon_core.verb:set package 'linkerta' build argument 'catkin_skip_building_tests' from command line to 'False'
[0.304s] DEBUG:colcon.colcon_core.verb:Building package 'linkerta' with the following arguments: {'ament_cmake_args': None, 'build_base': '/home/ilex/Dev/VIST/src/robot/sdk/arm_teleop/build/linkerta', 'catkin_cmake_args': None, 'catkin_skip_building_tests': False, 'cmake_args': None, 'cmake_clean_cache': False, 'cmake_clean_first': False, 'cmake_force_configure': False, 'cmake_target': None, 'cmake_target_skip_unavailable': False, 'install_base': '/home/ilex/Dev/VIST/src/robot/sdk/arm_teleop/install/linkerta', 'merge_install': False, 'path': '/home/ilex/Dev/VIST/src/robot/sdk/arm_teleop/src/linkerta', 'symlink_install': True, 'test_result_base': None}
[0.304s] Level 5:colcon.colcon_core.verb:set package 'lbot_demo' build argument 'cmake_args' from command line to 'None'
[0.304s] Level 5:colcon.colcon_core.verb:set package 'lbot_demo' build argument 'cmake_target' from command line to 'None'
[0.304s] Level 5:colcon.colcon_core.verb:set package 'lbot_demo' build argument 'cmake_target_skip_unavailable' from command line to 'False'
[0.304s] Level 5:colcon.colcon_core.verb:set package 'lbot_demo' build argument 'cmake_clean_cache' from command line to 'False'
[0.304s] Level 5:colcon.colcon_core.verb:set package 'lbot_demo' build argument 'cmake_clean_first' from command line to 'False'
[0.304s] Level 5:colcon.colcon_core.verb:set package 'lbot_demo' build argument 'cmake_force_configure' from command line to 'False'
[0.304s] Level 5:colcon.colcon_core.verb:set package 'lbot_demo' build argument 'ament_cmake_args' from command line to 'None'
[0.304s] Level 5:colcon.colcon_core.verb:set package 'lbot_demo' build argument 'catkin_cmake_args' from command line to 'None'
[0.304s] Level 5:colcon.colcon_core.verb:set package 'lbot_demo' build argument 'catkin_skip_building_tests' from command line to 'False'
[0.305s] DEBUG:colcon.colcon_core.verb:Building package 'lbot_demo' with the following arguments: {'ament_cmake_args': None, 'build_base': '/home/ilex/Dev/VIST/src/robot/sdk/arm_teleop/build/lbot_demo', 'catkin_cmake_args': None, 'catkin_skip_building_tests': False, 'cmake_args': None, 'cmake_clean_cache': False, 'cmake_clean_first': False, 'cmake_force_configure': False, 'cmake_target': None, 'cmake_target_skip_unavailable': False, 'install_base': '/home/ilex/Dev/VIST/src/robot/sdk/arm_teleop/install/lbot_demo', 'merge_install': False, 'path': '/home/ilex/Dev/VIST/src/robot/sdk/arm_teleop/src/lbot_demo', 'symlink_install': True, 'test_result_base': None}
[0.305s] Level 5:colcon.colcon_core.verb:set package 'lbot_driver' build argument 'cmake_args' from command line to 'None'
[0.305s] Level 5:colcon.colcon_core.verb:set package 'lbot_driver' build argument 'cmake_target' from command line to 'None'
[0.305s] Level 5:colcon.colcon_core.verb:set package 'lbot_driver' build argument 'cmake_target_skip_unavailable' from command line to 'False'
[0.305s] Level 5:colcon.colcon_core.verb:set package 'lbot_driver' build argument 'cmake_clean_cache' from command line to 'False'
[0.305s] Level 5:colcon.colcon_core.verb:set package 'lbot_driver' build argument 'cmake_clean_first' from command line to 'False'
[0.305s] Level 5:colcon.colcon_core.verb:set package 'lbot_driver' build argument 'cmake_force_configure' from command line to 'False'
[0.305s] Level 5:colcon.colcon_core.verb:set package 'lbot_driver' build argument 'ament_cmake_args' from command line to 'None'
[0.305s] Level 5:colcon.colcon_core.verb:set package 'lbot_driver' build argument 'catkin_cmake_args' from command line to 'None'
[0.305s] Level 5:colcon.colcon_core.verb:set package 'lbot_driver' build argument 'catkin_skip_building_tests' from command line to 'False'
[0.305s] DEBUG:colcon.colcon_core.verb:Building package 'lbot_driver' with the following arguments: {'ament_cmake_args': None, 'build_base': '/home/ilex/Dev/VIST/src/robot/sdk/arm_teleop/build/lbot_driver', 'catkin_cmake_args': None, 'catkin_skip_building_tests': False, 'cmake_args': None, 'cmake_clean_cache': False, 'cmake_clean_first': False, 'cmake_force_configure': False, 'cmake_target': None, 'cmake_target_skip_unavailable': False, 'install_base': '/home/ilex/Dev/VIST/src/robot/sdk/arm_teleop/install/lbot_driver', 'merge_install': False, 'path': '/home/ilex/Dev/VIST/src/robot/sdk/arm_teleop/src/lbot_driver', 'symlink_install': True, 'test_result_base': None}
[0.305s] Level 5:colcon.colcon_core.verb:set package 'lbot_teleop' build argument 'cmake_args' from command line to 'None'
[0.305s] Level 5:colcon.colcon_core.verb:set package 'lbot_teleop' build argument 'cmake_target' from command line to 'None'
[0.305s] Level 5:colcon.colcon_core.verb:set package 'lbot_teleop' build argument 'cmake_target_skip_unavailable' from command line to 'False'
[0.305s] Level 5:colcon.colcon_core.verb:set package 'lbot_teleop' build argument 'cmake_clean_cache' from command line to 'False'
[0.305s] Level 5:colcon.colcon_core.verb:set package 'lbot_teleop' build argument 'cmake_clean_first' from command line to 'False'
[0.305s] Level 5:colcon.colcon_core.verb:set package 'lbot_teleop' build argument 'cmake_force_configure' from command line to 'False'
[0.305s] Level 5:colcon.colcon_core.verb:set package 'lbot_teleop' build argument 'ament_cmake_args' from command line to 'None'
[0.305s] Level 5:colcon.colcon_core.verb:set package 'lbot_teleop' build argument 'catkin_cmake_args' from command line to 'None'
[0.305s] Level 5:colcon.colcon_core.verb:set package 'lbot_teleop' build argument 'catkin_skip_building_tests' from command line to 'False'
[0.305s] DEBUG:colcon.colcon_core.verb:Building package 'lbot_teleop' with the following arguments: {'ament_cmake_args': None, 'build_base': '/home/ilex/Dev/VIST/src/robot/sdk/arm_teleop/build/lbot_teleop', 'catkin_cmake_args': None, 'catkin_skip_building_tests': False, 'cmake_args': None, 'cmake_clean_cache': False, 'cmake_clean_first': False, 'cmake_force_configure': False, 'cmake_target': None, 'cmake_target_skip_unavailable': False, 'install_base': '/home/ilex/Dev/VIST/src/robot/sdk/arm_teleop/install/lbot_teleop', 'merge_install': False, 'path': '/home/ilex/Dev/VIST/src/robot/sdk/arm_teleop/src/lbot_teleop', 'symlink_install': True, 'test_result_base': None}
[0.306s] INFO:colcon.colcon_core.executor:Executing jobs using 'parallel' executor
[0.307s] DEBUG:colcon.colcon_parallel_executor.executor.parallel:run_until_complete
[0.307s] INFO:colcon.colcon_ros.task.ament_cmake.build:Building ROS package in '/home/ilex/Dev/VIST/src/robot/sdk/arm_teleop/src/lbot_arm_interfaces' with build type 'ament_cmake'
[0.307s] INFO:colcon.colcon_cmake.task.cmake.build:Building CMake package in '/home/ilex/Dev/VIST/src/robot/sdk/arm_teleop/src/lbot_arm_interfaces'
[0.308s] INFO:colcon.colcon_core.plugin_system:Skipping extension 'colcon_core.shell.bat': Not used on non-Windows systems
[0.309s] INFO:colcon.colcon_core.shell:Skip shell extension 'powershell' for command environment: Not usable outside of PowerShell
[0.309s] DEBUG:colcon.colcon_core.shell:Skip shell extension 'dsv' for command environment
[0.311s] INFO:colcon.colcon_ros.task.ament_cmake.build:Building ROS package in '/home/ilex/Dev/VIST/src/robot/sdk/arm_teleop/src/linkerta' with build type 'ament_cmake'
[0.311s] INFO:colcon.colcon_cmake.task.cmake.build:Building CMake package in '/home/ilex/Dev/VIST/src/robot/sdk/arm_teleop/src/linkerta'
[0.312s] INFO:colcon.colcon_core.shell:Skip shell extension 'powershell' for command environment: Not usable outside of PowerShell
[0.312s] DEBUG:colcon.colcon_core.shell:Skip shell extension 'dsv' for command environment
[0.317s] DEBUG:colcon.colcon_core.event_handler.log_command:Invoking command in '/home/ilex/Dev/VIST/src/robot/sdk/arm_teleop/build/lbot_arm_interfaces': CMAKE_PREFIX_PATH=/opt/ros/humble CONDA_PROMPT_MODIFIER=(robot_env) /usr/bin/cmake --build /home/ilex/Dev/VIST/src/robot/sdk/arm_teleop/build/lbot_arm_interfaces -- -j16 -l16
[0.326s] DEBUG:colcon.colcon_core.event_handler.log_command:Invoking command in '/home/ilex/Dev/VIST/src/robot/sdk/arm_teleop/build/linkerta': CMAKE_PREFIX_PATH=/opt/ros/humble CONDA_PROMPT_MODIFIER=(robot_env) /usr/bin/cmake --build /home/ilex/Dev/VIST/src/robot/sdk/arm_teleop/build/linkerta -- -j16 -l16
[0.435s] DEBUG:colcon.colcon_core.event_handler.log_command:Invoked command in '/home/ilex/Dev/VIST/src/robot/sdk/arm_teleop/build/linkerta' returned '0': CMAKE_PREFIX_PATH=/opt/ros/humble CONDA_PROMPT_MODIFIER=(robot_env) /usr/bin/cmake --build /home/ilex/Dev/VIST/src/robot/sdk/arm_teleop/build/linkerta -- -j16 -l16
[0.461s] DEBUG:colcon.colcon_core.event_handler.log_command:Invoking command in '/home/ilex/Dev/VIST/src/robot/sdk/arm_teleop/build/linkerta': CMAKE_PREFIX_PATH=/opt/ros/humble CONDA_PROMPT_MODIFIER=(robot_env) /usr/bin/cmake --install /home/ilex/Dev/VIST/src/robot/sdk/arm_teleop/build/linkerta
[0.495s] Level 1:colcon.colcon_core.environment:create_environment_scripts_only(linkerta)
[0.496s] DEBUG:colcon.colcon_core.event_handler.log_command:Invoked command in '/home/ilex/Dev/VIST/src/robot/sdk/arm_teleop/build/linkerta' returned '0': CMAKE_PREFIX_PATH=/opt/ros/humble CONDA_PROMPT_MODIFIER=(robot_env) /usr/bin/cmake --install /home/ilex/Dev/VIST/src/robot/sdk/arm_teleop/build/linkerta
[0.500s] Level 1:colcon.colcon_core.environment:checking '/home/ilex/Dev/VIST/src/robot/sdk/arm_teleop/install/linkerta' for CMake module files
[0.500s] Level 1:colcon.colcon_core.environment:checking '/home/ilex/Dev/VIST/src/robot/sdk/arm_teleop/install/linkerta' for CMake config files
[0.500s] Level 1:colcon.colcon_core.shell:create_environment_hook('linkerta', 'cmake_prefix_path')
[0.501s] INFO:colcon.colcon_core.shell:Creating environment hook '/home/ilex/Dev/VIST/src/robot/sdk/arm_teleop/install/linkerta/share/linkerta/hook/cmake_prefix_path.ps1'
[0.502s] INFO:colcon.colcon_core.shell:Creating environment descriptor '/home/ilex/Dev/VIST/src/robot/sdk/arm_teleop/install/linkerta/share/linkerta/hook/cmake_prefix_path.dsv'
[0.503s] INFO:colcon.colcon_core.shell:Creating environment hook '/home/ilex/Dev/VIST/src/robot/sdk/arm_teleop/install/linkerta/share/linkerta/hook/cmake_prefix_path.sh'
[0.504s] Level 1:colcon.colcon_core.environment:checking '/home/ilex/Dev/VIST/src/robot/sdk/arm_teleop/install/linkerta/lib'
[0.505s] Level 1:colcon.colcon_core.environment:checking '/home/ilex/Dev/VIST/src/robot/sdk/arm_teleop/install/linkerta/bin'
[0.505s] Level 1:colcon.colcon_core.environment:checking '/home/ilex/Dev/VIST/src/robot/sdk/arm_teleop/install/linkerta/lib/pkgconfig/linkerta.pc'
[0.505s] Level 1:colcon.colcon_core.environment:checking '/home/ilex/Dev/VIST/src/robot/sdk/arm_teleop/install/linkerta/lib/python3.10/site-packages'
[0.505s] Level 1:colcon.colcon_core.environment:checking '/home/ilex/Dev/VIST/src/robot/sdk/arm_teleop/install/linkerta/bin'
[0.506s] INFO:colcon.colcon_core.shell:Creating package script '/home/ilex/Dev/VIST/src/robot/sdk/arm_teleop/install/linkerta/share/linkerta/package.ps1'
[0.509s] INFO:colcon.colcon_core.shell:Creating package descriptor '/home/ilex/Dev/VIST/src/robot/sdk/arm_teleop/install/linkerta/share/linkerta/package.dsv'
[0.510s] INFO:colcon.colcon_core.shell:Creating package script '/home/ilex/Dev/VIST/src/robot/sdk/arm_teleop/install/linkerta/share/linkerta/package.sh'
[0.511s] INFO:colcon.colcon_core.shell:Creating package script '/home/ilex/Dev/VIST/src/robot/sdk/arm_teleop/install/linkerta/share/linkerta/package.bash'
[0.511s] INFO:colcon.colcon_core.shell:Creating package script '/home/ilex/Dev/VIST/src/robot/sdk/arm_teleop/install/linkerta/share/linkerta/package.zsh'
[0.512s] Level 1:colcon.colcon_core.environment:create_file_with_runtime_dependencies(/home/ilex/Dev/VIST/src/robot/sdk/arm_teleop/install/linkerta/share/colcon-core/packages/linkerta)
[0.513s] Level 1:colcon.colcon_core.environment:create_environment_scripts_only(linkerta)
[0.513s] Level 1:colcon.colcon_core.environment:checking '/home/ilex/Dev/VIST/src/robot/sdk/arm_teleop/install/linkerta' for CMake module files
[0.513s] Level 1:colcon.colcon_core.environment:checking '/home/ilex/Dev/VIST/src/robot/sdk/arm_teleop/install/linkerta' for CMake config files
[0.514s] Level 1:colcon.colcon_core.shell:create_environment_hook('linkerta', 'cmake_prefix_path')
[0.514s] INFO:colcon.colcon_core.shell:Creating environment hook '/home/ilex/Dev/VIST/src/robot/sdk/arm_teleop/install/linkerta/share/linkerta/hook/cmake_prefix_path.ps1'
[0.514s] INFO:colcon.colcon_core.shell:Creating environment descriptor '/home/ilex/Dev/VIST/src/robot/sdk/arm_teleop/install/linkerta/share/linkerta/hook/cmake_prefix_path.dsv'
[0.515s] INFO:colcon.colcon_core.shell:Creating environment hook '/home/ilex/Dev/VIST/src/robot/sdk/arm_teleop/install/linkerta/share/linkerta/hook/cmake_prefix_path.sh'
[0.516s] Level 1:colcon.colcon_core.environment:checking '/home/ilex/Dev/VIST/src/robot/sdk/arm_teleop/install/linkerta/lib'
[0.516s] Level 1:colcon.colcon_core.environment:checking '/home/ilex/Dev/VIST/src/robot/sdk/arm_teleop/install/linkerta/bin'
[0.516s] Level 1:colcon.colcon_core.environment:checking '/home/ilex/Dev/VIST/src/robot/sdk/arm_teleop/install/linkerta/lib/pkgconfig/linkerta.pc'
[0.516s] Level 1:colcon.colcon_core.environment:checking '/home/ilex/Dev/VIST/src/robot/sdk/arm_teleop/install/linkerta/lib/python3.10/site-packages'
[0.516s] Level 1:colcon.colcon_core.environment:checking '/home/ilex/Dev/VIST/src/robot/sdk/arm_teleop/install/linkerta/bin'
[0.517s] INFO:colcon.colcon_core.shell:Creating package script '/home/ilex/Dev/VIST/src/robot/sdk/arm_teleop/install/linkerta/share/linkerta/package.ps1'
[0.517s] INFO:colcon.colcon_core.shell:Creating package descriptor '/home/ilex/Dev/VIST/src/robot/sdk/arm_teleop/install/linkerta/share/linkerta/package.dsv'
[0.518s] INFO:colcon.colcon_core.shell:Creating package script '/home/ilex/Dev/VIST/src/robot/sdk/arm_teleop/install/linkerta/share/linkerta/package.sh'
[0.518s] INFO:colcon.colcon_core.shell:Creating package script '/home/ilex/Dev/VIST/src/robot/sdk/arm_teleop/install/linkerta/share/linkerta/package.bash'
[0.519s] INFO:colcon.colcon_core.shell:Creating package script '/home/ilex/Dev/VIST/src/robot/sdk/arm_teleop/install/linkerta/share/linkerta/package.zsh'
[0.519s] Level 1:colcon.colcon_core.environment:create_file_with_runtime_dependencies(/home/ilex/Dev/VIST/src/robot/sdk/arm_teleop/install/linkerta/share/colcon-core/packages/linkerta)
[0.812s] DEBUG:colcon.colcon_core.event_handler.log_command:Invoked command in '/home/ilex/Dev/VIST/src/robot/sdk/arm_teleop/build/lbot_arm_interfaces' returned '0': CMAKE_PREFIX_PATH=/opt/ros/humble CONDA_PROMPT_MODIFIER=(robot_env) /usr/bin/cmake --build /home/ilex/Dev/VIST/src/robot/sdk/arm_teleop/build/lbot_arm_interfaces -- -j16 -l16
[0.813s] DEBUG:colcon.colcon_core.event_handler.log_command:Invoking command in '/home/ilex/Dev/VIST/src/robot/sdk/arm_teleop/build/lbot_arm_interfaces': CMAKE_PREFIX_PATH=/opt/ros/humble CONDA_PROMPT_MODIFIER=(robot_env) /usr/bin/cmake --install /home/ilex/Dev/VIST/src/robot/sdk/arm_teleop/build/lbot_arm_interfaces
[0.904s] Level 1:colcon.colcon_core.environment:create_environment_scripts_only(lbot_arm_interfaces)
[0.904s] Level 1:colcon.colcon_core.environment:checking '/home/ilex/Dev/VIST/src/robot/sdk/arm_teleop/install/lbot_arm_interfaces' for CMake module files
[0.905s] DEBUG:colcon.colcon_core.event_handler.log_command:Invoked command in '/home/ilex/Dev/VIST/src/robot/sdk/arm_teleop/build/lbot_arm_interfaces' returned '0': CMAKE_PREFIX_PATH=/opt/ros/humble CONDA_PROMPT_MODIFIER=(robot_env) /usr/bin/cmake --install /home/ilex/Dev/VIST/src/robot/sdk/arm_teleop/build/lbot_arm_interfaces
[0.905s] Level 1:colcon.colcon_core.environment:checking '/home/ilex/Dev/VIST/src/robot/sdk/arm_teleop/install/lbot_arm_interfaces' for CMake config files
[0.907s] Level 1:colcon.colcon_core.shell:create_environment_hook('lbot_arm_interfaces', 'cmake_prefix_path')
[0.907s] INFO:colcon.colcon_core.shell:Creating environment hook '/home/ilex/Dev/VIST/src/robot/sdk/arm_teleop/install/lbot_arm_interfaces/share/lbot_arm_interfaces/hook/cmake_prefix_path.ps1'
[0.908s] INFO:colcon.colcon_core.shell:Creating environment descriptor '/home/ilex/Dev/VIST/src/robot/sdk/arm_teleop/install/lbot_arm_interfaces/share/lbot_arm_interfaces/hook/cmake_prefix_path.dsv'
[0.908s] INFO:colcon.colcon_core.shell:Creating environment hook '/home/ilex/Dev/VIST/src/robot/sdk/arm_teleop/install/lbot_arm_interfaces/share/lbot_arm_interfaces/hook/cmake_prefix_path.sh'
[0.908s] Level 1:colcon.colcon_core.environment:checking '/home/ilex/Dev/VIST/src/robot/sdk/arm_teleop/install/lbot_arm_interfaces/lib'
[0.908s] Level 1:colcon.colcon_core.shell:create_environment_hook('lbot_arm_interfaces', 'ld_library_path_lib')
[0.908s] INFO:colcon.colcon_core.shell:Creating environment hook '/home/ilex/Dev/VIST/src/robot/sdk/arm_teleop/install/lbot_arm_interfaces/share/lbot_arm_interfaces/hook/ld_library_path_lib.ps1'
[0.909s] INFO:colcon.colcon_core.shell:Creating environment descriptor '/home/ilex/Dev/VIST/src/robot/sdk/arm_teleop/install/lbot_arm_interfaces/share/lbot_arm_interfaces/hook/ld_library_path_lib.dsv'
[0.909s] INFO:colcon.colcon_core.shell:Creating environment hook '/home/ilex/Dev/VIST/src/robot/sdk/arm_teleop/install/lbot_arm_interfaces/share/lbot_arm_interfaces/hook/ld_library_path_lib.sh'
[0.909s] Level 1:colcon.colcon_core.environment:checking '/home/ilex/Dev/VIST/src/robot/sdk/arm_teleop/install/lbot_arm_interfaces/bin'
[0.909s] Level 1:colcon.colcon_core.environment:checking '/home/ilex/Dev/VIST/src/robot/sdk/arm_teleop/install/lbot_arm_interfaces/lib/pkgconfig/lbot_arm_interfaces.pc'
[0.909s] Level 1:colcon.colcon_core.environment:checking '/home/ilex/Dev/VIST/src/robot/sdk/arm_teleop/install/lbot_arm_interfaces/lib/python3.10/site-packages'
[0.909s] Level 1:colcon.colcon_core.shell:create_environment_hook('lbot_arm_interfaces', 'pythonpath')
[0.910s] INFO:colcon.colcon_core.shell:Creating environment hook '/home/ilex/Dev/VIST/src/robot/sdk/arm_teleop/install/lbot_arm_interfaces/share/lbot_arm_interfaces/hook/pythonpath.ps1'
[0.910s] INFO:colcon.colcon_core.shell:Creating environment descriptor '/home/ilex/Dev/VIST/src/robot/sdk/arm_teleop/install/lbot_arm_interfaces/share/lbot_arm_interfaces/hook/pythonpath.dsv'
[0.910s] INFO:colcon.colcon_core.shell:Creating environment hook '/home/ilex/Dev/VIST/src/robot/sdk/arm_teleop/install/lbot_arm_interfaces/share/lbot_arm_interfaces/hook/pythonpath.sh'
[0.910s] Level 1:colcon.colcon_core.environment:checking '/home/ilex/Dev/VIST/src/robot/sdk/arm_teleop/install/lbot_arm_interfaces/bin'
[0.911s] INFO:colcon.colcon_core.shell:Creating package script '/home/ilex/Dev/VIST/src/robot/sdk/arm_teleop/install/lbot_arm_interfaces/share/lbot_arm_interfaces/package.ps1'
[0.911s] INFO:colcon.colcon_core.shell:Creating package descriptor '/home/ilex/Dev/VIST/src/robot/sdk/arm_teleop/install/lbot_arm_interfaces/share/lbot_arm_interfaces/package.dsv'
[0.911s] INFO:colcon.colcon_core.shell:Creating package script '/home/ilex/Dev/VIST/src/robot/sdk/arm_teleop/install/lbot_arm_interfaces/share/lbot_arm_interfaces/package.sh'
[0.912s] INFO:colcon.colcon_core.shell:Creating package script '/home/ilex/Dev/VIST/src/robot/sdk/arm_teleop/install/lbot_arm_interfaces/share/lbot_arm_interfaces/package.bash'
[0.912s] INFO:colcon.colcon_core.shell:Creating package script '/home/ilex/Dev/VIST/src/robot/sdk/arm_teleop/install/lbot_arm_interfaces/share/lbot_arm_interfaces/package.zsh'
[0.912s] Level 1:colcon.colcon_core.environment:create_file_with_runtime_dependencies(/home/ilex/Dev/VIST/src/robot/sdk/arm_teleop/install/lbot_arm_interfaces/share/colcon-core/packages/lbot_arm_interfaces)
[0.913s] Level 1:colcon.colcon_core.environment:create_environment_scripts_only(lbot_arm_interfaces)
[0.913s] Level 1:colcon.colcon_core.environment:checking '/home/ilex/Dev/VIST/src/robot/sdk/arm_teleop/install/lbot_arm_interfaces' for CMake module files
[0.913s] Level 1:colcon.colcon_core.environment:checking '/home/ilex/Dev/VIST/src/robot/sdk/arm_teleop/install/lbot_arm_interfaces' for CMake config files
[0.915s] Level 1:colcon.colcon_core.shell:create_environment_hook('lbot_arm_interfaces', 'cmake_prefix_path')
[0.915s] INFO:colcon.colcon_core.shell:Creating environment hook '/home/ilex/Dev/VIST/src/robot/sdk/arm_teleop/install/lbot_arm_interfaces/share/lbot_arm_interfaces/hook/cmake_prefix_path.ps1'
[0.915s] INFO:colcon.colcon_core.shell:Creating environment descriptor '/home/ilex/Dev/VIST/src/robot/sdk/arm_teleop/install/lbot_arm_interfaces/share/lbot_arm_interfaces/hook/cmake_prefix_path.dsv'
[0.916s] INFO:colcon.colcon_core.shell:Creating environment hook '/home/ilex/Dev/VIST/src/robot/sdk/arm_teleop/install/lbot_arm_interfaces/share/lbot_arm_interfaces/hook/cmake_prefix_path.sh'
[0.916s] Level 1:colcon.colcon_core.environment:checking '/home/ilex/Dev/VIST/src/robot/sdk/arm_teleop/install/lbot_arm_interfaces/lib'
[0.916s] Level 1:colcon.colcon_core.shell:create_environment_hook('lbot_arm_interfaces', 'ld_library_path_lib')
[0.916s] INFO:colcon.colcon_core.shell:Creating environment hook '/home/ilex/Dev/VIST/src/robot/sdk/arm_teleop/install/lbot_arm_interfaces/share/lbot_arm_interfaces/hook/ld_library_path_lib.ps1'
[0.916s] INFO:colcon.colcon_core.shell:Creating environment descriptor '/home/ilex/Dev/VIST/src/robot/sdk/arm_teleop/install/lbot_arm_interfaces/share/lbot_arm_interfaces/hook/ld_library_path_lib.dsv'
[0.917s] INFO:colcon.colcon_core.shell:Creating environment hook '/home/ilex/Dev/VIST/src/robot/sdk/arm_teleop/install/lbot_arm_interfaces/share/lbot_arm_interfaces/hook/ld_library_path_lib.sh'
[0.917s] Level 1:colcon.colcon_core.environment:checking '/home/ilex/Dev/VIST/src/robot/sdk/arm_teleop/install/lbot_arm_interfaces/bin'
[0.917s] Level 1:colcon.colcon_core.environment:checking '/home/ilex/Dev/VIST/src/robot/sdk/arm_teleop/install/lbot_arm_interfaces/lib/pkgconfig/lbot_arm_interfaces.pc'
[0.917s] Level 1:colcon.colcon_core.environment:checking '/home/ilex/Dev/VIST/src/robot/sdk/arm_teleop/install/lbot_arm_interfaces/lib/python3.10/site-packages'
[0.917s] Level 1:colcon.colcon_core.shell:create_environment_hook('lbot_arm_interfaces', 'pythonpath')
[0.917s] INFO:colcon.colcon_core.shell:Creating environment hook '/home/ilex/Dev/VIST/src/robot/sdk/arm_teleop/install/lbot_arm_interfaces/share/lbot_arm_interfaces/hook/pythonpath.ps1'
[0.918s] INFO:colcon.colcon_core.shell:Creating environment descriptor '/home/ilex/Dev/VIST/src/robot/sdk/arm_teleop/install/lbot_arm_interfaces/share/lbot_arm_interfaces/hook/pythonpath.dsv'
[0.919s] INFO:colcon.colcon_core.shell:Creating environment hook '/home/ilex/Dev/VIST/src/robot/sdk/arm_teleop/install/lbot_arm_interfaces/share/lbot_arm_interfaces/hook/pythonpath.sh'
[0.919s] Level 1:colcon.colcon_core.environment:checking '/home/ilex/Dev/VIST/src/robot/sdk/arm_teleop/install/lbot_arm_interfaces/bin'
[0.920s] INFO:colcon.colcon_core.shell:Creating package script '/home/ilex/Dev/VIST/src/robot/sdk/arm_teleop/install/lbot_arm_interfaces/share/lbot_arm_interfaces/package.ps1'
[0.921s] INFO:colcon.colcon_core.shell:Creating package descriptor '/home/ilex/Dev/VIST/src/robot/sdk/arm_teleop/install/lbot_arm_interfaces/share/lbot_arm_interfaces/package.dsv'
[0.921s] INFO:colcon.colcon_core.shell:Creating package script '/home/ilex/Dev/VIST/src/robot/sdk/arm_teleop/install/lbot_arm_interfaces/share/lbot_arm_interfaces/package.sh'
[0.922s] INFO:colcon.colcon_core.shell:Creating package script '/home/ilex/Dev/VIST/src/robot/sdk/arm_teleop/install/lbot_arm_interfaces/share/lbot_arm_interfaces/package.bash'
[0.922s] INFO:colcon.colcon_core.shell:Creating package script '/home/ilex/Dev/VIST/src/robot/sdk/arm_teleop/install/lbot_arm_interfaces/share/lbot_arm_interfaces/package.zsh'
[0.922s] Level 1:colcon.colcon_core.environment:create_file_with_runtime_dependencies(/home/ilex/Dev/VIST/src/robot/sdk/arm_teleop/install/lbot_arm_interfaces/share/colcon-core/packages/lbot_arm_interfaces)
[0.923s] INFO:colcon.colcon_ros.task.ament_cmake.build:Building ROS package in '/home/ilex/Dev/VIST/src/robot/sdk/arm_teleop/src/lbot_demo' with build type 'ament_cmake'
[0.923s] INFO:colcon.colcon_cmake.task.cmake.build:Building CMake package in '/home/ilex/Dev/VIST/src/robot/sdk/arm_teleop/src/lbot_demo'
[0.923s] INFO:colcon.colcon_core.shell:Skip shell extension 'powershell' for command environment: Not usable outside of PowerShell
[0.923s] DEBUG:colcon.colcon_core.shell:Skip shell extension 'dsv' for command environment
[0.927s] INFO:colcon.colcon_ros.task.ament_cmake.build:Building ROS package in '/home/ilex/Dev/VIST/src/robot/sdk/arm_teleop/src/lbot_driver' with build type 'ament_cmake'
[0.928s] INFO:colcon.colcon_cmake.task.cmake.build:Building CMake package in '/home/ilex/Dev/VIST/src/robot/sdk/arm_teleop/src/lbot_driver'
[0.928s] INFO:colcon.colcon_core.shell:Skip shell extension 'powershell' for command environment: Not usable outside of PowerShell
[0.929s] DEBUG:colcon.colcon_core.shell:Skip shell extension 'dsv' for command environment
[0.933s] INFO:colcon.colcon_ros.task.ament_cmake.build:Building ROS package in '/home/ilex/Dev/VIST/src/robot/sdk/arm_teleop/src/lbot_teleop' with build type 'ament_cmake'
[0.933s] INFO:colcon.colcon_cmake.task.cmake.build:Building CMake package in '/home/ilex/Dev/VIST/src/robot/sdk/arm_teleop/src/lbot_teleop'
[0.933s] INFO:colcon.colcon_core.shell:Skip shell extension 'powershell' for command environment: Not usable outside of PowerShell
[0.933s] DEBUG:colcon.colcon_core.shell:Skip shell extension 'dsv' for command environment
[0.944s] DEBUG:colcon.colcon_core.event_handler.log_command:Invoking command in '/home/ilex/Dev/VIST/src/robot/sdk/arm_teleop/build/lbot_demo': AMENT_PREFIX_PATH=/home/ilex/Dev/VIST/src/robot/sdk/arm_teleop/install/lbot_arm_interfaces:${AMENT_PREFIX_PATH} CMAKE_PREFIX_PATH=/home/ilex/Dev/VIST/src/robot/sdk/arm_teleop/install/lbot_arm_interfaces:/opt/ros/humble CONDA_PROMPT_MODIFIER=(robot_env) LD_LIBRARY_PATH=/home/ilex/Dev/VIST/src/robot/sdk/arm_teleop/install/lbot_arm_interfaces/lib:${LD_LIBRARY_PATH} PYTHONPATH=/home/ilex/Dev/VIST/src/robot/sdk/arm_teleop/install/lbot_arm_interfaces/lib/python3.10/site-packages:${PYTHONPATH} /usr/bin/cmake --build /home/ilex/Dev/VIST/src/robot/sdk/arm_teleop/build/lbot_demo -- -j16 -l16
[0.949s] DEBUG:colcon.colcon_core.event_handler.log_command:Invoking command in '/home/ilex/Dev/VIST/src/robot/sdk/arm_teleop/build/lbot_driver': AMENT_PREFIX_PATH=/home/ilex/Dev/VIST/src/robot/sdk/arm_teleop/install/lbot_arm_interfaces:${AMENT_PREFIX_PATH} CMAKE_PREFIX_PATH=/home/ilex/Dev/VIST/src/robot/sdk/arm_teleop/install/lbot_arm_interfaces:/opt/ros/humble CONDA_PROMPT_MODIFIER=(robot_env) LD_LIBRARY_PATH=/home/ilex/Dev/VIST/src/robot/sdk/arm_teleop/install/lbot_arm_interfaces/lib:${LD_LIBRARY_PATH} PYTHONPATH=/home/ilex/Dev/VIST/src/robot/sdk/arm_teleop/install/lbot_arm_interfaces/lib/python3.10/site-packages:${PYTHONPATH} /usr/bin/cmake --build /home/ilex/Dev/VIST/src/robot/sdk/arm_teleop/build/lbot_driver -- -j16 -l16
[0.956s] DEBUG:colcon.colcon_core.event_handler.log_command:Invoking command in '/home/ilex/Dev/VIST/src/robot/sdk/arm_teleop/build/lbot_teleop': AMENT_PREFIX_PATH=/home/ilex/Dev/VIST/src/robot/sdk/arm_teleop/install/lbot_arm_interfaces:${AMENT_PREFIX_PATH} CMAKE_PREFIX_PATH=/home/ilex/Dev/VIST/src/robot/sdk/arm_teleop/install/lbot_arm_interfaces:/opt/ros/humble CONDA_PROMPT_MODIFIER=(robot_env) LD_LIBRARY_PATH=/home/ilex/Dev/VIST/src/robot/sdk/arm_teleop/install/lbot_arm_interfaces/lib:${LD_LIBRARY_PATH} PYTHONPATH=/home/ilex/Dev/VIST/src/robot/sdk/arm_teleop/install/lbot_arm_interfaces/lib/python3.10/site-packages:${PYTHONPATH} /usr/bin/cmake --build /home/ilex/Dev/VIST/src/robot/sdk/arm_teleop/build/lbot_teleop -- -j16 -l16
[1.061s] DEBUG:colcon.colcon_core.event_handler.log_command:Invoked command in '/home/ilex/Dev/VIST/src/robot/sdk/arm_teleop/build/lbot_demo' returned '0': AMENT_PREFIX_PATH=/home/ilex/Dev/VIST/src/robot/sdk/arm_teleop/install/lbot_arm_interfaces:${AMENT_PREFIX_PATH} CMAKE_PREFIX_PATH=/home/ilex/Dev/VIST/src/robot/sdk/arm_teleop/install/lbot_arm_interfaces:/opt/ros/humble CONDA_PROMPT_MODIFIER=(robot_env) LD_LIBRARY_PATH=/home/ilex/Dev/VIST/src/robot/sdk/arm_teleop/install/lbot_arm_interfaces/lib:${LD_LIBRARY_PATH} PYTHONPATH=/home/ilex/Dev/VIST/src/robot/sdk/arm_teleop/install/lbot_arm_interfaces/lib/python3.10/site-packages:${PYTHONPATH} /usr/bin/cmake --build /home/ilex/Dev/VIST/src/robot/sdk/arm_teleop/build/lbot_demo -- -j16 -l16
[1.064s] DEBUG:colcon.colcon_core.event_handler.log_command:Invoking command in '/home/ilex/Dev/VIST/src/robot/sdk/arm_teleop/build/lbot_demo': AMENT_PREFIX_PATH=/home/ilex/Dev/VIST/src/robot/sdk/arm_teleop/install/lbot_arm_interfaces:${AMENT_PREFIX_PATH} CMAKE_PREFIX_PATH=/home/ilex/Dev/VIST/src/robot/sdk/arm_teleop/install/lbot_arm_interfaces:/opt/ros/humble CONDA_PROMPT_MODIFIER=(robot_env) LD_LIBRARY_PATH=/home/ilex/Dev/VIST/src/robot/sdk/arm_teleop/install/lbot_arm_interfaces/lib:${LD_LIBRARY_PATH} PYTHONPATH=/home/ilex/Dev/VIST/src/robot/sdk/arm_teleop/install/lbot_arm_interfaces/lib/python3.10/site-packages:${PYTHONPATH} /usr/bin/cmake --install /home/ilex/Dev/VIST/src/robot/sdk/arm_teleop/build/lbot_demo
[1.066s] DEBUG:colcon.colcon_core.event_handler.log_command:Invoked command in '/home/ilex/Dev/VIST/src/robot/sdk/arm_teleop/build/lbot_teleop' returned '0': AMENT_PREFIX_PATH=/home/ilex/Dev/VIST/src/robot/sdk/arm_teleop/install/lbot_arm_interfaces:${AMENT_PREFIX_PATH} CMAKE_PREFIX_PATH=/home/ilex/Dev/VIST/src/robot/sdk/arm_teleop/install/lbot_arm_interfaces:/opt/ros/humble CONDA_PROMPT_MODIFIER=(robot_env) LD_LIBRARY_PATH=/home/ilex/Dev/VIST/src/robot/sdk/arm_teleop/install/lbot_arm_interfaces/lib:${LD_LIBRARY_PATH} PYTHONPATH=/home/ilex/Dev/VIST/src/robot/sdk/arm_teleop/install/lbot_arm_interfaces/lib/python3.10/site-packages:${PYTHONPATH} /usr/bin/cmake --build /home/ilex/Dev/VIST/src/robot/sdk/arm_teleop/build/lbot_teleop -- -j16 -l16
[1.067s] DEBUG:colcon.colcon_core.event_handler.log_command:Invoking command in '/home/ilex/Dev/VIST/src/robot/sdk/arm_teleop/build/lbot_teleop': AMENT_PREFIX_PATH=/home/ilex/Dev/VIST/src/robot/sdk/arm_teleop/install/lbot_arm_interfaces:${AMENT_PREFIX_PATH} CMAKE_PREFIX_PATH=/home/ilex/Dev/VIST/src/robot/sdk/arm_teleop/install/lbot_arm_interfaces:/opt/ros/humble CONDA_PROMPT_MODIFIER=(robot_env) LD_LIBRARY_PATH=/home/ilex/Dev/VIST/src/robot/sdk/arm_teleop/install/lbot_arm_interfaces/lib:${LD_LIBRARY_PATH} PYTHONPATH=/home/ilex/Dev/VIST/src/robot/sdk/arm_teleop/install/lbot_arm_interfaces/lib/python3.10/site-packages:${PYTHONPATH} /usr/bin/cmake --install /home/ilex/Dev/VIST/src/robot/sdk/arm_teleop/build/lbot_teleop
[1.261s] Level 1:colcon.colcon_core.environment:create_environment_scripts_only(lbot_teleop)
[1.261s] Level 1:colcon.colcon_core.environment:checking '/home/ilex/Dev/VIST/src/robot/sdk/arm_teleop/install/lbot_teleop' for CMake module files
[1.262s] DEBUG:colcon.colcon_core.event_handler.log_command:Invoked command in '/home/ilex/Dev/VIST/src/robot/sdk/arm_teleop/build/lbot_teleop' returned '0': AMENT_PREFIX_PATH=/home/ilex/Dev/VIST/src/robot/sdk/arm_teleop/install/lbot_arm_interfaces:${AMENT_PREFIX_PATH} CMAKE_PREFIX_PATH=/home/ilex/Dev/VIST/src/robot/sdk/arm_teleop/install/lbot_arm_interfaces:/opt/ros/humble CONDA_PROMPT_MODIFIER=(robot_env) LD_LIBRARY_PATH=/home/ilex/Dev/VIST/src/robot/sdk/arm_teleop/install/lbot_arm_interfaces/lib:${LD_LIBRARY_PATH} PYTHONPATH=/home/ilex/Dev/VIST/src/robot/sdk/arm_teleop/install/lbot_arm_interfaces/lib/python3.10/site-packages:${PYTHONPATH} /usr/bin/cmake --install /home/ilex/Dev/VIST/src/robot/sdk/arm_teleop/build/lbot_teleop
[1.263s] Level 1:colcon.colcon_core.environment:checking '/home/ilex/Dev/VIST/src/robot/sdk/arm_teleop/install/lbot_teleop' for CMake config files
[1.263s] Level 1:colcon.colcon_core.shell:create_environment_hook('lbot_teleop', 'cmake_prefix_path')
[1.263s] INFO:colcon.colcon_core.shell:Creating environment hook '/home/ilex/Dev/VIST/src/robot/sdk/arm_teleop/install/lbot_teleop/share/lbot_teleop/hook/cmake_prefix_path.ps1'
[1.265s] INFO:colcon.colcon_core.shell:Creating environment descriptor '/home/ilex/Dev/VIST/src/robot/sdk/arm_teleop/install/lbot_teleop/share/lbot_teleop/hook/cmake_prefix_path.dsv'
[1.265s] INFO:colcon.colcon_core.shell:Creating environment hook '/home/ilex/Dev/VIST/src/robot/sdk/arm_teleop/install/lbot_teleop/share/lbot_teleop/hook/cmake_prefix_path.sh'
[1.266s] Level 1:colcon.colcon_core.environment:checking '/home/ilex/Dev/VIST/src/robot/sdk/arm_teleop/install/lbot_teleop/lib'
[1.266s] Level 1:colcon.colcon_core.environment:checking '/home/ilex/Dev/VIST/src/robot/sdk/arm_teleop/install/lbot_teleop/bin'
[1.266s] Level 1:colcon.colcon_core.environment:checking '/home/ilex/Dev/VIST/src/robot/sdk/arm_teleop/install/lbot_teleop/lib/pkgconfig/lbot_teleop.pc'
[1.266s] Level 1:colcon.colcon_core.environment:checking '/home/ilex/Dev/VIST/src/robot/sdk/arm_teleop/install/lbot_teleop/lib/python3.10/site-packages'
[1.267s] Level 1:colcon.colcon_core.environment:checking '/home/ilex/Dev/VIST/src/robot/sdk/arm_teleop/install/lbot_teleop/bin'
[1.267s] INFO:colcon.colcon_core.shell:Creating package script '/home/ilex/Dev/VIST/src/robot/sdk/arm_teleop/install/lbot_teleop/share/lbot_teleop/package.ps1'
[1.268s] INFO:colcon.colcon_core.shell:Creating package descriptor '/home/ilex/Dev/VIST/src/robot/sdk/arm_teleop/install/lbot_teleop/share/lbot_teleop/package.dsv'
[1.269s] INFO:colcon.colcon_core.shell:Creating package script '/home/ilex/Dev/VIST/src/robot/sdk/arm_teleop/install/lbot_teleop/share/lbot_teleop/package.sh'
[1.269s] INFO:colcon.colcon_core.shell:Creating package script '/home/ilex/Dev/VIST/src/robot/sdk/arm_teleop/install/lbot_teleop/share/lbot_teleop/package.bash'
[1.270s] INFO:colcon.colcon_core.shell:Creating package script '/home/ilex/Dev/VIST/src/robot/sdk/arm_teleop/install/lbot_teleop/share/lbot_teleop/package.zsh'
[1.270s] Level 1:colcon.colcon_core.environment:create_file_with_runtime_dependencies(/home/ilex/Dev/VIST/src/robot/sdk/arm_teleop/install/lbot_teleop/share/colcon-core/packages/lbot_teleop)
[1.271s] Level 1:colcon.colcon_core.environment:create_environment_scripts_only(lbot_teleop)
[1.271s] Level 1:colcon.colcon_core.environment:checking '/home/ilex/Dev/VIST/src/robot/sdk/arm_teleop/install/lbot_teleop' for CMake module files
[1.272s] Level 1:colcon.colcon_core.environment:checking '/home/ilex/Dev/VIST/src/robot/sdk/arm_teleop/install/lbot_teleop' for CMake config files
[1.272s] Level 1:colcon.colcon_core.shell:create_environment_hook('lbot_teleop', 'cmake_prefix_path')
[1.272s] INFO:colcon.colcon_core.shell:Creating environment hook '/home/ilex/Dev/VIST/src/robot/sdk/arm_teleop/install/lbot_teleop/share/lbot_teleop/hook/cmake_prefix_path.ps1'
[1.272s] INFO:colcon.colcon_core.shell:Creating environment descriptor '/home/ilex/Dev/VIST/src/robot/sdk/arm_teleop/install/lbot_teleop/share/lbot_teleop/hook/cmake_prefix_path.dsv'
[1.273s] INFO:colcon.colcon_core.shell:Creating environment hook '/home/ilex/Dev/VIST/src/robot/sdk/arm_teleop/install/lbot_teleop/share/lbot_teleop/hook/cmake_prefix_path.sh'
[1.273s] Level 1:colcon.colcon_core.environment:checking '/home/ilex/Dev/VIST/src/robot/sdk/arm_teleop/install/lbot_teleop/lib'
[1.273s] Level 1:colcon.colcon_core.environment:checking '/home/ilex/Dev/VIST/src/robot/sdk/arm_teleop/install/lbot_teleop/bin'
[1.273s] Level 1:colcon.colcon_core.environment:checking '/home/ilex/Dev/VIST/src/robot/sdk/arm_teleop/install/lbot_teleop/lib/pkgconfig/lbot_teleop.pc'
[1.273s] Level 1:colcon.colcon_core.environment:checking '/home/ilex/Dev/VIST/src/robot/sdk/arm_teleop/install/lbot_teleop/lib/python3.10/site-packages'
[1.274s] Level 1:colcon.colcon_core.environment:checking '/home/ilex/Dev/VIST/src/robot/sdk/arm_teleop/install/lbot_teleop/bin'
[1.274s] INFO:colcon.colcon_core.shell:Creating package script '/home/ilex/Dev/VIST/src/robot/sdk/arm_teleop/install/lbot_teleop/share/lbot_teleop/package.ps1'
[1.274s] INFO:colcon.colcon_core.shell:Creating package descriptor '/home/ilex/Dev/VIST/src/robot/sdk/arm_teleop/install/lbot_teleop/share/lbot_teleop/package.dsv'
[1.275s] INFO:colcon.colcon_core.shell:Creating package script '/home/ilex/Dev/VIST/src/robot/sdk/arm_teleop/install/lbot_teleop/share/lbot_teleop/package.sh'
[1.275s] INFO:colcon.colcon_core.shell:Creating package script '/home/ilex/Dev/VIST/src/robot/sdk/arm_teleop/install/lbot_teleop/share/lbot_teleop/package.bash'
[1.275s] INFO:colcon.colcon_core.shell:Creating package script '/home/ilex/Dev/VIST/src/robot/sdk/arm_teleop/install/lbot_teleop/share/lbot_teleop/package.zsh'
[1.275s] Level 1:colcon.colcon_core.environment:create_file_with_runtime_dependencies(/home/ilex/Dev/VIST/src/robot/sdk/arm_teleop/install/lbot_teleop/share/colcon-core/packages/lbot_teleop)
[1.396s] Level 1:colcon.colcon_core.environment:create_environment_scripts_only(lbot_demo)
[1.397s] Level 1:colcon.colcon_core.environment:checking '/home/ilex/Dev/VIST/src/robot/sdk/arm_teleop/install/lbot_demo' for CMake module files
[1.397s] DEBUG:colcon.colcon_core.event_handler.log_command:Invoked command in '/home/ilex/Dev/VIST/src/robot/sdk/arm_teleop/build/lbot_demo' returned '0': AMENT_PREFIX_PATH=/home/ilex/Dev/VIST/src/robot/sdk/arm_teleop/install/lbot_arm_interfaces:${AMENT_PREFIX_PATH} CMAKE_PREFIX_PATH=/home/ilex/Dev/VIST/src/robot/sdk/arm_teleop/install/lbot_arm_interfaces:/opt/ros/humble CONDA_PROMPT_MODIFIER=(robot_env) LD_LIBRARY_PATH=/home/ilex/Dev/VIST/src/robot/sdk/arm_teleop/install/lbot_arm_interfaces/lib:${LD_LIBRARY_PATH} PYTHONPATH=/home/ilex/Dev/VIST/src/robot/sdk/arm_teleop/install/lbot_arm_interfaces/lib/python3.10/site-packages:${PYTHONPATH} /usr/bin/cmake --install /home/ilex/Dev/VIST/src/robot/sdk/arm_teleop/build/lbot_demo
[1.398s] Level 1:colcon.colcon_core.environment:checking '/home/ilex/Dev/VIST/src/robot/sdk/arm_teleop/install/lbot_demo' for CMake config files
[1.398s] Level 1:colcon.colcon_core.shell:create_environment_hook('lbot_demo', 'cmake_prefix_path')
[1.399s] INFO:colcon.colcon_core.shell:Creating environment hook '/home/ilex/Dev/VIST/src/robot/sdk/arm_teleop/install/lbot_demo/share/lbot_demo/hook/cmake_prefix_path.ps1'
[1.399s] INFO:colcon.colcon_core.shell:Creating environment descriptor '/home/ilex/Dev/VIST/src/robot/sdk/arm_teleop/install/lbot_demo/share/lbot_demo/hook/cmake_prefix_path.dsv'
[1.399s] INFO:colcon.colcon_core.shell:Creating environment hook '/home/ilex/Dev/VIST/src/robot/sdk/arm_teleop/install/lbot_demo/share/lbot_demo/hook/cmake_prefix_path.sh'
[1.400s] Level 1:colcon.colcon_core.environment:checking '/home/ilex/Dev/VIST/src/robot/sdk/arm_teleop/install/lbot_demo/lib'
[1.400s] Level 1:colcon.colcon_core.environment:checking '/home/ilex/Dev/VIST/src/robot/sdk/arm_teleop/install/lbot_demo/bin'
[1.400s] Level 1:colcon.colcon_core.environment:checking '/home/ilex/Dev/VIST/src/robot/sdk/arm_teleop/install/lbot_demo/lib/pkgconfig/lbot_demo.pc'
[1.400s] Level 1:colcon.colcon_core.environment:checking '/home/ilex/Dev/VIST/src/robot/sdk/arm_teleop/install/lbot_demo/lib/python3.10/site-packages'
[1.400s] Level 1:colcon.colcon_core.environment:checking '/home/ilex/Dev/VIST/src/robot/sdk/arm_teleop/install/lbot_demo/bin'
[1.400s] INFO:colcon.colcon_core.shell:Creating package script '/home/ilex/Dev/VIST/src/robot/sdk/arm_teleop/install/lbot_demo/share/lbot_demo/package.ps1'
[1.400s] INFO:colcon.colcon_core.shell:Creating package descriptor '/home/ilex/Dev/VIST/src/robot/sdk/arm_teleop/install/lbot_demo/share/lbot_demo/package.dsv'
[1.401s] INFO:colcon.colcon_core.shell:Creating package script '/home/ilex/Dev/VIST/src/robot/sdk/arm_teleop/install/lbot_demo/share/lbot_demo/package.sh'
[1.401s] INFO:colcon.colcon_core.shell:Creating package script '/home/ilex/Dev/VIST/src/robot/sdk/arm_teleop/install/lbot_demo/share/lbot_demo/package.bash'
[1.401s] INFO:colcon.colcon_core.shell:Creating package script '/home/ilex/Dev/VIST/src/robot/sdk/arm_teleop/install/lbot_demo/share/lbot_demo/package.zsh'
[1.401s] Level 1:colcon.colcon_core.environment:create_file_with_runtime_dependencies(/home/ilex/Dev/VIST/src/robot/sdk/arm_teleop/install/lbot_demo/share/colcon-core/packages/lbot_demo)
[1.402s] Level 1:colcon.colcon_core.environment:create_environment_scripts_only(lbot_demo)
[1.402s] Level 1:colcon.colcon_core.environment:checking '/home/ilex/Dev/VIST/src/robot/sdk/arm_teleop/install/lbot_demo' for CMake module files
[1.402s] Level 1:colcon.colcon_core.environment:checking '/home/ilex/Dev/VIST/src/robot/sdk/arm_teleop/install/lbot_demo' for CMake config files
[1.402s] Level 1:colcon.colcon_core.shell:create_environment_hook('lbot_demo', 'cmake_prefix_path')
[1.403s] INFO:colcon.colcon_core.shell:Creating environment hook '/home/ilex/Dev/VIST/src/robot/sdk/arm_teleop/install/lbot_demo/share/lbot_demo/hook/cmake_prefix_path.ps1'
[1.403s] INFO:colcon.colcon_core.shell:Creating environment descriptor '/home/ilex/Dev/VIST/src/robot/sdk/arm_teleop/install/lbot_demo/share/lbot_demo/hook/cmake_prefix_path.dsv'
[1.403s] INFO:colcon.colcon_core.shell:Creating environment hook '/home/ilex/Dev/VIST/src/robot/sdk/arm_teleop/install/lbot_demo/share/lbot_demo/hook/cmake_prefix_path.sh'
[1.403s] Level 1:colcon.colcon_core.environment:checking '/home/ilex/Dev/VIST/src/robot/sdk/arm_teleop/install/lbot_demo/lib'
[1.403s] Level 1:colcon.colcon_core.environment:checking '/home/ilex/Dev/VIST/src/robot/sdk/arm_teleop/install/lbot_demo/bin'
[1.403s] Level 1:colcon.colcon_core.environment:checking '/home/ilex/Dev/VIST/src/robot/sdk/arm_teleop/install/lbot_demo/lib/pkgconfig/lbot_demo.pc'
[1.404s] Level 1:colcon.colcon_core.environment:checking '/home/ilex/Dev/VIST/src/robot/sdk/arm_teleop/install/lbot_demo/lib/python3.10/site-packages'
[1.404s] Level 1:colcon.colcon_core.environment:checking '/home/ilex/Dev/VIST/src/robot/sdk/arm_teleop/install/lbot_demo/bin'
[1.404s] INFO:colcon.colcon_core.shell:Creating package script '/home/ilex/Dev/VIST/src/robot/sdk/arm_teleop/install/lbot_demo/share/lbot_demo/package.ps1'
[1.404s] INFO:colcon.colcon_core.shell:Creating package descriptor '/home/ilex/Dev/VIST/src/robot/sdk/arm_teleop/install/lbot_demo/share/lbot_demo/package.dsv'
[1.405s] INFO:colcon.colcon_core.shell:Creating package script '/home/ilex/Dev/VIST/src/robot/sdk/arm_teleop/install/lbot_demo/share/lbot_demo/package.sh'
[1.405s] INFO:colcon.colcon_core.shell:Creating package script '/home/ilex/Dev/VIST/src/robot/sdk/arm_teleop/install/lbot_demo/share/lbot_demo/package.bash'
[1.405s] INFO:colcon.colcon_core.shell:Creating package script '/home/ilex/Dev/VIST/src/robot/sdk/arm_teleop/install/lbot_demo/share/lbot_demo/package.zsh'
[1.405s] Level 1:colcon.colcon_core.environment:create_file_with_runtime_dependencies(/home/ilex/Dev/VIST/src/robot/sdk/arm_teleop/install/lbot_demo/share/colcon-core/packages/lbot_demo)
[6.587s] DEBUG:colcon.colcon_core.event_handler.log_command:Invoked command in '/home/ilex/Dev/VIST/src/robot/sdk/arm_teleop/build/lbot_driver' returned '2': AMENT_PREFIX_PATH=/home/ilex/Dev/VIST/src/robot/sdk/arm_teleop/install/lbot_arm_interfaces:${AMENT_PREFIX_PATH} CMAKE_PREFIX_PATH=/home/ilex/Dev/VIST/src/robot/sdk/arm_teleop/install/lbot_arm_interfaces:/opt/ros/humble CONDA_PROMPT_MODIFIER=(robot_env) LD_LIBRARY_PATH=/home/ilex/Dev/VIST/src/robot/sdk/arm_teleop/install/lbot_arm_interfaces/lib:${LD_LIBRARY_PATH} PYTHONPATH=/home/ilex/Dev/VIST/src/robot/sdk/arm_teleop/install/lbot_arm_interfaces/lib/python3.10/site-packages:${PYTHONPATH} /usr/bin/cmake --build /home/ilex/Dev/VIST/src/robot/sdk/arm_teleop/build/lbot_driver -- -j16 -l16
[6.588s] Level 1:colcon.colcon_core.environment:create_environment_scripts_only(lbot_driver)
[6.588s] Level 1:colcon.colcon_core.environment:checking '/home/ilex/Dev/VIST/src/robot/sdk/arm_teleop/install/lbot_driver' for CMake module files
[6.588s] Level 1:colcon.colcon_core.environment:checking '/home/ilex/Dev/VIST/src/robot/sdk/arm_teleop/install/lbot_driver' for CMake config files
[6.588s] Level 1:colcon.colcon_core.environment:checking '/home/ilex/Dev/VIST/src/robot/sdk/arm_teleop/install/lbot_driver/bin'
[6.589s] Level 1:colcon.colcon_core.environment:checking '/home/ilex/Dev/VIST/src/robot/sdk/arm_teleop/install/lbot_driver/lib/pkgconfig/lbot_driver.pc'
[6.589s] Level 1:colcon.colcon_core.environment:checking '/home/ilex/Dev/VIST/src/robot/sdk/arm_teleop/install/lbot_driver/lib/python3.10/site-packages'
[6.589s] Level 1:colcon.colcon_core.environment:checking '/home/ilex/Dev/VIST/src/robot/sdk/arm_teleop/install/lbot_driver/bin'
[6.589s] INFO:colcon.colcon_core.shell:Creating package script '/home/ilex/Dev/VIST/src/robot/sdk/arm_teleop/install/lbot_driver/share/lbot_driver/package.ps1'
[6.589s] INFO:colcon.colcon_core.shell:Creating package descriptor '/home/ilex/Dev/VIST/src/robot/sdk/arm_teleop/install/lbot_driver/share/lbot_driver/package.dsv'
[6.590s] INFO:colcon.colcon_core.shell:Creating package script '/home/ilex/Dev/VIST/src/robot/sdk/arm_teleop/install/lbot_driver/share/lbot_driver/package.sh'
[6.590s] INFO:colcon.colcon_core.shell:Creating package script '/home/ilex/Dev/VIST/src/robot/sdk/arm_teleop/install/lbot_driver/share/lbot_driver/package.bash'
[6.590s] INFO:colcon.colcon_core.shell:Creating package script '/home/ilex/Dev/VIST/src/robot/sdk/arm_teleop/install/lbot_driver/share/lbot_driver/package.zsh'
[6.590s] Level 1:colcon.colcon_core.environment:create_file_with_runtime_dependencies(/home/ilex/Dev/VIST/src/robot/sdk/arm_teleop/install/lbot_driver/share/colcon-core/packages/lbot_driver)
[6.601s] DEBUG:colcon.colcon_parallel_executor.executor.parallel:closing loop
[6.601s] DEBUG:colcon.colcon_parallel_executor.executor.parallel:loop closed
[6.601s] DEBUG:colcon.colcon_parallel_executor.executor.parallel:run_until_complete finished with '2'
[6.601s] DEBUG:colcon.colcon_core.event_reactor:joining thread
[6.606s] INFO:colcon.colcon_core.plugin_system:Skipping extension 'colcon_notification.desktop_notification.terminal_notifier': Not used on non-Darwin systems
[6.607s] INFO:colcon.colcon_core.plugin_system:Skipping extension 'colcon_notification.desktop_notification.win32': Not used on non-Windows systems
[6.607s] INFO:colcon.colcon_notification.desktop_notification:Sending desktop notification using 'notify2'
[6.617s] DEBUG:colcon.colcon_core.event_reactor:joined thread
[6.617s] INFO:colcon.colcon_core.shell:Creating prefix script '/home/ilex/Dev/VIST/src/robot/sdk/arm_teleop/install/local_setup.ps1'
[6.618s] INFO:colcon.colcon_core.shell:Creating prefix util module '/home/ilex/Dev/VIST/src/robot/sdk/arm_teleop/install/_local_setup_util_ps1.py'
[6.619s] INFO:colcon.colcon_core.shell:Creating prefix chain script '/home/ilex/Dev/VIST/src/robot/sdk/arm_teleop/install/setup.ps1'
[6.620s] INFO:colcon.colcon_core.shell:Creating prefix script '/home/ilex/Dev/VIST/src/robot/sdk/arm_teleop/install/local_setup.sh'
[6.621s] INFO:colcon.colcon_core.shell:Creating prefix util module '/home/ilex/Dev/VIST/src/robot/sdk/arm_teleop/install/_local_setup_util_sh.py'
[6.621s] INFO:colcon.colcon_core.shell:Creating prefix chain script '/home/ilex/Dev/VIST/src/robot/sdk/arm_teleop/install/setup.sh'
[6.622s] INFO:colcon.colcon_core.shell:Creating prefix script '/home/ilex/Dev/VIST/src/robot/sdk/arm_teleop/install/local_setup.bash'
[6.622s] INFO:colcon.colcon_core.shell:Creating prefix chain script '/home/ilex/Dev/VIST/src/robot/sdk/arm_teleop/install/setup.bash'
[6.624s] INFO:colcon.colcon_core.shell:Creating prefix script '/home/ilex/Dev/VIST/src/robot/sdk/arm_teleop/install/local_setup.zsh'
[6.624s] INFO:colcon.colcon_core.shell:Creating prefix chain script '/home/ilex/Dev/VIST/src/robot/sdk/arm_teleop/install/setup.zsh'
