[0.020s] Invoking command in '/home/ilex/Dev/VIST/src/robot/sdk/arm_teleop/build/lbot_arm_interfaces': CMAKE_PREFIX_PATH=/opt/ros/humble CONDA_PROMPT_MODIFIER=(robot_env) /usr/bin/cmake --build /home/ilex/Dev/VIST/src/robot/sdk/arm_teleop/build/lbot_arm_interfaces -- -j16 -l16
[0.092s] [  0%] Built target lbot_arm_interfaces__cpp
[0.092s] [ 12%] Built target lbot_arm_interfaces__rosidl_generator_c
[0.102s] [ 12%] Built target ament_cmake_python_symlink_lbot_arm_interfaces
[0.130s] [ 24%] Built target lbot_arm_interfaces__rosidl_typesupport_introspection_c
[0.132s] [ 49%] Built target lbot_arm_interfaces__rosidl_typesupport_introspection_cpp
[0.132s] [ 49%] Built target lbot_arm_interfaces__rosidl_typesupport_c
[0.136s] [ 82%] Built target lbot_arm_interfaces__rosidl_typesupport_fastrtps_cpp
[0.136s] [ 82%] Built target lbot_arm_interfaces__rosidl_typesupport_cpp
[0.136s] [ 85%] Built target lbot_arm_interfaces__rosidl_typesupport_fastrtps_c
[0.167s] [ 85%] Built target lbot_arm_interfaces
[0.199s] [ 86%] Built target lbot_arm_interfaces__py
[0.241s] [ 97%] Built target lbot_arm_interfaces__rosidl_generator_py
[0.275s] [ 98%] Built target lbot_arm_interfaces__rosidl_typesupport_introspection_c__pyext
[0.276s] [100%] Built target lbot_arm_interfaces__rosidl_typesupport_c__pyext
[0.276s] [100%] Built target lbot_arm_interfaces__rosidl_typesupport_fastrtps_c__pyext
[0.331s] running egg_info
[0.341s] writing lbot_arm_interfaces.egg-info/PKG-INFO
[0.341s] writing dependency_links to lbot_arm_interfaces.egg-info/dependency_links.txt
[0.342s] writing top-level names to lbot_arm_interfaces.egg-info/top_level.txt
[0.375s] reading manifest file 'lbot_arm_interfaces.egg-info/SOURCES.txt'
[0.376s] writing manifest file 'lbot_arm_interfaces.egg-info/SOURCES.txt'
[0.412s] [100%] Built target ament_cmake_python_build_lbot_arm_interfaces_egg
[0.421s] Invoked command in '/home/ilex/Dev/VIST/src/robot/sdk/arm_teleop/build/lbot_arm_interfaces' returned '0': CMAKE_PREFIX_PATH=/opt/ros/humble CONDA_PROMPT_MODIFIER=(robot_env) /usr/bin/cmake --build /home/ilex/Dev/VIST/src/robot/sdk/arm_teleop/build/lbot_arm_interfaces -- -j16 -l16
[0.423s] Invoking command in '/home/ilex/Dev/VIST/src/robot/sdk/arm_teleop/build/lbot_arm_interfaces': CMAKE_PREFIX_PATH=/opt/ros/humble CONDA_PROMPT_MODIFIER=(robot_env) /usr/bin/cmake --install /home/ilex/Dev/VIST/src/robot/sdk/arm_teleop/build/lbot_arm_interfaces
[0.428s] -- Install configuration: ""
[0.428s] -- Execute custom install script
[0.429s] -- Up-to-date symlink: /home/ilex/Dev/VIST/src/robot/sdk/arm_teleop/install/lbot_arm_interfaces/share/ament_index/resource_index/rosidl_interfaces/lbot_arm_interfaces
[0.429s] -- Up-to-date symlink: /home/ilex/Dev/VIST/src/robot/sdk/arm_teleop/install/lbot_arm_interfaces/include/lbot_arm_interfaces/lbot_arm_interfaces/msg/arm_state.h
[0.429s] -- Up-to-date symlink: /home/ilex/Dev/VIST/src/robot/sdk/arm_teleop/install/lbot_arm_interfaces/include/lbot_arm_interfaces/lbot_arm_interfaces/msg/detail/arm_state__functions.h
[0.430s] -- Up-to-date symlink: /home/ilex/Dev/VIST/src/robot/sdk/arm_teleop/install/lbot_arm_interfaces/include/lbot_arm_interfaces/lbot_arm_interfaces/msg/detail/arm_state__struct.h
[0.430s] -- Up-to-date symlink: /home/ilex/Dev/VIST/src/robot/sdk/arm_teleop/install/lbot_arm_interfaces/include/lbot_arm_interfaces/lbot_arm_interfaces/msg/detail/arm_state__type_support.h
[0.430s] -- Up-to-date symlink: /home/ilex/Dev/VIST/src/robot/sdk/arm_teleop/install/lbot_arm_interfaces/include/lbot_arm_interfaces/lbot_arm_interfaces/msg/detail/follow_joint__functions.h
[0.430s] -- Up-to-date symlink: /home/ilex/Dev/VIST/src/robot/sdk/arm_teleop/install/lbot_arm_interfaces/include/lbot_arm_interfaces/lbot_arm_interfaces/msg/detail/follow_joint__struct.h
[0.430s] -- Up-to-date symlink: /home/ilex/Dev/VIST/src/robot/sdk/arm_teleop/install/lbot_arm_interfaces/include/lbot_arm_interfaces/lbot_arm_interfaces/msg/detail/follow_joint__type_support.h
[0.430s] -- Up-to-date symlink: /home/ilex/Dev/VIST/src/robot/sdk/arm_teleop/install/lbot_arm_interfaces/include/lbot_arm_interfaces/lbot_arm_interfaces/msg/detail/lbot_frame__functions.h
[0.430s] -- Up-to-date symlink: /home/ilex/Dev/VIST/src/robot/sdk/arm_teleop/install/lbot_arm_interfaces/include/lbot_arm_interfaces/lbot_arm_interfaces/msg/detail/lbot_frame__struct.h
[0.430s] -- Up-to-date symlink: /home/ilex/Dev/VIST/src/robot/sdk/arm_teleop/install/lbot_arm_interfaces/include/lbot_arm_interfaces/lbot_arm_interfaces/msg/detail/lbot_frame__type_support.h
[0.431s] -- Up-to-date symlink: /home/ilex/Dev/VIST/src/robot/sdk/arm_teleop/install/lbot_arm_interfaces/include/lbot_arm_interfaces/lbot_arm_interfaces/msg/detail/lbot_pose__functions.h
[0.431s] -- Up-to-date symlink: /home/ilex/Dev/VIST/src/robot/sdk/arm_teleop/install/lbot_arm_interfaces/include/lbot_arm_interfaces/lbot_arm_interfaces/msg/detail/lbot_pose__struct.h
[0.431s] -- Up-to-date symlink: /home/ilex/Dev/VIST/src/robot/sdk/arm_teleop/install/lbot_arm_interfaces/include/lbot_arm_interfaces/lbot_arm_interfaces/msg/detail/lbot_pose__type_support.h
[0.431s] -- Up-to-date symlink: /home/ilex/Dev/VIST/src/robot/sdk/arm_teleop/install/lbot_arm_interfaces/include/lbot_arm_interfaces/lbot_arm_interfaces/msg/follow_joint.h
[0.431s] -- Up-to-date symlink: /home/ilex/Dev/VIST/src/robot/sdk/arm_teleop/install/lbot_arm_interfaces/include/lbot_arm_interfaces/lbot_arm_interfaces/msg/lbot_frame.h
[0.431s] -- Up-to-date symlink: /home/ilex/Dev/VIST/src/robot/sdk/arm_teleop/install/lbot_arm_interfaces/include/lbot_arm_interfaces/lbot_arm_interfaces/msg/lbot_pose.h
[0.431s] -- Up-to-date symlink: /home/ilex/Dev/VIST/src/robot/sdk/arm_teleop/install/lbot_arm_interfaces/include/lbot_arm_interfaces/lbot_arm_interfaces/msg/rosidl_generator_c__visibility_control.h
[0.431s] -- Up-to-date symlink: /home/ilex/Dev/VIST/src/robot/sdk/arm_teleop/install/lbot_arm_interfaces/include/lbot_arm_interfaces/lbot_arm_interfaces/srv/change_frame.h
[0.431s] -- Up-to-date symlink: /home/ilex/Dev/VIST/src/robot/sdk/arm_teleop/install/lbot_arm_interfaces/include/lbot_arm_interfaces/lbot_arm_interfaces/srv/delete_frame.h
[0.431s] -- Up-to-date symlink: /home/ilex/Dev/VIST/src/robot/sdk/arm_teleop/install/lbot_arm_interfaces/include/lbot_arm_interfaces/lbot_arm_interfaces/srv/detail/change_frame__functions.h
[0.432s] -- Up-to-date symlink: /home/ilex/Dev/VIST/src/robot/sdk/arm_teleop/install/lbot_arm_interfaces/include/lbot_arm_interfaces/lbot_arm_interfaces/srv/detail/change_frame__struct.h
[0.432s] -- Up-to-date symlink: /home/ilex/Dev/VIST/src/robot/sdk/arm_teleop/install/lbot_arm_interfaces/include/lbot_arm_interfaces/lbot_arm_interfaces/srv/detail/change_frame__type_support.h
[0.432s] -- Up-to-date symlink: /home/ilex/Dev/VIST/src/robot/sdk/arm_teleop/install/lbot_arm_interfaces/include/lbot_arm_interfaces/lbot_arm_interfaces/srv/detail/delete_frame__functions.h
[0.432s] -- Up-to-date symlink: /home/ilex/Dev/VIST/src/robot/sdk/arm_teleop/install/lbot_arm_interfaces/include/lbot_arm_interfaces/lbot_arm_interfaces/srv/detail/delete_frame__struct.h
[0.432s] -- Up-to-date symlink: /home/ilex/Dev/VIST/src/robot/sdk/arm_teleop/install/lbot_arm_interfaces/include/lbot_arm_interfaces/lbot_arm_interfaces/srv/detail/delete_frame__type_support.h
[0.432s] -- Up-to-date symlink: /home/ilex/Dev/VIST/src/robot/sdk/arm_teleop/install/lbot_arm_interfaces/include/lbot_arm_interfaces/lbot_arm_interfaces/srv/detail/forward_kinematics__functions.h
[0.432s] -- Up-to-date symlink: /home/ilex/Dev/VIST/src/robot/sdk/arm_teleop/install/lbot_arm_interfaces/include/lbot_arm_interfaces/lbot_arm_interfaces/srv/detail/forward_kinematics__struct.h
[0.432s] -- Up-to-date symlink: /home/ilex/Dev/VIST/src/robot/sdk/arm_teleop/install/lbot_arm_interfaces/include/lbot_arm_interfaces/lbot_arm_interfaces/srv/detail/forward_kinematics__type_support.h
[0.432s] -- Up-to-date symlink: /home/ilex/Dev/VIST/src/robot/sdk/arm_teleop/install/lbot_arm_interfaces/include/lbot_arm_interfaces/lbot_arm_interfaces/srv/detail/get_all_frames__functions.h
[0.432s] -- Up-to-date symlink: /home/ilex/Dev/VIST/src/robot/sdk/arm_teleop/install/lbot_arm_interfaces/include/lbot_arm_interfaces/lbot_arm_interfaces/srv/detail/get_all_frames__struct.h
[0.433s] -- Up-to-date symlink: /home/ilex/Dev/VIST/src/robot/sdk/arm_teleop/install/lbot_arm_interfaces/include/lbot_arm_interfaces/lbot_arm_interfaces/srv/detail/get_all_frames__type_support.h
[0.433s] -- Up-to-date symlink: /home/ilex/Dev/VIST/src/robot/sdk/arm_teleop/install/lbot_arm_interfaces/include/lbot_arm_interfaces/lbot_arm_interfaces/srv/detail/get_current_frame__functions.h
[0.433s] -- Up-to-date symlink: /home/ilex/Dev/VIST/src/robot/sdk/arm_teleop/install/lbot_arm_interfaces/include/lbot_arm_interfaces/lbot_arm_interfaces/srv/detail/get_current_frame__struct.h
[0.433s] -- Up-to-date symlink: /home/ilex/Dev/VIST/src/robot/sdk/arm_teleop/install/lbot_arm_interfaces/include/lbot_arm_interfaces/lbot_arm_interfaces/srv/detail/get_current_frame__type_support.h
[0.433s] -- Up-to-date symlink: /home/ilex/Dev/VIST/src/robot/sdk/arm_teleop/install/lbot_arm_interfaces/include/lbot_arm_interfaces/lbot_arm_interfaces/srv/detail/get_frame__functions.h
[0.433s] -- Up-to-date symlink: /home/ilex/Dev/VIST/src/robot/sdk/arm_teleop/install/lbot_arm_interfaces/include/lbot_arm_interfaces/lbot_arm_interfaces/srv/detail/get_frame__struct.h
[0.433s] -- Up-to-date symlink: /home/ilex/Dev/VIST/src/robot/sdk/arm_teleop/install/lbot_arm_interfaces/include/lbot_arm_interfaces/lbot_arm_interfaces/srv/detail/get_frame__type_support.h
[0.433s] -- Up-to-date symlink: /home/ilex/Dev/VIST/src/robot/sdk/arm_teleop/install/lbot_arm_interfaces/include/lbot_arm_interfaces/lbot_arm_interfaces/srv/detail/inverse_kinematics__functions.h
[0.433s] -- Up-to-date symlink: /home/ilex/Dev/VIST/src/robot/sdk/arm_teleop/install/lbot_arm_interfaces/include/lbot_arm_interfaces/lbot_arm_interfaces/srv/detail/inverse_kinematics__struct.h
[0.434s] -- Up-to-date symlink: /home/ilex/Dev/VIST/src/robot/sdk/arm_teleop/install/lbot_arm_interfaces/include/lbot_arm_interfaces/lbot_arm_interfaces/srv/detail/inverse_kinematics__type_support.h
[0.434s] -- Up-to-date symlink: /home/ilex/Dev/VIST/src/robot/sdk/arm_teleop/install/lbot_arm_interfaces/include/lbot_arm_interfaces/lbot_arm_interfaces/srv/detail/move_c__functions.h
[0.434s] -- Up-to-date symlink: /home/ilex/Dev/VIST/src/robot/sdk/arm_teleop/install/lbot_arm_interfaces/include/lbot_arm_interfaces/lbot_arm_interfaces/srv/detail/move_c__struct.h
[0.434s] -- Up-to-date symlink: /home/ilex/Dev/VIST/src/robot/sdk/arm_teleop/install/lbot_arm_interfaces/include/lbot_arm_interfaces/lbot_arm_interfaces/srv/detail/move_c__type_support.h
[0.434s] -- Up-to-date symlink: /home/ilex/Dev/VIST/src/robot/sdk/arm_teleop/install/lbot_arm_interfaces/include/lbot_arm_interfaces/lbot_arm_interfaces/srv/detail/move_j__functions.h
[0.434s] -- Up-to-date symlink: /home/ilex/Dev/VIST/src/robot/sdk/arm_teleop/install/lbot_arm_interfaces/include/lbot_arm_interfaces/lbot_arm_interfaces/srv/detail/move_j__struct.h
[0.434s] -- Up-to-date symlink: /home/ilex/Dev/VIST/src/robot/sdk/arm_teleop/install/lbot_arm_interfaces/include/lbot_arm_interfaces/lbot_arm_interfaces/srv/detail/move_j__type_support.h
[0.434s] -- Up-to-date symlink: /home/ilex/Dev/VIST/src/robot/sdk/arm_teleop/install/lbot_arm_interfaces/include/lbot_arm_interfaces/lbot_arm_interfaces/srv/detail/move_jp__functions.h
[0.435s] -- Up-to-date symlink: /home/ilex/Dev/VIST/src/robot/sdk/arm_teleop/install/lbot_arm_interfaces/include/lbot_arm_interfaces/lbot_arm_interfaces/srv/detail/move_jp__struct.h
[0.435s] -- Up-to-date symlink: /home/ilex/Dev/VIST/src/robot/sdk/arm_teleop/install/lbot_arm_interfaces/include/lbot_arm_interfaces/lbot_arm_interfaces/srv/detail/move_jp__type_support.h
[0.435s] -- Up-to-date symlink: /home/ilex/Dev/VIST/src/robot/sdk/arm_teleop/install/lbot_arm_interfaces/include/lbot_arm_interfaces/lbot_arm_interfaces/srv/detail/move_l__functions.h
[0.435s] -- Up-to-date symlink: /home/ilex/Dev/VIST/src/robot/sdk/arm_teleop/install/lbot_arm_interfaces/include/lbot_arm_interfaces/lbot_arm_interfaces/srv/detail/move_l__struct.h
[0.435s] -- Up-to-date symlink: /home/ilex/Dev/VIST/src/robot/sdk/arm_teleop/install/lbot_arm_interfaces/include/lbot_arm_interfaces/lbot_arm_interfaces/srv/detail/move_l__type_support.h
[0.435s] -- Up-to-date symlink: /home/ilex/Dev/VIST/src/robot/sdk/arm_teleop/install/lbot_arm_interfaces/include/lbot_arm_interfaces/lbot_arm_interfaces/srv/detail/set_emergency__functions.h
[0.435s] -- Up-to-date symlink: /home/ilex/Dev/VIST/src/robot/sdk/arm_teleop/install/lbot_arm_interfaces/include/lbot_arm_interfaces/lbot_arm_interfaces/srv/detail/set_emergency__struct.h
[0.435s] -- Up-to-date symlink: /home/ilex/Dev/VIST/src/robot/sdk/arm_teleop/install/lbot_arm_interfaces/include/lbot_arm_interfaces/lbot_arm_interfaces/srv/detail/set_emergency__type_support.h
[0.436s] -- Up-to-date symlink: /home/ilex/Dev/VIST/src/robot/sdk/arm_teleop/install/lbot_arm_interfaces/include/lbot_arm_interfaces/lbot_arm_interfaces/srv/detail/set_enable__functions.h
[0.436s] -- Up-to-date symlink: /home/ilex/Dev/VIST/src/robot/sdk/arm_teleop/install/lbot_arm_interfaces/include/lbot_arm_interfaces/lbot_arm_interfaces/srv/detail/set_enable__struct.h
[0.436s] -- Up-to-date symlink: /home/ilex/Dev/VIST/src/robot/sdk/arm_teleop/install/lbot_arm_interfaces/include/lbot_arm_interfaces/lbot_arm_interfaces/srv/detail/set_enable__type_support.h
[0.436s] -- Up-to-date symlink: /home/ilex/Dev/VIST/src/robot/sdk/arm_teleop/install/lbot_arm_interfaces/include/lbot_arm_interfaces/lbot_arm_interfaces/srv/detail/set_frame__functions.h
[0.436s] -- Up-to-date symlink: /home/ilex/Dev/VIST/src/robot/sdk/arm_teleop/install/lbot_arm_interfaces/include/lbot_arm_interfaces/lbot_arm_interfaces/srv/detail/set_frame__struct.h
[0.436s] -- Up-to-date symlink: /home/ilex/Dev/VIST/src/robot/sdk/arm_teleop/install/lbot_arm_interfaces/include/lbot_arm_interfaces/lbot_arm_interfaces/srv/detail/set_frame__type_support.h
[0.436s] -- Up-to-date symlink: /home/ilex/Dev/VIST/src/robot/sdk/arm_teleop/install/lbot_arm_interfaces/include/lbot_arm_interfaces/lbot_arm_interfaces/srv/detail/set_string__functions.h
[0.436s] -- Up-to-date symlink: /home/ilex/Dev/VIST/src/robot/sdk/arm_teleop/install/lbot_arm_interfaces/include/lbot_arm_interfaces/lbot_arm_interfaces/srv/detail/set_string__struct.h
[0.436s] -- Up-to-date symlink: /home/ilex/Dev/VIST/src/robot/sdk/arm_teleop/install/lbot_arm_interfaces/include/lbot_arm_interfaces/lbot_arm_interfaces/srv/detail/set_string__type_support.h
[0.436s] -- Up-to-date symlink: /home/ilex/Dev/VIST/src/robot/sdk/arm_teleop/install/lbot_arm_interfaces/include/lbot_arm_interfaces/lbot_arm_interfaces/srv/detail/set_zero__functions.h
[0.436s] -- Up-to-date symlink: /home/ilex/Dev/VIST/src/robot/sdk/arm_teleop/install/lbot_arm_interfaces/include/lbot_arm_interfaces/lbot_arm_interfaces/srv/detail/set_zero__struct.h
[0.437s] -- Up-to-date symlink: /home/ilex/Dev/VIST/src/robot/sdk/arm_teleop/install/lbot_arm_interfaces/include/lbot_arm_interfaces/lbot_arm_interfaces/srv/detail/set_zero__type_support.h
[0.437s] -- Up-to-date symlink: /home/ilex/Dev/VIST/src/robot/sdk/arm_teleop/install/lbot_arm_interfaces/include/lbot_arm_interfaces/lbot_arm_interfaces/srv/forward_kinematics.h
[0.437s] -- Up-to-date symlink: /home/ilex/Dev/VIST/src/robot/sdk/arm_teleop/install/lbot_arm_interfaces/include/lbot_arm_interfaces/lbot_arm_interfaces/srv/get_all_frames.h
[0.437s] -- Up-to-date symlink: /home/ilex/Dev/VIST/src/robot/sdk/arm_teleop/install/lbot_arm_interfaces/include/lbot_arm_interfaces/lbot_arm_interfaces/srv/get_current_frame.h
[0.437s] -- Up-to-date symlink: /home/ilex/Dev/VIST/src/robot/sdk/arm_teleop/install/lbot_arm_interfaces/include/lbot_arm_interfaces/lbot_arm_interfaces/srv/get_frame.h
[0.437s] -- Up-to-date symlink: /home/ilex/Dev/VIST/src/robot/sdk/arm_teleop/install/lbot_arm_interfaces/include/lbot_arm_interfaces/lbot_arm_interfaces/srv/inverse_kinematics.h
[0.437s] -- Up-to-date symlink: /home/ilex/Dev/VIST/src/robot/sdk/arm_teleop/install/lbot_arm_interfaces/include/lbot_arm_interfaces/lbot_arm_interfaces/srv/move_c.h
[0.438s] -- Up-to-date symlink: /home/ilex/Dev/VIST/src/robot/sdk/arm_teleop/install/lbot_arm_interfaces/include/lbot_arm_interfaces/lbot_arm_interfaces/srv/move_j.h
[0.438s] -- Up-to-date symlink: /home/ilex/Dev/VIST/src/robot/sdk/arm_teleop/install/lbot_arm_interfaces/include/lbot_arm_interfaces/lbot_arm_interfaces/srv/move_jp.h
[0.438s] -- Up-to-date symlink: /home/ilex/Dev/VIST/src/robot/sdk/arm_teleop/install/lbot_arm_interfaces/include/lbot_arm_interfaces/lbot_arm_interfaces/srv/move_l.h
[0.438s] -- Up-to-date symlink: /home/ilex/Dev/VIST/src/robot/sdk/arm_teleop/install/lbot_arm_interfaces/include/lbot_arm_interfaces/lbot_arm_interfaces/srv/set_emergency.h
[0.438s] -- Up-to-date symlink: /home/ilex/Dev/VIST/src/robot/sdk/arm_teleop/install/lbot_arm_interfaces/include/lbot_arm_interfaces/lbot_arm_interfaces/srv/set_enable.h
[0.438s] -- Up-to-date symlink: /home/ilex/Dev/VIST/src/robot/sdk/arm_teleop/install/lbot_arm_interfaces/include/lbot_arm_interfaces/lbot_arm_interfaces/srv/set_frame.h
[0.438s] -- Up-to-date symlink: /home/ilex/Dev/VIST/src/robot/sdk/arm_teleop/install/lbot_arm_interfaces/include/lbot_arm_interfaces/lbot_arm_interfaces/srv/set_string.h
[0.438s] -- Up-to-date symlink: /home/ilex/Dev/VIST/src/robot/sdk/arm_teleop/install/lbot_arm_interfaces/include/lbot_arm_interfaces/lbot_arm_interfaces/srv/set_zero.h
[0.438s] -- Up-to-date symlink: /home/ilex/Dev/VIST/src/robot/sdk/arm_teleop/install/lbot_arm_interfaces/share/lbot_arm_interfaces/environment/library_path.sh
[0.438s] -- Up-to-date symlink: /home/ilex/Dev/VIST/src/robot/sdk/arm_teleop/install/lbot_arm_interfaces/share/lbot_arm_interfaces/environment/library_path.dsv
[0.439s] -- Up-to-date symlink: /home/ilex/Dev/VIST/src/robot/sdk/arm_teleop/install/lbot_arm_interfaces/include/lbot_arm_interfaces/lbot_arm_interfaces/msg/detail/arm_state__rosidl_typesupport_fastrtps_c.h
[0.439s] -- Up-to-date symlink: /home/ilex/Dev/VIST/src/robot/sdk/arm_teleop/install/lbot_arm_interfaces/include/lbot_arm_interfaces/lbot_arm_interfaces/msg/detail/follow_joint__rosidl_typesupport_fastrtps_c.h
[0.439s] -- Up-to-date symlink: /home/ilex/Dev/VIST/src/robot/sdk/arm_teleop/install/lbot_arm_interfaces/include/lbot_arm_interfaces/lbot_arm_interfaces/msg/detail/lbot_frame__rosidl_typesupport_fastrtps_c.h
[0.439s] -- Up-to-date symlink: /home/ilex/Dev/VIST/src/robot/sdk/arm_teleop/install/lbot_arm_interfaces/include/lbot_arm_interfaces/lbot_arm_interfaces/msg/detail/lbot_pose__rosidl_typesupport_fastrtps_c.h
[0.439s] -- Up-to-date symlink: /home/ilex/Dev/VIST/src/robot/sdk/arm_teleop/install/lbot_arm_interfaces/include/lbot_arm_interfaces/lbot_arm_interfaces/msg/rosidl_typesupport_fastrtps_c__visibility_control.h
[0.439s] -- Up-to-date symlink: /home/ilex/Dev/VIST/src/robot/sdk/arm_teleop/install/lbot_arm_interfaces/include/lbot_arm_interfaces/lbot_arm_interfaces/srv/detail/change_frame__rosidl_typesupport_fastrtps_c.h
[0.439s] -- Up-to-date symlink: /home/ilex/Dev/VIST/src/robot/sdk/arm_teleop/install/lbot_arm_interfaces/include/lbot_arm_interfaces/lbot_arm_interfaces/srv/detail/delete_frame__rosidl_typesupport_fastrtps_c.h
[0.439s] -- Up-to-date symlink: /home/ilex/Dev/VIST/src/robot/sdk/arm_teleop/install/lbot_arm_interfaces/include/lbot_arm_interfaces/lbot_arm_interfaces/srv/detail/forward_kinematics__rosidl_typesupport_fastrtps_c.h
[0.439s] -- Up-to-date symlink: /home/ilex/Dev/VIST/src/robot/sdk/arm_teleop/install/lbot_arm_interfaces/include/lbot_arm_interfaces/lbot_arm_interfaces/srv/detail/get_all_frames__rosidl_typesupport_fastrtps_c.h
[0.439s] -- Up-to-date symlink: /home/ilex/Dev/VIST/src/robot/sdk/arm_teleop/install/lbot_arm_interfaces/include/lbot_arm_interfaces/lbot_arm_interfaces/srv/detail/get_current_frame__rosidl_typesupport_fastrtps_c.h
[0.439s] -- Up-to-date symlink: /home/ilex/Dev/VIST/src/robot/sdk/arm_teleop/install/lbot_arm_interfaces/include/lbot_arm_interfaces/lbot_arm_interfaces/srv/detail/get_frame__rosidl_typesupport_fastrtps_c.h
[0.440s] -- Up-to-date symlink: /home/ilex/Dev/VIST/src/robot/sdk/arm_teleop/install/lbot_arm_interfaces/include/lbot_arm_interfaces/lbot_arm_interfaces/srv/detail/inverse_kinematics__rosidl_typesupport_fastrtps_c.h
[0.440s] -- Up-to-date symlink: /home/ilex/Dev/VIST/src/robot/sdk/arm_teleop/install/lbot_arm_interfaces/include/lbot_arm_interfaces/lbot_arm_interfaces/srv/detail/move_c__rosidl_typesupport_fastrtps_c.h
[0.440s] -- Up-to-date symlink: /home/ilex/Dev/VIST/src/robot/sdk/arm_teleop/install/lbot_arm_interfaces/include/lbot_arm_interfaces/lbot_arm_interfaces/srv/detail/move_j__rosidl_typesupport_fastrtps_c.h
[0.440s] -- Up-to-date symlink: /home/ilex/Dev/VIST/src/robot/sdk/arm_teleop/install/lbot_arm_interfaces/include/lbot_arm_interfaces/lbot_arm_interfaces/srv/detail/move_jp__rosidl_typesupport_fastrtps_c.h
[0.440s] -- Up-to-date symlink: /home/ilex/Dev/VIST/src/robot/sdk/arm_teleop/install/lbot_arm_interfaces/include/lbot_arm_interfaces/lbot_arm_interfaces/srv/detail/move_l__rosidl_typesupport_fastrtps_c.h
[0.440s] -- Up-to-date symlink: /home/ilex/Dev/VIST/src/robot/sdk/arm_teleop/install/lbot_arm_interfaces/include/lbot_arm_interfaces/lbot_arm_interfaces/srv/detail/set_emergency__rosidl_typesupport_fastrtps_c.h
[0.440s] -- Up-to-date symlink: /home/ilex/Dev/VIST/src/robot/sdk/arm_teleop/install/lbot_arm_interfaces/include/lbot_arm_interfaces/lbot_arm_interfaces/srv/detail/set_enable__rosidl_typesupport_fastrtps_c.h
[0.440s] -- Up-to-date symlink: /home/ilex/Dev/VIST/src/robot/sdk/arm_teleop/install/lbot_arm_interfaces/include/lbot_arm_interfaces/lbot_arm_interfaces/srv/detail/set_frame__rosidl_typesupport_fastrtps_c.h
[0.440s] -- Up-to-date symlink: /home/ilex/Dev/VIST/src/robot/sdk/arm_teleop/install/lbot_arm_interfaces/include/lbot_arm_interfaces/lbot_arm_interfaces/srv/detail/set_string__rosidl_typesupport_fastrtps_c.h
[0.440s] -- Up-to-date symlink: /home/ilex/Dev/VIST/src/robot/sdk/arm_teleop/install/lbot_arm_interfaces/include/lbot_arm_interfaces/lbot_arm_interfaces/srv/detail/set_zero__rosidl_typesupport_fastrtps_c.h
[0.441s] -- Up-to-date symlink: /home/ilex/Dev/VIST/src/robot/sdk/arm_teleop/install/lbot_arm_interfaces/include/lbot_arm_interfaces/lbot_arm_interfaces/msg/arm_state.hpp
[0.441s] -- Up-to-date symlink: /home/ilex/Dev/VIST/src/robot/sdk/arm_teleop/install/lbot_arm_interfaces/include/lbot_arm_interfaces/lbot_arm_interfaces/msg/detail/arm_state__builder.hpp
[0.441s] -- Up-to-date symlink: /home/ilex/Dev/VIST/src/robot/sdk/arm_teleop/install/lbot_arm_interfaces/include/lbot_arm_interfaces/lbot_arm_interfaces/msg/detail/arm_state__struct.hpp
[0.441s] -- Up-to-date symlink: /home/ilex/Dev/VIST/src/robot/sdk/arm_teleop/install/lbot_arm_interfaces/include/lbot_arm_interfaces/lbot_arm_interfaces/msg/detail/arm_state__traits.hpp
[0.441s] -- Up-to-date symlink: /home/ilex/Dev/VIST/src/robot/sdk/arm_teleop/install/lbot_arm_interfaces/include/lbot_arm_interfaces/lbot_arm_interfaces/msg/detail/arm_state__type_support.hpp
[0.441s] -- Up-to-date symlink: /home/ilex/Dev/VIST/src/robot/sdk/arm_teleop/install/lbot_arm_interfaces/include/lbot_arm_interfaces/lbot_arm_interfaces/msg/detail/follow_joint__builder.hpp
[0.441s] -- Up-to-date symlink: /home/ilex/Dev/VIST/src/robot/sdk/arm_teleop/install/lbot_arm_interfaces/include/lbot_arm_interfaces/lbot_arm_interfaces/msg/detail/follow_joint__struct.hpp
[0.441s] -- Up-to-date symlink: /home/ilex/Dev/VIST/src/robot/sdk/arm_teleop/install/lbot_arm_interfaces/include/lbot_arm_interfaces/lbot_arm_interfaces/msg/detail/follow_joint__traits.hpp
[0.441s] -- Up-to-date symlink: /home/ilex/Dev/VIST/src/robot/sdk/arm_teleop/install/lbot_arm_interfaces/include/lbot_arm_interfaces/lbot_arm_interfaces/msg/detail/follow_joint__type_support.hpp
[0.441s] -- Up-to-date symlink: /home/ilex/Dev/VIST/src/robot/sdk/arm_teleop/install/lbot_arm_interfaces/include/lbot_arm_interfaces/lbot_arm_interfaces/msg/detail/lbot_frame__builder.hpp
[0.442s] -- Up-to-date symlink: /home/ilex/Dev/VIST/src/robot/sdk/arm_teleop/install/lbot_arm_interfaces/include/lbot_arm_interfaces/lbot_arm_interfaces/msg/detail/lbot_frame__struct.hpp
[0.442s] -- Up-to-date symlink: /home/ilex/Dev/VIST/src/robot/sdk/arm_teleop/install/lbot_arm_interfaces/include/lbot_arm_interfaces/lbot_arm_interfaces/msg/detail/lbot_frame__traits.hpp
[0.442s] -- Up-to-date symlink: /home/ilex/Dev/VIST/src/robot/sdk/arm_teleop/install/lbot_arm_interfaces/include/lbot_arm_interfaces/lbot_arm_interfaces/msg/detail/lbot_frame__type_support.hpp
[0.442s] -- Up-to-date symlink: /home/ilex/Dev/VIST/src/robot/sdk/arm_teleop/install/lbot_arm_interfaces/include/lbot_arm_interfaces/lbot_arm_interfaces/msg/detail/lbot_pose__builder.hpp
[0.442s] -- Up-to-date symlink: /home/ilex/Dev/VIST/src/robot/sdk/arm_teleop/install/lbot_arm_interfaces/include/lbot_arm_interfaces/lbot_arm_interfaces/msg/detail/lbot_pose__struct.hpp
[0.442s] -- Up-to-date symlink: /home/ilex/Dev/VIST/src/robot/sdk/arm_teleop/install/lbot_arm_interfaces/include/lbot_arm_interfaces/lbot_arm_interfaces/msg/detail/lbot_pose__traits.hpp
[0.442s] -- Up-to-date symlink: /home/ilex/Dev/VIST/src/robot/sdk/arm_teleop/install/lbot_arm_interfaces/include/lbot_arm_interfaces/lbot_arm_interfaces/msg/detail/lbot_pose__type_support.hpp
[0.442s] -- Up-to-date symlink: /home/ilex/Dev/VIST/src/robot/sdk/arm_teleop/install/lbot_arm_interfaces/include/lbot_arm_interfaces/lbot_arm_interfaces/msg/follow_joint.hpp
[0.442s] -- Up-to-date symlink: /home/ilex/Dev/VIST/src/robot/sdk/arm_teleop/install/lbot_arm_interfaces/include/lbot_arm_interfaces/lbot_arm_interfaces/msg/lbot_frame.hpp
[0.442s] -- Up-to-date symlink: /home/ilex/Dev/VIST/src/robot/sdk/arm_teleop/install/lbot_arm_interfaces/include/lbot_arm_interfaces/lbot_arm_interfaces/msg/lbot_pose.hpp
[0.443s] -- Up-to-date symlink: /home/ilex/Dev/VIST/src/robot/sdk/arm_teleop/install/lbot_arm_interfaces/include/lbot_arm_interfaces/lbot_arm_interfaces/msg/rosidl_generator_cpp__visibility_control.hpp
[0.443s] -- Up-to-date symlink: /home/ilex/Dev/VIST/src/robot/sdk/arm_teleop/install/lbot_arm_interfaces/include/lbot_arm_interfaces/lbot_arm_interfaces/srv/change_frame.hpp
[0.443s] -- Up-to-date symlink: /home/ilex/Dev/VIST/src/robot/sdk/arm_teleop/install/lbot_arm_interfaces/include/lbot_arm_interfaces/lbot_arm_interfaces/srv/delete_frame.hpp
[0.443s] -- Up-to-date symlink: /home/ilex/Dev/VIST/src/robot/sdk/arm_teleop/install/lbot_arm_interfaces/include/lbot_arm_interfaces/lbot_arm_interfaces/srv/detail/change_frame__builder.hpp
[0.443s] -- Up-to-date symlink: /home/ilex/Dev/VIST/src/robot/sdk/arm_teleop/install/lbot_arm_interfaces/include/lbot_arm_interfaces/lbot_arm_interfaces/srv/detail/change_frame__struct.hpp
[0.443s] -- Up-to-date symlink: /home/ilex/Dev/VIST/src/robot/sdk/arm_teleop/install/lbot_arm_interfaces/include/lbot_arm_interfaces/lbot_arm_interfaces/srv/detail/change_frame__traits.hpp
[0.443s] -- Up-to-date symlink: /home/ilex/Dev/VIST/src/robot/sdk/arm_teleop/install/lbot_arm_interfaces/include/lbot_arm_interfaces/lbot_arm_interfaces/srv/detail/change_frame__type_support.hpp
[0.443s] -- Up-to-date symlink: /home/ilex/Dev/VIST/src/robot/sdk/arm_teleop/install/lbot_arm_interfaces/include/lbot_arm_interfaces/lbot_arm_interfaces/srv/detail/delete_frame__builder.hpp
[0.443s] -- Up-to-date symlink: /home/ilex/Dev/VIST/src/robot/sdk/arm_teleop/install/lbot_arm_interfaces/include/lbot_arm_interfaces/lbot_arm_interfaces/srv/detail/delete_frame__struct.hpp
[0.443s] -- Up-to-date symlink: /home/ilex/Dev/VIST/src/robot/sdk/arm_teleop/install/lbot_arm_interfaces/include/lbot_arm_interfaces/lbot_arm_interfaces/srv/detail/delete_frame__traits.hpp
[0.444s] -- Up-to-date symlink: /home/ilex/Dev/VIST/src/robot/sdk/arm_teleop/install/lbot_arm_interfaces/include/lbot_arm_interfaces/lbot_arm_interfaces/srv/detail/delete_frame__type_support.hpp
[0.444s] -- Up-to-date symlink: /home/ilex/Dev/VIST/src/robot/sdk/arm_teleop/install/lbot_arm_interfaces/include/lbot_arm_interfaces/lbot_arm_interfaces/srv/detail/forward_kinematics__builder.hpp
[0.444s] -- Up-to-date symlink: /home/ilex/Dev/VIST/src/robot/sdk/arm_teleop/install/lbot_arm_interfaces/include/lbot_arm_interfaces/lbot_arm_interfaces/srv/detail/forward_kinematics__struct.hpp
[0.444s] -- Up-to-date symlink: /home/ilex/Dev/VIST/src/robot/sdk/arm_teleop/install/lbot_arm_interfaces/include/lbot_arm_interfaces/lbot_arm_interfaces/srv/detail/forward_kinematics__traits.hpp
[0.444s] -- Up-to-date symlink: /home/ilex/Dev/VIST/src/robot/sdk/arm_teleop/install/lbot_arm_interfaces/include/lbot_arm_interfaces/lbot_arm_interfaces/srv/detail/forward_kinematics__type_support.hpp
[0.444s] -- Up-to-date symlink: /home/ilex/Dev/VIST/src/robot/sdk/arm_teleop/install/lbot_arm_interfaces/include/lbot_arm_interfaces/lbot_arm_interfaces/srv/detail/get_all_frames__builder.hpp
[0.444s] -- Up-to-date symlink: /home/ilex/Dev/VIST/src/robot/sdk/arm_teleop/install/lbot_arm_interfaces/include/lbot_arm_interfaces/lbot_arm_interfaces/srv/detail/get_all_frames__struct.hpp
[0.444s] -- Up-to-date symlink: /home/ilex/Dev/VIST/src/robot/sdk/arm_teleop/install/lbot_arm_interfaces/include/lbot_arm_interfaces/lbot_arm_interfaces/srv/detail/get_all_frames__traits.hpp
[0.444s] -- Up-to-date symlink: /home/ilex/Dev/VIST/src/robot/sdk/arm_teleop/install/lbot_arm_interfaces/include/lbot_arm_interfaces/lbot_arm_interfaces/srv/detail/get_all_frames__type_support.hpp
[0.444s] -- Up-to-date symlink: /home/ilex/Dev/VIST/src/robot/sdk/arm_teleop/install/lbot_arm_interfaces/include/lbot_arm_interfaces/lbot_arm_interfaces/srv/detail/get_current_frame__builder.hpp
[0.445s] -- Up-to-date symlink: /home/ilex/Dev/VIST/src/robot/sdk/arm_teleop/install/lbot_arm_interfaces/include/lbot_arm_interfaces/lbot_arm_interfaces/srv/detail/get_current_frame__struct.hpp
[0.445s] -- Up-to-date symlink: /home/ilex/Dev/VIST/src/robot/sdk/arm_teleop/install/lbot_arm_interfaces/include/lbot_arm_interfaces/lbot_arm_interfaces/srv/detail/get_current_frame__traits.hpp
[0.445s] -- Up-to-date symlink: /home/ilex/Dev/VIST/src/robot/sdk/arm_teleop/install/lbot_arm_interfaces/include/lbot_arm_interfaces/lbot_arm_interfaces/srv/detail/get_current_frame__type_support.hpp
[0.445s] -- Up-to-date symlink: /home/ilex/Dev/VIST/src/robot/sdk/arm_teleop/install/lbot_arm_interfaces/include/lbot_arm_interfaces/lbot_arm_interfaces/srv/detail/get_frame__builder.hpp
[0.445s] -- Up-to-date symlink: /home/ilex/Dev/VIST/src/robot/sdk/arm_teleop/install/lbot_arm_interfaces/include/lbot_arm_interfaces/lbot_arm_interfaces/srv/detail/get_frame__struct.hpp
[0.445s] -- Up-to-date symlink: /home/ilex/Dev/VIST/src/robot/sdk/arm_teleop/install/lbot_arm_interfaces/include/lbot_arm_interfaces/lbot_arm_interfaces/srv/detail/get_frame__traits.hpp
[0.445s] -- Up-to-date symlink: /home/ilex/Dev/VIST/src/robot/sdk/arm_teleop/install/lbot_arm_interfaces/include/lbot_arm_interfaces/lbot_arm_interfaces/srv/detail/get_frame__type_support.hpp
[0.445s] -- Up-to-date symlink: /home/ilex/Dev/VIST/src/robot/sdk/arm_teleop/install/lbot_arm_interfaces/include/lbot_arm_interfaces/lbot_arm_interfaces/srv/detail/inverse_kinematics__builder.hpp
[0.446s] -- Up-to-date symlink: /home/ilex/Dev/VIST/src/robot/sdk/arm_teleop/install/lbot_arm_interfaces/include/lbot_arm_interfaces/lbot_arm_interfaces/srv/detail/inverse_kinematics__struct.hpp
[0.446s] -- Up-to-date symlink: /home/ilex/Dev/VIST/src/robot/sdk/arm_teleop/install/lbot_arm_interfaces/include/lbot_arm_interfaces/lbot_arm_interfaces/srv/detail/inverse_kinematics__traits.hpp
[0.446s] -- Up-to-date symlink: /home/ilex/Dev/VIST/src/robot/sdk/arm_teleop/install/lbot_arm_interfaces/include/lbot_arm_interfaces/lbot_arm_interfaces/srv/detail/inverse_kinematics__type_support.hpp
[0.446s] -- Up-to-date symlink: /home/ilex/Dev/VIST/src/robot/sdk/arm_teleop/install/lbot_arm_interfaces/include/lbot_arm_interfaces/lbot_arm_interfaces/srv/detail/move_c__builder.hpp
[0.446s] -- Up-to-date symlink: /home/ilex/Dev/VIST/src/robot/sdk/arm_teleop/install/lbot_arm_interfaces/include/lbot_arm_interfaces/lbot_arm_interfaces/srv/detail/move_c__struct.hpp
[0.446s] -- Up-to-date symlink: /home/ilex/Dev/VIST/src/robot/sdk/arm_teleop/install/lbot_arm_interfaces/include/lbot_arm_interfaces/lbot_arm_interfaces/srv/detail/move_c__traits.hpp
[0.446s] -- Up-to-date symlink: /home/ilex/Dev/VIST/src/robot/sdk/arm_teleop/install/lbot_arm_interfaces/include/lbot_arm_interfaces/lbot_arm_interfaces/srv/detail/move_c__type_support.hpp
[0.446s] -- Up-to-date symlink: /home/ilex/Dev/VIST/src/robot/sdk/arm_teleop/install/lbot_arm_interfaces/include/lbot_arm_interfaces/lbot_arm_interfaces/srv/detail/move_j__builder.hpp
[0.446s] -- Up-to-date symlink: /home/ilex/Dev/VIST/src/robot/sdk/arm_teleop/install/lbot_arm_interfaces/include/lbot_arm_interfaces/lbot_arm_interfaces/srv/detail/move_j__struct.hpp
[0.446s] -- Up-to-date symlink: /home/ilex/Dev/VIST/src/robot/sdk/arm_teleop/install/lbot_arm_interfaces/include/lbot_arm_interfaces/lbot_arm_interfaces/srv/detail/move_j__traits.hpp
[0.446s] -- Up-to-date symlink: /home/ilex/Dev/VIST/src/robot/sdk/arm_teleop/install/lbot_arm_interfaces/include/lbot_arm_interfaces/lbot_arm_interfaces/srv/detail/move_j__type_support.hpp
[0.447s] -- Up-to-date symlink: /home/ilex/Dev/VIST/src/robot/sdk/arm_teleop/install/lbot_arm_interfaces/include/lbot_arm_interfaces/lbot_arm_interfaces/srv/detail/move_jp__builder.hpp
[0.447s] -- Up-to-date symlink: /home/ilex/Dev/VIST/src/robot/sdk/arm_teleop/install/lbot_arm_interfaces/include/lbot_arm_interfaces/lbot_arm_interfaces/srv/detail/move_jp__struct.hpp
[0.447s] -- Up-to-date symlink: /home/ilex/Dev/VIST/src/robot/sdk/arm_teleop/install/lbot_arm_interfaces/include/lbot_arm_interfaces/lbot_arm_interfaces/srv/detail/move_jp__traits.hpp
[0.447s] -- Up-to-date symlink: /home/ilex/Dev/VIST/src/robot/sdk/arm_teleop/install/lbot_arm_interfaces/include/lbot_arm_interfaces/lbot_arm_interfaces/srv/detail/move_jp__type_support.hpp
[0.447s] -- Up-to-date symlink: /home/ilex/Dev/VIST/src/robot/sdk/arm_teleop/install/lbot_arm_interfaces/include/lbot_arm_interfaces/lbot_arm_interfaces/srv/detail/move_l__builder.hpp
[0.447s] -- Up-to-date symlink: /home/ilex/Dev/VIST/src/robot/sdk/arm_teleop/install/lbot_arm_interfaces/include/lbot_arm_interfaces/lbot_arm_interfaces/srv/detail/move_l__struct.hpp
[0.447s] -- Up-to-date symlink: /home/ilex/Dev/VIST/src/robot/sdk/arm_teleop/install/lbot_arm_interfaces/include/lbot_arm_interfaces/lbot_arm_interfaces/srv/detail/move_l__traits.hpp
[0.447s] -- Up-to-date symlink: /home/ilex/Dev/VIST/src/robot/sdk/arm_teleop/install/lbot_arm_interfaces/include/lbot_arm_interfaces/lbot_arm_interfaces/srv/detail/move_l__type_support.hpp
[0.447s] -- Up-to-date symlink: /home/ilex/Dev/VIST/src/robot/sdk/arm_teleop/install/lbot_arm_interfaces/include/lbot_arm_interfaces/lbot_arm_interfaces/srv/detail/set_emergency__builder.hpp
[0.447s] -- Up-to-date symlink: /home/ilex/Dev/VIST/src/robot/sdk/arm_teleop/install/lbot_arm_interfaces/include/lbot_arm_interfaces/lbot_arm_interfaces/srv/detail/set_emergency__struct.hpp
[0.448s] -- Up-to-date symlink: /home/ilex/Dev/VIST/src/robot/sdk/arm_teleop/install/lbot_arm_interfaces/include/lbot_arm_interfaces/lbot_arm_interfaces/srv/detail/set_emergency__traits.hpp
[0.448s] -- Up-to-date symlink: /home/ilex/Dev/VIST/src/robot/sdk/arm_teleop/install/lbot_arm_interfaces/include/lbot_arm_interfaces/lbot_arm_interfaces/srv/detail/set_emergency__type_support.hpp
[0.448s] -- Up-to-date symlink: /home/ilex/Dev/VIST/src/robot/sdk/arm_teleop/install/lbot_arm_interfaces/include/lbot_arm_interfaces/lbot_arm_interfaces/srv/detail/set_enable__builder.hpp
[0.448s] -- Up-to-date symlink: /home/ilex/Dev/VIST/src/robot/sdk/arm_teleop/install/lbot_arm_interfaces/include/lbot_arm_interfaces/lbot_arm_interfaces/srv/detail/set_enable__struct.hpp
[0.448s] -- Up-to-date symlink: /home/ilex/Dev/VIST/src/robot/sdk/arm_teleop/install/lbot_arm_interfaces/include/lbot_arm_interfaces/lbot_arm_interfaces/srv/detail/set_enable__traits.hpp
[0.448s] -- Up-to-date symlink: /home/ilex/Dev/VIST/src/robot/sdk/arm_teleop/install/lbot_arm_interfaces/include/lbot_arm_interfaces/lbot_arm_interfaces/srv/detail/set_enable__type_support.hpp
[0.448s] -- Up-to-date symlink: /home/ilex/Dev/VIST/src/robot/sdk/arm_teleop/install/lbot_arm_interfaces/include/lbot_arm_interfaces/lbot_arm_interfaces/srv/detail/set_frame__builder.hpp
[0.448s] -- Up-to-date symlink: /home/ilex/Dev/VIST/src/robot/sdk/arm_teleop/install/lbot_arm_interfaces/include/lbot_arm_interfaces/lbot_arm_interfaces/srv/detail/set_frame__struct.hpp
[0.448s] -- Up-to-date symlink: /home/ilex/Dev/VIST/src/robot/sdk/arm_teleop/install/lbot_arm_interfaces/include/lbot_arm_interfaces/lbot_arm_interfaces/srv/detail/set_frame__traits.hpp
[0.448s] -- Up-to-date symlink: /home/ilex/Dev/VIST/src/robot/sdk/arm_teleop/install/lbot_arm_interfaces/include/lbot_arm_interfaces/lbot_arm_interfaces/srv/detail/set_frame__type_support.hpp
[0.449s] -- Up-to-date symlink: /home/ilex/Dev/VIST/src/robot/sdk/arm_teleop/install/lbot_arm_interfaces/include/lbot_arm_interfaces/lbot_arm_interfaces/srv/detail/set_string__builder.hpp
[0.449s] -- Up-to-date symlink: /home/ilex/Dev/VIST/src/robot/sdk/arm_teleop/install/lbot_arm_interfaces/include/lbot_arm_interfaces/lbot_arm_interfaces/srv/detail/set_string__struct.hpp
[0.449s] -- Up-to-date symlink: /home/ilex/Dev/VIST/src/robot/sdk/arm_teleop/install/lbot_arm_interfaces/include/lbot_arm_interfaces/lbot_arm_interfaces/srv/detail/set_string__traits.hpp
[0.449s] -- Up-to-date symlink: /home/ilex/Dev/VIST/src/robot/sdk/arm_teleop/install/lbot_arm_interfaces/include/lbot_arm_interfaces/lbot_arm_interfaces/srv/detail/set_string__type_support.hpp
[0.449s] -- Up-to-date symlink: /home/ilex/Dev/VIST/src/robot/sdk/arm_teleop/install/lbot_arm_interfaces/include/lbot_arm_interfaces/lbot_arm_interfaces/srv/detail/set_zero__builder.hpp
[0.449s] -- Up-to-date symlink: /home/ilex/Dev/VIST/src/robot/sdk/arm_teleop/install/lbot_arm_interfaces/include/lbot_arm_interfaces/lbot_arm_interfaces/srv/detail/set_zero__struct.hpp
[0.449s] -- Up-to-date symlink: /home/ilex/Dev/VIST/src/robot/sdk/arm_teleop/install/lbot_arm_interfaces/include/lbot_arm_interfaces/lbot_arm_interfaces/srv/detail/set_zero__traits.hpp
[0.449s] -- Up-to-date symlink: /home/ilex/Dev/VIST/src/robot/sdk/arm_teleop/install/lbot_arm_interfaces/include/lbot_arm_interfaces/lbot_arm_interfaces/srv/detail/set_zero__type_support.hpp
[0.449s] -- Up-to-date symlink: /home/ilex/Dev/VIST/src/robot/sdk/arm_teleop/install/lbot_arm_interfaces/include/lbot_arm_interfaces/lbot_arm_interfaces/srv/forward_kinematics.hpp
[0.449s] -- Up-to-date symlink: /home/ilex/Dev/VIST/src/robot/sdk/arm_teleop/install/lbot_arm_interfaces/include/lbot_arm_interfaces/lbot_arm_interfaces/srv/get_all_frames.hpp
[0.450s] -- Up-to-date symlink: /home/ilex/Dev/VIST/src/robot/sdk/arm_teleop/install/lbot_arm_interfaces/include/lbot_arm_interfaces/lbot_arm_interfaces/srv/get_current_frame.hpp
[0.450s] -- Up-to-date symlink: /home/ilex/Dev/VIST/src/robot/sdk/arm_teleop/install/lbot_arm_interfaces/include/lbot_arm_interfaces/lbot_arm_interfaces/srv/get_frame.hpp
[0.450s] -- Up-to-date symlink: /home/ilex/Dev/VIST/src/robot/sdk/arm_teleop/install/lbot_arm_interfaces/include/lbot_arm_interfaces/lbot_arm_interfaces/srv/inverse_kinematics.hpp
[0.450s] -- Up-to-date symlink: /home/ilex/Dev/VIST/src/robot/sdk/arm_teleop/install/lbot_arm_interfaces/include/lbot_arm_interfaces/lbot_arm_interfaces/srv/move_c.hpp
[0.450s] -- Up-to-date symlink: /home/ilex/Dev/VIST/src/robot/sdk/arm_teleop/install/lbot_arm_interfaces/include/lbot_arm_interfaces/lbot_arm_interfaces/srv/move_j.hpp
[0.450s] -- Up-to-date symlink: /home/ilex/Dev/VIST/src/robot/sdk/arm_teleop/install/lbot_arm_interfaces/include/lbot_arm_interfaces/lbot_arm_interfaces/srv/move_jp.hpp
[0.450s] -- Up-to-date symlink: /home/ilex/Dev/VIST/src/robot/sdk/arm_teleop/install/lbot_arm_interfaces/include/lbot_arm_interfaces/lbot_arm_interfaces/srv/move_l.hpp
[0.450s] -- Up-to-date symlink: /home/ilex/Dev/VIST/src/robot/sdk/arm_teleop/install/lbot_arm_interfaces/include/lbot_arm_interfaces/lbot_arm_interfaces/srv/set_emergency.hpp
[0.450s] -- Up-to-date symlink: /home/ilex/Dev/VIST/src/robot/sdk/arm_teleop/install/lbot_arm_interfaces/include/lbot_arm_interfaces/lbot_arm_interfaces/srv/set_enable.hpp
[0.450s] -- Up-to-date symlink: /home/ilex/Dev/VIST/src/robot/sdk/arm_teleop/install/lbot_arm_interfaces/include/lbot_arm_interfaces/lbot_arm_interfaces/srv/set_frame.hpp
[0.450s] -- Up-to-date symlink: /home/ilex/Dev/VIST/src/robot/sdk/arm_teleop/install/lbot_arm_interfaces/include/lbot_arm_interfaces/lbot_arm_interfaces/srv/set_string.hpp
[0.451s] -- Up-to-date symlink: /home/ilex/Dev/VIST/src/robot/sdk/arm_teleop/install/lbot_arm_interfaces/include/lbot_arm_interfaces/lbot_arm_interfaces/srv/set_zero.hpp
[0.451s] -- Up-to-date symlink: /home/ilex/Dev/VIST/src/robot/sdk/arm_teleop/install/lbot_arm_interfaces/include/lbot_arm_interfaces/lbot_arm_interfaces/msg/detail/arm_state__rosidl_typesupport_fastrtps_cpp.hpp
[0.451s] -- Up-to-date symlink: /home/ilex/Dev/VIST/src/robot/sdk/arm_teleop/install/lbot_arm_interfaces/include/lbot_arm_interfaces/lbot_arm_interfaces/msg/detail/follow_joint__rosidl_typesupport_fastrtps_cpp.hpp
[0.451s] -- Up-to-date symlink: /home/ilex/Dev/VIST/src/robot/sdk/arm_teleop/install/lbot_arm_interfaces/include/lbot_arm_interfaces/lbot_arm_interfaces/msg/detail/lbot_frame__rosidl_typesupport_fastrtps_cpp.hpp
[0.451s] -- Up-to-date symlink: /home/ilex/Dev/VIST/src/robot/sdk/arm_teleop/install/lbot_arm_interfaces/include/lbot_arm_interfaces/lbot_arm_interfaces/msg/detail/lbot_pose__rosidl_typesupport_fastrtps_cpp.hpp
[0.451s] -- Up-to-date symlink: /home/ilex/Dev/VIST/src/robot/sdk/arm_teleop/install/lbot_arm_interfaces/include/lbot_arm_interfaces/lbot_arm_interfaces/msg/rosidl_typesupport_fastrtps_cpp__visibility_control.h
[0.451s] -- Up-to-date symlink: /home/ilex/Dev/VIST/src/robot/sdk/arm_teleop/install/lbot_arm_interfaces/include/lbot_arm_interfaces/lbot_arm_interfaces/srv/detail/change_frame__rosidl_typesupport_fastrtps_cpp.hpp
[0.451s] -- Up-to-date symlink: /home/ilex/Dev/VIST/src/robot/sdk/arm_teleop/install/lbot_arm_interfaces/include/lbot_arm_interfaces/lbot_arm_interfaces/srv/detail/delete_frame__rosidl_typesupport_fastrtps_cpp.hpp
[0.452s] -- Up-to-date symlink: /home/ilex/Dev/VIST/src/robot/sdk/arm_teleop/install/lbot_arm_interfaces/include/lbot_arm_interfaces/lbot_arm_interfaces/srv/detail/forward_kinematics__rosidl_typesupport_fastrtps_cpp.hpp
[0.452s] -- Up-to-date symlink: /home/ilex/Dev/VIST/src/robot/sdk/arm_teleop/install/lbot_arm_interfaces/include/lbot_arm_interfaces/lbot_arm_interfaces/srv/detail/get_all_frames__rosidl_typesupport_fastrtps_cpp.hpp
[0.452s] -- Up-to-date symlink: /home/ilex/Dev/VIST/src/robot/sdk/arm_teleop/install/lbot_arm_interfaces/include/lbot_arm_interfaces/lbot_arm_interfaces/srv/detail/get_current_frame__rosidl_typesupport_fastrtps_cpp.hpp
[0.452s] -- Up-to-date symlink: /home/ilex/Dev/VIST/src/robot/sdk/arm_teleop/install/lbot_arm_interfaces/include/lbot_arm_interfaces/lbot_arm_interfaces/srv/detail/get_frame__rosidl_typesupport_fastrtps_cpp.hpp
[0.452s] -- Up-to-date symlink: /home/ilex/Dev/VIST/src/robot/sdk/arm_teleop/install/lbot_arm_interfaces/include/lbot_arm_interfaces/lbot_arm_interfaces/srv/detail/inverse_kinematics__rosidl_typesupport_fastrtps_cpp.hpp
[0.452s] -- Up-to-date symlink: /home/ilex/Dev/VIST/src/robot/sdk/arm_teleop/install/lbot_arm_interfaces/include/lbot_arm_interfaces/lbot_arm_interfaces/srv/detail/move_c__rosidl_typesupport_fastrtps_cpp.hpp
[0.452s] -- Up-to-date symlink: /home/ilex/Dev/VIST/src/robot/sdk/arm_teleop/install/lbot_arm_interfaces/include/lbot_arm_interfaces/lbot_arm_interfaces/srv/detail/move_j__rosidl_typesupport_fastrtps_cpp.hpp
[0.452s] -- Up-to-date symlink: /home/ilex/Dev/VIST/src/robot/sdk/arm_teleop/install/lbot_arm_interfaces/include/lbot_arm_interfaces/lbot_arm_interfaces/srv/detail/move_jp__rosidl_typesupport_fastrtps_cpp.hpp
[0.452s] -- Up-to-date symlink: /home/ilex/Dev/VIST/src/robot/sdk/arm_teleop/install/lbot_arm_interfaces/include/lbot_arm_interfaces/lbot_arm_interfaces/srv/detail/move_l__rosidl_typesupport_fastrtps_cpp.hpp
[0.452s] -- Up-to-date symlink: /home/ilex/Dev/VIST/src/robot/sdk/arm_teleop/install/lbot_arm_interfaces/include/lbot_arm_interfaces/lbot_arm_interfaces/srv/detail/set_emergency__rosidl_typesupport_fastrtps_cpp.hpp
[0.453s] -- Up-to-date symlink: /home/ilex/Dev/VIST/src/robot/sdk/arm_teleop/install/lbot_arm_interfaces/include/lbot_arm_interfaces/lbot_arm_interfaces/srv/detail/set_enable__rosidl_typesupport_fastrtps_cpp.hpp
[0.453s] -- Up-to-date symlink: /home/ilex/Dev/VIST/src/robot/sdk/arm_teleop/install/lbot_arm_interfaces/include/lbot_arm_interfaces/lbot_arm_interfaces/srv/detail/set_frame__rosidl_typesupport_fastrtps_cpp.hpp
[0.453s] -- Up-to-date symlink: /home/ilex/Dev/VIST/src/robot/sdk/arm_teleop/install/lbot_arm_interfaces/include/lbot_arm_interfaces/lbot_arm_interfaces/srv/detail/set_string__rosidl_typesupport_fastrtps_cpp.hpp
[0.453s] -- Up-to-date symlink: /home/ilex/Dev/VIST/src/robot/sdk/arm_teleop/install/lbot_arm_interfaces/include/lbot_arm_interfaces/lbot_arm_interfaces/srv/detail/set_zero__rosidl_typesupport_fastrtps_cpp.hpp
[0.453s] -- Up-to-date symlink: /home/ilex/Dev/VIST/src/robot/sdk/arm_teleop/install/lbot_arm_interfaces/include/lbot_arm_interfaces/lbot_arm_interfaces/msg/detail/arm_state__rosidl_typesupport_introspection_c.h
[0.453s] -- Up-to-date symlink: /home/ilex/Dev/VIST/src/robot/sdk/arm_teleop/install/lbot_arm_interfaces/include/lbot_arm_interfaces/lbot_arm_interfaces/msg/detail/follow_joint__rosidl_typesupport_introspection_c.h
[0.453s] -- Up-to-date symlink: /home/ilex/Dev/VIST/src/robot/sdk/arm_teleop/install/lbot_arm_interfaces/include/lbot_arm_interfaces/lbot_arm_interfaces/msg/detail/lbot_frame__rosidl_typesupport_introspection_c.h
[0.453s] -- Up-to-date symlink: /home/ilex/Dev/VIST/src/robot/sdk/arm_teleop/install/lbot_arm_interfaces/include/lbot_arm_interfaces/lbot_arm_interfaces/msg/detail/lbot_pose__rosidl_typesupport_introspection_c.h
[0.453s] -- Up-to-date symlink: /home/ilex/Dev/VIST/src/robot/sdk/arm_teleop/install/lbot_arm_interfaces/include/lbot_arm_interfaces/lbot_arm_interfaces/msg/rosidl_typesupport_introspection_c__visibility_control.h
[0.453s] -- Up-to-date symlink: /home/ilex/Dev/VIST/src/robot/sdk/arm_teleop/install/lbot_arm_interfaces/include/lbot_arm_interfaces/lbot_arm_interfaces/srv/detail/change_frame__rosidl_typesupport_introspection_c.h
[0.454s] -- Up-to-date symlink: /home/ilex/Dev/VIST/src/robot/sdk/arm_teleop/install/lbot_arm_interfaces/include/lbot_arm_interfaces/lbot_arm_interfaces/srv/detail/delete_frame__rosidl_typesupport_introspection_c.h
[0.454s] -- Up-to-date symlink: /home/ilex/Dev/VIST/src/robot/sdk/arm_teleop/install/lbot_arm_interfaces/include/lbot_arm_interfaces/lbot_arm_interfaces/srv/detail/forward_kinematics__rosidl_typesupport_introspection_c.h
[0.454s] -- Up-to-date symlink: /home/ilex/Dev/VIST/src/robot/sdk/arm_teleop/install/lbot_arm_interfaces/include/lbot_arm_interfaces/lbot_arm_interfaces/srv/detail/get_all_frames__rosidl_typesupport_introspection_c.h
[0.454s] -- Up-to-date symlink: /home/ilex/Dev/VIST/src/robot/sdk/arm_teleop/install/lbot_arm_interfaces/include/lbot_arm_interfaces/lbot_arm_interfaces/srv/detail/get_current_frame__rosidl_typesupport_introspection_c.h
[0.454s] -- Up-to-date symlink: /home/ilex/Dev/VIST/src/robot/sdk/arm_teleop/install/lbot_arm_interfaces/include/lbot_arm_interfaces/lbot_arm_interfaces/srv/detail/get_frame__rosidl_typesupport_introspection_c.h
[0.454s] -- Up-to-date symlink: /home/ilex/Dev/VIST/src/robot/sdk/arm_teleop/install/lbot_arm_interfaces/include/lbot_arm_interfaces/lbot_arm_interfaces/srv/detail/inverse_kinematics__rosidl_typesupport_introspection_c.h
[0.454s] -- Up-to-date symlink: /home/ilex/Dev/VIST/src/robot/sdk/arm_teleop/install/lbot_arm_interfaces/include/lbot_arm_interfaces/lbot_arm_interfaces/srv/detail/move_c__rosidl_typesupport_introspection_c.h
[0.454s] -- Up-to-date symlink: /home/ilex/Dev/VIST/src/robot/sdk/arm_teleop/install/lbot_arm_interfaces/include/lbot_arm_interfaces/lbot_arm_interfaces/srv/detail/move_j__rosidl_typesupport_introspection_c.h
[0.454s] -- Up-to-date symlink: /home/ilex/Dev/VIST/src/robot/sdk/arm_teleop/install/lbot_arm_interfaces/include/lbot_arm_interfaces/lbot_arm_interfaces/srv/detail/move_jp__rosidl_typesupport_introspection_c.h
[0.455s] -- Up-to-date symlink: /home/ilex/Dev/VIST/src/robot/sdk/arm_teleop/install/lbot_arm_interfaces/include/lbot_arm_interfaces/lbot_arm_interfaces/srv/detail/move_l__rosidl_typesupport_introspection_c.h
[0.455s] -- Up-to-date symlink: /home/ilex/Dev/VIST/src/robot/sdk/arm_teleop/install/lbot_arm_interfaces/include/lbot_arm_interfaces/lbot_arm_interfaces/srv/detail/set_emergency__rosidl_typesupport_introspection_c.h
[0.455s] -- Up-to-date symlink: /home/ilex/Dev/VIST/src/robot/sdk/arm_teleop/install/lbot_arm_interfaces/include/lbot_arm_interfaces/lbot_arm_interfaces/srv/detail/set_enable__rosidl_typesupport_introspection_c.h
[0.455s] -- Up-to-date symlink: /home/ilex/Dev/VIST/src/robot/sdk/arm_teleop/install/lbot_arm_interfaces/include/lbot_arm_interfaces/lbot_arm_interfaces/srv/detail/set_frame__rosidl_typesupport_introspection_c.h
[0.455s] -- Up-to-date symlink: /home/ilex/Dev/VIST/src/robot/sdk/arm_teleop/install/lbot_arm_interfaces/include/lbot_arm_interfaces/lbot_arm_interfaces/srv/detail/set_string__rosidl_typesupport_introspection_c.h
[0.455s] -- Up-to-date symlink: /home/ilex/Dev/VIST/src/robot/sdk/arm_teleop/install/lbot_arm_interfaces/include/lbot_arm_interfaces/lbot_arm_interfaces/srv/detail/set_zero__rosidl_typesupport_introspection_c.h
[0.455s] -- Up-to-date symlink: /home/ilex/Dev/VIST/src/robot/sdk/arm_teleop/install/lbot_arm_interfaces/include/lbot_arm_interfaces/lbot_arm_interfaces/msg/detail/arm_state__rosidl_typesupport_introspection_cpp.hpp
[0.455s] -- Up-to-date symlink: /home/ilex/Dev/VIST/src/robot/sdk/arm_teleop/install/lbot_arm_interfaces/include/lbot_arm_interfaces/lbot_arm_interfaces/msg/detail/follow_joint__rosidl_typesupport_introspection_cpp.hpp
[0.455s] -- Up-to-date symlink: /home/ilex/Dev/VIST/src/robot/sdk/arm_teleop/install/lbot_arm_interfaces/include/lbot_arm_interfaces/lbot_arm_interfaces/msg/detail/lbot_frame__rosidl_typesupport_introspection_cpp.hpp
[0.455s] -- Up-to-date symlink: /home/ilex/Dev/VIST/src/robot/sdk/arm_teleop/install/lbot_arm_interfaces/include/lbot_arm_interfaces/lbot_arm_interfaces/msg/detail/lbot_pose__rosidl_typesupport_introspection_cpp.hpp
[0.456s] -- Up-to-date symlink: /home/ilex/Dev/VIST/src/robot/sdk/arm_teleop/install/lbot_arm_interfaces/include/lbot_arm_interfaces/lbot_arm_interfaces/srv/detail/change_frame__rosidl_typesupport_introspection_cpp.hpp
[0.456s] -- Up-to-date symlink: /home/ilex/Dev/VIST/src/robot/sdk/arm_teleop/install/lbot_arm_interfaces/include/lbot_arm_interfaces/lbot_arm_interfaces/srv/detail/delete_frame__rosidl_typesupport_introspection_cpp.hpp
[0.456s] -- Up-to-date symlink: /home/ilex/Dev/VIST/src/robot/sdk/arm_teleop/install/lbot_arm_interfaces/include/lbot_arm_interfaces/lbot_arm_interfaces/srv/detail/forward_kinematics__rosidl_typesupport_introspection_cpp.hpp
[0.456s] -- Up-to-date symlink: /home/ilex/Dev/VIST/src/robot/sdk/arm_teleop/install/lbot_arm_interfaces/include/lbot_arm_interfaces/lbot_arm_interfaces/srv/detail/get_all_frames__rosidl_typesupport_introspection_cpp.hpp
[0.456s] -- Up-to-date symlink: /home/ilex/Dev/VIST/src/robot/sdk/arm_teleop/install/lbot_arm_interfaces/include/lbot_arm_interfaces/lbot_arm_interfaces/srv/detail/get_current_frame__rosidl_typesupport_introspection_cpp.hpp
[0.456s] -- Up-to-date symlink: /home/ilex/Dev/VIST/src/robot/sdk/arm_teleop/install/lbot_arm_interfaces/include/lbot_arm_interfaces/lbot_arm_interfaces/srv/detail/get_frame__rosidl_typesupport_introspection_cpp.hpp
[0.456s] -- Up-to-date symlink: /home/ilex/Dev/VIST/src/robot/sdk/arm_teleop/install/lbot_arm_interfaces/include/lbot_arm_interfaces/lbot_arm_interfaces/srv/detail/inverse_kinematics__rosidl_typesupport_introspection_cpp.hpp
[0.456s] -- Up-to-date symlink: /home/ilex/Dev/VIST/src/robot/sdk/arm_teleop/install/lbot_arm_interfaces/include/lbot_arm_interfaces/lbot_arm_interfaces/srv/detail/move_c__rosidl_typesupport_introspection_cpp.hpp
[0.457s] -- Up-to-date symlink: /home/ilex/Dev/VIST/src/robot/sdk/arm_teleop/install/lbot_arm_interfaces/include/lbot_arm_interfaces/lbot_arm_interfaces/srv/detail/move_j__rosidl_typesupport_introspection_cpp.hpp
[0.457s] -- Up-to-date symlink: /home/ilex/Dev/VIST/src/robot/sdk/arm_teleop/install/lbot_arm_interfaces/include/lbot_arm_interfaces/lbot_arm_interfaces/srv/detail/move_jp__rosidl_typesupport_introspection_cpp.hpp
[0.457s] -- Up-to-date symlink: /home/ilex/Dev/VIST/src/robot/sdk/arm_teleop/install/lbot_arm_interfaces/include/lbot_arm_interfaces/lbot_arm_interfaces/srv/detail/move_l__rosidl_typesupport_introspection_cpp.hpp
[0.457s] -- Up-to-date symlink: /home/ilex/Dev/VIST/src/robot/sdk/arm_teleop/install/lbot_arm_interfaces/include/lbot_arm_interfaces/lbot_arm_interfaces/srv/detail/set_emergency__rosidl_typesupport_introspection_cpp.hpp
[0.457s] -- Up-to-date symlink: /home/ilex/Dev/VIST/src/robot/sdk/arm_teleop/install/lbot_arm_interfaces/include/lbot_arm_interfaces/lbot_arm_interfaces/srv/detail/set_enable__rosidl_typesupport_introspection_cpp.hpp
[0.457s] -- Up-to-date symlink: /home/ilex/Dev/VIST/src/robot/sdk/arm_teleop/install/lbot_arm_interfaces/include/lbot_arm_interfaces/lbot_arm_interfaces/srv/detail/set_frame__rosidl_typesupport_introspection_cpp.hpp
[0.457s] -- Up-to-date symlink: /home/ilex/Dev/VIST/src/robot/sdk/arm_teleop/install/lbot_arm_interfaces/include/lbot_arm_interfaces/lbot_arm_interfaces/srv/detail/set_string__rosidl_typesupport_introspection_cpp.hpp
[0.457s] -- Up-to-date symlink: /home/ilex/Dev/VIST/src/robot/sdk/arm_teleop/install/lbot_arm_interfaces/include/lbot_arm_interfaces/lbot_arm_interfaces/srv/detail/set_zero__rosidl_typesupport_introspection_cpp.hpp
[0.457s] -- Up-to-date symlink: /home/ilex/Dev/VIST/src/robot/sdk/arm_teleop/install/lbot_arm_interfaces/share/lbot_arm_interfaces/environment/pythonpath.sh
[0.457s] -- Up-to-date symlink: /home/ilex/Dev/VIST/src/robot/sdk/arm_teleop/install/lbot_arm_interfaces/share/lbot_arm_interfaces/environment/pythonpath.dsv
[0.458s] -- Up-to-date symlink: /home/ilex/Dev/VIST/src/robot/sdk/arm_teleop/install/lbot_arm_interfaces/lib/python3.10/site-packages/lbot_arm_interfaces-0.0.0-py3.10.egg-info/PKG-INFO
[0.458s] -- Up-to-date symlink: /home/ilex/Dev/VIST/src/robot/sdk/arm_teleop/install/lbot_arm_interfaces/lib/python3.10/site-packages/lbot_arm_interfaces-0.0.0-py3.10.egg-info/SOURCES.txt
[0.458s] -- Up-to-date symlink: /home/ilex/Dev/VIST/src/robot/sdk/arm_teleop/install/lbot_arm_interfaces/lib/python3.10/site-packages/lbot_arm_interfaces-0.0.0-py3.10.egg-info/dependency_links.txt
[0.458s] -- Up-to-date symlink: /home/ilex/Dev/VIST/src/robot/sdk/arm_teleop/install/lbot_arm_interfaces/lib/python3.10/site-packages/lbot_arm_interfaces-0.0.0-py3.10.egg-info/top_level.txt
[0.458s] -- Up-to-date symlink: /home/ilex/Dev/VIST/src/robot/sdk/arm_teleop/install/lbot_arm_interfaces/lib/python3.10/site-packages/lbot_arm_interfaces/__init__.py
[0.458s] -- Up-to-date symlink: /home/ilex/Dev/VIST/src/robot/sdk/arm_teleop/install/lbot_arm_interfaces/lib/python3.10/site-packages/lbot_arm_interfaces/_lbot_arm_interfaces_s.ep.rosidl_typesupport_c.c
[0.458s] -- Up-to-date symlink: /home/ilex/Dev/VIST/src/robot/sdk/arm_teleop/install/lbot_arm_interfaces/lib/python3.10/site-packages/lbot_arm_interfaces/_lbot_arm_interfaces_s.ep.rosidl_typesupport_fastrtps_c.c
[0.458s] -- Up-to-date symlink: /home/ilex/Dev/VIST/src/robot/sdk/arm_teleop/install/lbot_arm_interfaces/lib/python3.10/site-packages/lbot_arm_interfaces/_lbot_arm_interfaces_s.ep.rosidl_typesupport_introspection_c.c
[0.458s] -- Up-to-date symlink: /home/ilex/Dev/VIST/src/robot/sdk/arm_teleop/install/lbot_arm_interfaces/lib/python3.10/site-packages/lbot_arm_interfaces/lbot_arm_interfaces_s__rosidl_typesupport_c.cpython-310-x86_64-linux-gnu.so
[0.459s] -- Up-to-date symlink: /home/ilex/Dev/VIST/src/robot/sdk/arm_teleop/install/lbot_arm_interfaces/lib/python3.10/site-packages/lbot_arm_interfaces/lbot_arm_interfaces_s__rosidl_typesupport_fastrtps_c.cpython-310-x86_64-linux-gnu.so
[0.459s] -- Up-to-date symlink: /home/ilex/Dev/VIST/src/robot/sdk/arm_teleop/install/lbot_arm_interfaces/lib/python3.10/site-packages/lbot_arm_interfaces/lbot_arm_interfaces_s__rosidl_typesupport_introspection_c.cpython-310-x86_64-linux-gnu.so
[0.459s] -- Up-to-date symlink: /home/ilex/Dev/VIST/src/robot/sdk/arm_teleop/install/lbot_arm_interfaces/lib/python3.10/site-packages/lbot_arm_interfaces/liblbot_arm_interfaces__rosidl_generator_py.so
[0.459s] -- Up-to-date symlink: /home/ilex/Dev/VIST/src/robot/sdk/arm_teleop/install/lbot_arm_interfaces/lib/python3.10/site-packages/lbot_arm_interfaces/msg/__init__.py
[0.459s] -- Up-to-date symlink: /home/ilex/Dev/VIST/src/robot/sdk/arm_teleop/install/lbot_arm_interfaces/lib/python3.10/site-packages/lbot_arm_interfaces/msg/_arm_state.py
[0.459s] -- Up-to-date symlink: /home/ilex/Dev/VIST/src/robot/sdk/arm_teleop/install/lbot_arm_interfaces/lib/python3.10/site-packages/lbot_arm_interfaces/msg/_arm_state_s.c
[0.459s] -- Up-to-date symlink: /home/ilex/Dev/VIST/src/robot/sdk/arm_teleop/install/lbot_arm_interfaces/lib/python3.10/site-packages/lbot_arm_interfaces/msg/_follow_joint.py
[0.459s] -- Up-to-date symlink: /home/ilex/Dev/VIST/src/robot/sdk/arm_teleop/install/lbot_arm_interfaces/lib/python3.10/site-packages/lbot_arm_interfaces/msg/_follow_joint_s.c
[0.459s] -- Up-to-date symlink: /home/ilex/Dev/VIST/src/robot/sdk/arm_teleop/install/lbot_arm_interfaces/lib/python3.10/site-packages/lbot_arm_interfaces/msg/_lbot_frame.py
[0.460s] -- Up-to-date symlink: /home/ilex/Dev/VIST/src/robot/sdk/arm_teleop/install/lbot_arm_interfaces/lib/python3.10/site-packages/lbot_arm_interfaces/msg/_lbot_frame_s.c
[0.460s] -- Up-to-date symlink: /home/ilex/Dev/VIST/src/robot/sdk/arm_teleop/install/lbot_arm_interfaces/lib/python3.10/site-packages/lbot_arm_interfaces/msg/_lbot_pose.py
[0.460s] -- Up-to-date symlink: /home/ilex/Dev/VIST/src/robot/sdk/arm_teleop/install/lbot_arm_interfaces/lib/python3.10/site-packages/lbot_arm_interfaces/msg/_lbot_pose_s.c
[0.460s] -- Up-to-date symlink: /home/ilex/Dev/VIST/src/robot/sdk/arm_teleop/install/lbot_arm_interfaces/lib/python3.10/site-packages/lbot_arm_interfaces/srv/__init__.py
[0.460s] -- Up-to-date symlink: /home/ilex/Dev/VIST/src/robot/sdk/arm_teleop/install/lbot_arm_interfaces/lib/python3.10/site-packages/lbot_arm_interfaces/srv/_change_frame.py
[0.460s] -- Up-to-date symlink: /home/ilex/Dev/VIST/src/robot/sdk/arm_teleop/install/lbot_arm_interfaces/lib/python3.10/site-packages/lbot_arm_interfaces/srv/_change_frame_s.c
[0.460s] -- Up-to-date symlink: /home/ilex/Dev/VIST/src/robot/sdk/arm_teleop/install/lbot_arm_interfaces/lib/python3.10/site-packages/lbot_arm_interfaces/srv/_delete_frame.py
[0.460s] -- Up-to-date symlink: /home/ilex/Dev/VIST/src/robot/sdk/arm_teleop/install/lbot_arm_interfaces/lib/python3.10/site-packages/lbot_arm_interfaces/srv/_delete_frame_s.c
[0.460s] -- Up-to-date symlink: /home/ilex/Dev/VIST/src/robot/sdk/arm_teleop/install/lbot_arm_interfaces/lib/python3.10/site-packages/lbot_arm_interfaces/srv/_forward_kinematics.py
[0.460s] -- Up-to-date symlink: /home/ilex/Dev/VIST/src/robot/sdk/arm_teleop/install/lbot_arm_interfaces/lib/python3.10/site-packages/lbot_arm_interfaces/srv/_forward_kinematics_s.c
[0.460s] -- Up-to-date symlink: /home/ilex/Dev/VIST/src/robot/sdk/arm_teleop/install/lbot_arm_interfaces/lib/python3.10/site-packages/lbot_arm_interfaces/srv/_get_all_frames.py
[0.461s] -- Up-to-date symlink: /home/ilex/Dev/VIST/src/robot/sdk/arm_teleop/install/lbot_arm_interfaces/lib/python3.10/site-packages/lbot_arm_interfaces/srv/_get_all_frames_s.c
[0.461s] -- Up-to-date symlink: /home/ilex/Dev/VIST/src/robot/sdk/arm_teleop/install/lbot_arm_interfaces/lib/python3.10/site-packages/lbot_arm_interfaces/srv/_get_current_frame.py
[0.461s] -- Up-to-date symlink: /home/ilex/Dev/VIST/src/robot/sdk/arm_teleop/install/lbot_arm_interfaces/lib/python3.10/site-packages/lbot_arm_interfaces/srv/_get_current_frame_s.c
[0.461s] -- Up-to-date symlink: /home/ilex/Dev/VIST/src/robot/sdk/arm_teleop/install/lbot_arm_interfaces/lib/python3.10/site-packages/lbot_arm_interfaces/srv/_get_frame.py
[0.461s] -- Up-to-date symlink: /home/ilex/Dev/VIST/src/robot/sdk/arm_teleop/install/lbot_arm_interfaces/lib/python3.10/site-packages/lbot_arm_interfaces/srv/_get_frame_s.c
[0.461s] -- Up-to-date symlink: /home/ilex/Dev/VIST/src/robot/sdk/arm_teleop/install/lbot_arm_interfaces/lib/python3.10/site-packages/lbot_arm_interfaces/srv/_inverse_kinematics.py
[0.461s] -- Up-to-date symlink: /home/ilex/Dev/VIST/src/robot/sdk/arm_teleop/install/lbot_arm_interfaces/lib/python3.10/site-packages/lbot_arm_interfaces/srv/_inverse_kinematics_s.c
[0.462s] -- Up-to-date symlink: /home/ilex/Dev/VIST/src/robot/sdk/arm_teleop/install/lbot_arm_interfaces/lib/python3.10/site-packages/lbot_arm_interfaces/srv/_move_c.py
[0.462s] -- Up-to-date symlink: /home/ilex/Dev/VIST/src/robot/sdk/arm_teleop/install/lbot_arm_interfaces/lib/python3.10/site-packages/lbot_arm_interfaces/srv/_move_c_s.c
[0.462s] -- Up-to-date symlink: /home/ilex/Dev/VIST/src/robot/sdk/arm_teleop/install/lbot_arm_interfaces/lib/python3.10/site-packages/lbot_arm_interfaces/srv/_move_j.py
[0.462s] -- Up-to-date symlink: /home/ilex/Dev/VIST/src/robot/sdk/arm_teleop/install/lbot_arm_interfaces/lib/python3.10/site-packages/lbot_arm_interfaces/srv/_move_j_s.c
[0.462s] -- Up-to-date symlink: /home/ilex/Dev/VIST/src/robot/sdk/arm_teleop/install/lbot_arm_interfaces/lib/python3.10/site-packages/lbot_arm_interfaces/srv/_move_jp.py
[0.462s] -- Up-to-date symlink: /home/ilex/Dev/VIST/src/robot/sdk/arm_teleop/install/lbot_arm_interfaces/lib/python3.10/site-packages/lbot_arm_interfaces/srv/_move_jp_s.c
[0.462s] -- Up-to-date symlink: /home/ilex/Dev/VIST/src/robot/sdk/arm_teleop/install/lbot_arm_interfaces/lib/python3.10/site-packages/lbot_arm_interfaces/srv/_move_l.py
[0.462s] -- Up-to-date symlink: /home/ilex/Dev/VIST/src/robot/sdk/arm_teleop/install/lbot_arm_interfaces/lib/python3.10/site-packages/lbot_arm_interfaces/srv/_move_l_s.c
[0.462s] -- Up-to-date symlink: /home/ilex/Dev/VIST/src/robot/sdk/arm_teleop/install/lbot_arm_interfaces/lib/python3.10/site-packages/lbot_arm_interfaces/srv/_set_emergency.py
[0.462s] -- Up-to-date symlink: /home/ilex/Dev/VIST/src/robot/sdk/arm_teleop/install/lbot_arm_interfaces/lib/python3.10/site-packages/lbot_arm_interfaces/srv/_set_emergency_s.c
[0.463s] -- Up-to-date symlink: /home/ilex/Dev/VIST/src/robot/sdk/arm_teleop/install/lbot_arm_interfaces/lib/python3.10/site-packages/lbot_arm_interfaces/srv/_set_enable.py
[0.463s] -- Up-to-date symlink: /home/ilex/Dev/VIST/src/robot/sdk/arm_teleop/install/lbot_arm_interfaces/lib/python3.10/site-packages/lbot_arm_interfaces/srv/_set_enable_s.c
[0.463s] -- Up-to-date symlink: /home/ilex/Dev/VIST/src/robot/sdk/arm_teleop/install/lbot_arm_interfaces/lib/python3.10/site-packages/lbot_arm_interfaces/srv/_set_frame.py
[0.463s] -- Up-to-date symlink: /home/ilex/Dev/VIST/src/robot/sdk/arm_teleop/install/lbot_arm_interfaces/lib/python3.10/site-packages/lbot_arm_interfaces/srv/_set_frame_s.c
[0.463s] -- Up-to-date symlink: /home/ilex/Dev/VIST/src/robot/sdk/arm_teleop/install/lbot_arm_interfaces/lib/python3.10/site-packages/lbot_arm_interfaces/srv/_set_string.py
[0.463s] -- Up-to-date symlink: /home/ilex/Dev/VIST/src/robot/sdk/arm_teleop/install/lbot_arm_interfaces/lib/python3.10/site-packages/lbot_arm_interfaces/srv/_set_string_s.c
[0.463s] -- Up-to-date symlink: /home/ilex/Dev/VIST/src/robot/sdk/arm_teleop/install/lbot_arm_interfaces/lib/python3.10/site-packages/lbot_arm_interfaces/srv/_set_zero.py
[0.463s] -- Up-to-date symlink: /home/ilex/Dev/VIST/src/robot/sdk/arm_teleop/install/lbot_arm_interfaces/lib/python3.10/site-packages/lbot_arm_interfaces/srv/_set_zero_s.c
[0.463s] -- Up-to-date symlink: /home/ilex/Dev/VIST/src/robot/sdk/arm_teleop/install/lbot_arm_interfaces/lib/python3.10/site-packages/lbot_arm_interfaces/lbot_arm_interfaces_s__rosidl_typesupport_fastrtps_c.cpython-310-x86_64-linux-gnu.so
[0.464s] -- Up-to-date symlink: /home/ilex/Dev/VIST/src/robot/sdk/arm_teleop/install/lbot_arm_interfaces/lib/python3.10/site-packages/lbot_arm_interfaces/lbot_arm_interfaces_s__rosidl_typesupport_introspection_c.cpython-310-x86_64-linux-gnu.so
[0.464s] -- Up-to-date symlink: /home/ilex/Dev/VIST/src/robot/sdk/arm_teleop/install/lbot_arm_interfaces/lib/python3.10/site-packages/lbot_arm_interfaces/lbot_arm_interfaces_s__rosidl_typesupport_c.cpython-310-x86_64-linux-gnu.so
[0.464s] -- Up-to-date symlink: /home/ilex/Dev/VIST/src/robot/sdk/arm_teleop/install/lbot_arm_interfaces/share/lbot_arm_interfaces/srv/MoveJ.idl
[0.464s] -- Up-to-date symlink: /home/ilex/Dev/VIST/src/robot/sdk/arm_teleop/install/lbot_arm_interfaces/share/lbot_arm_interfaces/srv/MoveL.idl
[0.464s] -- Up-to-date symlink: /home/ilex/Dev/VIST/src/robot/sdk/arm_teleop/install/lbot_arm_interfaces/share/lbot_arm_interfaces/srv/MoveC.idl
[0.464s] -- Up-to-date symlink: /home/ilex/Dev/VIST/src/robot/sdk/arm_teleop/install/lbot_arm_interfaces/share/lbot_arm_interfaces/srv/MoveJP.idl
[0.464s] -- Up-to-date symlink: /home/ilex/Dev/VIST/src/robot/sdk/arm_teleop/install/lbot_arm_interfaces/share/lbot_arm_interfaces/srv/InverseKinematics.idl
[0.464s] -- Up-to-date symlink: /home/ilex/Dev/VIST/src/robot/sdk/arm_teleop/install/lbot_arm_interfaces/share/lbot_arm_interfaces/srv/ForwardKinematics.idl
[0.465s] -- Up-to-date symlink: /home/ilex/Dev/VIST/src/robot/sdk/arm_teleop/install/lbot_arm_interfaces/share/lbot_arm_interfaces/srv/SetFrame.idl
[0.465s] -- Up-to-date symlink: /home/ilex/Dev/VIST/src/robot/sdk/arm_teleop/install/lbot_arm_interfaces/share/lbot_arm_interfaces/srv/SetString.idl
[0.465s] -- Up-to-date symlink: /home/ilex/Dev/VIST/src/robot/sdk/arm_teleop/install/lbot_arm_interfaces/share/lbot_arm_interfaces/srv/GetFrame.idl
[0.465s] -- Up-to-date symlink: /home/ilex/Dev/VIST/src/robot/sdk/arm_teleop/install/lbot_arm_interfaces/share/lbot_arm_interfaces/srv/GetCurrentFrame.idl
[0.465s] -- Up-to-date symlink: /home/ilex/Dev/VIST/src/robot/sdk/arm_teleop/install/lbot_arm_interfaces/share/lbot_arm_interfaces/srv/ChangeFrame.idl
[0.465s] -- Up-to-date symlink: /home/ilex/Dev/VIST/src/robot/sdk/arm_teleop/install/lbot_arm_interfaces/share/lbot_arm_interfaces/srv/DeleteFrame.idl
[0.465s] -- Up-to-date symlink: /home/ilex/Dev/VIST/src/robot/sdk/arm_teleop/install/lbot_arm_interfaces/share/lbot_arm_interfaces/srv/GetAllFrames.idl
[0.466s] -- Up-to-date symlink: /home/ilex/Dev/VIST/src/robot/sdk/arm_teleop/install/lbot_arm_interfaces/share/lbot_arm_interfaces/srv/SetZero.idl
[0.466s] -- Up-to-date symlink: /home/ilex/Dev/VIST/src/robot/sdk/arm_teleop/install/lbot_arm_interfaces/share/lbot_arm_interfaces/srv/SetEmergency.idl
[0.466s] -- Up-to-date symlink: /home/ilex/Dev/VIST/src/robot/sdk/arm_teleop/install/lbot_arm_interfaces/share/lbot_arm_interfaces/srv/SetEnable.idl
[0.466s] -- Up-to-date symlink: /home/ilex/Dev/VIST/src/robot/sdk/arm_teleop/install/lbot_arm_interfaces/share/lbot_arm_interfaces/msg/ArmState.idl
[0.466s] -- Up-to-date symlink: /home/ilex/Dev/VIST/src/robot/sdk/arm_teleop/install/lbot_arm_interfaces/share/lbot_arm_interfaces/msg/LbotPose.idl
[0.467s] -- Up-to-date symlink: /home/ilex/Dev/VIST/src/robot/sdk/arm_teleop/install/lbot_arm_interfaces/share/lbot_arm_interfaces/msg/LbotFrame.idl
[0.467s] -- Up-to-date symlink: /home/ilex/Dev/VIST/src/robot/sdk/arm_teleop/install/lbot_arm_interfaces/share/lbot_arm_interfaces/msg/FollowJoint.idl
[0.467s] -- Up-to-date symlink: /home/ilex/Dev/VIST/src/robot/sdk/arm_teleop/install/lbot_arm_interfaces/share/lbot_arm_interfaces/srv/MoveJ.srv
[0.467s] -- Up-to-date symlink: /home/ilex/Dev/VIST/src/robot/sdk/arm_teleop/install/lbot_arm_interfaces/share/lbot_arm_interfaces/srv/MoveJ_Request.msg
[0.467s] -- Up-to-date symlink: /home/ilex/Dev/VIST/src/robot/sdk/arm_teleop/install/lbot_arm_interfaces/share/lbot_arm_interfaces/srv/MoveJ_Response.msg
[0.467s] -- Up-to-date symlink: /home/ilex/Dev/VIST/src/robot/sdk/arm_teleop/install/lbot_arm_interfaces/share/lbot_arm_interfaces/srv/MoveL.srv
[0.467s] -- Up-to-date symlink: /home/ilex/Dev/VIST/src/robot/sdk/arm_teleop/install/lbot_arm_interfaces/share/lbot_arm_interfaces/srv/MoveL_Request.msg
[0.467s] -- Up-to-date symlink: /home/ilex/Dev/VIST/src/robot/sdk/arm_teleop/install/lbot_arm_interfaces/share/lbot_arm_interfaces/srv/MoveL_Response.msg
[0.467s] -- Up-to-date symlink: /home/ilex/Dev/VIST/src/robot/sdk/arm_teleop/install/lbot_arm_interfaces/share/lbot_arm_interfaces/srv/MoveC.srv
[0.467s] -- Up-to-date symlink: /home/ilex/Dev/VIST/src/robot/sdk/arm_teleop/install/lbot_arm_interfaces/share/lbot_arm_interfaces/srv/MoveC_Request.msg
[0.468s] -- Up-to-date symlink: /home/ilex/Dev/VIST/src/robot/sdk/arm_teleop/install/lbot_arm_interfaces/share/lbot_arm_interfaces/srv/MoveC_Response.msg
[0.468s] -- Up-to-date symlink: /home/ilex/Dev/VIST/src/robot/sdk/arm_teleop/install/lbot_arm_interfaces/share/lbot_arm_interfaces/srv/MoveJP.srv
[0.468s] -- Up-to-date symlink: /home/ilex/Dev/VIST/src/robot/sdk/arm_teleop/install/lbot_arm_interfaces/share/lbot_arm_interfaces/srv/MoveJP_Request.msg
[0.468s] -- Up-to-date symlink: /home/ilex/Dev/VIST/src/robot/sdk/arm_teleop/install/lbot_arm_interfaces/share/lbot_arm_interfaces/srv/MoveJP_Response.msg
[0.468s] -- Up-to-date symlink: /home/ilex/Dev/VIST/src/robot/sdk/arm_teleop/install/lbot_arm_interfaces/share/lbot_arm_interfaces/srv/InverseKinematics.srv
[0.468s] -- Up-to-date symlink: /home/ilex/Dev/VIST/src/robot/sdk/arm_teleop/install/lbot_arm_interfaces/share/lbot_arm_interfaces/srv/InverseKinematics_Request.msg
[0.468s] -- Up-to-date symlink: /home/ilex/Dev/VIST/src/robot/sdk/arm_teleop/install/lbot_arm_interfaces/share/lbot_arm_interfaces/srv/InverseKinematics_Response.msg
[0.468s] -- Up-to-date symlink: /home/ilex/Dev/VIST/src/robot/sdk/arm_teleop/install/lbot_arm_interfaces/share/lbot_arm_interfaces/srv/ForwardKinematics.srv
[0.468s] -- Up-to-date symlink: /home/ilex/Dev/VIST/src/robot/sdk/arm_teleop/install/lbot_arm_interfaces/share/lbot_arm_interfaces/srv/ForwardKinematics_Request.msg
[0.469s] -- Up-to-date symlink: /home/ilex/Dev/VIST/src/robot/sdk/arm_teleop/install/lbot_arm_interfaces/share/lbot_arm_interfaces/srv/ForwardKinematics_Response.msg
[0.469s] -- Up-to-date symlink: /home/ilex/Dev/VIST/src/robot/sdk/arm_teleop/install/lbot_arm_interfaces/share/lbot_arm_interfaces/srv/SetFrame.srv
[0.469s] -- Up-to-date symlink: /home/ilex/Dev/VIST/src/robot/sdk/arm_teleop/install/lbot_arm_interfaces/share/lbot_arm_interfaces/srv/SetFrame_Request.msg
[0.469s] -- Up-to-date symlink: /home/ilex/Dev/VIST/src/robot/sdk/arm_teleop/install/lbot_arm_interfaces/share/lbot_arm_interfaces/srv/SetFrame_Response.msg
[0.469s] -- Up-to-date symlink: /home/ilex/Dev/VIST/src/robot/sdk/arm_teleop/install/lbot_arm_interfaces/share/lbot_arm_interfaces/srv/SetString.srv
[0.469s] -- Up-to-date symlink: /home/ilex/Dev/VIST/src/robot/sdk/arm_teleop/install/lbot_arm_interfaces/share/lbot_arm_interfaces/srv/SetString_Request.msg
[0.469s] -- Up-to-date symlink: /home/ilex/Dev/VIST/src/robot/sdk/arm_teleop/install/lbot_arm_interfaces/share/lbot_arm_interfaces/srv/SetString_Response.msg
[0.469s] -- Up-to-date symlink: /home/ilex/Dev/VIST/src/robot/sdk/arm_teleop/install/lbot_arm_interfaces/share/lbot_arm_interfaces/srv/GetFrame.srv
[0.469s] -- Up-to-date symlink: /home/ilex/Dev/VIST/src/robot/sdk/arm_teleop/install/lbot_arm_interfaces/share/lbot_arm_interfaces/srv/GetFrame_Request.msg
[0.470s] -- Up-to-date symlink: /home/ilex/Dev/VIST/src/robot/sdk/arm_teleop/install/lbot_arm_interfaces/share/lbot_arm_interfaces/srv/GetFrame_Response.msg
[0.470s] -- Up-to-date symlink: /home/ilex/Dev/VIST/src/robot/sdk/arm_teleop/install/lbot_arm_interfaces/share/lbot_arm_interfaces/srv/GetCurrentFrame.srv
[0.470s] -- Up-to-date symlink: /home/ilex/Dev/VIST/src/robot/sdk/arm_teleop/install/lbot_arm_interfaces/share/lbot_arm_interfaces/srv/GetCurrentFrame_Request.msg
[0.470s] -- Up-to-date symlink: /home/ilex/Dev/VIST/src/robot/sdk/arm_teleop/install/lbot_arm_interfaces/share/lbot_arm_interfaces/srv/GetCurrentFrame_Response.msg
[0.470s] -- Up-to-date symlink: /home/ilex/Dev/VIST/src/robot/sdk/arm_teleop/install/lbot_arm_interfaces/share/lbot_arm_interfaces/srv/ChangeFrame.srv
[0.470s] -- Up-to-date symlink: /home/ilex/Dev/VIST/src/robot/sdk/arm_teleop/install/lbot_arm_interfaces/share/lbot_arm_interfaces/srv/ChangeFrame_Request.msg
[0.470s] -- Up-to-date symlink: /home/ilex/Dev/VIST/src/robot/sdk/arm_teleop/install/lbot_arm_interfaces/share/lbot_arm_interfaces/srv/ChangeFrame_Response.msg
[0.470s] -- Up-to-date symlink: /home/ilex/Dev/VIST/src/robot/sdk/arm_teleop/install/lbot_arm_interfaces/share/lbot_arm_interfaces/srv/DeleteFrame.srv
[0.470s] -- Up-to-date symlink: /home/ilex/Dev/VIST/src/robot/sdk/arm_teleop/install/lbot_arm_interfaces/share/lbot_arm_interfaces/srv/DeleteFrame_Request.msg
[0.470s] -- Up-to-date symlink: /home/ilex/Dev/VIST/src/robot/sdk/arm_teleop/install/lbot_arm_interfaces/share/lbot_arm_interfaces/srv/DeleteFrame_Response.msg
[0.470s] -- Up-to-date symlink: /home/ilex/Dev/VIST/src/robot/sdk/arm_teleop/install/lbot_arm_interfaces/share/lbot_arm_interfaces/srv/GetAllFrames.srv
[0.470s] -- Up-to-date symlink: /home/ilex/Dev/VIST/src/robot/sdk/arm_teleop/install/lbot_arm_interfaces/share/lbot_arm_interfaces/srv/GetAllFrames_Request.msg
[0.470s] -- Up-to-date symlink: /home/ilex/Dev/VIST/src/robot/sdk/arm_teleop/install/lbot_arm_interfaces/share/lbot_arm_interfaces/srv/GetAllFrames_Response.msg
[0.470s] -- Up-to-date symlink: /home/ilex/Dev/VIST/src/robot/sdk/arm_teleop/install/lbot_arm_interfaces/share/lbot_arm_interfaces/srv/SetZero.srv
[0.470s] -- Up-to-date symlink: /home/ilex/Dev/VIST/src/robot/sdk/arm_teleop/install/lbot_arm_interfaces/share/lbot_arm_interfaces/srv/SetZero_Request.msg
[0.470s] -- Up-to-date symlink: /home/ilex/Dev/VIST/src/robot/sdk/arm_teleop/install/lbot_arm_interfaces/share/lbot_arm_interfaces/srv/SetZero_Response.msg
[0.470s] -- Up-to-date symlink: /home/ilex/Dev/VIST/src/robot/sdk/arm_teleop/install/lbot_arm_interfaces/share/lbot_arm_interfaces/srv/SetEmergency.srv
[0.471s] -- Up-to-date symlink: /home/ilex/Dev/VIST/src/robot/sdk/arm_teleop/install/lbot_arm_interfaces/share/lbot_arm_interfaces/srv/SetEmergency_Request.msg
[0.471s] -- Up-to-date symlink: /home/ilex/Dev/VIST/src/robot/sdk/arm_teleop/install/lbot_arm_interfaces/share/lbot_arm_interfaces/srv/SetEmergency_Response.msg
[0.471s] -- Up-to-date symlink: /home/ilex/Dev/VIST/src/robot/sdk/arm_teleop/install/lbot_arm_interfaces/share/lbot_arm_interfaces/srv/SetEnable.srv
[0.471s] -- Up-to-date symlink: /home/ilex/Dev/VIST/src/robot/sdk/arm_teleop/install/lbot_arm_interfaces/share/lbot_arm_interfaces/srv/SetEnable_Request.msg
[0.471s] -- Up-to-date symlink: /home/ilex/Dev/VIST/src/robot/sdk/arm_teleop/install/lbot_arm_interfaces/share/lbot_arm_interfaces/srv/SetEnable_Response.msg
[0.471s] -- Up-to-date symlink: /home/ilex/Dev/VIST/src/robot/sdk/arm_teleop/install/lbot_arm_interfaces/share/lbot_arm_interfaces/msg/ArmState.msg
[0.471s] -- Up-to-date symlink: /home/ilex/Dev/VIST/src/robot/sdk/arm_teleop/install/lbot_arm_interfaces/share/lbot_arm_interfaces/msg/LbotPose.msg
[0.471s] -- Up-to-date symlink: /home/ilex/Dev/VIST/src/robot/sdk/arm_teleop/install/lbot_arm_interfaces/share/lbot_arm_interfaces/msg/LbotFrame.msg
[0.471s] -- Up-to-date symlink: /home/ilex/Dev/VIST/src/robot/sdk/arm_teleop/install/lbot_arm_interfaces/share/lbot_arm_interfaces/msg/FollowJoint.msg
[0.471s] -- Up-to-date symlink: /home/ilex/Dev/VIST/src/robot/sdk/arm_teleop/install/lbot_arm_interfaces/share/ament_index/resource_index/package_run_dependencies/lbot_arm_interfaces
[0.471s] -- Up-to-date symlink: /home/ilex/Dev/VIST/src/robot/sdk/arm_teleop/install/lbot_arm_interfaces/share/ament_index/resource_index/parent_prefix_path/lbot_arm_interfaces
[0.471s] -- Up-to-date symlink: /home/ilex/Dev/VIST/src/robot/sdk/arm_teleop/install/lbot_arm_interfaces/share/lbot_arm_interfaces/environment/ament_prefix_path.sh
[0.471s] -- Up-to-date symlink: /home/ilex/Dev/VIST/src/robot/sdk/arm_teleop/install/lbot_arm_interfaces/share/lbot_arm_interfaces/environment/ament_prefix_path.dsv
[0.471s] -- Up-to-date symlink: /home/ilex/Dev/VIST/src/robot/sdk/arm_teleop/install/lbot_arm_interfaces/share/lbot_arm_interfaces/environment/path.sh
[0.471s] -- Up-to-date symlink: /home/ilex/Dev/VIST/src/robot/sdk/arm_teleop/install/lbot_arm_interfaces/share/lbot_arm_interfaces/environment/path.dsv
[0.471s] -- Up-to-date symlink: /home/ilex/Dev/VIST/src/robot/sdk/arm_teleop/install/lbot_arm_interfaces/share/lbot_arm_interfaces/local_setup.bash
[0.471s] -- Up-to-date symlink: /home/ilex/Dev/VIST/src/robot/sdk/arm_teleop/install/lbot_arm_interfaces/share/lbot_arm_interfaces/local_setup.sh
[0.471s] -- Up-to-date symlink: /home/ilex/Dev/VIST/src/robot/sdk/arm_teleop/install/lbot_arm_interfaces/share/lbot_arm_interfaces/local_setup.zsh
[0.471s] -- Up-to-date symlink: /home/ilex/Dev/VIST/src/robot/sdk/arm_teleop/install/lbot_arm_interfaces/share/lbot_arm_interfaces/local_setup.dsv
[0.471s] -- Symlinking: /home/ilex/Dev/VIST/src/robot/sdk/arm_teleop/install/lbot_arm_interfaces/share/lbot_arm_interfaces/package.dsv
[0.482s] -- Up-to-date symlink: /home/ilex/Dev/VIST/src/robot/sdk/arm_teleop/install/lbot_arm_interfaces/share/ament_index/resource_index/packages/lbot_arm_interfaces
[0.482s] -- Up-to-date symlink: /home/ilex/Dev/VIST/src/robot/sdk/arm_teleop/install/lbot_arm_interfaces/share/lbot_arm_interfaces/cmake/rosidl_cmake-extras.cmake
[0.482s] -- Up-to-date symlink: /home/ilex/Dev/VIST/src/robot/sdk/arm_teleop/install/lbot_arm_interfaces/share/lbot_arm_interfaces/cmake/ament_cmake_export_dependencies-extras.cmake
[0.482s] -- Up-to-date symlink: /home/ilex/Dev/VIST/src/robot/sdk/arm_teleop/install/lbot_arm_interfaces/share/lbot_arm_interfaces/cmake/ament_cmake_export_include_directories-extras.cmake
[0.483s] -- Up-to-date symlink: /home/ilex/Dev/VIST/src/robot/sdk/arm_teleop/install/lbot_arm_interfaces/share/lbot_arm_interfaces/cmake/ament_cmake_export_libraries-extras.cmake
[0.483s] -- Up-to-date symlink: /home/ilex/Dev/VIST/src/robot/sdk/arm_teleop/install/lbot_arm_interfaces/share/lbot_arm_interfaces/cmake/ament_cmake_export_targets-extras.cmake
[0.483s] -- Up-to-date symlink: /home/ilex/Dev/VIST/src/robot/sdk/arm_teleop/install/lbot_arm_interfaces/share/lbot_arm_interfaces/cmake/rosidl_cmake_export_typesupport_targets-extras.cmake
[0.483s] -- Up-to-date symlink: /home/ilex/Dev/VIST/src/robot/sdk/arm_teleop/install/lbot_arm_interfaces/share/lbot_arm_interfaces/cmake/rosidl_cmake_export_typesupport_libraries-extras.cmake
[0.483s] -- Up-to-date symlink: /home/ilex/Dev/VIST/src/robot/sdk/arm_teleop/install/lbot_arm_interfaces/share/lbot_arm_interfaces/cmake/lbot_arm_interfacesConfig.cmake
[0.483s] -- Up-to-date symlink: /home/ilex/Dev/VIST/src/robot/sdk/arm_teleop/install/lbot_arm_interfaces/share/lbot_arm_interfaces/cmake/lbot_arm_interfacesConfig-version.cmake
[0.483s] -- Up-to-date symlink: /home/ilex/Dev/VIST/src/robot/sdk/arm_teleop/install/lbot_arm_interfaces/share/lbot_arm_interfaces/package.xml
[0.483s] -- Up-to-date: /home/ilex/Dev/VIST/src/robot/sdk/arm_teleop/install/lbot_arm_interfaces/lib/liblbot_arm_interfaces__rosidl_generator_c.so
[0.483s] -- Up-to-date: /home/ilex/Dev/VIST/src/robot/sdk/arm_teleop/install/lbot_arm_interfaces/lib/liblbot_arm_interfaces__rosidl_typesupport_fastrtps_c.so
[0.483s] -- Up-to-date: /home/ilex/Dev/VIST/src/robot/sdk/arm_teleop/install/lbot_arm_interfaces/lib/liblbot_arm_interfaces__rosidl_typesupport_fastrtps_cpp.so
[0.484s] -- Up-to-date: /home/ilex/Dev/VIST/src/robot/sdk/arm_teleop/install/lbot_arm_interfaces/lib/liblbot_arm_interfaces__rosidl_typesupport_introspection_c.so
[0.484s] -- Up-to-date: /home/ilex/Dev/VIST/src/robot/sdk/arm_teleop/install/lbot_arm_interfaces/lib/liblbot_arm_interfaces__rosidl_typesupport_c.so
[0.484s] -- Up-to-date: /home/ilex/Dev/VIST/src/robot/sdk/arm_teleop/install/lbot_arm_interfaces/lib/liblbot_arm_interfaces__rosidl_typesupport_introspection_cpp.so
[0.484s] -- Up-to-date: /home/ilex/Dev/VIST/src/robot/sdk/arm_teleop/install/lbot_arm_interfaces/lib/liblbot_arm_interfaces__rosidl_typesupport_cpp.so
[0.517s] Listing '/home/ilex/Dev/VIST/src/robot/sdk/arm_teleop/install/lbot_arm_interfaces/lib/python3.10/site-packages/lbot_arm_interfaces'...
[0.517s] Listing '/home/ilex/Dev/VIST/src/robot/sdk/arm_teleop/install/lbot_arm_interfaces/lib/python3.10/site-packages/lbot_arm_interfaces/msg'...
[0.518s] Listing '/home/ilex/Dev/VIST/src/robot/sdk/arm_teleop/install/lbot_arm_interfaces/lib/python3.10/site-packages/lbot_arm_interfaces/srv'...
[0.524s] -- Up-to-date: /home/ilex/Dev/VIST/src/robot/sdk/arm_teleop/install/lbot_arm_interfaces/lib/liblbot_arm_interfaces__rosidl_generator_py.so
[0.524s] -- Up-to-date: /home/ilex/Dev/VIST/src/robot/sdk/arm_teleop/install/lbot_arm_interfaces/share/lbot_arm_interfaces/cmake/export_lbot_arm_interfaces__rosidl_generator_cExport.cmake
[0.524s] -- Up-to-date: /home/ilex/Dev/VIST/src/robot/sdk/arm_teleop/install/lbot_arm_interfaces/share/lbot_arm_interfaces/cmake/export_lbot_arm_interfaces__rosidl_generator_cExport-noconfig.cmake
[0.524s] -- Up-to-date: /home/ilex/Dev/VIST/src/robot/sdk/arm_teleop/install/lbot_arm_interfaces/share/lbot_arm_interfaces/cmake/export_lbot_arm_interfaces__rosidl_typesupport_fastrtps_cExport.cmake
[0.524s] -- Up-to-date: /home/ilex/Dev/VIST/src/robot/sdk/arm_teleop/install/lbot_arm_interfaces/share/lbot_arm_interfaces/cmake/export_lbot_arm_interfaces__rosidl_typesupport_fastrtps_cExport-noconfig.cmake
[0.525s] -- Up-to-date: /home/ilex/Dev/VIST/src/robot/sdk/arm_teleop/install/lbot_arm_interfaces/share/lbot_arm_interfaces/cmake/export_lbot_arm_interfaces__rosidl_generator_cppExport.cmake
[0.525s] -- Up-to-date: /home/ilex/Dev/VIST/src/robot/sdk/arm_teleop/install/lbot_arm_interfaces/share/lbot_arm_interfaces/cmake/export_lbot_arm_interfaces__rosidl_typesupport_fastrtps_cppExport.cmake
[0.525s] -- Up-to-date: /home/ilex/Dev/VIST/src/robot/sdk/arm_teleop/install/lbot_arm_interfaces/share/lbot_arm_interfaces/cmake/export_lbot_arm_interfaces__rosidl_typesupport_fastrtps_cppExport-noconfig.cmake
[0.525s] -- Up-to-date: /home/ilex/Dev/VIST/src/robot/sdk/arm_teleop/install/lbot_arm_interfaces/share/lbot_arm_interfaces/cmake/lbot_arm_interfaces__rosidl_typesupport_introspection_cExport.cmake
[0.525s] -- Up-to-date: /home/ilex/Dev/VIST/src/robot/sdk/arm_teleop/install/lbot_arm_interfaces/share/lbot_arm_interfaces/cmake/lbot_arm_interfaces__rosidl_typesupport_introspection_cExport-noconfig.cmake
[0.525s] -- Up-to-date: /home/ilex/Dev/VIST/src/robot/sdk/arm_teleop/install/lbot_arm_interfaces/share/lbot_arm_interfaces/cmake/lbot_arm_interfaces__rosidl_typesupport_cExport.cmake
[0.525s] -- Up-to-date: /home/ilex/Dev/VIST/src/robot/sdk/arm_teleop/install/lbot_arm_interfaces/share/lbot_arm_interfaces/cmake/lbot_arm_interfaces__rosidl_typesupport_cExport-noconfig.cmake
[0.525s] -- Up-to-date: /home/ilex/Dev/VIST/src/robot/sdk/arm_teleop/install/lbot_arm_interfaces/share/lbot_arm_interfaces/cmake/lbot_arm_interfaces__rosidl_typesupport_introspection_cppExport.cmake
[0.525s] -- Up-to-date: /home/ilex/Dev/VIST/src/robot/sdk/arm_teleop/install/lbot_arm_interfaces/share/lbot_arm_interfaces/cmake/lbot_arm_interfaces__rosidl_typesupport_introspection_cppExport-noconfig.cmake
[0.525s] -- Up-to-date: /home/ilex/Dev/VIST/src/robot/sdk/arm_teleop/install/lbot_arm_interfaces/share/lbot_arm_interfaces/cmake/lbot_arm_interfaces__rosidl_typesupport_cppExport.cmake
[0.525s] -- Up-to-date: /home/ilex/Dev/VIST/src/robot/sdk/arm_teleop/install/lbot_arm_interfaces/share/lbot_arm_interfaces/cmake/lbot_arm_interfaces__rosidl_typesupport_cppExport-noconfig.cmake
[0.525s] -- Up-to-date: /home/ilex/Dev/VIST/src/robot/sdk/arm_teleop/install/lbot_arm_interfaces/share/lbot_arm_interfaces/cmake/export_lbot_arm_interfaces__rosidl_generator_pyExport.cmake
[0.526s] -- Up-to-date: /home/ilex/Dev/VIST/src/robot/sdk/arm_teleop/install/lbot_arm_interfaces/share/lbot_arm_interfaces/cmake/export_lbot_arm_interfaces__rosidl_generator_pyExport-noconfig.cmake
[0.528s] Invoked command in '/home/ilex/Dev/VIST/src/robot/sdk/arm_teleop/build/lbot_arm_interfaces' returned '0': CMAKE_PREFIX_PATH=/opt/ros/humble CONDA_PROMPT_MODIFIER=(robot_env) /usr/bin/cmake --install /home/ilex/Dev/VIST/src/robot/sdk/arm_teleop/build/lbot_arm_interfaces
